 KS_STARTx64

 Timestamp is 5c91d7f8 (Wed Mar 20 15:04:40 2019)

 Preferred load address is 0000000140000000

 Start         Length     Name                   Class
 0001:00000000 000000b0H .text$di                CODE
 0001:000000b0 000076f0H .text$mn                CODE
 0001:000077a0 00000020H .text$mn$00             CODE
 0001:000077c0 000003b0H .text$x                 CODE
 0001:00007b70 0000008fH .text$yd                CODE
 0002:00000000 00000b98H .idata$5                DATA
 0002:00000b98 00000010H .00cfg                  DATA
 0002:00000ba8 00000008H .CRT$XCA                DATA
 0002:00000bb0 00000008H .CRT$XCAA               DATA
 0002:00000bb8 00000018H .CRT$XCL                DATA
 0002:00000bd0 00000010H .CRT$XCU                DATA
 0002:00000be0 00000008H .CRT$XCZ                DATA
 0002:00000be8 00000008H .CRT$XIA                DATA
 0002:00000bf0 00000008H .CRT$XIAA               DATA
 0002:00000bf8 00000008H .CRT$XIAC               DATA
 0002:00000c00 00000010H .CRT$XIC                DATA
 0002:00000c10 00000008H .CRT$XIZ                DATA
 0002:00000c18 00000008H .CRT$XLA                DATA
 0002:00000c20 00000008H .CRT$XLZ                DATA
 0002:00000c28 00000008H .CRT$XPA                DATA
 0002:00000c30 00000008H .CRT$XPZ                DATA
 0002:00000c38 00000008H .CRT$XTA                DATA
 0002:00000c40 00000010H .CRT$XTZ                DATA
 0002:00000c50 00001be8H .rdata                  DATA
 0002:00002838 00000028H .rdata$T                DATA
 0002:00002860 00000bb4H .rdata$r                DATA
 0002:00003414 0000040cH .rdata$zzzdbg           DATA
 0002:00003820 00000008H .rtc$IAA                DATA
 0002:00003828 00000008H .rtc$IZZ                DATA
 0002:00003830 00000008H .rtc$TAA                DATA
 0002:00003838 00000008H .rtc$TZZ                DATA
 0002:00003840 00000e08H .xdata                  DATA
 0002:00004648 00000088H .xdata$x                DATA
 0002:000046d0 00000000H ATL$__a                 DATA
 0002:000046d0 00000000H ATL$__z                 DATA
 0002:000046d0 00000000H .edata                  DATA
 0002:000046d0 00000154H .idata$2                DATA
 0002:00004824 00000014H .idata$3                DATA
 0002:00004838 00000b98H .idata$4                DATA
 0002:000053d0 000012a6H .idata$6                DATA
 0003:00000000 00000030H .data                   DATA
 0003:00000030 00000480H .data$r                 DATA
 0003:000004b0 00000eb8H .bss                    DATA
 0004:00000000 000007e0H .pdata                  DATA
 0005:00000000 00000034H .gfids$y                DATA
 0006:00000000 00000004H .tls                    DATA
 0006:00000004 00000004H .tls$                   DATA
 0006:00000008 00000001H .tls$ZZZ                DATA
 0007:00000000 00000300H .rsrc$01                DATA
 0007:00000300 00005a38H .rsrc$02                DATA

  Address         Publics by Value              Rva+Base               Lib:Object

 0000:00000000       __guard_iat_table          0000000000000000     <absolute>
 0000:00000000       __dynamic_value_reloc_table 0000000000000000     <absolute>
 0000:00000000       __guard_iat_count          0000000000000000     <absolute>
 0000:00000000       __guard_longjmp_table      0000000000000000     <absolute>
 0000:00000000       __guard_longjmp_count      0000000000000000     <absolute>
 0000:00000000       __guard_fids_count         0000000000000000     <absolute>
 0000:00000000       ___safe_se_handler_table   0000000000000000     <absolute>
 0000:00000000       ___safe_se_handler_count   0000000000000000     <absolute>
 0000:00000000       __guard_fids_table         0000000000000000     <absolute>
 0000:00000100       __guard_flags              0000000000000100     <absolute>
 0000:00000000       __ImageBase                0000000140000000     <linker-defined>
 0001:000000b0       ?GetMessageMap@CKS_STARTApp@@MEBAPEBUAFX_MSGMAP@@XZ 00000001400010b0 f   KS_START.obj
 0001:000000c0       ??_GCKS_STARTApp@@UEAAPEAXI@Z 00000001400010c0 f i KS_START.obj
 0001:000000c0       ??_ECKS_STARTApp@@UEAAPEAXI@Z 00000001400010c0 f i * CIL library *:* CIL module *
 0001:00000110       ?InitInstance@CKS_STARTApp@@UEAAHXZ 0000000140001110 f   KS_START.obj
 0001:00000200       ??1CKS_STARTDlg@@UEAA@XZ   0000000140001200 f i KS_START.obj
 0001:00000230       ?DoDataExchange@CWnd@@MEAAXPEAVCDataExchange@@@Z 0000000140001230 f i KS_STARTDlg.obj
 0001:00000230       ?__empty_global_delete@@YAXPEAX_K@Z 0000000140001230 f i KS_START.obj
 0001:00000230       _initialize_invalid_parameter_handler 0000000140001230 f i msvcrt:invalid_parameter_handler.obj
 0001:00000230       _initialize_denormal_control 0000000140001230 f i msvcrt:denormal_control.obj
 0001:00000230       ?OnClose@CKS_STARTDlg@@QEAAXXZ 0000000140001230 f i KS_STARTDlg.obj
 0001:00000230       ?OnCancel@CKS_STARTDlg@@EEAAXXZ 0000000140001230 f i KS_STARTDlg.obj
 0001:00000230       ?Dump@CObject@@UEBAXAEAVCDumpContext@@@Z 0000000140001230 f i KS_START.obj
 0001:00000230       _guard_check_icall_nop     0000000140001230 f i ODBCCP32:guard_support.obj
 0001:00000230       ?AssertValid@CObject@@UEBAXXZ 0000000140001230 f i KS_START.obj
 0001:00000230       ?Serialize@CObject@@UEAAXAEAVCArchive@@@Z 0000000140001230 f i KS_START.obj
 0001:00000230       ?__global_delete@@YAXPEAX_K@Z 0000000140001230 f i * CIL library *:* CIL module *
 0001:00000240       ?GetApplicationRecoveryPingInterval@CWinApp@@UEAAKXZ 0000000140001240 f i KS_START.obj
 0001:00000250       ?GetApplicationRecoveryParameter@CWinApp@@UEAAPEAXXZ 0000000140001250 f i KS_START.obj
 0001:00000250       _matherr                   0000000140001250 f i msvcrt:matherr.obj
 0001:00000250       _get_startup_thread_locale_mode 0000000140001250 f i msvcrt:thread_locale.obj
 0001:00000250       _get_startup_commit_mode   0000000140001250 f i msvcrt:commit_mode.obj
 0001:00000250       _get_startup_new_mode      0000000140001250 f i msvcrt:new_mode.obj
 0001:00000250       ?GetApplicationRestartFlags@CWinApp@@UEAAKXZ 0000000140001250 f i KS_START.obj
 0001:00000250       __scrt_initialize_winrt    0000000140001250 f i msvcrt:utility_desktop.obj
 0001:00000260       ?RestoreAutosavedFilesAtRestart@CWinApp@@UEBAHXZ 0000000140001260 f i KS_START.obj
 0001:00000270       ?ReopenPreviousFilesAtRestart@CWinApp@@UEBAHXZ 0000000140001270 f i KS_START.obj
 0001:00000280       ?SupportsAutosaveAtInterval@CWinApp@@UEBAHXZ 0000000140001280 f i KS_START.obj
 0001:00000290       ?SupportsAutosaveAtRestart@CWinApp@@UEBAHXZ 0000000140001290 f i KS_START.obj
 0001:000002a0       ?SupportsApplicationRecovery@CWinApp@@UEBAHXZ 00000001400012a0 f i KS_START.obj
 0001:000002b0       ?SupportsRestartManager@CWinApp@@UEBAHXZ 00000001400012b0 f i KS_START.obj
 0001:000002c0       ??_ECKS_STARTDlg@@UEAAPEAXI@Z 00000001400012c0 f i * CIL library *:* CIL module *
 0001:000002c0       ??_GCKS_STARTDlg@@UEAAPEAXI@Z 00000001400012c0 f i KS_STARTDlg.obj
 0001:00000320       ?DoDataExchange@CKS_STARTDlg@@MEAAXPEAVCDataExchange@@@Z 0000000140001320 f   KS_STARTDlg.obj
 0001:00000340       ?GetMessageMap@CKS_STARTDlg@@MEBAPEBUAFX_MSGMAP@@XZ 0000000140001340 f   KS_STARTDlg.obj
 0001:00000350       ?OnInitDialog@CKS_STARTDlg@@MEAAHXZ 0000000140001350 f   KS_STARTDlg.obj
 0001:00000470       ?OnPaint@CKS_STARTDlg@@IEAAXXZ 0000000140001470 f   KS_STARTDlg.obj
 0001:00000580       ?OnQueryDragIcon@CKS_STARTDlg@@IEAAPEAUHICON__@@XZ 0000000140001580 f   KS_STARTDlg.obj
 0001:00000590       ?OnBnClickedOk@CKS_STARTDlg@@QEAAXXZ 0000000140001590 f   KS_STARTDlg.obj
 0001:000005f0       ?MainThread@CKS_STARTDlg@@CAIPEAX@Z 00000001400015f0 f   KS_STARTDlg.obj
 0001:00000820       ?OnLbnDblclkList1@CKS_STARTDlg@@QEAAXXZ 0000000140001820 f   KS_STARTDlg.obj
 0001:00000830       ?Create@CDialog@@UEAAHIPEAVCWnd@@@Z 0000000140001830 f i KS_STARTDlg.obj
 0001:00000840       __local_stdio_printf_options 0000000140001840 f i KS_STARTDlg.obj
 0001:00000850       sprintf                    0000000140001850 f i KS_STARTDlg.obj
 0001:000008b0       ??_ECListBox@@UEAAPEAXI@Z  00000001400018b0 f i * CIL library *:* CIL module *
 0001:000008b0       ??_GCListBox@@UEAAPEAXI@Z  00000001400018b0 f i KS_STARTDlg.obj
 0001:00000900       ?BeginModalState@CWnd@@UEAAXXZ 0000000140001900 f i KS_STARTDlg.obj
 0001:00000910       ?EndModalState@CWnd@@UEAAXXZ 0000000140001910 f i KS_STARTDlg.obj
 0001:00000920       ??_GMainExec@@UEAAPEAXI@Z  0000000140001920 f i MainExec.obj
 0001:00000920       ??_EMainExec@@UEAAPEAXI@Z  0000000140001920 f i * CIL library *:* CIL module *
 0001:00000950       ?DoExec@MainExec@@QEAAXXZ  0000000140001950 f   MainExec.obj
 0001:00000d80       ?ExecFileCopy@MainExec@@AEAA_NXZ 0000000140001d80 f   MainExec.obj
 0001:00001070       ?ExecFolderCopy@MainExec@@AEAA_NXZ 0000000140002070 f   MainExec.obj
 0001:00001510       ?Change_DB@MainExec@@AEAAXXZ 0000000140002510 f   MainExec.obj
 0001:00001830       ?ChangeIni_DBSession@MainExec@@AEAAXPEBD@Z 0000000140002830 f   MainExec.obj
 0001:00001ae0       ?ChangeIni_DBSession_N@MainExec@@AEAAXPEBD0@Z 0000000140002ae0 f   MainExec.obj
 0001:00001db0       ?ChangeODBC_Setting@MainExec@@AEAAXPEBDH@Z 0000000140002db0 f   MainExec.obj
 0001:00002170       ?ODBC_Setting@@YAHHPEBD00@Z 0000000140003170 f   OdbcSetFunc.obj
 0001:00002350       ?_AtlInitializeCriticalSectionEx@ATL@@YAHPEAU_RTL_CRITICAL_SECTION@@KK@Z 0000000140003350 f i stdafx.obj
 0001:00002360       ??0exception@std@@QEAA@AEBV01@@Z 0000000140003360 f i KizuLibMFC:LogFileManager.obj
 0001:000023a0       ?what@exception@std@@UEBAPEBDXZ 00000001400033a0 f i KizuLibMFC:LogFileManager.obj
 0001:000023c0       ??_Gexception@std@@UEAAPEAXI@Z 00000001400033c0 f i KizuLibMFC:LogFileManager.obj
 0001:000023c0       ??_Gbad_cast@std@@UEAAPEAXI@Z 00000001400033c0 f i KizuLibMFC:LogFileManager.obj
 0001:000023c0       ??_Eexception@std@@UEAAPEAXI@Z 00000001400033c0 f i * CIL library *:* CIL module *
 0001:000023c0       ??_Ebad_cast@std@@UEAAPEAXI@Z 00000001400033c0 f i * CIL library *:* CIL module *
 0001:00002410       ??1bad_cast@std@@UEAA@XZ   0000000140003410 f i KizuLibMFC:LogFileManager.obj
 0001:00002430       ??1locale@std@@QEAA@XZ     0000000140003430 f i KizuLibMFC:LogFileManager.obj
 0001:00002470       ??1AutoLock@KizuLib@@UEAA@XZ 0000000140003470 f i KizuLibMFC:LogFileManager.obj
 0001:000024a0       ??_EAutoLock@KizuLib@@UEAAPEAXI@Z 00000001400034a0 f i * CIL library *:* CIL module *
 0001:000024a0       ??_GAutoLock@KizuLib@@UEAAPEAXI@Z 00000001400034a0 f i KizuLibMFC:LogFileManager.obj
 0001:00002500       ?GetNowLogPath@LogFileManager@KizuLib@@QEAA?AV?$CStringT@DV?$StrTraitMFC_DLL@DV?$ChTraitsCRT@D@ATL@@@@@ATL@@XZ 0000000140003500 f i KizuLibMFC:LogFileManager.obj
 0001:00002530       ??0LogFileManager@KizuLib@@QEAA@PEBDPEAVCListBox@@HH@Z 0000000140003530 f   KizuLibMFC:LogFileManager.obj
 0001:000028d0       ??_ELogFileManager@KizuLib@@UEAAPEAXI@Z 00000001400038d0 f i * CIL library *:* CIL module *
 0001:000028d0       ??_GLogFileManager@KizuLib@@UEAAPEAXI@Z 00000001400038d0 f i KizuLibMFC:LogFileManager.obj
 0001:00002910       ??_D?$basic_ofstream@DU?$char_traits@D@std@@@std@@QEAAXXZ 0000000140003910 f i KizuLibMFC:LogFileManager.obj
 0001:00002940       ??1LogFileManager@KizuLib@@UEAA@XZ 0000000140003940 f   KizuLibMFC:LogFileManager.obj
 0001:00002ad0       ?Write@LogFileManager@KizuLib@@QEAAXW4LNO@12@PEBDZZ 0000000140003ad0 f   KizuLibMFC:LogFileManager.obj
 0001:00002d90       ?WriteFile@LogFileManager@KizuLib@@QEAAXPEBD@Z 0000000140003d90 f   KizuLibMFC:LogFileManager.obj
 0001:00002f10       ?WriteList@LogFileManager@KizuLib@@AEAAXPEBD@Z 0000000140003f10 f   KizuLibMFC:LogFileManager.obj
 0001:00003000       ?ShowEdit@LogFileManager@KizuLib@@QEAAXXZ 0000000140004000 f   KizuLibMFC:LogFileManager.obj
 0001:000030e0       ?MainThread@LogFileManager@KizuLib@@CAIPEAX@Z 00000001400040e0 f   KizuLibMFC:LogFileManager.obj
 0001:00003280       ??1?$basic_string@DU?$char_traits@D@std@@V?$allocator@D@2@@std@@QEAA@XZ 0000000140004280 f i KizuLibMFC:LogFileManager.obj
 0001:00003310       ??1?$basic_ofstream@DU?$char_traits@D@std@@@std@@UEAA@XZ 0000000140004310 f i KizuLibMFC:LogFileManager.obj
 0001:000033e0       ??0?$basic_ofstream@DU?$char_traits@D@std@@@std@@QEAA@XZ 00000001400043e0 f i KizuLibMFC:LogFileManager.obj
 0001:000034c0       ?imbue@?$basic_filebuf@DU?$char_traits@D@std@@@std@@MEAAXAEBVlocale@2@@Z 00000001400044c0 f i KizuLibMFC:LogFileManager.obj
 0001:00003510       ?sync@?$basic_filebuf@DU?$char_traits@D@std@@@std@@MEAAHXZ 0000000140004510 f i KizuLibMFC:LogFileManager.obj
 0001:00003560       ?setbuf@?$basic_filebuf@DU?$char_traits@D@std@@@std@@MEAAPEAV?$basic_streambuf@DU?$char_traits@D@std@@@2@PEAD_J@Z 0000000140004560 f i KizuLibMFC:LogFileManager.obj
 0001:00003650       ?seekpos@?$basic_filebuf@DU?$char_traits@D@std@@@std@@MEAA?AV?$fpos@U_Mbstatet@@@2@V32@H@Z 0000000140004650 f i KizuLibMFC:LogFileManager.obj
 0001:00003740       ?seekoff@?$basic_filebuf@DU?$char_traits@D@std@@@std@@MEAA?AV?$fpos@U_Mbstatet@@@2@_JHH@Z 0000000140004740 f i KizuLibMFC:LogFileManager.obj
 0001:00003840       ?uflow@?$basic_filebuf@DU?$char_traits@D@std@@@std@@MEAAHXZ 0000000140004840 f i KizuLibMFC:LogFileManager.obj
 0001:00003c10       ?underflow@?$basic_filebuf@DU?$char_traits@D@std@@@std@@MEAAHXZ 0000000140004c10 f i KizuLibMFC:LogFileManager.obj
 0001:00003c80       ?pbackfail@?$basic_filebuf@DU?$char_traits@D@std@@@std@@MEAAHH@Z 0000000140004c80 f i KizuLibMFC:LogFileManager.obj
 0001:00003d60       ?overflow@?$basic_filebuf@DU?$char_traits@D@std@@@std@@MEAAHH@Z 0000000140004d60 f i KizuLibMFC:LogFileManager.obj
 0001:000040d0       ?_Unlock@?$basic_filebuf@DU?$char_traits@D@std@@@std@@UEAAXXZ 00000001400050d0 f i KizuLibMFC:LogFileManager.obj
 0001:000040f0       ?_Lock@?$basic_filebuf@DU?$char_traits@D@std@@@std@@UEAAXXZ 00000001400050f0 f i KizuLibMFC:LogFileManager.obj
 0001:00004110       ??_E?$basic_ofstream@DU?$char_traits@D@std@@@std@@UEAAPEAXI@Z 0000000140005110 f i * CIL library *:* CIL module *
 0001:00004110       ??_G?$basic_ofstream@DU?$char_traits@D@std@@@std@@UEAAPEAXI@Z 0000000140005110 f i KizuLibMFC:LogFileManager.obj
 0001:00004160       ??_E?$basic_filebuf@DU?$char_traits@D@std@@@std@@UEAAPEAXI@Z 0000000140005160 f i * CIL library *:* CIL module *
 0001:00004160       ??_G?$basic_filebuf@DU?$char_traits@D@std@@@std@@UEAAPEAXI@Z 0000000140005160 f i KizuLibMFC:LogFileManager.obj
 0001:00004200       ?_Reset_back@?$basic_filebuf@DU?$char_traits@D@std@@@std@@AEAAXXZ 0000000140005200 f i KizuLibMFC:LogFileManager.obj
 0001:00004230       ?_Endwrite@?$basic_filebuf@DU?$char_traits@D@std@@@std@@IEAA_NXZ 0000000140005230 f i KizuLibMFC:LogFileManager.obj
 0001:000044b0       ?close@?$basic_filebuf@DU?$char_traits@D@std@@@std@@QEAAPEAV12@XZ 00000001400054b0 f i KizuLibMFC:LogFileManager.obj
 0001:00004530       ?open@?$basic_filebuf@DU?$char_traits@D@std@@@std@@QEAAPEAV12@PEBDHH@Z 0000000140005530 f i KizuLibMFC:LogFileManager.obj
 0001:00004670       ?_Copy@?$basic_string@DU?$char_traits@D@std@@V?$allocator@D@2@@std@@QEAAX_K0@Z 0000000140005670 f i KizuLibMFC:LogFileManager.obj
 0001:00004820       ?allocate@?$_Wrap_alloc@V?$allocator@D@std@@@std@@QEAAPEAD_K@Z 0000000140005820 f i KizuLibMFC:LogFileManager.obj
 0001:00004890       ??0?$ThreadQueue@D@KizuLib@@QEAA@H@Z 0000000140005890 f i KizuLibMFC:LogFileManager.obj
 0001:00004940       ??1?$ThreadQueue@D@KizuLib@@UEAA@XZ 0000000140005940 f i KizuLibMFC:LogFileManager.obj
 0001:000049f0       ?GetFromHead@?$ThreadQueue@D@KizuLib@@QEAAPEADXZ 00000001400059f0 f i KizuLibMFC:LogFileManager.obj
 0001:00004a90       ??$?6U?$char_traits@D@std@@@std@@YAAEAV?$basic_ostream@DU?$char_traits@D@std@@@0@AEAV10@PEBD@Z 0000000140005a90 f i KizuLibMFC:LogFileManager.obj
 0001:00004c60       ??$endl@DU?$char_traits@D@std@@@std@@YAAEAV?$basic_ostream@DU?$char_traits@D@std@@@0@AEAV10@@Z 0000000140005c60 f i KizuLibMFC:LogFileManager.obj
 0001:00004ca0       ??$use_facet@V?$codecvt@DDU_Mbstatet@@@std@@@std@@YAAEBV?$codecvt@DDU_Mbstatet@@@0@AEBVlocale@0@@Z 0000000140005ca0 f i KizuLibMFC:LogFileManager.obj
 0001:00004db0       ??0bad_cast@std@@QEAA@AEBV01@@Z 0000000140005db0 f i KizuLibMFC:LogFileManager.obj
 0001:00004df0       ??_E?$ThreadQueue@D@KizuLib@@UEAAPEAXI@Z 0000000140005df0 f i * CIL library *:* CIL module *
 0001:00004df0       ??_G?$ThreadQueue@D@KizuLib@@UEAAPEAXI@Z 0000000140005df0 f i KizuLibMFC:LogFileManager.obj
 0001:00004e30       ?push_back@?$deque@PEADV?$allocator@PEAD@std@@@std@@QEAAXAEBQEAD@Z 0000000140005e30 f i KizuLibMFC:LogFileManager.obj
 0001:00004f00       ??1sentry@?$basic_ostream@DU?$char_traits@D@std@@@std@@QEAA@XZ 0000000140005f00 f i KizuLibMFC:LogFileManager.obj
 0001:00004f50       ?_Tidy@?$deque@PEADV?$allocator@PEAD@std@@@std@@IEAAXXZ 0000000140005f50 f i KizuLibMFC:LogFileManager.obj
 0001:00005040       ?_Growmap@?$deque@PEADV?$allocator@PEAD@std@@@std@@IEAAX_K@Z 0000000140006040 f i KizuLibMFC:LogFileManager.obj
 0001:000052a0       ?begin@?$deque@PEADV?$allocator@PEAD@std@@@std@@QEAA?AV?$_Deque_iterator@V?$_Deque_val@U?$_Deque_simple_types@PEAD@std@@@std@@@2@XZ 00000001400062a0 f i KizuLibMFC:LogFileManager.obj
 0001:000052c0       ??1_Sentry_base@?$basic_ostream@DU?$char_traits@D@std@@@std@@QEAA@XZ 00000001400062c0 f i KizuLibMFC:LogFileManager.obj
 0001:000052f0       ??_E?$basic_ofstream@DU?$char_traits@D@std@@@std@@$4PPPPPPPM@A@EAAPEAXI@Z 00000001400062f0 f i KizuLibMFC:LogFileManager.obj
 0001:00005300       ?HexToDec@MagicPacket@KizuLib@@SAEPEBD@Z 0000000140006300 f   KizuLib:MagicPacket.obj
 0001:00005430       ?Send@MagicPacket@KizuLib@@SAHPEBD@Z 0000000140006430 f   KizuLib:MagicPacket.obj
 0001:00005820       ?WinExec@ProcessManager@KizuLib@@SAXPEAD@Z 0000000140006820 f   KizuLib:ProcessManager.obj
 0001:000059f0       ?ProcessExecWait@ProcessManager@KizuLib@@SAHPEBDH@Z 00000001400069f0 f   KizuLib:ProcessManager.obj
 0001:00005ad0       ??_EWorkThread@KizuLib@@UEAAPEAXI@Z 0000000140006ad0 f i * CIL library *:* CIL module *
 0001:00005ad0       ??_GWorkThread@KizuLib@@UEAAPEAXI@Z 0000000140006ad0 f i KizuLib:WorkThread.obj
 0001:00005b20       ??1WorkThread@KizuLib@@UEAA@XZ 0000000140006b20 f   KizuLib:WorkThread.obj
 0001:00005b40       ?MainThread@WorkThread@KizuLib@@MEAAIXZ 0000000140006b40 f   KizuLib:WorkThread.obj
 0001:00005b50       ??0OdbcEnv@KizuODBC@@AEAA@XZ 0000000140006b50 f   KizuODBC:OdbcEnv.obj
 0001:00005c10       ??_EOdbcEnv@KizuODBC@@UEAAPEAXI@Z 0000000140006c10 f i * CIL library *:* CIL module *
 0001:00005c10       ??_GOdbcEnv@KizuODBC@@UEAAPEAXI@Z 0000000140006c10 f i KizuODBC:OdbcEnv.obj
 0001:00005c70       ?GetErrMsg@OdbcEnv@KizuODBC@@QEAAXXZ 0000000140006c70 f   KizuODBC:OdbcEnv.obj
 0001:00005cf0       SQLConfigDataSource        0000000140006cf0 f   ODBCCP32:funcload.obj
 0001:00005df0       ODBC___GetSetupProc        0000000140006df0 f   ODBCCP32:dllload.obj
 0001:00005f20       StringCchCopyW             0000000140006f20 f i ODBCCP32:dllload.obj
 0001:00005fc0       StringCchPrintfW           0000000140006fc0 f i ODBCCP32:dllload.obj
 0001:0000605c       _guard_check_icall         000000014000705c f i ODBCCP32:guard_support.obj
 0001:00006064       _vsnwprintf_s              0000000140007064 f i legacy_stdio_definitions:legacy_stdio_definitions.obj
 0001:000060cc       __local_stdio_scanf_options 00000001400070cc f i legacy_stdio_definitions:legacy_stdio_definitions.obj
 0001:000060d4       ??3@YAXPEAX@Z              00000001400070d4 f   mfc140:mfc140.dll
 0001:000060da       ?OnHelp@CWinApp@@IEAAXXZ   00000001400070da f   mfc140:mfc140.dll
 0001:000060e0       ?GetThisMessageMap@CWinApp@@KAPEBUAFX_MSGMAP@@XZ 00000001400070e0 f   mfc140:mfc140.dll
 0001:000060e6       ?DoModal@CDialog@@UEAA_JXZ 00000001400070e6 f   mfc140:mfc140.dll
 0001:000060ec       ?GetRuntimeClass@CWinApp@@UEBAPEAUCRuntimeClass@@XZ 00000001400070ec f   mfc140:mfc140.dll
 0001:000060f2       ?OnCmdMsg@CCmdTarget@@UEAAHIHPEAXPEAUAFX_CMDHANDLERINFO@@@Z 00000001400070f2 f   mfc140:mfc140.dll
 0001:000060f8       ?OnFinalRelease@CCmdTarget@@UEAAXXZ 00000001400070f8 f   mfc140:mfc140.dll
 0001:000060fe       ?IsInvokeAllowed@CCmdTarget@@UEAAHJ@Z 00000001400070fe f   mfc140:mfc140.dll
 0001:00006104       ?GetDispatchIID@CCmdTarget@@UEAAHPEAU_GUID@@@Z 0000000140007104 f   mfc140:mfc140.dll
 0001:0000610a       ?GetTypeInfoCount@CCmdTarget@@UEAAIXZ 000000014000710a f   mfc140:mfc140.dll
 0001:00006110       ?GetTypeLibCache@CCmdTarget@@UEAAPEAVCTypeLibCache@@XZ 0000000140007110 f   mfc140:mfc140.dll
 0001:00006116       ?GetTypeLib@CCmdTarget@@UEAAJKPEAPEAUITypeLib@@@Z 0000000140007116 f   mfc140:mfc140.dll
 0001:0000611c       ?GetCommandMap@CCmdTarget@@MEBAPEBUAFX_OLECMDMAP@@XZ 000000014000711c f   mfc140:mfc140.dll
 0001:00006122       ?GetDispatchMap@CCmdTarget@@MEBAPEBUAFX_DISPMAP@@XZ 0000000140007122 f   mfc140:mfc140.dll
 0001:00006128       ?GetConnectionMap@CCmdTarget@@MEBAPEBUAFX_CONNECTIONMAP@@XZ 0000000140007128 f   mfc140:mfc140.dll
 0001:0000612e       ?GetInterfaceMap@CCmdTarget@@MEBAPEBUAFX_INTERFACEMAP@@XZ 000000014000712e f   mfc140:mfc140.dll
 0001:00006134       ?GetEventSinkMap@CCmdTarget@@MEBAPEBUAFX_EVENTSINKMAP@@XZ 0000000140007134 f   mfc140:mfc140.dll
 0001:0000613a       ?OnCreateAggregates@CCmdTarget@@UEAAHXZ 000000014000713a f   mfc140:mfc140.dll
 0001:00006140       ?GetInterfaceHook@CCmdTarget@@UEAAPEAUIUnknown@@PEBX@Z 0000000140007140 f   mfc140:mfc140.dll
 0001:00006146       ?GetExtraConnectionPoints@CCmdTarget@@MEAAHPEAVCPtrArray@@@Z 0000000140007146 f   mfc140:mfc140.dll
 0001:0000614c       ?GetConnectionHook@CCmdTarget@@MEAAPEAUIConnectionPoint@@AEBU_GUID@@@Z 000000014000714c f   mfc140:mfc140.dll
 0001:00006152       ?Run@CWinApp@@UEAAHXZ      0000000140007152 f   mfc140:mfc140.dll
 0001:00006158       ?PreTranslateMessage@CWinThread@@UEAAHPEAUtagMSG@@@Z 0000000140007158 f   mfc140:mfc140.dll
 0001:0000615e       ?PumpMessage@CWinThread@@UEAAHXZ 000000014000715e f   mfc140:mfc140.dll
 0001:00006164       ?OnIdle@CWinApp@@UEAAHJ@Z  0000000140007164 f   mfc140:mfc140.dll
 0001:0000616a       ?IsIdleMessage@CWinThread@@UEAAHPEAUtagMSG@@@Z 000000014000716a f   mfc140:mfc140.dll
 0001:00006170       ?ExitInstance@CWinApp@@UEAAHXZ 0000000140007170 f   mfc140:mfc140.dll
 0001:00006176       ?ProcessWndProcException@CWinApp@@UEAA_JPEAVCException@@PEBUtagMSG@@@Z 0000000140007176 f   mfc140:mfc140.dll
 0001:0000617c       ?ProcessMessageFilter@CWinThread@@UEAAHHPEAUtagMSG@@@Z 000000014000717c f   mfc140:mfc140.dll
 0001:00006182       ?GetMainWnd@CWinThread@@UEAAPEAVCWnd@@XZ 0000000140007182 f   mfc140:mfc140.dll
 0001:00006188       ?Delete@CWinThread@@UEAAXXZ 0000000140007188 f   mfc140:mfc140.dll
 0001:0000618e       ?GetProfileIntA@CWinApp@@UEAAIPEBD0H@Z 000000014000718e f   mfc140:mfc140.dll
 0001:00006194       ?WriteProfileInt@CWinApp@@UEAAHPEBD0H@Z 0000000140007194 f   mfc140:mfc140.dll
 0001:0000619a       ?GetProfileStringA@CWinApp@@UEAA?AV?$CStringT@DV?$StrTraitMFC_DLL@DV?$ChTraitsCRT@D@ATL@@@@@ATL@@PEBD00@Z 000000014000719a f   mfc140:mfc140.dll
 0001:000061a0       ?WriteProfileStringA@CWinApp@@UEAAHPEBD00@Z 00000001400071a0 f   mfc140:mfc140.dll
 0001:000061a6       ?GetProfileBinary@CWinApp@@UEAAHPEBD0PEAPEAEPEAI@Z 00000001400071a6 f   mfc140:mfc140.dll
 0001:000061ac       ?WriteProfileBinary@CWinApp@@UEAAHPEBD0PEAEI@Z 00000001400071ac f   mfc140:mfc140.dll
 0001:000061b2       ?InitLibId@CWinApp@@UEAAXXZ 00000001400071b2 f   mfc140:mfc140.dll
 0001:000061b8       ?Register@CWinApp@@UEAAHXZ 00000001400071b8 f   mfc140:mfc140.dll
 0001:000061be       ?Unregister@CWinApp@@UEAAHXZ 00000001400071be f   mfc140:mfc140.dll
 0001:000061c4       ?OpenDocumentFile@CWinApp@@UEAAPEAVCDocument@@PEBDH@Z 00000001400071c4 f   mfc140:mfc140.dll
 0001:000061ca       ?OpenDocumentFile@CWinApp@@UEAAPEAVCDocument@@PEBD@Z 00000001400071ca f   mfc140:mfc140.dll
 0001:000061d0       ?AddToRecentFileList@CWinApp@@UEAAXPEBD@Z 00000001400071d0 f   mfc140:mfc140.dll
 0001:000061d6       ?InitApplication@CWinApp@@UEAAHXZ 00000001400071d6 f   mfc140:mfc140.dll
 0001:000061dc       ?SaveAllModified@CWinApp@@UEAAHXZ 00000001400071dc f   mfc140:mfc140.dll
 0001:000061e2       ?DoMessageBox@CWinApp@@UEAAHPEBDII@Z 00000001400071e2 f   mfc140:mfc140.dll
 0001:000061e8       ?DoWaitCursor@CWinApp@@UEAAXH@Z 00000001400071e8 f   mfc140:mfc140.dll
 0001:000061ee       ?OnDDECommand@CWinApp@@UEAAHPEAD@Z 00000001400071ee f   mfc140:mfc140.dll
 0001:000061f4       ?WinHelpA@CWinApp@@UEAAX_KI@Z 00000001400071f4 f   mfc140:mfc140.dll
 0001:000061fa       ?HtmlHelpA@CWinApp@@UEAAX_KI@Z 00000001400071fa f   mfc140:mfc140.dll
 0001:00006200       ?WinHelpInternal@CWinApp@@UEAAX_KI@Z 0000000140007200 f   mfc140:mfc140.dll
 0001:00006206       ?RegisterWithRestartManager@CWinApp@@UEAAJPEB_WKP6AKPEAX@Z1KK@Z 0000000140007206 f   mfc140:mfc140.dll
 0001:0000620c       ?RegisterWithRestartManager@CWinApp@@UEAAJHAEBV?$CStringT@DV?$StrTraitMFC_DLL@DV?$ChTraitsCRT@D@ATL@@@@@ATL@@@Z 000000014000720c f   mfc140:mfc140.dll
 0001:00006212       ?ApplicationRecoveryCallback@CWinApp@@UEAAKPEAX@Z 0000000140007212 f   mfc140:mfc140.dll
 0001:00006218       ?GetDataRecoveryHandler@CWinApp@@UEAAPEAVCDataRecoveryHandler@@XZ 0000000140007218 f   mfc140:mfc140.dll
 0001:0000621e       ?IsTaskbarInteractionEnabled@CWinApp@@UEAAHXZ 000000014000721e f   mfc140:mfc140.dll
 0001:00006224       ?RestartInstance@CWinApp@@UEAAHXZ 0000000140007224 f   mfc140:mfc140.dll
 0001:0000622a       ?LoadAppLangResourceDLL@CWinApp@@UEAAPEAUHINSTANCE__@@XZ 000000014000722a f   mfc140:mfc140.dll
 0001:00006230       ?LoadSysPolicies@CWinApp@@UEAAHXZ 0000000140007230 f   mfc140:mfc140.dll
 0001:00006236       ??2@YAPEAX_K@Z             0000000140007236 f   mfc140:mfc140.dll
 0001:0000623c       ?CharToItem@CListBox@@UEAAHII@Z 000000014000723c f   mfc140:mfc140.dll
 0001:00006242       ?VKeyToItem@CListBox@@UEAAHII@Z 0000000140007242 f   mfc140:mfc140.dll
 0001:00006248       ?DeleteItem@CListBox@@UEAAXPEAUtagDELETEITEMSTRUCT@@@Z 0000000140007248 f   mfc140:mfc140.dll
 0001:0000624e       ?CompareItem@CListBox@@UEAAHPEAUtagCOMPAREITEMSTRUCT@@@Z 000000014000724e f   mfc140:mfc140.dll
 0001:00006254       ?MeasureItem@CListBox@@UEAAXPEAUtagMEASUREITEMSTRUCT@@@Z 0000000140007254 f   mfc140:mfc140.dll
 0001:0000625a       ?DrawItem@CListBox@@UEAAXPEAUtagDRAWITEMSTRUCT@@@Z 000000014000725a f   mfc140:mfc140.dll
 0001:00006260       ?Create@CListBox@@UEAAHKAEBUtagRECT@@PEAVCWnd@@I@Z 0000000140007260 f   mfc140:mfc140.dll
 0001:00006266       ?GetOccDialogInfo@CWnd@@MEAAPEAU_AFX_OCC_DIALOG_INFO@@XZ 0000000140007266 f   mfc140:mfc140.dll
 0001:0000626c       ?SetOccDialogInfo@CWnd@@MEAAHPEAU_AFX_OCC_DIALOG_INFO@@@Z 000000014000726c f   mfc140:mfc140.dll
 0001:00006272       ?CreateControlSite@CWnd@@MEAAHPEAVCOleControlContainer@@PEAPEAVCOleControlSite@@IAEBU_GUID@@@Z 0000000140007272 f   mfc140:mfc140.dll
 0001:00006278       ?CreateControlContainer@CWnd@@MEAAHPEAPEAVCOleControlContainer@@@Z 0000000140007278 f   mfc140:mfc140.dll
 0001:0000627e       ?IsFrameWnd@CWnd@@UEBAHXZ  000000014000727e f   mfc140:mfc140.dll
 0001:00006284       ?CheckAutoCenter@CWnd@@UEAAHXZ 0000000140007284 f   mfc140:mfc140.dll
 0001:0000628a       ?ResizeDynamicLayout@CWnd@@MEAAXXZ 000000014000728a f   mfc140:mfc140.dll
 0001:00006290       ?OnGesturePressAndTap@CWnd@@MEAAHVCPoint@@J@Z 0000000140007290 f   mfc140:mfc140.dll
 0001:00006296       ?OnGestureTwoFingerTap@CWnd@@MEAAHVCPoint@@@Z 0000000140007296 f   mfc140:mfc140.dll
 0001:0000629c       ?OnGestureRotate@CWnd@@MEAAHVCPoint@@N@Z 000000014000729c f   mfc140:mfc140.dll
 0001:000062a2       ?OnGesturePan@CWnd@@MEAAHVCPoint@@0@Z 00000001400072a2 f   mfc140:mfc140.dll
 0001:000062a8       ?OnGestureZoom@CWnd@@MEAAHVCPoint@@J@Z 00000001400072a8 f   mfc140:mfc140.dll
 0001:000062ae       ?GetGestureStatus@CWnd@@MEAAKVCPoint@@@Z 00000001400072ae f   mfc140:mfc140.dll
 0001:000062b4       ?OnTouchInput@CWnd@@MEAAHVCPoint@@HHPEAUtagTOUCHINPUT@@@Z 00000001400072b4 f   mfc140:mfc140.dll
 0001:000062ba       ?OnTouchInputs@CWnd@@MEAAHIPEAUtagTOUCHINPUT@@@Z 00000001400072ba f   mfc140:mfc140.dll
 0001:000062c0       ?OnChildNotify@CListBox@@MEAAHI_K_JPEA_J@Z 00000001400072c0 f   mfc140:mfc140.dll
 0001:000062c6       ?PostNcDestroy@CWnd@@MEAAXXZ 00000001400072c6 f   mfc140:mfc140.dll
 0001:000062cc       ?DefWindowProcA@CWnd@@MEAA_JI_K_J@Z 00000001400072cc f   mfc140:mfc140.dll
 0001:000062d2       ?OnWndMsg@CWnd@@MEAAHI_K_JPEA_J@Z 00000001400072d2 f   mfc140:mfc140.dll
 0001:000062d8       ?WindowProc@CWnd@@MEAA_JI_K_J@Z 00000001400072d8 f   mfc140:mfc140.dll
 0001:000062de       ?OnAmbientProperty@CWnd@@UEAAHPEAVCOleControlSite@@JPEAUtagVARIANT@@@Z 00000001400072de f   mfc140:mfc140.dll
 0001:000062e4       ?PreTranslateMessage@CWnd@@UEAAHPEAUtagMSG@@@Z 00000001400072e4 f   mfc140:mfc140.dll
 0001:000062ea       ?GetSuperWndProcAddr@CWnd@@MEAAPEAP6A_JPEAUHWND__@@I_K_J@ZXZ 00000001400072ea f   mfc140:mfc140.dll
 0001:000062f0       ?OnNotify@CWnd@@MEAAH_K_JPEA_J@Z 00000001400072f0 f   mfc140:mfc140.dll
 0001:000062f6       ?OnCommand@CWnd@@MEAAH_K_J@Z 00000001400072f6 f   mfc140:mfc140.dll
 0001:000062fc       ?CreateAccessibleProxy@CWnd@@UEAAJ_K_JPEA_J@Z 00000001400072fc f   mfc140:mfc140.dll
 0001:00006302       ?SetProxy@CWnd@@UEAAJPEAUIAccessibleProxy@@@Z 0000000140007302 f   mfc140:mfc140.dll
 0001:00006308       ?put_accValue@CWnd@@UEAAJUtagVARIANT@@PEA_W@Z 0000000140007308 f   mfc140:mfc140.dll
 0001:0000630e       ?put_accName@CWnd@@UEAAJUtagVARIANT@@PEA_W@Z 000000014000730e f   mfc140:mfc140.dll
 0001:00006314       ?accDoDefaultAction@CWnd@@UEAAJUtagVARIANT@@@Z 0000000140007314 f   mfc140:mfc140.dll
 0001:0000631a       ?accHitTest@CWnd@@UEAAJJJPEAUtagVARIANT@@@Z 000000014000731a f   mfc140:mfc140.dll
 0001:00006320       ?accNavigate@CWnd@@UEAAJJUtagVARIANT@@PEAU2@@Z 0000000140007320 f   mfc140:mfc140.dll
 0001:00006326       ?accLocation@CWnd@@UEAAJPEAJ000UtagVARIANT@@@Z 0000000140007326 f   mfc140:mfc140.dll
 0001:0000632c       ?accSelect@CWnd@@UEAAJJUtagVARIANT@@@Z 000000014000732c f   mfc140:mfc140.dll
 0001:00006332       ?get_accDefaultAction@CWnd@@UEAAJUtagVARIANT@@PEAPEA_W@Z 0000000140007332 f   mfc140:mfc140.dll
 0001:00006338       ?get_accSelection@CWnd@@UEAAJPEAUtagVARIANT@@@Z 0000000140007338 f   mfc140:mfc140.dll
 0001:0000633e       ?get_accFocus@CWnd@@UEAAJPEAUtagVARIANT@@@Z 000000014000733e f   mfc140:mfc140.dll
 0001:00006344       ?get_accKeyboardShortcut@CWnd@@UEAAJUtagVARIANT@@PEAPEA_W@Z 0000000140007344 f   mfc140:mfc140.dll
 0001:0000634a       ?get_accHelpTopic@CWnd@@UEAAJPEAPEA_WUtagVARIANT@@PEAJ@Z 000000014000734a f   mfc140:mfc140.dll
 0001:00006350       ?get_accHelp@CWnd@@UEAAJUtagVARIANT@@PEAPEA_W@Z 0000000140007350 f   mfc140:mfc140.dll
 0001:00006356       ?get_accState@CWnd@@UEAAJUtagVARIANT@@PEAU2@@Z 0000000140007356 f   mfc140:mfc140.dll
 0001:0000635c       ?get_accRole@CWnd@@UEAAJUtagVARIANT@@PEAU2@@Z 000000014000735c f   mfc140:mfc140.dll
 0001:00006362       ?get_accDescription@CWnd@@UEAAJUtagVARIANT@@PEAPEA_W@Z 0000000140007362 f   mfc140:mfc140.dll
 0001:00006368       ?get_accValue@CWnd@@UEAAJUtagVARIANT@@PEAPEA_W@Z 0000000140007368 f   mfc140:mfc140.dll
 0001:0000636e       ?get_accName@CWnd@@UEAAJUtagVARIANT@@PEAPEA_W@Z 000000014000736e f   mfc140:mfc140.dll
 0001:00006374       ?get_accChild@CWnd@@UEAAJUtagVARIANT@@PEAPEAUIDispatch@@@Z 0000000140007374 f   mfc140:mfc140.dll
 0001:0000637a       ?get_accChildCount@CWnd@@UEAAJPEAJ@Z 000000014000737a f   mfc140:mfc140.dll
 0001:00006380       ?get_accParent@CWnd@@UEAAJPEAPEAUIDispatch@@@Z 0000000140007380 f   mfc140:mfc140.dll
 0001:00006386       ?EnsureStdObj@CWnd@@UEAAJXZ 0000000140007386 f   mfc140:mfc140.dll
 0001:0000638c       ?OnDrawIconicThumbnailOrLivePreview@CWnd@@UEAAXAEAVCDC@@VCRect@@VCSize@@HAEAH@Z 000000014000738c f   mfc140:mfc140.dll
 0001:00006392       ?EndModalLoop@CWnd@@UEAAXH@Z 0000000140007392 f   mfc140:mfc140.dll
 0001:00006398       ?ContinueModal@CWnd@@UEAAHXZ 0000000140007398 f   mfc140:mfc140.dll
 0001:0000639e       ?WinHelpInternal@CWnd@@UEAAX_KI@Z 000000014000739e f   mfc140:mfc140.dll
 0001:000063a4       ?HtmlHelpA@CWnd@@UEAAX_KI@Z 00000001400073a4 f   mfc140:mfc140.dll
 0001:000063aa       ?WinHelpA@CWnd@@UEAAX_KI@Z 00000001400073aa f   mfc140:mfc140.dll
 0001:000063b0       ?GetScrollBarCtrl@CWnd@@UEBAPEAVCScrollBar@@H@Z 00000001400073b0 f   mfc140:mfc140.dll
 0001:000063b6       ?OnToolHitTest@CWnd@@UEBA_JVCPoint@@PEAUtagTOOLINFOA@@@Z 00000001400073b6 f   mfc140:mfc140.dll
 0001:000063bc       ?SetMenu@CWnd@@UEAAHPEAVCMenu@@@Z 00000001400073bc f   mfc140:mfc140.dll
 0001:000063c2       ?GetMenu@CWnd@@UEBAPEAVCMenu@@XZ 00000001400073c2 f   mfc140:mfc140.dll
 0001:000063c8       ?CalcWindowRect@CWnd@@UEAAXPEAUtagRECT@@I@Z 00000001400073c8 f   mfc140:mfc140.dll
 0001:000063ce       ?PreCreateWindow@CWnd@@UEAAHAEAUtagCREATESTRUCTA@@@Z 00000001400073ce f   mfc140:mfc140.dll
 0001:000063d4       ?DestroyWindow@CWnd@@UEAAHXZ 00000001400073d4 f   mfc140:mfc140.dll
 0001:000063da       ?CreateEx@CWnd@@UEAAHKPEBD0KHHHHPEAUHWND__@@PEAUHMENU__@@PEAX@Z 00000001400073da f   mfc140:mfc140.dll
 0001:000063e0       ?CreateEx@CWnd@@UEAAHKPEBD0KAEBUtagRECT@@PEAV1@IPEAX@Z 00000001400073e0 f   mfc140:mfc140.dll
 0001:000063e6       ?Create@CWnd@@UEAAHPEBD0KAEBUtagRECT@@PEAV1@IPEAUCCreateContext@@@Z 00000001400073e6 f   mfc140:mfc140.dll
 0001:000063ec       ?PreSubclassWindow@CWnd@@UEAAXXZ 00000001400073ec f   mfc140:mfc140.dll
 0001:000063f2       ?GetInterfaceMap@CWnd@@MEBAPEBUAFX_INTERFACEMAP@@XZ 00000001400073f2 f   mfc140:mfc140.dll
 0001:000063f8       ?GetMessageMap@CWnd@@MEBAPEBUAFX_MSGMAP@@XZ 00000001400073f8 f   mfc140:mfc140.dll
 0001:000063fe       ?OnFinalRelease@CWnd@@UEAAXXZ 00000001400073fe f   mfc140:mfc140.dll
 0001:00006404       ?GetRuntimeClass@CListBox@@UEBAPEAUCRuntimeClass@@XZ 0000000140007404 f   mfc140:mfc140.dll
 0001:0000640a       ?AfxGetModuleState@@YAPEAVAFX_MODULE_STATE@@XZ 000000014000740a f   mfc140:mfc140.dll
 0001:00006410       ?GetThisMessageMap@CDialog@@KAPEBUAFX_MSGMAP@@XZ 0000000140007410 f   mfc140:mfc140.dll
 0001:00006416       ?GetRuntimeClass@CDialog@@UEBAPEAUCRuntimeClass@@XZ 0000000140007416 f   mfc140:mfc140.dll
 0001:0000641c       ?OnCmdMsg@CDialog@@UEAAHIHPEAXPEAUAFX_CMDHANDLERINFO@@@Z 000000014000741c f   mfc140:mfc140.dll
 0001:00006422       ?PreTranslateMessage@CDialog@@UEAAHPEAUtagMSG@@@Z 0000000140007422 f   mfc140:mfc140.dll
 0001:00006428       ?OnChildNotify@CWnd@@MEAAHI_K_JPEA_J@Z 0000000140007428 f   mfc140:mfc140.dll
 0001:0000642e       ?CheckAutoCenter@CDialog@@UEAAHXZ 000000014000742e f   mfc140:mfc140.dll
 0001:00006434       ?SetOccDialogInfo@CDialog@@MEAAHPEAU_AFX_OCC_DIALOG_INFO@@@Z 0000000140007434 f   mfc140:mfc140.dll
 0001:0000643a       ?GetOccDialogInfo@CDialog@@MEAAPEAU_AFX_OCC_DIALOG_INFO@@XZ 000000014000743a f   mfc140:mfc140.dll
 0001:00006440       ?Create@CDialog@@UEAAHPEBDPEAVCWnd@@@Z 0000000140007440 f   mfc140:mfc140.dll
 0001:00006446       ?CreateIndirect@CDialog@@UEAAHPEAXPEAVCWnd@@@Z 0000000140007446 f   mfc140:mfc140.dll
 0001:0000644c       ?CreateIndirect@CDialog@@UEAAHPEBUDLGTEMPLATE@@PEAVCWnd@@PEAX@Z 000000014000744c f   mfc140:mfc140.dll
 0001:00006452       ?OnSetFont@CDialog@@UEAAXPEAVCFont@@@Z 0000000140007452 f   mfc140:mfc140.dll
 0001:00006458       ?OnOK@CDialog@@MEAAXXZ     0000000140007458 f   mfc140:mfc140.dll
 0001:0000645e       ?PreInitDialog@CDialog@@MEAAXXZ 000000014000745e f   mfc140:mfc140.dll
 0001:00006480       __security_check_cookie    0000000140007480 f   msvcrt:_amdsecgs_.obj
 0001:000064a4       ??_Gtype_info@@UEAAPEAXI@Z 00000001400074a4 f i msvcrt:std_type_info_static.obj
 0001:000064a4       ??_Etype_info@@UEAAPEAXI@Z 00000001400074a4 f i msvcrt:std_type_info_static.obj
 0001:000064d0       __scrt_acquire_startup_lock 00000001400074d0 f   msvcrt:utility.obj
 0001:0000650c       __scrt_initialize_crt      000000014000750c f   msvcrt:utility.obj
 0001:00006558       __scrt_initialize_onexit_tables 0000000140007558 f   msvcrt:utility.obj
 0001:00006624       __scrt_is_nonwritable_in_current_image 0000000140007624 f   msvcrt:utility.obj
 0001:000066c0       __scrt_release_startup_lock 00000001400076c0 f   msvcrt:utility.obj
 0001:000066e4       __scrt_uninitialize_crt    00000001400076e4 f   msvcrt:utility.obj
 0001:00006710       _onexit                    0000000140007710 f   msvcrt:utility.obj
 0001:00006760       atexit                     0000000140007760 f   msvcrt:utility.obj
 0001:00006778       ??3@YAXPEAX_K@Z            0000000140007778 f   msvcrt:delete_scalar_size.obj
 0001:00006780       __raise_securityfailure    0000000140007780 f   msvcrt:gs_report.obj
 0001:000067b4       __report_gsfailure         00000001400077b4 f   msvcrt:gs_report.obj
 0001:00006888       __report_rangecheckfailure 0000000140007888 f   msvcrt:gs_report.obj
 0001:0000689c       __report_securityfailure   000000014000789c f   msvcrt:gs_report.obj
 0001:00006db8       WinMainCRTStartup          0000000140007db8 f   msvcrt:exe_winmain.obj
 0001:00006dcc       __GSHandlerCheck           0000000140007dcc f   msvcrt:_gshandler_.obj
 0001:00006dec       __GSHandlerCheckCommon     0000000140007dec f   msvcrt:_gshandler_.obj
 0001:00006e48       __isa_available_init       0000000140007e48 f   msvcrt:_cpu_disp_.obj
 0001:00007010       _get_startup_argv_mode     0000000140008010 f   msvcrt:argv_mode.obj
 0001:00007018       __scrt_is_ucrt_dll_in_use  0000000140008018 f   msvcrt:ucrt_detection.obj
 0001:00007024       __scrt_fastfail            0000000140008024 f   msvcrt:utility_desktop.obj
 0001:0000716c       __scrt_get_show_window_mode 000000014000816c f   msvcrt:utility_desktop.obj
 0001:000071a8       __scrt_is_managed_app      00000001400081a8 f   msvcrt:utility_desktop.obj
 0001:000071fc       __scrt_set_unhandled_exception_filter 00000001400081fc f   msvcrt:utility_desktop.obj
 0001:0000720c       __scrt_unhandled_exception_filter 000000014000820c f   msvcrt:utility_desktop.obj
 0001:00007244       __security_init_cookie     0000000140008244 f   msvcrt:gs_support.obj
 0001:000072f0       _get_startup_file_mode     00000001400082f0 f   msvcrt:file_mode.obj
 0001:000072f8       ?__scrt_initialize_type_info@@YAXXZ 00000001400082f8 f   msvcrt:tncleanup.obj
 0001:00007308       __scrt_initialize_default_local_stdio_options 0000000140008308 f   msvcrt:default_local_stdio_options.obj
 0001:00007324       __scrt_is_user_matherr_present 0000000140008324 f   msvcrt:matherr_detection.obj
 0001:00007330       __scrt_get_dyn_tls_init_callback 0000000140008330 f   msvcrt:dyn_tls_init.obj
 0001:00007338       __scrt_get_dyn_tls_dtor_callback 0000000140008338 f   msvcrt:dyn_tls_dtor.obj
 0001:00007340       _RTC_Initialize            0000000140008340 f   msvcrt:_initsect_.obj
 0001:0000738c       _RTC_Terminate             000000014000838c f   msvcrt:_initsect_.obj
 0001:000073d6       IsProcessorFeaturePresent  00000001400083d6 f   kernel32:KERNEL32.dll
 0001:000073dc       ??0CAtlBaseModule@ATL@@QEAA@XZ 00000001400083dc f   atls:atlbase.obj
 0001:00007484       ??1CAtlBaseModule@ATL@@QEAA@XZ 0000000140008484 f   atls:atlbase.obj
 0001:000074b8       ??_G_Fac_node@std@@QEAAPEAXI@Z 00000001400084b8 f i msvcprt:locale0_implib.obj
 0001:00007544       ?_Facet_Register@std@@YAXPEAV_Facet_base@1@@Z 0000000140008544 f   msvcprt:locale0_implib.obj
 0001:0000757c       ?showmanyc@?$basic_streambuf@DU?$char_traits@D@std@@@std@@MEAA_JXZ 000000014000857c f   msvcprt:MSVCP140.dll
 0001:00007582       ?xsgetn@?$basic_streambuf@DU?$char_traits@D@std@@@std@@MEAA_JPEAD_J@Z 0000000140008582 f   msvcprt:MSVCP140.dll
 0001:00007588       ?xsputn@?$basic_streambuf@DU?$char_traits@D@std@@@std@@MEAA_JPEBD_J@Z 0000000140008588 f   msvcprt:MSVCP140.dll
 0001:000075ae       __std_terminate            00000001400085ae f   vcruntime:VCRUNTIME140.dll
 0001:000075b4       memset                     00000001400085b4 f   vcruntime:VCRUNTIME140.dll
 0001:000075ba       __C_specific_handler       00000001400085ba f   vcruntime:VCRUNTIME140.dll
 0001:000075c0       __CxxFrameHandler3         00000001400085c0 f   vcruntime:VCRUNTIME140.dll
 0001:000075c6       __vcrt_InitializeCriticalSectionEx 00000001400085c6 f   vcruntime:VCRUNTIME140.dll
 0001:000075cc       free                       00000001400085cc f   ucrt:api-ms-win-crt-heap-l1-1-0.dll
 0001:000075d2       __stdio_common_vsnwprintf_s 00000001400085d2 f   ucrt:api-ms-win-crt-stdio-l1-1-0.dll
 0001:000075d8       _configure_narrow_argv     00000001400085d8 f   ucrt:api-ms-win-crt-runtime-l1-1-0.dll
 0001:000075de       _initialize_narrow_environment 00000001400085de f   ucrt:api-ms-win-crt-runtime-l1-1-0.dll
 0001:000075e4       _initialize_onexit_table   00000001400085e4 f   ucrt:api-ms-win-crt-runtime-l1-1-0.dll
 0001:000075ea       _register_onexit_function  00000001400085ea f   ucrt:api-ms-win-crt-runtime-l1-1-0.dll
 0001:000075f0       _crt_atexit                00000001400085f0 f   ucrt:api-ms-win-crt-runtime-l1-1-0.dll
 0001:000075f6       _cexit                     00000001400085f6 f   ucrt:api-ms-win-crt-runtime-l1-1-0.dll
 0001:000075fc       _seh_filter_exe            00000001400085fc f   ucrt:api-ms-win-crt-runtime-l1-1-0.dll
 0001:00007602       _set_app_type              0000000140008602 f   ucrt:api-ms-win-crt-runtime-l1-1-0.dll
 0001:00007608       __setusermatherr           0000000140008608 f   ucrt:api-ms-win-crt-math-l1-1-0.dll
 0001:0000760e       _get_narrow_winmain_command_line 000000014000860e f   ucrt:api-ms-win-crt-runtime-l1-1-0.dll
 0001:00007614       _initterm                  0000000140008614 f   ucrt:api-ms-win-crt-runtime-l1-1-0.dll
 0001:0000761a       _initterm_e                000000014000861a f   ucrt:api-ms-win-crt-runtime-l1-1-0.dll
 0001:00007620       exit                       0000000140008620 f   ucrt:api-ms-win-crt-runtime-l1-1-0.dll
 0001:00007626       _exit                      0000000140008626 f   ucrt:api-ms-win-crt-runtime-l1-1-0.dll
 0001:0000762c       _set_fmode                 000000014000862c f   ucrt:api-ms-win-crt-stdio-l1-1-0.dll
 0001:00007632       _c_exit                    0000000140008632 f   ucrt:api-ms-win-crt-runtime-l1-1-0.dll
 0001:00007638       _register_thread_local_exe_atexit_callback 0000000140008638 f   ucrt:api-ms-win-crt-runtime-l1-1-0.dll
 0001:0000763e       _configthreadlocale        000000014000863e f   ucrt:api-ms-win-crt-locale-l1-1-0.dll
 0001:00007644       _set_new_mode              0000000140008644 f   ucrt:api-ms-win-crt-heap-l1-1-0.dll
 0001:0000764a       __p__commode               000000014000864a f   ucrt:api-ms-win-crt-stdio-l1-1-0.dll
 0001:00007650       terminate                  0000000140008650 f   ucrt:api-ms-win-crt-runtime-l1-1-0.dll
 0001:00007658       ?AfxInitialize@@YAHHK@Z    0000000140008658 f   mfcs140:appmodul.obj
 0001:00007690       WinMain                    0000000140008690 f   mfcs140:appmodul.obj
 0001:00007696       ?AfxWinMain@@YAHPEAUHINSTANCE__@@0PEADH@Z 0000000140008696 f   mfc140:mfc140.dll
 0001:0000769c       __acrt_uninitialize        000000014000869c f   msvcrt:ucrt_stubs.obj
 0001:0000769c       __scrt_stub_for_acrt_uninitialize 000000014000869c f   msvcrt:ucrt_stubs.obj
 0001:0000769c       __vcrt_uninitialize        000000014000869c f   msvcrt:ucrt_stubs.obj
 0001:0000769c       _should_initialize_environment 000000014000869c f   msvcrt:env_mode.obj
 0001:0000769c       __acrt_initialize          000000014000869c f   msvcrt:ucrt_stubs.obj
 0001:0000769c       __vcrt_initialize          000000014000869c f   msvcrt:ucrt_stubs.obj
 0001:0000769c       __scrt_stub_for_acrt_initialize 000000014000869c f   msvcrt:ucrt_stubs.obj
 0001:000076a0       __GSHandlerCheck_EH        00000001400086a0 f   msvcrt:gshandlereh.obj
 0001:00007730       _alloca_probe              0000000140008730 f   msvcrt:_chkstk_.obj
 0001:00007730       __chkstk                   0000000140008730 f   msvcrt:_chkstk_.obj
 0001:00007782       _CxxThrowException         0000000140008782 f   vcruntime:VCRUNTIME140.dll
 0001:00007788       memcpy                     0000000140008788 f   vcruntime:VCRUNTIME140.dll
 0001:0000778e       strcmp                     000000014000878e f   ucrt:api-ms-win-crt-string-l1-1-0.dll
 0001:000077b0       _guard_dispatch_icall_nop  00000001400087b0 f   msvcrt:_guard_dispatch_.obj
 0002:00000000       __imp_InitCommonControlsEx 0000000140009000     comctl32:COMCTL32.dll
 0002:00000008       \177COMCTL32_NULL_THUNK_DATA 0000000140009008     comctl32:COMCTL32.dll
 0002:00000010       __imp_FindFirstFileA       0000000140009010     kernel32:KERNEL32.dll
 0002:00000018       __imp_FindNextFileA        0000000140009018     kernel32:KERNEL32.dll
 0002:00000020       __imp_FindClose            0000000140009020     kernel32:KERNEL32.dll
 0002:00000028       __imp_WritePrivateProfileStringA 0000000140009028     kernel32:KERNEL32.dll
 0002:00000030       __imp_InitializeCriticalSectionAndSpinCount 0000000140009030     kernel32:KERNEL32.dll
 0002:00000038       __imp_GetLastError         0000000140009038     kernel32:KERNEL32.dll
 0002:00000040       __imp_DeleteCriticalSection 0000000140009040     kernel32:KERNEL32.dll
 0002:00000048       __imp_GetProcAddress       0000000140009048     kernel32:KERNEL32.dll
 0002:00000050       __imp_GetModuleFileNameW   0000000140009050     kernel32:KERNEL32.dll
 0002:00000058       __imp_GetSystemDirectoryW  0000000140009058     kernel32:KERNEL32.dll
 0002:00000060       __imp_LoadLibraryExW       0000000140009060     kernel32:KERNEL32.dll
 0002:00000068       __imp_EnterCriticalSection 0000000140009068     kernel32:KERNEL32.dll
 0002:00000070       __imp_LeaveCriticalSection 0000000140009070     kernel32:KERNEL32.dll
 0002:00000078       __imp_InitializeCriticalSection 0000000140009078     kernel32:KERNEL32.dll
 0002:00000080       __imp_GetCurrentDirectoryA 0000000140009080     kernel32:KERNEL32.dll
 0002:00000088       __imp_GetLocalTime         0000000140009088     kernel32:KERNEL32.dll
 0002:00000090       __imp_GetStartupInfoA      0000000140009090     kernel32:KERNEL32.dll
 0002:00000098       __imp_CreateProcessA       0000000140009098     kernel32:KERNEL32.dll
 0002:000000a0       __imp_OutputDebugStringW   00000001400090a0     kernel32:KERNEL32.dll
 0002:000000a8       __imp_WaitForMultipleObjects 00000001400090a8     kernel32:KERNEL32.dll
 0002:000000b0       __imp_CreateSemaphoreA     00000001400090b0     kernel32:KERNEL32.dll
 0002:000000b8       __imp_ReleaseSemaphore     00000001400090b8     kernel32:KERNEL32.dll
 0002:000000c0       __imp_WaitForSingleObject  00000001400090c0     kernel32:KERNEL32.dll
 0002:000000c8       __imp_GetCurrentProcess    00000001400090c8     kernel32:KERNEL32.dll
 0002:000000d0       __imp_GetExitCodeProcess   00000001400090d0     kernel32:KERNEL32.dll
 0002:000000d8       __imp_SetEvent             00000001400090d8     kernel32:KERNEL32.dll
 0002:000000e0       __imp_CreateEventA         00000001400090e0     kernel32:KERNEL32.dll
 0002:000000e8       __imp_CopyFileA            00000001400090e8     kernel32:KERNEL32.dll
 0002:000000f0       __imp_SetThreadPriority    00000001400090f0     kernel32:KERNEL32.dll
 0002:000000f8       __imp_TerminateThread      00000001400090f8     kernel32:KERNEL32.dll
 0002:00000100       __imp_RtlCaptureContext    0000000140009100     kernel32:KERNEL32.dll
 0002:00000108       __imp_RtlLookupFunctionEntry 0000000140009108     kernel32:KERNEL32.dll
 0002:00000110       __imp_RtlVirtualUnwind     0000000140009110     kernel32:KERNEL32.dll
 0002:00000118       __imp_UnhandledExceptionFilter 0000000140009118     kernel32:KERNEL32.dll
 0002:00000120       __imp_SetUnhandledExceptionFilter 0000000140009120     kernel32:KERNEL32.dll
 0002:00000128       __imp_TerminateProcess     0000000140009128     kernel32:KERNEL32.dll
 0002:00000130       __imp_IsProcessorFeaturePresent 0000000140009130     kernel32:KERNEL32.dll
 0002:00000138       __imp_CreateEventW         0000000140009138     kernel32:KERNEL32.dll
 0002:00000140       __imp_GetModuleHandleW     0000000140009140     kernel32:KERNEL32.dll
 0002:00000148       __imp_IsDebuggerPresent    0000000140009148     kernel32:KERNEL32.dll
 0002:00000150       __imp_GetStartupInfoW      0000000140009150     kernel32:KERNEL32.dll
 0002:00000158       __imp_QueryPerformanceCounter 0000000140009158     kernel32:KERNEL32.dll
 0002:00000160       __imp_GetCurrentProcessId  0000000140009160     kernel32:KERNEL32.dll
 0002:00000168       __imp_GetSystemTimeAsFileTime 0000000140009168     kernel32:KERNEL32.dll
 0002:00000170       __imp_InitializeSListHead  0000000140009170     kernel32:KERNEL32.dll
 0002:00000178       __imp_GetPrivateProfileStringA 0000000140009178     kernel32:KERNEL32.dll
 0002:00000180       __imp_GetPrivateProfileIntA 0000000140009180     kernel32:KERNEL32.dll
 0002:00000188       __imp_CloseHandle          0000000140009188     kernel32:KERNEL32.dll
 0002:00000190       __imp_CreateFileA          0000000140009190     kernel32:KERNEL32.dll
 0002:00000198       __imp_GetCurrentThreadId   0000000140009198     kernel32:KERNEL32.dll
 0002:000001a0       __imp_ResetEvent           00000001400091a0     kernel32:KERNEL32.dll
 0002:000001a8       __imp_Sleep                00000001400091a8     kernel32:KERNEL32.dll
 0002:000001b0       \177KERNEL32_NULL_THUNK_DATA 00000001400091b0     kernel32:KERNEL32.dll
 0002:000001b8       __imp_?uncaught_exception@std@@YA_NXZ 00000001400091b8     msvcprt:MSVCP140.dll
 0002:000001c0       __imp_?id@?$codecvt@DDU_Mbstatet@@@std@@2V0locale@2@A 00000001400091c0     msvcprt:MSVCP140.dll
 0002:000001c8       __imp_?_Xlength_error@std@@YAXPEBD@Z 00000001400091c8     msvcprt:MSVCP140.dll
 0002:000001d0       __imp_?_Fiopen@std@@YAPEAU_iobuf@@PEBDHH@Z 00000001400091d0     msvcprt:MSVCP140.dll
 0002:000001d8       __imp_?_BADOFF@std@@3_JB   00000001400091d8     msvcprt:MSVCP140.dll
 0002:000001e0       __imp_?_Getgloballocale@locale@std@@CAPEAV_Locimp@12@XZ 00000001400091e0     msvcprt:MSVCP140.dll
 0002:000001e8       __imp_??1_Lockit@std@@QEAA@XZ 00000001400091e8     msvcprt:MSVCP140.dll
 0002:000001f0       __imp_??0_Lockit@std@@QEAA@H@Z 00000001400091f0     msvcprt:MSVCP140.dll
 0002:000001f8       __imp_?_Xbad_alloc@std@@YAXXZ 00000001400091f8     msvcprt:MSVCP140.dll
 0002:00000200       __imp_??Bid@locale@std@@QEAA_KXZ 0000000140009200     msvcprt:MSVCP140.dll
 0002:00000208       __imp_?always_noconv@codecvt_base@std@@QEBA_NXZ 0000000140009208     msvcprt:MSVCP140.dll
 0002:00000210       __imp_?sputn@?$basic_streambuf@DU?$char_traits@D@std@@@std@@QEAA_JPEBD_J@Z 0000000140009210     msvcprt:MSVCP140.dll
 0002:00000218       __imp_?put@?$basic_ostream@DU?$char_traits@D@std@@@std@@QEAAAEAV12@D@Z 0000000140009218     msvcprt:MSVCP140.dll
 0002:00000220       __imp_?flush@?$basic_ostream@DU?$char_traits@D@std@@@std@@QEAAAEAV12@XZ 0000000140009220     msvcprt:MSVCP140.dll
 0002:00000228       __imp_?_Getcat@?$codecvt@DDU_Mbstatet@@@std@@SA_KPEAPEBVfacet@locale@2@PEBV42@@Z 0000000140009228     msvcprt:MSVCP140.dll
 0002:00000230       __imp_??6?$basic_ostream@DU?$char_traits@D@std@@@std@@QEAAAEAV01@P6AAEAV01@AEAV01@@Z@Z 0000000140009230     msvcprt:MSVCP140.dll
 0002:00000238       __imp_??1?$basic_ostream@DU?$char_traits@D@std@@@std@@UEAA@XZ 0000000140009238     msvcprt:MSVCP140.dll
 0002:00000240       __imp_?xsputn@?$basic_streambuf@DU?$char_traits@D@std@@@std@@MEAA_JPEBD_J@Z 0000000140009240     msvcprt:MSVCP140.dll
 0002:00000248       __imp_?xsgetn@?$basic_streambuf@DU?$char_traits@D@std@@@std@@MEAA_JPEAD_J@Z 0000000140009248     msvcprt:MSVCP140.dll
 0002:00000250       __imp_?showmanyc@?$basic_streambuf@DU?$char_traits@D@std@@@std@@MEAA_JXZ 0000000140009250     msvcprt:MSVCP140.dll
 0002:00000258       __imp_??1?$basic_streambuf@DU?$char_traits@D@std@@@std@@UEAA@XZ 0000000140009258     msvcprt:MSVCP140.dll
 0002:00000260       __imp_??1?$basic_ios@DU?$char_traits@D@std@@@std@@UEAA@XZ 0000000140009260     msvcprt:MSVCP140.dll
 0002:00000268       __imp_?out@?$codecvt@DDU_Mbstatet@@@std@@QEBAHAEAU_Mbstatet@@PEBD1AEAPEBDPEAD3AEAPEAD@Z 0000000140009268     msvcprt:MSVCP140.dll
 0002:00000270       __imp_?in@?$codecvt@DDU_Mbstatet@@@std@@QEBAHAEAU_Mbstatet@@PEBD1AEAPEBDPEAD3AEAPEAD@Z 0000000140009270     msvcprt:MSVCP140.dll
 0002:00000278       __imp_??0?$basic_ostream@DU?$char_traits@D@std@@@std@@QEAA@PEAV?$basic_streambuf@DU?$char_traits@D@std@@@1@_N@Z 0000000140009278     msvcprt:MSVCP140.dll
 0002:00000280       __imp_?widen@?$basic_ios@DU?$char_traits@D@std@@@std@@QEBADD@Z 0000000140009280     msvcprt:MSVCP140.dll
 0002:00000288       __imp_?sputc@?$basic_streambuf@DU?$char_traits@D@std@@@std@@QEAAHD@Z 0000000140009288     msvcprt:MSVCP140.dll
 0002:00000290       __imp_??0?$basic_streambuf@DU?$char_traits@D@std@@@std@@IEAA@XZ 0000000140009290     msvcprt:MSVCP140.dll
 0002:00000298       __imp_?getloc@?$basic_streambuf@DU?$char_traits@D@std@@@std@@QEBA?AVlocale@2@XZ 0000000140009298     msvcprt:MSVCP140.dll
 0002:000002a0       __imp_?_Init@?$basic_streambuf@DU?$char_traits@D@std@@@std@@IEAAXXZ 00000001400092a0     msvcprt:MSVCP140.dll
 0002:000002a8       __imp_?unshift@?$codecvt@DDU_Mbstatet@@@std@@QEBAHAEAU_Mbstatet@@PEAD1AEAPEAD@Z 00000001400092a8     msvcprt:MSVCP140.dll
 0002:000002b0       __imp_?clear@?$basic_ios@DU?$char_traits@D@std@@@std@@QEAAXH_N@Z 00000001400092b0     msvcprt:MSVCP140.dll
 0002:000002b8       __imp_?setstate@?$basic_ios@DU?$char_traits@D@std@@@std@@QEAAXH_N@Z 00000001400092b8     msvcprt:MSVCP140.dll
 0002:000002c0       __imp_??0?$basic_ios@DU?$char_traits@D@std@@@std@@IEAA@XZ 00000001400092c0     msvcprt:MSVCP140.dll
 0002:000002c8       __imp_?_Osfx@?$basic_ostream@DU?$char_traits@D@std@@@std@@QEAAXXZ 00000001400092c8     msvcprt:MSVCP140.dll
 0002:000002d0       \177MSVCP140_NULL_THUNK_DATA 00000001400092d0     msvcprt:MSVCP140.dll
 0002:000002d8       __imp_SQLGetDiagRec        00000001400092d8     KizuODBC:ODBC32.dll
 0002:000002e0       __imp_SQLFreeHandle        00000001400092e0     KizuODBC:ODBC32.dll
 0002:000002e8       __imp_SQLSetEnvAttr        00000001400092e8     KizuODBC:ODBC32.dll
 0002:000002f0       __imp_SQLAllocHandle       00000001400092f0     KizuODBC:ODBC32.dll
 0002:000002f8       \177ODBC32_NULL_THUNK_DATA 00000001400092f8     KizuODBC:ODBC32.dll
 0002:00000300       __imp_PathIsDirectoryA     0000000140009300     shlwapi:SHLWAPI.dll
 0002:00000308       \177SHLWAPI_NULL_THUNK_DATA 0000000140009308     shlwapi:SHLWAPI.dll
 0002:00000310       __imp_MessageBoxW          0000000140009310     user32:USER32.dll
 0002:00000318       __imp_EnableWindow         0000000140009318     user32:USER32.dll
 0002:00000320       __imp_DrawIcon             0000000140009320     user32:USER32.dll
 0002:00000328       __imp_GetClientRect        0000000140009328     user32:USER32.dll
 0002:00000330       __imp_GetSystemMetrics     0000000140009330     user32:USER32.dll
 0002:00000338       __imp_IsIconic             0000000140009338     user32:USER32.dll
 0002:00000340       __imp_SetWindowPos         0000000140009340     user32:USER32.dll
 0002:00000348       __imp_EnableMenuItem       0000000140009348     user32:USER32.dll
 0002:00000350       __imp_GetSystemMenu        0000000140009350     user32:USER32.dll
 0002:00000358       __imp_SendMessageA         0000000140009358     user32:USER32.dll
 0002:00000360       __imp_LoadIconW            0000000140009360     user32:USER32.dll
 0002:00000368       __imp_PostMessageA         0000000140009368     user32:USER32.dll
 0002:00000370       \177USER32_NULL_THUNK_DATA 0000000140009370     user32:USER32.dll
 0002:00000378       __imp___std_exception_copy 0000000140009378     vcruntime:VCRUNTIME140.dll
 0002:00000380       __imp_memcpy               0000000140009380     vcruntime:VCRUNTIME140.dll
 0002:00000388       __imp___vcrt_InitializeCriticalSectionEx 0000000140009388     vcruntime:VCRUNTIME140.dll
 0002:00000390       __imp___CxxFrameHandler3   0000000140009390     vcruntime:VCRUNTIME140.dll
 0002:00000398       __imp___C_specific_handler 0000000140009398     vcruntime:VCRUNTIME140.dll
 0002:000003a0       __imp_memset               00000001400093a0     vcruntime:VCRUNTIME140.dll
 0002:000003a8       __imp_memmove              00000001400093a8     vcruntime:VCRUNTIME140.dll
 0002:000003b0       __imp___std_exception_destroy 00000001400093b0     vcruntime:VCRUNTIME140.dll
 0002:000003b8       __imp__CxxThrowException   00000001400093b8     vcruntime:VCRUNTIME140.dll
 0002:000003c0       __imp___std_terminate      00000001400093c0     vcruntime:VCRUNTIME140.dll
 0002:000003c8       \177VCRUNTIME140_NULL_THUNK_DATA 00000001400093c8     vcruntime:VCRUNTIME140.dll
 0002:000003d0       __imp_closesocket          00000001400093d0     KizuLib:WS2_32.dll
 0002:000003d8       __imp_sendto               00000001400093d8     KizuLib:WS2_32.dll
 0002:000003e0       __imp_htons                00000001400093e0     KizuLib:WS2_32.dll
 0002:000003e8       __imp_inet_addr            00000001400093e8     KizuLib:WS2_32.dll
 0002:000003f0       __imp_setsockopt           00000001400093f0     KizuLib:WS2_32.dll
 0002:000003f8       __imp_socket               00000001400093f8     KizuLib:WS2_32.dll
 0002:00000400       __imp_WSACleanup           0000000140009400     KizuLib:WS2_32.dll
 0002:00000408       __imp_WSAStartup           0000000140009408     KizuLib:WS2_32.dll
 0002:00000410       \177WS2_32_NULL_THUNK_DATA 0000000140009410     KizuLib:WS2_32.dll
 0002:00000418       __imp_atoi                 0000000140009418     ucrt:api-ms-win-crt-convert-l1-1-0.dll
 0002:00000420       \177api-ms-win-crt-convert-l1-1-0_NULL_THUNK_DATA 0000000140009420     ucrt:api-ms-win-crt-convert-l1-1-0.dll
 0002:00000428       __imp_rename               0000000140009428     ucrt:api-ms-win-crt-filesystem-l1-1-0.dll
 0002:00000430       __imp__unlock_file         0000000140009430     ucrt:api-ms-win-crt-filesystem-l1-1-0.dll
 0002:00000438       __imp__mkdir               0000000140009438     ucrt:api-ms-win-crt-filesystem-l1-1-0.dll
 0002:00000440       __imp__lock_file           0000000140009440     ucrt:api-ms-win-crt-filesystem-l1-1-0.dll
 0002:00000448       __imp_remove               0000000140009448     ucrt:api-ms-win-crt-filesystem-l1-1-0.dll
 0002:00000450       \177api-ms-win-crt-filesystem-l1-1-0_NULL_THUNK_DATA 0000000140009450     ucrt:api-ms-win-crt-filesystem-l1-1-0.dll
 0002:00000458       __imp_free                 0000000140009458     ucrt:api-ms-win-crt-heap-l1-1-0.dll
 0002:00000460       __imp__set_new_mode        0000000140009460     ucrt:api-ms-win-crt-heap-l1-1-0.dll
 0002:00000468       \177api-ms-win-crt-heap-l1-1-0_NULL_THUNK_DATA 0000000140009468     ucrt:api-ms-win-crt-heap-l1-1-0.dll
 0002:00000470       __imp_setlocale            0000000140009470     ucrt:api-ms-win-crt-locale-l1-1-0.dll
 0002:00000478       __imp__configthreadlocale  0000000140009478     ucrt:api-ms-win-crt-locale-l1-1-0.dll
 0002:00000480       __imp__setmbcp             0000000140009480     ucrt:api-ms-win-crt-locale-l1-1-0.dll
 0002:00000488       \177api-ms-win-crt-locale-l1-1-0_NULL_THUNK_DATA 0000000140009488     ucrt:api-ms-win-crt-locale-l1-1-0.dll
 0002:00000490       __imp___setusermatherr     0000000140009490     ucrt:api-ms-win-crt-math-l1-1-0.dll
 0002:00000498       \177api-ms-win-crt-math-l1-1-0_NULL_THUNK_DATA 0000000140009498     ucrt:api-ms-win-crt-math-l1-1-0.dll
 0002:000004a0       __imp__initterm            00000001400094a0     ucrt:api-ms-win-crt-runtime-l1-1-0.dll
 0002:000004a8       __imp__invalid_parameter_noinfo 00000001400094a8     ucrt:api-ms-win-crt-runtime-l1-1-0.dll
 0002:000004b0       __imp__initterm_e          00000001400094b0     ucrt:api-ms-win-crt-runtime-l1-1-0.dll
 0002:000004b8       __imp_exit                 00000001400094b8     ucrt:api-ms-win-crt-runtime-l1-1-0.dll
 0002:000004c0       __imp__set_app_type        00000001400094c0     ucrt:api-ms-win-crt-runtime-l1-1-0.dll
 0002:000004c8       __imp__seh_filter_exe      00000001400094c8     ucrt:api-ms-win-crt-runtime-l1-1-0.dll
 0002:000004d0       __imp__cexit               00000001400094d0     ucrt:api-ms-win-crt-runtime-l1-1-0.dll
 0002:000004d8       __imp__crt_atexit          00000001400094d8     ucrt:api-ms-win-crt-runtime-l1-1-0.dll
 0002:000004e0       __imp__register_onexit_function 00000001400094e0     ucrt:api-ms-win-crt-runtime-l1-1-0.dll
 0002:000004e8       __imp__initialize_onexit_table 00000001400094e8     ucrt:api-ms-win-crt-runtime-l1-1-0.dll
 0002:000004f0       __imp__initialize_narrow_environment 00000001400094f0     ucrt:api-ms-win-crt-runtime-l1-1-0.dll
 0002:000004f8       __imp__configure_narrow_argv 00000001400094f8     ucrt:api-ms-win-crt-runtime-l1-1-0.dll
 0002:00000500       __imp__errno               0000000140009500     ucrt:api-ms-win-crt-runtime-l1-1-0.dll
 0002:00000508       __imp__invalid_parameter_noinfo_noreturn 0000000140009508     ucrt:api-ms-win-crt-runtime-l1-1-0.dll
 0002:00000510       __imp__c_exit              0000000140009510     ucrt:api-ms-win-crt-runtime-l1-1-0.dll
 0002:00000518       __imp__register_thread_local_exe_atexit_callback 0000000140009518     ucrt:api-ms-win-crt-runtime-l1-1-0.dll
 0002:00000520       __imp_terminate            0000000140009520     ucrt:api-ms-win-crt-runtime-l1-1-0.dll
 0002:00000528       __imp__exit                0000000140009528     ucrt:api-ms-win-crt-runtime-l1-1-0.dll
 0002:00000530       __imp__beginthreadex       0000000140009530     ucrt:api-ms-win-crt-runtime-l1-1-0.dll
 0002:00000538       __imp__get_narrow_winmain_command_line 0000000140009538     ucrt:api-ms-win-crt-runtime-l1-1-0.dll
 0002:00000540       \177api-ms-win-crt-runtime-l1-1-0_NULL_THUNK_DATA 0000000140009540     ucrt:api-ms-win-crt-runtime-l1-1-0.dll
 0002:00000548       __imp__get_stream_buffer_pointers 0000000140009548     ucrt:api-ms-win-crt-stdio-l1-1-0.dll
 0002:00000550       __imp___stdio_common_vsprintf 0000000140009550     ucrt:api-ms-win-crt-stdio-l1-1-0.dll
 0002:00000558       __imp_fwrite               0000000140009558     ucrt:api-ms-win-crt-stdio-l1-1-0.dll
 0002:00000560       __imp_fgetpos              0000000140009560     ucrt:api-ms-win-crt-stdio-l1-1-0.dll
 0002:00000568       __imp__fseeki64            0000000140009568     ucrt:api-ms-win-crt-stdio-l1-1-0.dll
 0002:00000570       __imp_fsetpos              0000000140009570     ucrt:api-ms-win-crt-stdio-l1-1-0.dll
 0002:00000578       __imp_setvbuf              0000000140009578     ucrt:api-ms-win-crt-stdio-l1-1-0.dll
 0002:00000580       __imp_fflush               0000000140009580     ucrt:api-ms-win-crt-stdio-l1-1-0.dll
 0002:00000588       __imp_ungetc               0000000140009588     ucrt:api-ms-win-crt-stdio-l1-1-0.dll
 0002:00000590       __imp_fputc                0000000140009590     ucrt:api-ms-win-crt-stdio-l1-1-0.dll
 0002:00000598       __imp_fgetc                0000000140009598     ucrt:api-ms-win-crt-stdio-l1-1-0.dll
 0002:000005a0       __imp__set_fmode           00000001400095a0     ucrt:api-ms-win-crt-stdio-l1-1-0.dll
 0002:000005a8       __imp___stdio_common_vsnwprintf_s 00000001400095a8     ucrt:api-ms-win-crt-stdio-l1-1-0.dll
 0002:000005b0       __imp___p__commode         00000001400095b0     ucrt:api-ms-win-crt-stdio-l1-1-0.dll
 0002:000005b8       __imp_fclose               00000001400095b8     ucrt:api-ms-win-crt-stdio-l1-1-0.dll
 0002:000005c0       \177api-ms-win-crt-stdio-l1-1-0_NULL_THUNK_DATA 00000001400095c0     ucrt:api-ms-win-crt-stdio-l1-1-0.dll
 0002:000005c8       __imp_strtok               00000001400095c8     ucrt:api-ms-win-crt-string-l1-1-0.dll
 0002:000005d0       __imp_strcmp               00000001400095d0     ucrt:api-ms-win-crt-string-l1-1-0.dll
 0002:000005d8       \177api-ms-win-crt-string-l1-1-0_NULL_THUNK_DATA 00000001400095d8     ucrt:api-ms-win-crt-string-l1-1-0.dll
 0002:000005e0       __imp_?OnCommand@CWnd@@MEAAH_K_J@Z 00000001400095e0     mfc140:mfc140.dll
 0002:000005e8       __imp_?OnNotify@CWnd@@MEAAH_K_JPEA_J@Z 00000001400095e8     mfc140:mfc140.dll
 0002:000005f0       __imp_?GetSuperWndProcAddr@CWnd@@MEAAPEAP6A_JPEAUHWND__@@I_K_J@ZXZ 00000001400095f0     mfc140:mfc140.dll
 0002:000005f8       __imp_?PreTranslateMessage@CWnd@@UEAAHPEAUtagMSG@@@Z 00000001400095f8     mfc140:mfc140.dll
 0002:00000600       __imp_?OnAmbientProperty@CWnd@@UEAAHPEAVCOleControlSite@@JPEAUtagVARIANT@@@Z 0000000140009600     mfc140:mfc140.dll
 0002:00000608       __imp_?WindowProc@CWnd@@MEAA_JI_K_J@Z 0000000140009608     mfc140:mfc140.dll
 0002:00000610       __imp_?OnWndMsg@CWnd@@MEAAHI_K_JPEA_J@Z 0000000140009610     mfc140:mfc140.dll
 0002:00000618       __imp_?DefWindowProcA@CWnd@@MEAA_JI_K_J@Z 0000000140009618     mfc140:mfc140.dll
 0002:00000620       __imp_?PostNcDestroy@CWnd@@MEAAXXZ 0000000140009620     mfc140:mfc140.dll
 0002:00000628       __imp_?OnChildNotify@CListBox@@MEAAHI_K_JPEA_J@Z 0000000140009628     mfc140:mfc140.dll
 0002:00000630       __imp_?OnTouchInputs@CWnd@@MEAAHIPEAUtagTOUCHINPUT@@@Z 0000000140009630     mfc140:mfc140.dll
 0002:00000638       __imp_?OnTouchInput@CWnd@@MEAAHVCPoint@@HHPEAUtagTOUCHINPUT@@@Z 0000000140009638     mfc140:mfc140.dll
 0002:00000640       __imp_?GetGestureStatus@CWnd@@MEAAKVCPoint@@@Z 0000000140009640     mfc140:mfc140.dll
 0002:00000648       __imp_?OnGestureZoom@CWnd@@MEAAHVCPoint@@J@Z 0000000140009648     mfc140:mfc140.dll
 0002:00000650       __imp_?OnGesturePan@CWnd@@MEAAHVCPoint@@0@Z 0000000140009650     mfc140:mfc140.dll
 0002:00000658       __imp_?OnGestureRotate@CWnd@@MEAAHVCPoint@@N@Z 0000000140009658     mfc140:mfc140.dll
 0002:00000660       __imp_?OnGestureTwoFingerTap@CWnd@@MEAAHVCPoint@@@Z 0000000140009660     mfc140:mfc140.dll
 0002:00000668       __imp_?OnGesturePressAndTap@CWnd@@MEAAHVCPoint@@J@Z 0000000140009668     mfc140:mfc140.dll
 0002:00000670       __imp_?ResizeDynamicLayout@CWnd@@MEAAXXZ 0000000140009670     mfc140:mfc140.dll
 0002:00000678       __imp_?CheckAutoCenter@CWnd@@UEAAHXZ 0000000140009678     mfc140:mfc140.dll
 0002:00000680       __imp_?IsFrameWnd@CWnd@@UEBAHXZ 0000000140009680     mfc140:mfc140.dll
 0002:00000688       __imp_?CreateControlContainer@CWnd@@MEAAHPEAPEAVCOleControlContainer@@@Z 0000000140009688     mfc140:mfc140.dll
 0002:00000690       __imp_?CreateControlSite@CWnd@@MEAAHPEAVCOleControlContainer@@PEAPEAVCOleControlSite@@IAEBU_GUID@@@Z 0000000140009690     mfc140:mfc140.dll
 0002:00000698       __imp_?SetOccDialogInfo@CWnd@@MEAAHPEAU_AFX_OCC_DIALOG_INFO@@@Z 0000000140009698     mfc140:mfc140.dll
 0002:000006a0       __imp_?GetOccDialogInfo@CWnd@@MEAAPEAU_AFX_OCC_DIALOG_INFO@@XZ 00000001400096a0     mfc140:mfc140.dll
 0002:000006a8       __imp_?Create@CListBox@@UEAAHKAEBUtagRECT@@PEAVCWnd@@I@Z 00000001400096a8     mfc140:mfc140.dll
 0002:000006b0       __imp_?DrawItem@CListBox@@UEAAXPEAUtagDRAWITEMSTRUCT@@@Z 00000001400096b0     mfc140:mfc140.dll
 0002:000006b8       __imp_?MeasureItem@CListBox@@UEAAXPEAUtagMEASUREITEMSTRUCT@@@Z 00000001400096b8     mfc140:mfc140.dll
 0002:000006c0       __imp_?CompareItem@CListBox@@UEAAHPEAUtagCOMPAREITEMSTRUCT@@@Z 00000001400096c0     mfc140:mfc140.dll
 0002:000006c8       __imp_?DeleteItem@CListBox@@UEAAXPEAUtagDELETEITEMSTRUCT@@@Z 00000001400096c8     mfc140:mfc140.dll
 0002:000006d0       __imp_?VKeyToItem@CListBox@@UEAAHII@Z 00000001400096d0     mfc140:mfc140.dll
 0002:000006d8       __imp_?CharToItem@CListBox@@UEAAHII@Z 00000001400096d8     mfc140:mfc140.dll
 0002:000006e0       __imp_??0CDialog@@QEAA@IPEAVCWnd@@@Z 00000001400096e0     mfc140:mfc140.dll
 0002:000006e8       __imp_??1?$CStringT@DV?$StrTraitMFC_DLL@DV?$ChTraitsCRT@D@ATL@@@@@ATL@@QEAA@XZ 00000001400096e8     mfc140:mfc140.dll
 0002:000006f0       __imp_??2@YAPEAX_K@Z       00000001400096f0     mfc140:mfc140.dll
 0002:000006f8       __imp_?LoadSysPolicies@CWinApp@@UEAAHXZ 00000001400096f8     mfc140:mfc140.dll
 0002:00000700       __imp_?LoadAppLangResourceDLL@CWinApp@@UEAAPEAUHINSTANCE__@@XZ 0000000140009700     mfc140:mfc140.dll
 0002:00000708       __imp_?RestartInstance@CWinApp@@UEAAHXZ 0000000140009708     mfc140:mfc140.dll
 0002:00000710       __imp_?IsTaskbarInteractionEnabled@CWinApp@@UEAAHXZ 0000000140009710     mfc140:mfc140.dll
 0002:00000718       __imp_?GetDataRecoveryHandler@CWinApp@@UEAAPEAVCDataRecoveryHandler@@XZ 0000000140009718     mfc140:mfc140.dll
 0002:00000720       __imp_?ApplicationRecoveryCallback@CWinApp@@UEAAKPEAX@Z 0000000140009720     mfc140:mfc140.dll
 0002:00000728       __imp_?RegisterWithRestartManager@CWinApp@@UEAAJHAEBV?$CStringT@DV?$StrTraitMFC_DLL@DV?$ChTraitsCRT@D@ATL@@@@@ATL@@@Z 0000000140009728     mfc140:mfc140.dll
 0002:00000730       __imp_?RegisterWithRestartManager@CWinApp@@UEAAJPEB_WKP6AKPEAX@Z1KK@Z 0000000140009730     mfc140:mfc140.dll
 0002:00000738       __imp_?WinHelpInternal@CWinApp@@UEAAX_KI@Z 0000000140009738     mfc140:mfc140.dll
 0002:00000740       __imp_?HtmlHelpA@CWinApp@@UEAAX_KI@Z 0000000140009740     mfc140:mfc140.dll
 0002:00000748       __imp_?WinHelpA@CWinApp@@UEAAX_KI@Z 0000000140009748     mfc140:mfc140.dll
 0002:00000750       __imp_?OnDDECommand@CWinApp@@UEAAHPEAD@Z 0000000140009750     mfc140:mfc140.dll
 0002:00000758       __imp_?DoWaitCursor@CWinApp@@UEAAXH@Z 0000000140009758     mfc140:mfc140.dll
 0002:00000760       __imp_?DoMessageBox@CWinApp@@UEAAHPEBDII@Z 0000000140009760     mfc140:mfc140.dll
 0002:00000768       __imp_?CreateAccessibleProxy@CWnd@@UEAAJ_K_JPEA_J@Z 0000000140009768     mfc140:mfc140.dll
 0002:00000770       __imp_?InitApplication@CWinApp@@UEAAHXZ 0000000140009770     mfc140:mfc140.dll
 0002:00000778       __imp_?AddToRecentFileList@CWinApp@@UEAAXPEBD@Z 0000000140009778     mfc140:mfc140.dll
 0002:00000780       __imp_?OpenDocumentFile@CWinApp@@UEAAPEAVCDocument@@PEBD@Z 0000000140009780     mfc140:mfc140.dll
 0002:00000788       __imp_?OpenDocumentFile@CWinApp@@UEAAPEAVCDocument@@PEBDH@Z 0000000140009788     mfc140:mfc140.dll
 0002:00000790       __imp_?Unregister@CWinApp@@UEAAHXZ 0000000140009790     mfc140:mfc140.dll
 0002:00000798       __imp_?Register@CWinApp@@UEAAHXZ 0000000140009798     mfc140:mfc140.dll
 0002:000007a0       __imp_?InitLibId@CWinApp@@UEAAXXZ 00000001400097a0     mfc140:mfc140.dll
 0002:000007a8       __imp_?WriteProfileBinary@CWinApp@@UEAAHPEBD0PEAEI@Z 00000001400097a8     mfc140:mfc140.dll
 0002:000007b0       __imp_?GetProfileBinary@CWinApp@@UEAAHPEBD0PEAPEAEPEAI@Z 00000001400097b0     mfc140:mfc140.dll
 0002:000007b8       __imp_?WriteProfileStringA@CWinApp@@UEAAHPEBD00@Z 00000001400097b8     mfc140:mfc140.dll
 0002:000007c0       __imp_?GetProfileStringA@CWinApp@@UEAA?AV?$CStringT@DV?$StrTraitMFC_DLL@DV?$ChTraitsCRT@D@ATL@@@@@ATL@@PEBD00@Z 00000001400097c0     mfc140:mfc140.dll
 0002:000007c8       __imp_?WriteProfileInt@CWinApp@@UEAAHPEBD0H@Z 00000001400097c8     mfc140:mfc140.dll
 0002:000007d0       __imp_?GetProfileIntA@CWinApp@@UEAAIPEBD0H@Z 00000001400097d0     mfc140:mfc140.dll
 0002:000007d8       __imp_?Delete@CWinThread@@UEAAXXZ 00000001400097d8     mfc140:mfc140.dll
 0002:000007e0       __imp_?GetMainWnd@CWinThread@@UEAAPEAVCWnd@@XZ 00000001400097e0     mfc140:mfc140.dll
 0002:000007e8       __imp_?ProcessMessageFilter@CWinThread@@UEAAHHPEAUtagMSG@@@Z 00000001400097e8     mfc140:mfc140.dll
 0002:000007f0       __imp_?ProcessWndProcException@CWinApp@@UEAA_JPEAVCException@@PEBUtagMSG@@@Z 00000001400097f0     mfc140:mfc140.dll
 0002:000007f8       __imp_?ExitInstance@CWinApp@@UEAAHXZ 00000001400097f8     mfc140:mfc140.dll
 0002:00000800       __imp_?IsIdleMessage@CWinThread@@UEAAHPEAUtagMSG@@@Z 0000000140009800     mfc140:mfc140.dll
 0002:00000808       __imp_?OnIdle@CWinApp@@UEAAHJ@Z 0000000140009808     mfc140:mfc140.dll
 0002:00000810       __imp_?PumpMessage@CWinThread@@UEAAHXZ 0000000140009810     mfc140:mfc140.dll
 0002:00000818       __imp_?PreTranslateMessage@CWinThread@@UEAAHPEAUtagMSG@@@Z 0000000140009818     mfc140:mfc140.dll
 0002:00000820       __imp_?Run@CWinApp@@UEAAHXZ 0000000140009820     mfc140:mfc140.dll
 0002:00000828       __imp_?GetConnectionHook@CCmdTarget@@MEAAPEAUIConnectionPoint@@AEBU_GUID@@@Z 0000000140009828     mfc140:mfc140.dll
 0002:00000830       __imp_?GetExtraConnectionPoints@CCmdTarget@@MEAAHPEAVCPtrArray@@@Z 0000000140009830     mfc140:mfc140.dll
 0002:00000838       __imp_?GetInterfaceHook@CCmdTarget@@UEAAPEAUIUnknown@@PEBX@Z 0000000140009838     mfc140:mfc140.dll
 0002:00000840       __imp_?OnCreateAggregates@CCmdTarget@@UEAAHXZ 0000000140009840     mfc140:mfc140.dll
 0002:00000848       __imp_?GetEventSinkMap@CCmdTarget@@MEBAPEBUAFX_EVENTSINKMAP@@XZ 0000000140009848     mfc140:mfc140.dll
 0002:00000850       __imp_?GetInterfaceMap@CCmdTarget@@MEBAPEBUAFX_INTERFACEMAP@@XZ 0000000140009850     mfc140:mfc140.dll
 0002:00000858       __imp_?GetConnectionMap@CCmdTarget@@MEBAPEBUAFX_CONNECTIONMAP@@XZ 0000000140009858     mfc140:mfc140.dll
 0002:00000860       __imp_?GetDispatchMap@CCmdTarget@@MEBAPEBUAFX_DISPMAP@@XZ 0000000140009860     mfc140:mfc140.dll
 0002:00000868       __imp_?GetCommandMap@CCmdTarget@@MEBAPEBUAFX_OLECMDMAP@@XZ 0000000140009868     mfc140:mfc140.dll
 0002:00000870       __imp_?GetTypeLib@CCmdTarget@@UEAAJKPEAPEAUITypeLib@@@Z 0000000140009870     mfc140:mfc140.dll
 0002:00000878       __imp_?GetTypeLibCache@CCmdTarget@@UEAAPEAVCTypeLibCache@@XZ 0000000140009878     mfc140:mfc140.dll
 0002:00000880       __imp_?GetTypeInfoCount@CCmdTarget@@UEAAIXZ 0000000140009880     mfc140:mfc140.dll
 0002:00000888       __imp_?GetDispatchIID@CCmdTarget@@UEAAHPEAU_GUID@@@Z 0000000140009888     mfc140:mfc140.dll
 0002:00000890       __imp_?IsInvokeAllowed@CCmdTarget@@UEAAHJ@Z 0000000140009890     mfc140:mfc140.dll
 0002:00000898       __imp_?OnFinalRelease@CCmdTarget@@UEAAXXZ 0000000140009898     mfc140:mfc140.dll
 0002:000008a0       __imp_?OnCmdMsg@CCmdTarget@@UEAAHIHPEAXPEAUAFX_CMDHANDLERINFO@@@Z 00000001400098a0     mfc140:mfc140.dll
 0002:000008a8       __imp_?GetRuntimeClass@CWinApp@@UEBAPEAUCRuntimeClass@@XZ 00000001400098a8     mfc140:mfc140.dll
 0002:000008b0       __imp_??1CListBox@@UEAA@XZ 00000001400098b0     mfc140:mfc140.dll
 0002:000008b8       __imp_??1CDialog@@UEAA@XZ  00000001400098b8     mfc140:mfc140.dll
 0002:000008c0       __imp_?DoModal@CDialog@@UEAA_JXZ 00000001400098c0     mfc140:mfc140.dll
 0002:000008c8       __imp_?SetRegistryKey@CWinApp@@IEAAXPEBD@Z 00000001400098c8     mfc140:mfc140.dll
 0002:000008d0       __imp_?AfxEnableControlContainer@@YAXPEAVCOccManager@@@Z 00000001400098d0     mfc140:mfc140.dll
 0002:000008d8       __imp_?InitInstance@CWinApp@@UEAAHXZ 00000001400098d8     mfc140:mfc140.dll
 0002:000008e0       __imp_??1CWinApp@@UEAA@XZ  00000001400098e0     mfc140:mfc140.dll
 0002:000008e8       __imp_??0CWinApp@@QEAA@PEBD@Z 00000001400098e8     mfc140:mfc140.dll
 0002:000008f0       __imp_?SetProxy@CWnd@@UEAAJPEAUIAccessibleProxy@@@Z 00000001400098f0     mfc140:mfc140.dll
 0002:000008f8       __imp_?put_accValue@CWnd@@UEAAJUtagVARIANT@@PEA_W@Z 00000001400098f8     mfc140:mfc140.dll
 0002:00000900       __imp_?put_accName@CWnd@@UEAAJUtagVARIANT@@PEA_W@Z 0000000140009900     mfc140:mfc140.dll
 0002:00000908       __imp_?accDoDefaultAction@CWnd@@UEAAJUtagVARIANT@@@Z 0000000140009908     mfc140:mfc140.dll
 0002:00000910       __imp_?accHitTest@CWnd@@UEAAJJJPEAUtagVARIANT@@@Z 0000000140009910     mfc140:mfc140.dll
 0002:00000918       __imp_?accNavigate@CWnd@@UEAAJJUtagVARIANT@@PEAU2@@Z 0000000140009918     mfc140:mfc140.dll
 0002:00000920       __imp_?accLocation@CWnd@@UEAAJPEAJ000UtagVARIANT@@@Z 0000000140009920     mfc140:mfc140.dll
 0002:00000928       __imp_?accSelect@CWnd@@UEAAJJUtagVARIANT@@@Z 0000000140009928     mfc140:mfc140.dll
 0002:00000930       __imp_?get_accDefaultAction@CWnd@@UEAAJUtagVARIANT@@PEAPEA_W@Z 0000000140009930     mfc140:mfc140.dll
 0002:00000938       __imp_?get_accSelection@CWnd@@UEAAJPEAUtagVARIANT@@@Z 0000000140009938     mfc140:mfc140.dll
 0002:00000940       __imp_?get_accFocus@CWnd@@UEAAJPEAUtagVARIANT@@@Z 0000000140009940     mfc140:mfc140.dll
 0002:00000948       __imp_?get_accKeyboardShortcut@CWnd@@UEAAJUtagVARIANT@@PEAPEA_W@Z 0000000140009948     mfc140:mfc140.dll
 0002:00000950       __imp_?get_accHelpTopic@CWnd@@UEAAJPEAPEA_WUtagVARIANT@@PEAJ@Z 0000000140009950     mfc140:mfc140.dll
 0002:00000958       __imp_?get_accHelp@CWnd@@UEAAJUtagVARIANT@@PEAPEA_W@Z 0000000140009958     mfc140:mfc140.dll
 0002:00000960       __imp_?get_accState@CWnd@@UEAAJUtagVARIANT@@PEAU2@@Z 0000000140009960     mfc140:mfc140.dll
 0002:00000968       __imp_?get_accRole@CWnd@@UEAAJUtagVARIANT@@PEAU2@@Z 0000000140009968     mfc140:mfc140.dll
 0002:00000970       __imp_?get_accDescription@CWnd@@UEAAJUtagVARIANT@@PEAPEA_W@Z 0000000140009970     mfc140:mfc140.dll
 0002:00000978       __imp_?get_accValue@CWnd@@UEAAJUtagVARIANT@@PEAPEA_W@Z 0000000140009978     mfc140:mfc140.dll
 0002:00000980       __imp_?get_accName@CWnd@@UEAAJUtagVARIANT@@PEAPEA_W@Z 0000000140009980     mfc140:mfc140.dll
 0002:00000988       __imp_?get_accChild@CWnd@@UEAAJUtagVARIANT@@PEAPEAUIDispatch@@@Z 0000000140009988     mfc140:mfc140.dll
 0002:00000990       __imp_?get_accChildCount@CWnd@@UEAAJPEAJ@Z 0000000140009990     mfc140:mfc140.dll
 0002:00000998       __imp_?get_accParent@CWnd@@UEAAJPEAPEAUIDispatch@@@Z 0000000140009998     mfc140:mfc140.dll
 0002:000009a0       __imp_?EnsureStdObj@CWnd@@UEAAJXZ 00000001400099a0     mfc140:mfc140.dll
 0002:000009a8       __imp_?OnDrawIconicThumbnailOrLivePreview@CWnd@@UEAAXAEAVCDC@@VCRect@@VCSize@@HAEAH@Z 00000001400099a8     mfc140:mfc140.dll
 0002:000009b0       __imp_?EndModalLoop@CWnd@@UEAAXH@Z 00000001400099b0     mfc140:mfc140.dll
 0002:000009b8       __imp_?ContinueModal@CWnd@@UEAAHXZ 00000001400099b8     mfc140:mfc140.dll
 0002:000009c0       __imp_?WinHelpInternal@CWnd@@UEAAX_KI@Z 00000001400099c0     mfc140:mfc140.dll
 0002:000009c8       __imp_?HtmlHelpA@CWnd@@UEAAX_KI@Z 00000001400099c8     mfc140:mfc140.dll
 0002:000009d0       __imp_?WinHelpA@CWnd@@UEAAX_KI@Z 00000001400099d0     mfc140:mfc140.dll
 0002:000009d8       __imp_?GetScrollBarCtrl@CWnd@@UEBAPEAVCScrollBar@@H@Z 00000001400099d8     mfc140:mfc140.dll
 0002:000009e0       __imp_?OnToolHitTest@CWnd@@UEBA_JVCPoint@@PEAUtagTOOLINFOA@@@Z 00000001400099e0     mfc140:mfc140.dll
 0002:000009e8       __imp_?SetMenu@CWnd@@UEAAHPEAVCMenu@@@Z 00000001400099e8     mfc140:mfc140.dll
 0002:000009f0       __imp_?GetMenu@CWnd@@UEBAPEAVCMenu@@XZ 00000001400099f0     mfc140:mfc140.dll
 0002:000009f8       __imp_?CalcWindowRect@CWnd@@UEAAXPEAUtagRECT@@I@Z 00000001400099f8     mfc140:mfc140.dll
 0002:00000a00       __imp_?PreCreateWindow@CWnd@@UEAAHAEAUtagCREATESTRUCTA@@@Z 0000000140009a00     mfc140:mfc140.dll
 0002:00000a08       __imp_?DestroyWindow@CWnd@@UEAAHXZ 0000000140009a08     mfc140:mfc140.dll
 0002:00000a10       __imp_?CreateEx@CWnd@@UEAAHKPEBD0KHHHHPEAUHWND__@@PEAUHMENU__@@PEAX@Z 0000000140009a10     mfc140:mfc140.dll
 0002:00000a18       __imp_?CreateEx@CWnd@@UEAAHKPEBD0KAEBUtagRECT@@PEAV1@IPEAX@Z 0000000140009a18     mfc140:mfc140.dll
 0002:00000a20       __imp_?Create@CWnd@@UEAAHPEBD0KAEBUtagRECT@@PEAV1@IPEAUCCreateContext@@@Z 0000000140009a20     mfc140:mfc140.dll
 0002:00000a28       __imp_?PreSubclassWindow@CWnd@@UEAAXXZ 0000000140009a28     mfc140:mfc140.dll
 0002:00000a30       __imp_?GetInterfaceMap@CWnd@@MEBAPEBUAFX_INTERFACEMAP@@XZ 0000000140009a30     mfc140:mfc140.dll
 0002:00000a38       __imp_?GetMessageMap@CWnd@@MEBAPEBUAFX_MSGMAP@@XZ 0000000140009a38     mfc140:mfc140.dll
 0002:00000a40       __imp_?OnFinalRelease@CWnd@@UEAAXXZ 0000000140009a40     mfc140:mfc140.dll
 0002:00000a48       __imp_?GetRuntimeClass@CListBox@@UEBAPEAUCRuntimeClass@@XZ 0000000140009a48     mfc140:mfc140.dll
 0002:00000a50       __imp_??0CWnd@@QEAA@XZ     0000000140009a50     mfc140:mfc140.dll
[...]
 0004:000000f0       $pdata$?Change_DB@MainExec@@AEAAXXZ 00000001400120f0     MainExec.obj
 0004:000000fc       $pdata$?ChangeIni_DBSession@MainExec@@AEAAXPEBD@Z 00000001400120fc     MainExec.obj
 0004:00000108       $pdata$0$?ChangeIni_DBSession@MainExec@@AEAAXPEBD@Z 0000000140012108     MainExec.obj
 0004:00000114       $pdata$1$?ChangeIni_DBSession@MainExec@@AEAAXPEBD@Z 0000000140012114     MainExec.obj
 0004:00000120       $pdata$?ChangeIni_DBSession_N@MainExec@@AEAAXPEBD0@Z 0000000140012120     MainExec.obj
 0004:0000012c       $pdata$0$?ChangeIni_DBSession_N@MainExec@@AEAAXPEBD0@Z 000000014001212c     MainExec.obj
 0004:00000138       $pdata$1$?ChangeIni_DBSession_N@MainExec@@AEAAXPEBD0@Z 0000000140012138     MainExec.obj
 0004:00000144       $pdata$?ChangeODBC_Setting@MainExec@@AEAAXPEBDH@Z 0000000140012144     MainExec.obj
 0004:00000150       $pdata$?ODBC_Setting@@YAHHPEBD00@Z 0000000140012150     OdbcSetFunc.obj
 0004:0000015c       $pdata$??0exception@std@@QEAA@AEBV01@@Z 000000014001215c     KizuLibMFC:LogFileManager.obj
 0004:00000168       $pdata$??_Gbad_cast@std@@UEAAPEAXI@Z 0000000140012168     KizuLibMFC:LogFileManager.obj
 0004:00000168       $pdata$??_Gexception@std@@UEAAPEAXI@Z 0000000140012168     KizuLibMFC:LogFileManager.obj
 0004:00000174       $pdata$??1locale@std@@QEAA@XZ 0000000140012174     KizuLibMFC:LogFileManager.obj
 0004:00000180       $pdata$??1AutoLock@KizuLib@@UEAA@XZ 0000000140012180     KizuLibMFC:LogFileManager.obj
 0004:0000018c       $pdata$??_GAutoLock@KizuLib@@UEAAPEAXI@Z 000000014001218c     KizuLibMFC:LogFileManager.obj
 0004:00000198       $pdata$?GetNowLogPath@LogFileManager@KizuLib@@QEAA?AV?$CStringT@DV?$StrTraitMFC_DLL@DV?$ChTraitsCRT@D@ATL@@@@@ATL@@XZ 0000000140012198     KizuLibMFC:LogFileManager.obj
 0004:000001a4       $pdata$??0LogFileManager@KizuLib@@QEAA@PEBDPEAVCListBox@@HH@Z 00000001400121a4     KizuLibMFC:LogFileManager.obj
 0004:000001b0       $pdata$??_GLogFileManager@KizuLib@@UEAAPEAXI@Z 00000001400121b0     KizuLibMFC:LogFileManager.obj
 0004:000001bc       $pdata$??_D?$basic_ofstream@DU?$char_traits@D@std@@@std@@QEAAXXZ 00000001400121bc     KizuLibMFC:LogFileManager.obj
 0004:000001c8       $pdata$??1LogFileManager@KizuLib@@UEAA@XZ 00000001400121c8     KizuLibMFC:LogFileManager.obj
 0004:000001d4       $pdata$?Write@LogFileManager@KizuLib@@QEAAXW4LNO@12@PEBDZZ 00000001400121d4     KizuLibMFC:LogFileManager.obj
 0004:000001e0       $pdata$?WriteFile@LogFileManager@KizuLib@@QEAAXPEBD@Z 00000001400121e0     KizuLibMFC:LogFileManager.obj
 0004:000001ec       $pdata$?WriteList@LogFileManager@KizuLib@@AEAAXPEBD@Z 00000001400121ec     KizuLibMFC:LogFileManager.obj
 0004:000001f8       $pdata$?ShowEdit@LogFileManager@KizuLib@@QEAAXXZ 00000001400121f8     KizuLibMFC:LogFileManager.obj
 0004:00000204       $pdata$?MainThread@LogFileManager@KizuLib@@CAIPEAX@Z 0000000140012204     KizuLibMFC:LogFileManager.obj
 0004:00000210       $pdata$4$?MainThread@LogFileManager@KizuLib@@CAIPEAX@Z 0000000140012210     KizuLibMFC:LogFileManager.obj
 0004:0000021c       $pdata$5$?MainThread@LogFileManager@KizuLib@@CAIPEAX@Z 000000014001221c     KizuLibMFC:LogFileManager.obj
 0004:00000228       $pdata$??1?$basic_string@DU?$char_traits@D@std@@V?$allocator@D@2@@std@@QEAA@XZ 0000000140012228     KizuLibMFC:LogFileManager.obj
 0004:00000234       $pdata$??1?$basic_ofstream@DU?$char_traits@D@std@@@std@@UEAA@XZ 0000000140012234     KizuLibMFC:LogFileManager.obj
 0004:00000240       $pdata$??0?$basic_ofstream@DU?$char_traits@D@std@@@std@@QEAA@XZ 0000000140012240     KizuLibMFC:LogFileManager.obj
 0004:0000024c       $pdata$?imbue@?$basic_filebuf@DU?$char_traits@D@std@@@std@@MEAAXAEBVlocale@2@@Z 000000014001224c     KizuLibMFC:LogFileManager.obj
 0004:00000258       $pdata$?sync@?$basic_filebuf@DU?$char_traits@D@std@@@std@@MEAAHXZ 0000000140012258     KizuLibMFC:LogFileManager.obj
 0004:00000264       $pdata$?setbuf@?$basic_filebuf@DU?$char_traits@D@std@@@std@@MEAAPEAV?$basic_streambuf@DU?$char_traits@D@std@@@2@PEAD_J@Z 0000000140012264     KizuLibMFC:LogFileManager.obj
 0004:00000270       $pdata$0$?setbuf@?$basic_filebuf@DU?$char_traits@D@std@@@std@@MEAAPEAV?$basic_streambuf@DU?$char_traits@D@std@@@2@PEAD_J@Z 0000000140012270     KizuLibMFC:LogFileManager.obj
 0004:0000027c       $pdata$1$?setbuf@?$basic_filebuf@DU?$char_traits@D@std@@@std@@MEAAPEAV?$basic_streambuf@DU?$char_traits@D@std@@@2@PEAD_J@Z 000000014001227c     KizuLibMFC:LogFileManager.obj
 0004:00000288       $pdata$?seekpos@?$basic_filebuf@DU?$char_traits@D@std@@@std@@MEAA?AV?$fpos@U_Mbstatet@@@2@V32@H@Z 0000000140012288     KizuLibMFC:LogFileManager.obj
 0004:00000294       $pdata$?seekoff@?$basic_filebuf@DU?$char_traits@D@std@@@std@@MEAA?AV?$fpos@U_Mbstatet@@@2@_JHH@Z 0000000140012294     KizuLibMFC:LogFileManager.obj
 0004:000002a0       $pdata$?uflow@?$basic_filebuf@DU?$char_traits@D@std@@@std@@MEAAHXZ 00000001400122a0     KizuLibMFC:LogFileManager.obj
 0004:000002ac       $pdata$?underflow@?$basic_filebuf@DU?$char_traits@D@std@@@std@@MEAAHXZ 00000001400122ac     KizuLibMFC:LogFileManager.obj
 0004:000002b8       $pdata$0$?underflow@?$basic_filebuf@DU?$char_traits@D@std@@@std@@MEAAHXZ 00000001400122b8     KizuLibMFC:LogFileManager.obj
 0004:000002c4       $pdata$2$?underflow@?$basic_filebuf@DU?$char_traits@D@std@@@std@@MEAAHXZ 00000001400122c4     KizuLibMFC:LogFileManager.obj
 0004:000002d0       $pdata$?pbackfail@?$basic_filebuf@DU?$char_traits@D@std@@@std@@MEAAHH@Z 00000001400122d0     KizuLibMFC:LogFileManager.obj
 0004:000002dc       $pdata$?overflow@?$basic_filebuf@DU?$char_traits@D@std@@@std@@MEAAHH@Z 00000001400122dc     KizuLibMFC:LogFileManager.obj
 0004:000002e8       $pdata$??_G?$basic_ofstream@DU?$char_traits@D@std@@@std@@UEAAPEAXI@Z 00000001400122e8     KizuLibMFC:LogFileManager.obj
 0004:000002f4       $pdata$??_G?$basic_filebuf@DU?$char_traits@D@std@@@std@@UEAAPEAXI@Z 00000001400122f4     KizuLibMFC:LogFileManager.obj
 0004:00000300       $pdata$?_Endwrite@?$basic_filebuf@DU?$char_traits@D@std@@@std@@IEAA_NXZ 0000000140012300     KizuLibMFC:LogFileManager.obj
 0004:0000030c       $pdata$?close@?$basic_filebuf@DU?$char_traits@D@std@@@std@@QEAAPEAV12@XZ 000000014001230c     KizuLibMFC:LogFileManager.obj
 0004:00000318       $pdata$?open@?$basic_filebuf@DU?$char_traits@D@std@@@std@@QEAAPEAV12@PEBDHH@Z 0000000140012318     KizuLibMFC:LogFileManager.obj
 0004:00000324       $pdata$?_Copy@?$basic_string@DU?$char_traits@D@std@@V?$allocator@D@2@@std@@QEAAX_K0@Z 0000000140012324     KizuLibMFC:LogFileManager.obj
 0004:00000330       $pdata$?allocate@?$_Wrap_alloc@V?$allocator@D@std@@@std@@QEAAPEAD_K@Z 0000000140012330     KizuLibMFC:LogFileManager.obj
 0004:0000033c       $pdata$??0?$ThreadQueue@D@KizuLib@@QEAA@H@Z 000000014001233c     KizuLibMFC:LogFileManager.obj
 0004:00000348       $pdata$??1?$ThreadQueue@D@KizuLib@@UEAA@XZ 0000000140012348     KizuLibMFC:LogFileManager.obj
 0004:00000354       $pdata$0$??1?$ThreadQueue@D@KizuLib@@UEAA@XZ 0000000140012354     KizuLibMFC:LogFileManager.obj
 0004:00000360       $pdata$1$??1?$ThreadQueue@D@KizuLib@@UEAA@XZ 0000000140012360     KizuLibMFC:LogFileManager.obj
 0004:0000036c       $pdata$?GetFromHead@?$ThreadQueue@D@KizuLib@@QEAAPEADXZ 000000014001236c     KizuLibMFC:LogFileManager.obj
 0004:00000378       $pdata$??$?6U?$char_traits@D@std@@@std@@YAAEAV?$basic_ostream@DU?$char_traits@D@std@@@0@AEAV10@PEBD@Z 0000000140012378     KizuLibMFC:LogFileManager.obj
 0004:00000384       $pdata$??$endl@DU?$char_traits@D@std@@@std@@YAAEAV?$basic_ostream@DU?$char_traits@D@std@@@0@AEAV10@@Z 0000000140012384     KizuLibMFC:LogFileManager.obj
 0004:00000390       $pdata$??$use_facet@V?$codecvt@DDU_Mbstatet@@@std@@@std@@YAAEBV?$codecvt@DDU_Mbstatet@@@0@AEBVlocale@0@@Z 0000000140012390     KizuLibMFC:LogFileManager.obj
 0004:0000039c       $pdata$??0bad_cast@std@@QEAA@AEBV01@@Z 000000014001239c     KizuLibMFC:LogFileManager.obj
 0004:000003a8       $pdata$??_G?$ThreadQueue@D@KizuLib@@UEAAPEAXI@Z 00000001400123a8     KizuLibMFC:LogFileManager.obj
 0004:000003b4       $pdata$?push_back@?$deque@PEADV?$allocator@PEAD@std@@@std@@QEAAXAEBQEAD@Z 00000001400123b4     KizuLibMFC:LogFileManager.obj
 0004:000003c0       $pdata$??1sentry@?$basic_ostream@DU?$char_traits@D@std@@@std@@QEAA@XZ 00000001400123c0     KizuLibMFC:LogFileManager.obj
 0004:000003cc       $pdata$?_Tidy@?$deque@PEADV?$allocator@PEAD@std@@@std@@IEAAXXZ 00000001400123cc     KizuLibMFC:LogFileManager.obj
 0004:000003d8       $pdata$?_Growmap@?$deque@PEADV?$allocator@PEAD@std@@@std@@IEAAX_K@Z 00000001400123d8     KizuLibMFC:LogFileManager.obj
 0004:000003e4       $pdata$1$?_Growmap@?$deque@PEADV?$allocator@PEAD@std@@@std@@IEAAX_K@Z 00000001400123e4     KizuLibMFC:LogFileManager.obj
 0004:000003f0       $pdata$5$?_Growmap@?$deque@PEADV?$allocator@PEAD@std@@@std@@IEAAX_K@Z 00000001400123f0     KizuLibMFC:LogFileManager.obj
 0004:000003fc       $pdata$6$?_Growmap@?$deque@PEADV?$allocator@PEAD@std@@@std@@IEAAX_K@Z 00000001400123fc     KizuLibMFC:LogFileManager.obj
 0004:00000408       $pdata$7$?_Growmap@?$deque@PEADV?$allocator@PEAD@std@@@std@@IEAAX_K@Z 0000000140012408     KizuLibMFC:LogFileManager.obj
 0004:00000414       $pdata$8$?_Growmap@?$deque@PEADV?$allocator@PEAD@std@@@std@@IEAAX_K@Z 0000000140012414     KizuLibMFC:LogFileManager.obj
 0004:00000420       $pdata$9$?_Growmap@?$deque@PEADV?$allocator@PEAD@std@@@std@@IEAAX_K@Z 0000000140012420     KizuLibMFC:LogFileManager.obj
 0004:0000042c       $pdata$??1_Sentry_base@?$basic_ostream@DU?$char_traits@D@std@@@std@@QEAA@XZ 000000014001242c     KizuLibMFC:LogFileManager.obj
 0004:00000438       $pdata$?Send@MagicPacket@KizuLib@@SAHPEBD@Z 0000000140012438     KizuLib:MagicPacket.obj
 0004:00000444       $pdata$0$?Send@MagicPacket@KizuLib@@SAHPEBD@Z 0000000140012444     KizuLib:MagicPacket.obj
 0004:00000450       $pdata$5$?Send@MagicPacket@KizuLib@@SAHPEBD@Z 0000000140012450     KizuLib:MagicPacket.obj
 0004:0000045c       $pdata$6$?Send@MagicPacket@KizuLib@@SAHPEBD@Z 000000014001245c     KizuLib:MagicPacket.obj
 0004:00000468       $pdata$7$?Send@MagicPacket@KizuLib@@SAHPEBD@Z 0000000140012468     KizuLib:MagicPacket.obj
 0004:00000474       $pdata$8$?Send@MagicPacket@KizuLib@@SAHPEBD@Z 0000000140012474     KizuLib:MagicPacket.obj
 0004:00000480       $pdata$9$?Send@MagicPacket@KizuLib@@SAHPEBD@Z 0000000140012480     KizuLib:MagicPacket.obj
 0004:0000048c       $pdata$10$?Send@MagicPacket@KizuLib@@SAHPEBD@Z 000000014001248c     KizuLib:MagicPacket.obj
 0004:00000498       $pdata$?WinExec@ProcessManager@KizuLib@@SAXPEAD@Z 0000000140012498     KizuLib:ProcessManager.obj
 0004:000004a4       $pdata$?ProcessExecWait@ProcessManager@KizuLib@@SAHPEBDH@Z 00000001400124a4     KizuLib:ProcessManager.obj
 0004:000004b0       $pdata$??_GWorkThread@KizuLib@@UEAAPEAXI@Z 00000001400124b0     KizuLib:WorkThread.obj
 0004:000004bc       $pdata$?MainThread@WorkThread@KizuLib@@MEAAIXZ 00000001400124bc     KizuLib:WorkThread.obj
 0004:000004c8       $pdata$??0OdbcEnv@KizuODBC@@AEAA@XZ 00000001400124c8     KizuODBC:OdbcEnv.obj
 0004:000004d4       $pdata$??_GOdbcEnv@KizuODBC@@UEAAPEAXI@Z 00000001400124d4     KizuODBC:OdbcEnv.obj
 0004:000004e0       $pdata$?GetErrMsg@OdbcEnv@KizuODBC@@QEAAXXZ 00000001400124e0     KizuODBC:OdbcEnv.obj
 0004:000004ec       $pdata$SQLConfigDataSource 00000001400124ec     ODBCCP32:funcload.obj
 0004:000004f8       $pdata$LoadProperSetupDLL  00000001400124f8     ODBCCP32:dllload.obj
 0004:00000504       $pdata$ODBC___GetSetupProc 0000000140012504     ODBCCP32:dllload.obj
 0004:00000510       $pdata$0$ODBC___GetSetupProc 0000000140012510     ODBCCP32:dllload.obj
 0004:0000051c       $pdata$1$ODBC___GetSetupProc 000000014001251c     ODBCCP32:dllload.obj
 0004:00000528       $pdata$StringCchCopyW      0000000140012528     ODBCCP32:dllload.obj
 0004:00000534       $pdata$StringCchPrintfW    0000000140012534     ODBCCP32:dllload.obj
 0004:00000540       $pdata$0$StringCchPrintfW  0000000140012540     ODBCCP32:dllload.obj
 0004:0000054c       $pdata$2$StringCchPrintfW  000000014001254c     ODBCCP32:dllload.obj
 0004:00000558       $pdata$3$StringCchPrintfW  0000000140012558     ODBCCP32:dllload.obj
 0004:00000564       $pdata$_vsnwprintf_s       0000000140012564     legacy_stdio_definitions:legacy_stdio_definitions.obj
 0004:0000057c       $pdata$??_Gtype_info@@UEAAPEAXI@Z 000000014001257c     msvcrt:std_type_info_static.obj
 0004:00000588       $pdata$__scrt_acquire_startup_lock 0000000140012588     msvcrt:utility.obj
 0004:00000594       $pdata$__scrt_initialize_crt 0000000140012594     msvcrt:utility.obj
 0004:000005a0       $pdata$__scrt_initialize_onexit_tables 00000001400125a0     msvcrt:utility.obj
 0004:000005ac       $pdata$__scrt_is_nonwritable_in_current_image 00000001400125ac     msvcrt:utility.obj
 0004:000005b8       $pdata$__scrt_release_startup_lock 00000001400125b8     msvcrt:utility.obj
 0004:000005c4       $pdata$__scrt_uninitialize_crt 00000001400125c4     msvcrt:utility.obj
 0004:000005d0       $pdata$_onexit             00000001400125d0     msvcrt:utility.obj
 0004:000005dc       $pdata$atexit              00000001400125dc     msvcrt:utility.obj
 0004:000005e8       $pdata$__raise_securityfailure 00000001400125e8     msvcrt:gs_report.obj
 0004:000005f4       $pdata$__report_gsfailure  00000001400125f4     msvcrt:gs_report.obj
 0004:00000600       $pdata$__report_rangecheckfailure 0000000140012600     msvcrt:gs_report.obj
 0004:0000060c       $pdata$__report_securityfailure 000000014001260c     msvcrt:gs_report.obj
 0004:00000618       $pdata$capture_current_context 0000000140012618     msvcrt:gs_report.obj
 0004:00000624       $pdata$capture_previous_context 0000000140012624     msvcrt:gs_report.obj
 0004:00000630       $pdata$?__scrt_initialize_thread_safe_statics@@YAHXZ 0000000140012630     msvcrt:thread_safe_statics.obj
 0004:0000063c       $pdata$?__scrt_uninitialize_thread_safe_statics@@YAXXZ 000000014001263c     msvcrt:thread_safe_statics.obj
 0004:00000648       $pdata$?pre_c_initialization@@YAHXZ 0000000140012648     msvcrt:exe_winmain.obj
 0004:00000654       $pdata$?post_pgo_initialization@@YAHXZ 0000000140012654     msvcrt:exe_winmain.obj
 0004:00000660       $pdata$?pre_cpp_initialization@@YAXXZ 0000000140012660     msvcrt:exe_winmain.obj
 0004:0000066c       $pdata$?__scrt_common_main_seh@@YAHXZ 000000014001266c     msvcrt:exe_winmain.obj
 0004:00000678       $pdata$WinMainCRTStartup   0000000140012678     msvcrt:exe_winmain.obj
 0004:00000684       $pdata$__GSHandlerCheck    0000000140012684     msvcrt:_gshandler_.obj
 0004:00000690       $pdata$__GSHandlerCheckCommon 0000000140012690     msvcrt:_gshandler_.obj
 0004:0000069c       $pdata$__isa_available_init 000000014001269c     msvcrt:_cpu_disp_.obj
 0004:000006a8       $pdata$__scrt_fastfail     00000001400126a8     msvcrt:utility_desktop.obj
 0004:000006b4       $pdata$__scrt_get_show_window_mode 00000001400126b4     msvcrt:utility_desktop.obj
 0004:000006c0       $pdata$__scrt_is_managed_app 00000001400126c0     msvcrt:utility_desktop.obj
 0004:000006cc       $pdata$__scrt_unhandled_exception_filter 00000001400126cc     msvcrt:utility_desktop.obj
 0004:000006d8       $pdata$__security_init_cookie 00000001400126d8     msvcrt:gs_support.obj
 0004:000006e4       $pdata$__scrt_initialize_default_local_stdio_options 00000001400126e4     msvcrt:default_local_stdio_options.obj
 0004:000006f0       $pdata$_RTC_Initialize     00000001400126f0     msvcrt:_initsect_.obj
 0004:000006fc       $pdata$_RTC_Terminate      00000001400126fc     msvcrt:_initsect_.obj
 0004:00000708       $pdata$??0CAtlBaseModule@ATL@@QEAA@XZ 0000000140012708     atls:atlbase.obj
 0004:00000714       $pdata$??1CAtlBaseModule@ATL@@QEAA@XZ 0000000140012714     atls:atlbase.obj
 0004:00000720       $pdata$??_G_Fac_node@std@@QEAAPEAXI@Z 0000000140012720     msvcprt:locale0_implib.obj
 0004:0000072c       $pdata$?_Facet_Register@std@@YAXPEAV_Facet_base@1@@Z 000000014001272c     msvcprt:locale0_implib.obj
 0004:00000738       $pdata$?initialize_legacy_wide_specifiers@@YAHXZ 0000000140012738     legacy_stdio_wide_specifiers:legacy_stdio_wide_specifiers.obj
 0004:00000744       $pdata$?AfxInitialize@@YAHHK@Z 0000000140012744     mfcs140:appmodul.obj
 0004:00000750       $pdata$__GSHandlerCheck_EH 0000000140012750     msvcrt:gshandlereh.obj
 0004:00000774       $pdata$?dtor$0@?0??MainThread@CKS_STARTDlg@@CAIPEAX@Z@4HA 0000000140012774     KS_STARTDlg.obj
 0004:00000780       $pdata$?dtor$0@?0???0?$basic_ofstream@DU?$char_traits@D@std@@@std@@QEAA@XZ@4HA 0000000140012780     KizuLibMFC:LogFileManager.obj
 0004:0000078c       $pdata$?catch$107@?0??_Copy@?$basic_string@DU?$char_traits@D@std@@V?$allocator@D@2@@std@@QEAAX_K0@Z@4HA 000000014001278c     KizuLibMFC:LogFileManager.obj
 0004:00000798       $pdata$?catch$106@?0??_Copy@?$basic_string@DU?$char_traits@D@std@@V?$allocator@D@2@@std@@QEAAX_K0@Z@4HA 0000000140012798     KizuLibMFC:LogFileManager.obj
 0004:000007a4       $pdata$?catch$8@?0???$?6U?$char_traits@D@std@@@std@@YAAEAV?$basic_ostream@DU?$char_traits@D@std@@@0@AEAV10@PEBD@Z@4HA 00000001400127a4     KizuLibMFC:LogFileManager.obj
 0004:000007b0       $pdata$__scrt_is_nonwritable_in_current_image$filt$0 00000001400127b0     msvcrt:utility.obj
 0004:000007bc       $pdata$?filt$0@?0??__scrt_common_main_seh@@YAHXZ@4HA 00000001400127bc     msvcrt:exe_winmain.obj
 0004:000007c8       $pdata$??__F?m_inst@OdbcEnv@KizuODBC@@0V12@A@@YAXXZ 00000001400127c8     KizuODBC:OdbcEnv.obj
 0004:000007d4       $pdata$??__F_Fac_tidy_reg@std@@YAXXZ 00000001400127d4     msvcprt:locale0_implib.obj
 0005:00000000       __guard_fids__             0000000140013000     msvcrt:std_type_info_static.obj
 0005:00000004       __guard_fids__             0000000140013004     msvcrt:thread_safe_statics.obj
 0005:00000008       __guard_fids_?__scrt_initialize_thread_safe_statics@@YAHXZ 0000000140013008     msvcrt:thread_safe_statics.obj
 0005:0000000c       __guard_fids__             000000014001300c     msvcrt:exe_winmain.obj
 0005:00000010       __guard_fids__             0000000140013010     msvcrt:exe_winmain.obj
 0005:00000014       __guard_fids__             0000000140013014     msvcrt:exe_winmain.obj
 0005:00000018       __guard_fids_?pre_c_initialization@@YAHXZ 0000000140013018     msvcrt:exe_winmain.obj
 0005:00000020       __guard_fids___scrt_set_unhandled_exception_filter 0000000140013020     msvcrt:utility_desktop.obj
 0005:00000024       __guard_fids_??__E_Fac_tidy_reg@std@@YAXXZ 0000000140013024     msvcprt:locale0_implib.obj
 0005:00000028       __guard_fids__             0000000140013028     msvcprt:locale0_implib.obj
 0005:0000002c       __guard_fids__             000000014001302c     legacy_stdio_wide_specifiers:legacy_stdio_wide_specifiers.obj
 0005:00000030       __guard_fids__             0000000140013030     mfcs140:appmodul.obj
 0007:00000300       $R000000                   0000000140015300     KS_START.res
 0007:00000968       $R000668                   0000000140015968     KS_START.res
 0007:00000c50       $R000950                   0000000140015c50     KS_START.res
 0007:00000d78       $R000A78                   0000000140015d78     KS_START.res
 0007:00001c20       $R001920                   0000000140016c20     KS_START.res
 0007:000024c8       $R0021C8                   00000001400174c8     KS_START.res
 0007:00002a30       $R002730                   0000000140017a30     KS_START.res
 0007:000046d8       $R0043D8                   00000001400196d8     KS_START.res
 0007:00005380       $R005080                   000000014001a380     KS_START.res
 0007:000056e8       $R0053E8                   000000014001a6e8     KS_START.res
 0007:00005770       $R005470                   000000014001a770     KS_START.res
 0007:00005820       $R005520                   000000014001a820     KS_START.res
 0007:00005b10       $R005810                   000000014001ab10     KS_START.res
