 KS_SYSLOGx64

 Timestamp is 5c91d7f8 (Wed Mar 20 15:04:40 2019)

 Preferred load address is 0000000140000000

 Start         Length     Name                   Class
 0001:00000000 000000b0H .text$di                CODE
 0001:000000b0 00008ef0H .text$mn                CODE
 0001:00008fa0 00000020H .text$mn$00             CODE
 0001:00008fc0 00000470H .text$x                 CODE
 0001:00009430 0000008fH .text$yd                CODE
 0002:00000000 00000bd0H .idata$5                DATA
 0002:00000bd0 00000010H .00cfg                  DATA
 0002:00000be0 00000008H .CRT$XCA                DATA
 0002:00000be8 00000008H .CRT$XCAA               DATA
 0002:00000bf0 00000018H .CRT$XCL                DATA
 0002:00000c08 00000010H .CRT$XCU                DATA
 0002:00000c18 00000008H .CRT$XCZ                DATA
 0002:00000c20 00000008H .CRT$XIA                DATA
 0002:00000c28 00000008H .CRT$XIAA               DATA
 0002:00000c30 00000008H .CRT$XIAC               DATA
 0002:00000c38 00000008H .CRT$XIC                DATA
 0002:00000c40 00000008H .CRT$XIZ                DATA
 0002:00000c48 00000008H .CRT$XLA                DATA
 0002:00000c50 00000008H .CRT$XLZ                DATA
 0002:00000c58 00000008H .CRT$XPA                DATA
 0002:00000c60 00000008H .CRT$XPZ                DATA
 0002:00000c68 00000008H .CRT$XTA                DATA
 0002:00000c70 00000010H .CRT$XTZ                DATA
 0002:00000c80 00001df8H .rdata                  DATA
 0002:00002a78 00000028H .rdata$T                DATA
 0002:00002aa0 0000100cH .rdata$r                DATA
 0002:00003aac 0000040cH .rdata$zzzdbg           DATA
 0002:00003eb8 00000008H .rtc$IAA                DATA
 0002:00003ec0 00000008H .rtc$IZZ                DATA
 0002:00003ec8 00000008H .rtc$TAA                DATA
 0002:00003ed0 00000010H .rtc$TZZ                DATA
 0002:00003ee0 00000fd0H .xdata                  DATA
 0002:00004eb0 00000088H .xdata$x                DATA
 0002:00004f38 00000000H ATL$__a                 DATA
 0002:00004f38 00000000H ATL$__z                 DATA
 0002:00004f38 00000000H .edata                  DATA
 0002:00004f38 00000118H .idata$2                DATA
 0002:00005050 00000018H .idata$3                DATA
 0002:00005068 00000bd0H .idata$4                DATA
 0002:00005c38 0000126cH .idata$6                DATA
 0003:00000000 00000050H .data                   DATA
 0003:00000050 00000650H .data$r                 DATA
 0003:000006a0 00000f10H .bss                    DATA
 0004:00000000 000009c0H .pdata                  DATA
 0005:00000000 00000034H .gfids$y                DATA
 0006:00000000 00000004H .tls                    DATA
 0006:00000004 00000004H .tls$                   DATA
 0006:00000008 00000001H .tls$ZZZ                DATA
 0007:00000000 00000300H .rsrc$01                DATA
 0007:00000300 00005aa0H .rsrc$02                DATA

  Address         Publics by Value              Rva+Base               Lib:Object

 0000:00000000       __dynamic_value_reloc_table 0000000000000000     <absolute>
 0000:00000000       __guard_iat_count          0000000000000000     <absolute>
 0000:00000000       __guard_iat_table          0000000000000000     <absolute>
 0000:00000000       __guard_fids_count         0000000000000000     <absolute>
 0000:00000000       __guard_longjmp_table      0000000000000000     <absolute>
 0000:00000000       __guard_longjmp_count      0000000000000000     <absolute>
 0000:00000000       ___safe_se_handler_table   0000000000000000     <absolute>
 0000:00000000       ___safe_se_handler_count   0000000000000000     <absolute>
 0000:00000000       __guard_fids_table         0000000000000000     <absolute>
 0000:00000100       __guard_flags              0000000000000100     <absolute>
 0000:00000000       __ImageBase                0000000140000000     <linker-defined>
 0001:000000b0       ?GetMessageMap@CKS_SYSLOGApp@@MEBAPEBUAFX_MSGMAP@@XZ 00000001400010b0 f   KS_SYSLOG.obj
 0001:000000c0       ??_ECKS_SYSLOGApp@@UEAAPEAXI@Z 00000001400010c0 f i * CIL library *:* CIL module *
 0001:000000c0       ??_GCKS_SYSLOGApp@@UEAAPEAXI@Z 00000001400010c0 f i KS_SYSLOG.obj
 0001:00000110       ?InitInstance@CKS_SYSLOGApp@@UEAAHXZ 0000000140001110 f   KS_SYSLOG.obj
 0001:00000220       ??1CKS_SYSLOGDlg@@UEAA@XZ  0000000140001220 f i KS_SYSLOG.obj
 0001:00000260       ?__empty_global_delete@@YAXPEAX_K@Z 0000000140001260 f i KS_SYSLOG.obj
 0001:00000260       ?Serialize@CObject@@UEAAXAEAVCArchive@@@Z 0000000140001260 f i KS_SYSLOG.obj
 0001:00000260       ?OnClose@CKS_SYSLOGDlg@@AEAAXXZ 0000000140001260 f i KS_SYSLOGDlg.obj
 0001:00000260       ?AssertValid@CObject@@UEBAXXZ 0000000140001260 f i KS_SYSLOG.obj
 0001:00000260       ?OnCancel@CKS_SYSLOGDlg@@EEAAXXZ 0000000140001260 f i KS_SYSLOGDlg.obj
 0001:00000260       _guard_check_icall_nop     0000000140001260 f i msvcrt:guard_support.obj
 0001:00000260       _initialize_denormal_control 0000000140001260 f i msvcrt:denormal_control.obj
 0001:00000260       ?Dump@CObject@@UEBAXAEAVCDumpContext@@@Z 0000000140001260 f i KS_SYSLOG.obj
 0001:00000260       ?__global_delete@@YAXPEAX_K@Z 0000000140001260 f i * CIL library *:* CIL module *
 0001:00000260       _initialize_invalid_parameter_handler 0000000140001260 f i msvcrt:invalid_parameter_handler.obj
 0001:00000260       ?DoDataExchange@CWnd@@MEAAXPEAVCDataExchange@@@Z 0000000140001260 f i KS_SYSLOGDlg.obj
 0001:00000270       ?GetApplicationRecoveryPingInterval@CWinApp@@UEAAKXZ 0000000140001270 f i KS_SYSLOG.obj
 0001:00000280       ?GetApplicationRecoveryParameter@CWinApp@@UEAAPEAXXZ 0000000140001280 f i KS_SYSLOG.obj
 0001:00000280       _get_startup_new_mode      0000000140001280 f i msvcrt:new_mode.obj
 0001:00000280       _get_startup_thread_locale_mode 0000000140001280 f i msvcrt:thread_locale.obj
 0001:00000280       _matherr                   0000000140001280 f i msvcrt:matherr.obj
 0001:00000280       _get_startup_commit_mode   0000000140001280 f i msvcrt:commit_mode.obj
 0001:00000280       __scrt_initialize_winrt    0000000140001280 f i msvcrt:utility_desktop.obj
 0001:00000280       ?GetApplicationRestartFlags@CWinApp@@UEAAKXZ 0000000140001280 f i KS_SYSLOG.obj
 0001:00000290       ?RestoreAutosavedFilesAtRestart@CWinApp@@UEBAHXZ 0000000140001290 f i KS_SYSLOG.obj
 0001:000002a0       ?ReopenPreviousFilesAtRestart@CWinApp@@UEBAHXZ 00000001400012a0 f i KS_SYSLOG.obj
 0001:000002b0       ?SupportsAutosaveAtInterval@CWinApp@@UEBAHXZ 00000001400012b0 f i KS_SYSLOG.obj
 0001:000002c0       ?SupportsAutosaveAtRestart@CWinApp@@UEBAHXZ 00000001400012c0 f i KS_SYSLOG.obj
 0001:000002d0       ?SupportsApplicationRecovery@CWinApp@@UEBAHXZ 00000001400012d0 f i KS_SYSLOG.obj
 0001:000002e0       ?SupportsRestartManager@CWinApp@@UEBAHXZ 00000001400012e0 f i KS_SYSLOG.obj
 0001:000002f0       ??_GCKS_SYSLOGDlg@@UEAAPEAXI@Z 00000001400012f0 f i KS_SYSLOGDlg.obj
 0001:000002f0       ??_ECKS_SYSLOGDlg@@UEAAPEAXI@Z 00000001400012f0 f i * CIL library *:* CIL module *
 0001:00000360       ?DoDataExchange@CKS_SYSLOGDlg@@MEAAXPEAVCDataExchange@@@Z 0000000140001360 f   KS_SYSLOGDlg.obj
 0001:000003b0       ?GetMessageMap@CKS_SYSLOGDlg@@MEBAPEBUAFX_MSGMAP@@XZ 00000001400013b0 f   KS_SYSLOGDlg.obj
 0001:000003c0       ?OnInitDialog@CKS_SYSLOGDlg@@MEAAHXZ 00000001400013c0 f   KS_SYSLOGDlg.obj
 0001:000004c0       ?OnPaint@CKS_SYSLOGDlg@@IEAAXXZ 00000001400014c0 f   KS_SYSLOGDlg.obj
 0001:000005d0       ?OnQueryDragIcon@CKS_SYSLOGDlg@@IEAAPEAUHICON__@@XZ 00000001400015d0 f   KS_SYSLOGDlg.obj
 0001:000005e0       ?OnBnClickedOk@CKS_SYSLOGDlg@@QEAAXXZ 00000001400015e0 f   KS_SYSLOGDlg.obj
 0001:00000670       ?OnLbnDblclkList1@CKS_SYSLOGDlg@@QEAAXXZ 0000000140001670 f   KS_SYSLOGDlg.obj
 0001:00000680       ?InitProcess@CKS_SYSLOGDlg@@AEAAXXZ 0000000140001680 f   KS_SYSLOGDlg.obj
 0001:000007d0       ?ExitProcess@CKS_SYSLOGDlg@@AEAAXXZ 00000001400017d0 f   KS_SYSLOGDlg.obj
 0001:00000910       ?MainThread@CKS_SYSLOGDlg@@CAIPEAX@Z 0000000140001910 f   KS_SYSLOGDlg.obj
 0001:00000a80       ?OnTimer@CKS_SYSLOGDlg@@AEAAX_K@Z 0000000140001a80 f   KS_SYSLOGDlg.obj
 0001:00000a90       ?OnBnClickedLogdsp@CKS_SYSLOGDlg@@QEAAXXZ 0000000140001a90 f   KS_SYSLOGDlg.obj
 0001:00000b00       ?OnBnClickedButton1@CKS_SYSLOGDlg@@QEAAXXZ 0000000140001b00 f   KS_SYSLOGDlg.obj
 0001:00000b20       ?Create@CDialog@@UEAAHIPEAVCWnd@@@Z 0000000140001b20 f i KS_SYSLOGDlg.obj
 0001:00000b30       ??_ECListBox@@UEAAPEAXI@Z  0000000140001b30 f i * CIL library *:* CIL module *
 0001:00000b30       ??_GCListBox@@UEAAPEAXI@Z  0000000140001b30 f i KS_SYSLOGDlg.obj
 0001:00000b80       ?BeginModalState@CWnd@@UEAAXXZ 0000000140001b80 f i KS_SYSLOGDlg.obj
 0001:00000b90       ?EndModalState@CWnd@@UEAAXXZ 0000000140001b90 f i KS_SYSLOGDlg.obj
 0001:00000ba0       ??0MainInctance@@QEAA@XZ   0000000140001ba0 f   MainInctance.obj
 0001:00000c50       ??_GMainInctance@@UEAAPEAXI@Z 0000000140001c50 f i MainInctance.obj
 0001:00000c50       ??_EMainInctance@@UEAAPEAXI@Z 0000000140001c50 f i * CIL library *:* CIL module *
 0001:00000c90       ??1MainInctance@@UEAA@XZ   0000000140001c90 f   MainInctance.obj
 0001:00000d30       ?Init@MainInctance@@QEAAHXZ 0000000140001d30 f   MainInctance.obj
 0001:00000e70       ?Exit@MainInctance@@QEAAXXZ 0000000140001e70 f   MainInctance.obj
 0001:00000ef0       ?MainThread@MainInctance@@CAIPEAX@Z 0000000140001ef0 f   MainInctance.obj
 0001:00001030       ?AddSysLogSqlQue@MainInctance@@QEAAXPEBUCOMMON_QUE@@@Z 0000000140002030 f   MainInctance.obj
 0001:00001340       ?AddStateLogSqlQue@MainInctance@@QEAAXPEBUCOMMON_QUE@@@Z 0000000140002340 f   MainInctance.obj
 0001:00001690       ?InitAutoNo@MainInctance@@AEAAXXZ 0000000140002690 f   MainInctance.obj
 0001:000018b0       ??0?$ThreadQueue@UDELIVERYSQL@DBSaveManager@@@KizuLib@@QEAA@H@Z 00000001400028b0 f i MainInctance.obj
 0001:00001960       ?AddToTail@?$ThreadQueue@UDELIVERYSQL@DBSaveManager@@@KizuLib@@QEAAHPEAUDELIVERYSQL@DBSaveManager@@@Z 0000000140002960 f i MainInctance.obj
 0001:00001a80       ??_G?$ThreadQueue@UDELIVERYSQL@DBSaveManager@@@KizuLib@@UEAAPEAXI@Z 0000000140002a80 f i MainInctance.obj
 0001:00001a80       ??_E?$ThreadQueue@UDELIVERYSQL@DBSaveManager@@@KizuLib@@UEAAPEAXI@Z 0000000140002a80 f i * CIL library *:* CIL module *
 0001:00001b10       ?_Tidy@?$deque@PEAUDELIVERYSQL@DBSaveManager@@V?$allocator@PEAUDELIVERYSQL@DBSaveManager@@@std@@@std@@IEAAXXZ 0000000140002b10 f i MainInctance.obj
 0001:00001b10       ?_Tidy@?$deque@PEADV?$allocator@PEAD@std@@@std@@IEAAXXZ 0000000140002b10 f i KizuLibMFC:LogFileManager.obj
 0001:00001c00       ?_Growmap@?$deque@PEAUDELIVERYSQL@DBSaveManager@@V?$allocator@PEAUDELIVERYSQL@DBSaveManager@@@std@@@std@@IEAAX_K@Z 0000000140002c00 f i MainInctance.obj
 0001:00001c00       ?_Growmap@?$deque@PEADV?$allocator@PEAD@std@@@std@@IEAAX_K@Z 0000000140002c00 f i KizuLibMFC:LogFileManager.obj
 0001:00001e60       ?Free@?$ThreadQueue@UDELIVERYSQL@DBSaveManager@@@KizuLib@@QEAAXXZ 0000000140002e60 f i MainInctance.obj
 0001:00001ef0       ?GetFromHead@?$ThreadQueue@UDELIVERYSQL@DBSaveManager@@@KizuLib@@QEAAPEAUDELIVERYSQL@DBSaveManager@@XZ 0000000140002ef0 f i MainInctance.obj
 0001:00001ef0       ?GetFromHead@?$ThreadQueue@D@KizuLib@@QEAAPEADXZ 0000000140002ef0 f i KizuLibMFC:LogFileManager.obj
 0001:00001f90       ?begin@?$deque@PEAUDELIVERYSQL@DBSaveManager@@V?$allocator@PEAUDELIVERYSQL@DBSaveManager@@@std@@@std@@QEAA?AV?$_Deque_iterator@V?$_Deque_val@U?$_Deque_simple_types@PEAUDELIVERYSQL@DBSaveManager@@@std@@@std@@@2@XZ 0000000140002f90 f i MainInctance.obj
 0001:00001f90       ?begin@?$deque@PEADV?$allocator@PEAD@std@@@std@@QEAA?AV?$_Deque_iterator@V?$_Deque_val@U?$_Deque_simple_types@PEAD@std@@@std@@@2@XZ 0000000140002f90 f i KizuLibMFC:LogFileManager.obj
 0001:00001fb0       ?Format@CTime@ATL@@QEBA?AV?$CStringT@DV?$StrTraitMFC_DLL@DV?$ChTraitsCRT@D@ATL@@@@@2@PEBD@Z 0000000140002fb0 f i MainInctance.obj
 0001:00002060       ?AtlThrowImpl@ATL@@YAXJ@Z  0000000140003060 f i MainInctance.obj
 0001:00002080       ?_AtlInitializeCriticalSectionEx@ATL@@YAHPEAU_RTL_CRITICAL_SECTION@@KK@Z 0000000140003080 f i stdafx.obj
 0001:00002090       ??1AutoLock@KizuLib@@UEAA@XZ 0000000140003090 f i DefectLib:DBSaveManager.obj
 0001:000020c0       ??_GAutoLock@KizuLib@@UEAAPEAXI@Z 00000001400030c0 f i DefectLib:DBSaveManager.obj
 0001:000020c0       ??_EAutoLock@KizuLib@@UEAAPEAXI@Z 00000001400030c0 f i * CIL library *:* CIL module *
 0001:00002120       ??0DBSaveManager@@QEAA@HPEAV?$ThreadQueue@UDELIVERYSQL@DBSaveManager@@@KizuLib@@@Z 0000000140003120 f   DefectLib:DBSaveManager.obj
 0001:00002290       ??_GDBSaveManager@@UEAAPEAXI@Z 0000000140003290 f i DefectLib:DBSaveManager.obj
 0001:00002290       ??_EDBSaveManager@@UEAAPEAXI@Z 0000000140003290 f i * CIL library *:* CIL module *
 0001:000022d0       ??1DBSaveManager@@UEAA@XZ  00000001400032d0 f   DefectLib:DBSaveManager.obj
 0001:000023f0       ?MainThread@DBSaveManager@@CAIPEAX@Z 00000001400033f0 f   DefectLib:DBSaveManager.obj
 0001:000029b0       ?Send_To_DbManage@DBSaveManager@@AEAAXXZ 00000001400039b0 f   DefectLib:DBSaveManager.obj
 0001:00002a40       ?sqlExecute@DBSaveManager@@AEAAXPEAUDELIVERYSQL@1@@Z 0000000140003a40 f   DefectLib:DBSaveManager.obj
 0001:00002e30       ?ConnectDB@DBSaveManager@@AEAA_N_N@Z 0000000140003e30 f   DefectLib:DBSaveManager.obj
 0001:00002fa0       ??0exception@std@@QEAA@AEBV01@@Z 0000000140003fa0 f i KizuLibMFC:LogFileManager.obj
 0001:00002fe0       ?what@exception@std@@UEBAPEBDXZ 0000000140003fe0 f i KizuLibMFC:LogFileManager.obj
 0001:00003000       ??_Eexception@std@@UEAAPEAXI@Z 0000000140004000 f i * CIL library *:* CIL module *
 0001:00003000       ??_Gexception@std@@UEAAPEAXI@Z 0000000140004000 f i KizuLibMFC:LogFileManager.obj
 0001:00003000       ??_Gbad_cast@std@@UEAAPEAXI@Z 0000000140004000 f i KizuLibMFC:LogFileManager.obj
 0001:00003000       ??_Ebad_cast@std@@UEAAPEAXI@Z 0000000140004000 f i * CIL library *:* CIL module *
 0001:00003050       ??1bad_cast@std@@UEAA@XZ   0000000140004050 f i KizuLibMFC:LogFileManager.obj
 0001:00003070       ??1locale@std@@QEAA@XZ     0000000140004070 f i KizuLibMFC:LogFileManager.obj
 0001:000030b0       ?GetNowLogPath@LogFileManager@KizuLib@@QEAA?AV?$CStringT@DV?$StrTraitMFC_DLL@DV?$ChTraitsCRT@D@ATL@@@@@ATL@@XZ 00000001400040b0 f i KizuLibMFC:LogFileManager.obj
 0001:000030e0       ??0LogFileManager@KizuLib@@QEAA@PEBDPEAVCListBox@@HH@Z 00000001400040e0 f   KizuLibMFC:LogFileManager.obj
 0001:000034b0       ??_GLogFileManager@KizuLib@@UEAAPEAXI@Z 00000001400044b0 f i KizuLibMFC:LogFileManager.obj
 0001:000034b0       ??_ELogFileManager@KizuLib@@UEAAPEAXI@Z 00000001400044b0 f i * CIL library *:* CIL module *
 0001:000034f0       ??_D?$basic_ofstream@DU?$char_traits@D@std@@@std@@QEAAXXZ 00000001400044f0 f i KizuLibMFC:LogFileManager.obj
 0001:00003520       ??1LogFileManager@KizuLib@@UEAA@XZ 0000000140004520 f   KizuLibMFC:LogFileManager.obj
 0001:000036b0       ?Write@LogFileManager@KizuLib@@QEAAXW4LNO@12@PEBDZZ 00000001400046b0 f   KizuLibMFC:LogFileManager.obj
 0001:00003970       ?WriteFile@LogFileManager@KizuLib@@QEAAXPEBD@Z 0000000140004970 f   KizuLibMFC:LogFileManager.obj
 0001:00003af0       ?WriteList@LogFileManager@KizuLib@@AEAAXPEBD@Z 0000000140004af0 f   KizuLibMFC:LogFileManager.obj
 0001:00003be0       ?AllGetQueue@LogFileManager@KizuLib@@QEAAHXZ 0000000140004be0 f   KizuLibMFC:LogFileManager.obj
 0001:00003c80       ?ShowEdit@LogFileManager@KizuLib@@QEAAXXZ 0000000140004c80 f   KizuLibMFC:LogFileManager.obj
 0001:00003d60       ?MainThread@LogFileManager@KizuLib@@CAIPEAX@Z 0000000140004d60 f   KizuLibMFC:LogFileManager.obj
 0001:00003f00       ??1?$basic_string@DU?$char_traits@D@std@@V?$allocator@D@2@@std@@QEAA@XZ 0000000140004f00 f i KizuLibMFC:LogFileManager.obj
 0001:00003f90       ??1?$basic_ofstream@DU?$char_traits@D@std@@@std@@UEAA@XZ 0000000140004f90 f i KizuLibMFC:LogFileManager.obj
 0001:00004060       ??0?$basic_ofstream@DU?$char_traits@D@std@@@std@@QEAA@XZ 0000000140005060 f i KizuLibMFC:LogFileManager.obj
 0001:00004140       ?imbue@?$basic_filebuf@DU?$char_traits@D@std@@@std@@MEAAXAEBVlocale@2@@Z 0000000140005140 f i KizuLibMFC:LogFileManager.obj
 0001:00004190       ?sync@?$basic_filebuf@DU?$char_traits@D@std@@@std@@MEAAHXZ 0000000140005190 f i KizuLibMFC:LogFileManager.obj
 0001:000041e0       ?setbuf@?$basic_filebuf@DU?$char_traits@D@std@@@std@@MEAAPEAV?$basic_streambuf@DU?$char_traits@D@std@@@2@PEAD_J@Z 00000001400051e0 f i KizuLibMFC:LogFileManager.obj
 0001:000042d0       ?seekpos@?$basic_filebuf@DU?$char_traits@D@std@@@std@@MEAA?AV?$fpos@U_Mbstatet@@@2@V32@H@Z 00000001400052d0 f i KizuLibMFC:LogFileManager.obj
 0001:000043c0       ?seekoff@?$basic_filebuf@DU?$char_traits@D@std@@@std@@MEAA?AV?$fpos@U_Mbstatet@@@2@_JHH@Z 00000001400053c0 f i KizuLibMFC:LogFileManager.obj
 0001:000044c0       ?uflow@?$basic_filebuf@DU?$char_traits@D@std@@@std@@MEAAHXZ 00000001400054c0 f i KizuLibMFC:LogFileManager.obj
 0001:00004890       ?underflow@?$basic_filebuf@DU?$char_traits@D@std@@@std@@MEAAHXZ 0000000140005890 f i KizuLibMFC:LogFileManager.obj
 0001:00004900       ?pbackfail@?$basic_filebuf@DU?$char_traits@D@std@@@std@@MEAAHH@Z 0000000140005900 f i KizuLibMFC:LogFileManager.obj
 0001:000049e0       ?overflow@?$basic_filebuf@DU?$char_traits@D@std@@@std@@MEAAHH@Z 00000001400059e0 f i KizuLibMFC:LogFileManager.obj
 0001:00004d50       ?_Unlock@?$basic_filebuf@DU?$char_traits@D@std@@@std@@UEAAXXZ 0000000140005d50 f i KizuLibMFC:LogFileManager.obj
 0001:00004d70       ?_Lock@?$basic_filebuf@DU?$char_traits@D@std@@@std@@UEAAXXZ 0000000140005d70 f i KizuLibMFC:LogFileManager.obj
 0001:00004d90       ??_E?$basic_ofstream@DU?$char_traits@D@std@@@std@@UEAAPEAXI@Z 0000000140005d90 f i * CIL library *:* CIL module *
 0001:00004d90       ??_G?$basic_ofstream@DU?$char_traits@D@std@@@std@@UEAAPEAXI@Z 0000000140005d90 f i KizuLibMFC:LogFileManager.obj
 0001:00004de0       ??_G?$basic_filebuf@DU?$char_traits@D@std@@@std@@UEAAPEAXI@Z 0000000140005de0 f i KizuLibMFC:LogFileManager.obj
 0001:00004de0       ??_E?$basic_filebuf@DU?$char_traits@D@std@@@std@@UEAAPEAXI@Z 0000000140005de0 f i * CIL library *:* CIL module *
 0001:00004e80       ?_Reset_back@?$basic_filebuf@DU?$char_traits@D@std@@@std@@AEAAXXZ 0000000140005e80 f i KizuLibMFC:LogFileManager.obj
 0001:00004eb0       ?_Endwrite@?$basic_filebuf@DU?$char_traits@D@std@@@std@@IEAA_NXZ 0000000140005eb0 f i KizuLibMFC:LogFileManager.obj
 0001:00005130       ?close@?$basic_filebuf@DU?$char_traits@D@std@@@std@@QEAAPEAV12@XZ 0000000140006130 f i KizuLibMFC:LogFileManager.obj
 0001:000051b0       ?open@?$basic_filebuf@DU?$char_traits@D@std@@@std@@QEAAPEAV12@PEBDHH@Z 00000001400061b0 f i KizuLibMFC:LogFileManager.obj
 0001:000052f0       ?_Copy@?$basic_string@DU?$char_traits@D@std@@V?$allocator@D@2@@std@@QEAAX_K0@Z 00000001400062f0 f i KizuLibMFC:LogFileManager.obj
 0001:000054a0       ?allocate@?$_Wrap_alloc@V?$allocator@D@std@@@std@@QEAAPEAD_K@Z 00000001400064a0 f i KizuLibMFC:LogFileManager.obj
 0001:00005510       ??0?$ThreadQueue@D@KizuLib@@QEAA@H@Z 0000000140006510 f i KizuLibMFC:LogFileManager.obj
 0001:000055c0       ??1?$ThreadQueue@D@KizuLib@@UEAA@XZ 00000001400065c0 f i KizuLibMFC:LogFileManager.obj
 0001:00005670       ??$?6U?$char_traits@D@std@@@std@@YAAEAV?$basic_ostream@DU?$char_traits@D@std@@@0@AEAV10@PEBD@Z 0000000140006670 f i KizuLibMFC:LogFileManager.obj
 0001:00005840       ??$endl@DU?$char_traits@D@std@@@std@@YAAEAV?$basic_ostream@DU?$char_traits@D@std@@@0@AEAV10@@Z 0000000140006840 f i KizuLibMFC:LogFileManager.obj
 0001:00005880       ??$use_facet@V?$codecvt@DDU_Mbstatet@@@std@@@std@@YAAEBV?$codecvt@DDU_Mbstatet@@@0@AEBVlocale@0@@Z 0000000140006880 f i KizuLibMFC:LogFileManager.obj
 0001:00005990       ??0bad_cast@std@@QEAA@AEBV01@@Z 0000000140006990 f i KizuLibMFC:LogFileManager.obj
 0001:000059d0       ??_E?$ThreadQueue@D@KizuLib@@UEAAPEAXI@Z 00000001400069d0 f i * CIL library *:* CIL module *
 0001:000059d0       ??_G?$ThreadQueue@D@KizuLib@@UEAAPEAXI@Z 00000001400069d0 f i KizuLibMFC:LogFileManager.obj
 0001:00005a10       ?push_back@?$deque@PEADV?$allocator@PEAD@std@@@std@@QEAAXAEBQEAD@Z 0000000140006a10 f i KizuLibMFC:LogFileManager.obj
 0001:00005ae0       ??1sentry@?$basic_ostream@DU?$char_traits@D@std@@@std@@QEAA@XZ 0000000140006ae0 f i KizuLibMFC:LogFileManager.obj
 0001:00005b30       ??1_Sentry_base@?$basic_ostream@DU?$char_traits@D@std@@@std@@QEAA@XZ 0000000140006b30 f i KizuLibMFC:LogFileManager.obj
 0001:00005b60       ??_E?$basic_ofstream@DU?$char_traits@D@std@@@std@@$4PPPPPPPM@A@EAAPEAXI@Z 0000000140006b60 f i KizuLibMFC:LogFileManager.obj
 0001:00005b70       sprintf                    0000000140006b70 f i KizuLibMFC:LogFileManager.obj
 0001:00005bd0       __local_stdio_printf_options 0000000140006bd0 f i KizuLibMFC:LogFileManager.obj
 0001:00005be0       ??_EWorkThread@KizuLib@@UEAAPEAXI@Z 0000000140006be0 f i * CIL library *:* CIL module *
 0001:00005be0       ??_GWorkThread@KizuLib@@UEAAPEAXI@Z 0000000140006be0 f i KizuLib:WorkThread.obj
 0001:00005c30       ??1WorkThread@KizuLib@@UEAA@XZ 0000000140006c30 f   KizuLib:WorkThread.obj
 0001:00005c50       ?MainThread@WorkThread@KizuLib@@MEAAIXZ 0000000140006c50 f   KizuLib:WorkThread.obj
 0001:00005c60       ?task_init@@YAHPEBDH@Z     0000000140006c60 f   KizuLib:KizuLib.obj
 0001:00005d60       ?syslog@@YAHJPEBDZZ        0000000140006d60 f   KizuLib:KizuLib.obj
 0001:00005ef0       ??_EKizuPerformanceCounter@KizuLib@@UEAAPEAXI@Z 0000000140006ef0 f i * CIL library *:* CIL module *
 0001:00005ef0       ??_GKizuPerformanceCounter@KizuLib@@UEAAPEAXI@Z 0000000140006ef0 f i KizuLib:KizuPerformanceCounter.obj
 0001:00005f20       ??1KizuPerformanceCounter@KizuLib@@UEAA@XZ 0000000140006f20 f   KizuLib:KizuPerformanceCounter.obj
 0001:00005f30       ??0KizuPcInfManager@KizuLib@@QEAA@H@Z 0000000140006f30 f   KizuLib:KizuPcInfManager.obj
 0001:00006010       ??_EKizuPcInfManager@KizuLib@@UEAAPEAXI@Z 0000000140007010 f i * CIL library *:* CIL module *
 0001:00006010       ??_GKizuPcInfManager@KizuLib@@UEAAPEAXI@Z 0000000140007010 f i KizuLib:KizuPcInfManager.obj
 0001:00006040       ?SetPcName@KizuPcInfManager@KizuLib@@QEAA_NPEADPEBD1@Z 0000000140007040 f   KizuLib:KizuPcInfManager.obj
 0001:00006600       ?GetError@MailSlotManager@KizuLib@@UEAAHXZ 0000000140007600 f i KizuLib:MailSlotManager.obj
 0001:00006610       ??_EMailSlotManager@KizuLib@@UEAAPEAXI@Z 0000000140007610 f i * CIL library *:* CIL module *
 0001:00006610       ??_GMailSlotManager@KizuLib@@UEAAPEAXI@Z 0000000140007610 f i KizuLib:MailSlotManager.obj
 0001:00006670       ?SendMail@MailSlotManager@KizuLib@@SAHPEBD0PEBXK@Z 0000000140007670 f   KizuLib:MailSlotManager.obj
 0001:00006770       ?Create@MailSlotManager@KizuLib@@QEAA_NPEBDK@Z 0000000140007770 f   KizuLib:MailSlotManager.obj
 0001:000067f0       ?Recv@MailSlotManager@KizuLib@@UEAAHPEAXK@Z 00000001400077f0 f   KizuLib:MailSlotManager.obj
 0001:000068b0       ?Send@MailSlotManager@KizuLib@@UEAAHPEBXK@Z 00000001400078b0 f   KizuLib:MailSlotManager.obj
 0001:000068f0       ?Recv@MailSlotManager@KizuLib@@UEAA_NPEAXKPEAU_OVERLAPPED@@@Z 00000001400078f0 f   KizuLib:MailSlotManager.obj
 0001:00006940       ?Send@MailSlotManager@KizuLib@@UEAA_NPEBXKPEAU_OVERLAPPED@@@Z 0000000140007940 f   KizuLib:MailSlotManager.obj
 0001:00006990       ?GetResult@MailSlotManager@KizuLib@@UEAA_NPEAU_OVERLAPPED@@@Z 0000000140007990 f   KizuLib:MailSlotManager.obj
 0001:000069d0       ??0OdbcBase@KizuODBC@@QEAA@XZ 00000001400079d0 f   KizuODBC:OdbcBase.obj
 0001:00006a80       ??_GOdbcBase@KizuODBC@@UEAAPEAXI@Z 0000000140007a80 f i KizuODBC:OdbcBase.obj
 0001:00006a80       ??_EOdbcBase@KizuODBC@@UEAAPEAXI@Z 0000000140007a80 f i * CIL library *:* CIL module *
 0001:00006ac0       ??1OdbcBase@KizuODBC@@UEAA@XZ 0000000140007ac0 f   KizuODBC:OdbcBase.obj
 0001:00006b70       ?DisConnect@OdbcBase@KizuODBC@@QEAAXXZ 0000000140007b70 f   KizuODBC:OdbcBase.obj
 0001:00006be0       ?ExecuteDirect@OdbcBase@KizuODBC@@QEAA_NPEBD_N@Z 0000000140007be0 f   KizuODBC:OdbcBase.obj
 0001:00006c30       ?SqlBinalyWrite@OdbcBase@KizuODBC@@QEAA_NPEBDHPEAKPEAPEAX_N@Z 0000000140007c30 f   KizuODBC:OdbcBase.obj
 0001:00006f20       ?GetSelectKey@OdbcBase@KizuODBC@@QEAA_NPEBDPEAH@Z 0000000140007f20 f   KizuODBC:OdbcBase.obj
 0001:00007030       ?GetSelectKey_Static@OdbcBase@KizuODBC@@SA_NPEBDPEAH00@Z 0000000140008030 f   KizuODBC:OdbcBase.obj
 0001:000071a0       ??0OdbcEnv@KizuODBC@@AEAA@XZ 00000001400081a0 f   KizuODBC:OdbcEnv.obj
 0001:00007260       ??_EOdbcEnv@KizuODBC@@UEAAPEAXI@Z 0000000140008260 f i * CIL library *:* CIL module *
 0001:00007260       ??_GOdbcEnv@KizuODBC@@UEAAPEAXI@Z 0000000140008260 f i KizuODBC:OdbcEnv.obj
 0001:000072c0       ?GetErrMsg@OdbcEnv@KizuODBC@@QEAAXXZ 00000001400082c0 f   KizuODBC:OdbcEnv.obj
 0001:00007340       ??_EOdbcManager@KizuODBC@@UEAAPEAXI@Z 0000000140008340 f i * CIL library *:* CIL module *
 0001:00007340       ??_GOdbcManager@KizuODBC@@UEAAPEAXI@Z 0000000140008340 f i KizuODBC:OdbcManager.obj
 0001:00007380       ??1OdbcManager@KizuODBC@@UEAA@XZ 0000000140008380 f   KizuODBC:OdbcManager.obj
 0001:00007440       ?Alloc@OdbcManager@KizuODBC@@IEAAXXZ 0000000140008440 f   KizuODBC:OdbcManager.obj
 0001:00007560       ?Connect@OdbcManager@KizuODBC@@QEAAHPEBD0@Z 0000000140008560 f   KizuODBC:OdbcManager.obj
 0001:00007660       ?Connect@OdbcManager@KizuODBC@@QEAAHPEBD00@Z 0000000140008660 f   KizuODBC:OdbcManager.obj
 0001:00007820       ?ExecuteDirect@OdbcManager@KizuODBC@@QEAAFPEBD@Z 0000000140008820 f   KizuODBC:OdbcManager.obj
 0001:000078c0       ?GetErrMsg@OdbcManager@KizuODBC@@QEAAXXZ 00000001400088c0 f   KizuODBC:OdbcManager.obj
 0001:00007960       ?GetErrMsg@OdbcManager@KizuODBC@@QEAAXF@Z 0000000140008960 f   KizuODBC:OdbcManager.obj
 0001:00007a12       ??3@YAXPEAX@Z              0000000140008a12 f   mfc140:mfc140.dll
 0001:00007a18       ?OnHelp@CWinApp@@IEAAXXZ   0000000140008a18 f   mfc140:mfc140.dll
 0001:00007a1e       ?GetThisMessageMap@CWinApp@@KAPEBUAFX_MSGMAP@@XZ 0000000140008a1e f   mfc140:mfc140.dll
 0001:00007a24       ?DoModal@CDialog@@UEAA_JXZ 0000000140008a24 f   mfc140:mfc140.dll
 0001:00007a2a       ?GetRuntimeClass@CWinApp@@UEBAPEAUCRuntimeClass@@XZ 0000000140008a2a f   mfc140:mfc140.dll
 0001:00007a30       ?OnCmdMsg@CCmdTarget@@UEAAHIHPEAXPEAUAFX_CMDHANDLERINFO@@@Z 0000000140008a30 f   mfc140:mfc140.dll
 0001:00007a36       ?OnFinalRelease@CCmdTarget@@UEAAXXZ 0000000140008a36 f   mfc140:mfc140.dll
 0001:00007a3c       ?IsInvokeAllowed@CCmdTarget@@UEAAHJ@Z 0000000140008a3c f   mfc140:mfc140.dll
 0001:00007a42       ?GetDispatchIID@CCmdTarget@@UEAAHPEAU_GUID@@@Z 0000000140008a42 f   mfc140:mfc140.dll
 0001:00007a48       ?GetTypeInfoCount@CCmdTarget@@UEAAIXZ 0000000140008a48 f   mfc140:mfc140.dll
 0001:00007a4e       ?GetTypeLibCache@CCmdTarget@@UEAAPEAVCTypeLibCache@@XZ 0000000140008a4e f   mfc140:mfc140.dll
 0001:00007a54       ?GetTypeLib@CCmdTarget@@UEAAJKPEAPEAUITypeLib@@@Z 0000000140008a54 f   mfc140:mfc140.dll
 0001:00007a5a       ?GetCommandMap@CCmdTarget@@MEBAPEBUAFX_OLECMDMAP@@XZ 0000000140008a5a f   mfc140:mfc140.dll
 0001:00007a60       ?GetDispatchMap@CCmdTarget@@MEBAPEBUAFX_DISPMAP@@XZ 0000000140008a60 f   mfc140:mfc140.dll
 0001:00007a66       ?GetConnectionMap@CCmdTarget@@MEBAPEBUAFX_CONNECTIONMAP@@XZ 0000000140008a66 f   mfc140:mfc140.dll
 0001:00007a6c       ?GetInterfaceMap@CCmdTarget@@MEBAPEBUAFX_INTERFACEMAP@@XZ 0000000140008a6c f   mfc140:mfc140.dll
 0001:00007a72       ?GetEventSinkMap@CCmdTarget@@MEBAPEBUAFX_EVENTSINKMAP@@XZ 0000000140008a72 f   mfc140:mfc140.dll
 0001:00007a78       ?OnCreateAggregates@CCmdTarget@@UEAAHXZ 0000000140008a78 f   mfc140:mfc140.dll
 0001:00007a7e       ?GetInterfaceHook@CCmdTarget@@UEAAPEAUIUnknown@@PEBX@Z 0000000140008a7e f   mfc140:mfc140.dll
 0001:00007a84       ?GetExtraConnectionPoints@CCmdTarget@@MEAAHPEAVCPtrArray@@@Z 0000000140008a84 f   mfc140:mfc140.dll
 0001:00007a8a       ?GetConnectionHook@CCmdTarget@@MEAAPEAUIConnectionPoint@@AEBU_GUID@@@Z 0000000140008a8a f   mfc140:mfc140.dll
 0001:00007a90       ?Run@CWinApp@@UEAAHXZ      0000000140008a90 f   mfc140:mfc140.dll
 0001:00007a96       ?PreTranslateMessage@CWinThread@@UEAAHPEAUtagMSG@@@Z 0000000140008a96 f   mfc140:mfc140.dll
 0001:00007a9c       ?PumpMessage@CWinThread@@UEAAHXZ 0000000140008a9c f   mfc140:mfc140.dll
 0001:00007aa2       ?OnIdle@CWinApp@@UEAAHJ@Z  0000000140008aa2 f   mfc140:mfc140.dll
 0001:00007aa8       ?IsIdleMessage@CWinThread@@UEAAHPEAUtagMSG@@@Z 0000000140008aa8 f   mfc140:mfc140.dll
 0001:00007aae       ?ExitInstance@CWinApp@@UEAAHXZ 0000000140008aae f   mfc140:mfc140.dll
 0001:00007ab4       ?ProcessWndProcException@CWinApp@@UEAA_JPEAVCException@@PEBUtagMSG@@@Z 0000000140008ab4 f   mfc140:mfc140.dll
 0001:00007aba       ?ProcessMessageFilter@CWinThread@@UEAAHHPEAUtagMSG@@@Z 0000000140008aba f   mfc140:mfc140.dll
 0001:00007ac0       ?GetMainWnd@CWinThread@@UEAAPEAVCWnd@@XZ 0000000140008ac0 f   mfc140:mfc140.dll
 0001:00007ac6       ?Delete@CWinThread@@UEAAXXZ 0000000140008ac6 f   mfc140:mfc140.dll
 0001:00007acc       ?GetProfileIntA@CWinApp@@UEAAIPEBD0H@Z 0000000140008acc f   mfc140:mfc140.dll
 0001:00007ad2       ?WriteProfileInt@CWinApp@@UEAAHPEBD0H@Z 0000000140008ad2 f   mfc140:mfc140.dll
 0001:00007ad8       ?GetProfileStringA@CWinApp@@UEAA?AV?$CStringT@DV?$StrTraitMFC_DLL@DV?$ChTraitsCRT@D@ATL@@@@@ATL@@PEBD00@Z 0000000140008ad8 f   mfc140:mfc140.dll
 0001:00007ade       ?WriteProfileStringA@CWinApp@@UEAAHPEBD00@Z 0000000140008ade f   mfc140:mfc140.dll
 0001:00007ae4       ?GetProfileBinary@CWinApp@@UEAAHPEBD0PEAPEAEPEAI@Z 0000000140008ae4 f   mfc140:mfc140.dll
 0001:00007aea       ?WriteProfileBinary@CWinApp@@UEAAHPEBD0PEAEI@Z 0000000140008aea f   mfc140:mfc140.dll
 0001:00007af0       ?InitLibId@CWinApp@@UEAAXXZ 0000000140008af0 f   mfc140:mfc140.dll
 0001:00007af6       ?Register@CWinApp@@UEAAHXZ 0000000140008af6 f   mfc140:mfc140.dll
 0001:00007afc       ?Unregister@CWinApp@@UEAAHXZ 0000000140008afc f   mfc140:mfc140.dll
 0001:00007b02       ?OpenDocumentFile@CWinApp@@UEAAPEAVCDocument@@PEBDH@Z 0000000140008b02 f   mfc140:mfc140.dll
 0001:00007b08       ?OpenDocumentFile@CWinApp@@UEAAPEAVCDocument@@PEBD@Z 0000000140008b08 f   mfc140:mfc140.dll
 0001:00007b0e       ?AddToRecentFileList@CWinApp@@UEAAXPEBD@Z 0000000140008b0e f   mfc140:mfc140.dll
 0001:00007b14       ?InitApplication@CWinApp@@UEAAHXZ 0000000140008b14 f   mfc140:mfc140.dll
 0001:00007b1a       ?SaveAllModified@CWinApp@@UEAAHXZ 0000000140008b1a f   mfc140:mfc140.dll
 0001:00007b20       ?DoMessageBox@CWinApp@@UEAAHPEBDII@Z 0000000140008b20 f   mfc140:mfc140.dll
 0001:00007b26       ?DoWaitCursor@CWinApp@@UEAAXH@Z 0000000140008b26 f   mfc140:mfc140.dll
 0001:00007b2c       ?OnDDECommand@CWinApp@@UEAAHPEAD@Z 0000000140008b2c f   mfc140:mfc140.dll
 0001:00007b32       ?WinHelpA@CWinApp@@UEAAX_KI@Z 0000000140008b32 f   mfc140:mfc140.dll
 0001:00007b38       ?HtmlHelpA@CWinApp@@UEAAX_KI@Z 0000000140008b38 f   mfc140:mfc140.dll
 0001:00007b3e       ?WinHelpInternal@CWinApp@@UEAAX_KI@Z 0000000140008b3e f   mfc140:mfc140.dll
 0001:00007b44       ?RegisterWithRestartManager@CWinApp@@UEAAJPEB_WKP6AKPEAX@Z1KK@Z 0000000140008b44 f   mfc140:mfc140.dll
 0001:00007b4a       ?RegisterWithRestartManager@CWinApp@@UEAAJHAEBV?$CStringT@DV?$StrTraitMFC_DLL@DV?$ChTraitsCRT@D@ATL@@@@@ATL@@@Z 0000000140008b4a f   mfc140:mfc140.dll
 0001:00007b50       ?ApplicationRecoveryCallback@CWinApp@@UEAAKPEAX@Z 0000000140008b50 f   mfc140:mfc140.dll
 0001:00007b56       ?GetDataRecoveryHandler@CWinApp@@UEAAPEAVCDataRecoveryHandler@@XZ 0000000140008b56 f   mfc140:mfc140.dll
 0001:00007b5c       ?IsTaskbarInteractionEnabled@CWinApp@@UEAAHXZ 0000000140008b5c f   mfc140:mfc140.dll
 0001:00007b62       ?RestartInstance@CWinApp@@UEAAHXZ 0000000140008b62 f   mfc140:mfc140.dll
 0001:00007b68       ?LoadAppLangResourceDLL@CWinApp@@UEAAPEAUHINSTANCE__@@XZ 0000000140008b68 f   mfc140:mfc140.dll
 0001:00007b6e       ?LoadSysPolicies@CWinApp@@UEAAHXZ 0000000140008b6e f   mfc140:mfc140.dll
 0001:00007b74       ??2@YAPEAX_K@Z             0000000140008b74 f   mfc140:mfc140.dll
 0001:00007b7a       ?CharToItem@CListBox@@UEAAHII@Z 0000000140008b7a f   mfc140:mfc140.dll
 0001:00007b80       ?VKeyToItem@CListBox@@UEAAHII@Z 0000000140008b80 f   mfc140:mfc140.dll
 0001:00007b86       ?DeleteItem@CListBox@@UEAAXPEAUtagDELETEITEMSTRUCT@@@Z 0000000140008b86 f   mfc140:mfc140.dll
 0001:00007b8c       ?CompareItem@CListBox@@UEAAHPEAUtagCOMPAREITEMSTRUCT@@@Z 0000000140008b8c f   mfc140:mfc140.dll
 0001:00007b92       ?MeasureItem@CListBox@@UEAAXPEAUtagMEASUREITEMSTRUCT@@@Z 0000000140008b92 f   mfc140:mfc140.dll
 0001:00007b98       ?DrawItem@CListBox@@UEAAXPEAUtagDRAWITEMSTRUCT@@@Z 0000000140008b98 f   mfc140:mfc140.dll
 0001:00007b9e       ?Create@CListBox@@UEAAHKAEBUtagRECT@@PEAVCWnd@@I@Z 0000000140008b9e f   mfc140:mfc140.dll
 0001:00007ba4       ?GetOccDialogInfo@CWnd@@MEAAPEAU_AFX_OCC_DIALOG_INFO@@XZ 0000000140008ba4 f   mfc140:mfc140.dll
 0001:00007baa       ?SetOccDialogInfo@CWnd@@MEAAHPEAU_AFX_OCC_DIALOG_INFO@@@Z 0000000140008baa f   mfc140:mfc140.dll
 0001:00007bb0       ?CreateControlSite@CWnd@@MEAAHPEAVCOleControlContainer@@PEAPEAVCOleControlSite@@IAEBU_GUID@@@Z 0000000140008bb0 f   mfc140:mfc140.dll
 0001:00007bb6       ?CreateControlContainer@CWnd@@MEAAHPEAPEAVCOleControlContainer@@@Z 0000000140008bb6 f   mfc140:mfc140.dll
 0001:00007bbc       ?IsFrameWnd@CWnd@@UEBAHXZ  0000000140008bbc f   mfc140:mfc140.dll
 0001:00007bc2       ?CheckAutoCenter@CWnd@@UEAAHXZ 0000000140008bc2 f   mfc140:mfc140.dll
 0001:00007bc8       ?ResizeDynamicLayout@CWnd@@MEAAXXZ 0000000140008bc8 f   mfc140:mfc140.dll
 0001:00007bce       ?OnGesturePressAndTap@CWnd@@MEAAHVCPoint@@J@Z 0000000140008bce f   mfc140:mfc140.dll
 0001:00007bd4       ?OnGestureTwoFingerTap@CWnd@@MEAAHVCPoint@@@Z 0000000140008bd4 f   mfc140:mfc140.dll
 0001:00007bda       ?OnGestureRotate@CWnd@@MEAAHVCPoint@@N@Z 0000000140008bda f   mfc140:mfc140.dll
 0001:00007be0       ?OnGesturePan@CWnd@@MEAAHVCPoint@@0@Z 0000000140008be0 f   mfc140:mfc140.dll
 0001:00007be6       ?OnGestureZoom@CWnd@@MEAAHVCPoint@@J@Z 0000000140008be6 f   mfc140:mfc140.dll
 0001:00007bec       ?GetGestureStatus@CWnd@@MEAAKVCPoint@@@Z 0000000140008bec f   mfc140:mfc140.dll
 0001:00007bf2       ?OnTouchInput@CWnd@@MEAAHVCPoint@@HHPEAUtagTOUCHINPUT@@@Z 0000000140008bf2 f   mfc140:mfc140.dll
 0001:00007bf8       ?OnTouchInputs@CWnd@@MEAAHIPEAUtagTOUCHINPUT@@@Z 0000000140008bf8 f   mfc140:mfc140.dll
 0001:00007bfe       ?OnChildNotify@CListBox@@MEAAHI_K_JPEA_J@Z 0000000140008bfe f   mfc140:mfc140.dll
 0001:00007c04       ?PostNcDestroy@CWnd@@MEAAXXZ 0000000140008c04 f   mfc140:mfc140.dll
 0001:00007c0a       ?DefWindowProcA@CWnd@@MEAA_JI_K_J@Z 0000000140008c0a f   mfc140:mfc140.dll
 0001:00007c10       ?OnWndMsg@CWnd@@MEAAHI_K_JPEA_J@Z 0000000140008c10 f   mfc140:mfc140.dll
 0001:00007c16       ?WindowProc@CWnd@@MEAA_JI_K_J@Z 0000000140008c16 f   mfc140:mfc140.dll
 0001:00007c1c       ?OnAmbientProperty@CWnd@@UEAAHPEAVCOleControlSite@@JPEAUtagVARIANT@@@Z 0000000140008c1c f   mfc140:mfc140.dll
 0001:00007c22       ?PreTranslateMessage@CWnd@@UEAAHPEAUtagMSG@@@Z 0000000140008c22 f   mfc140:mfc140.dll
 0001:00007c28       ?GetSuperWndProcAddr@CWnd@@MEAAPEAP6A_JPEAUHWND__@@I_K_J@ZXZ 0000000140008c28 f   mfc140:mfc140.dll
 0001:00007c2e       ?OnNotify@CWnd@@MEAAH_K_JPEA_J@Z 0000000140008c2e f   mfc140:mfc140.dll
 0001:00007c34       ?OnCommand@CWnd@@MEAAH_K_J@Z 0000000140008c34 f   mfc140:mfc140.dll
 0001:00007c3a       ?CreateAccessibleProxy@CWnd@@UEAAJ_K_JPEA_J@Z 0000000140008c3a f   mfc140:mfc140.dll
 0001:00007c40       ?SetProxy@CWnd@@UEAAJPEAUIAccessibleProxy@@@Z 0000000140008c40 f   mfc140:mfc140.dll
 0001:00007c46       ?put_accValue@CWnd@@UEAAJUtagVARIANT@@PEA_W@Z 0000000140008c46 f   mfc140:mfc140.dll
 0001:00007c4c       ?put_accName@CWnd@@UEAAJUtagVARIANT@@PEA_W@Z 0000000140008c4c f   mfc140:mfc140.dll
 0001:00007c52       ?accDoDefaultAction@CWnd@@UEAAJUtagVARIANT@@@Z 0000000140008c52 f   mfc140:mfc140.dll
 0001:00007c58       ?accHitTest@CWnd@@UEAAJJJPEAUtagVARIANT@@@Z 0000000140008c58 f   mfc140:mfc140.dll
 0001:00007c5e       ?accNavigate@CWnd@@UEAAJJUtagVARIANT@@PEAU2@@Z 0000000140008c5e f   mfc140:mfc140.dll
 0001:00007c64       ?accLocation@CWnd@@UEAAJPEAJ000UtagVARIANT@@@Z 0000000140008c64 f   mfc140:mfc140.dll
 0001:00007c6a       ?accSelect@CWnd@@UEAAJJUtagVARIANT@@@Z 0000000140008c6a f   mfc140:mfc140.dll
 0001:00007c70       ?get_accDefaultAction@CWnd@@UEAAJUtagVARIANT@@PEAPEA_W@Z 0000000140008c70 f   mfc140:mfc140.dll
 0001:00007c76       ?get_accSelection@CWnd@@UEAAJPEAUtagVARIANT@@@Z 0000000140008c76 f   mfc140:mfc140.dll
 0001:00007c7c       ?get_accFocus@CWnd@@UEAAJPEAUtagVARIANT@@@Z 0000000140008c7c f   mfc140:mfc140.dll
 0001:00007c82       ?get_accKeyboardShortcut@CWnd@@UEAAJUtagVARIANT@@PEAPEA_W@Z 0000000140008c82 f   mfc140:mfc140.dll
 0001:00007c88       ?get_accHelpTopic@CWnd@@UEAAJPEAPEA_WUtagVARIANT@@PEAJ@Z 0000000140008c88 f   mfc140:mfc140.dll
 0001:00007c8e       ?get_accHelp@CWnd@@UEAAJUtagVARIANT@@PEAPEA_W@Z 0000000140008c8e f   mfc140:mfc140.dll
 0001:00007c94       ?get_accState@CWnd@@UEAAJUtagVARIANT@@PEAU2@@Z 0000000140008c94 f   mfc140:mfc140.dll
 0001:00007c9a       ?get_accRole@CWnd@@UEAAJUtagVARIANT@@PEAU2@@Z 0000000140008c9a f   mfc140:mfc140.dll
 0001:00007ca0       ?get_accDescription@CWnd@@UEAAJUtagVARIANT@@PEAPEA_W@Z 0000000140008ca0 f   mfc140:mfc140.dll
 0001:00007ca6       ?get_accValue@CWnd@@UEAAJUtagVARIANT@@PEAPEA_W@Z 0000000140008ca6 f   mfc140:mfc140.dll
 0001:00007cac       ?get_accName@CWnd@@UEAAJUtagVARIANT@@PEAPEA_W@Z 0000000140008cac f   mfc140:mfc140.dll
 0001:00007cb2       ?get_accChild@CWnd@@UEAAJUtagVARIANT@@PEAPEAUIDispatch@@@Z 0000000140008cb2 f   mfc140:mfc140.dll
 0001:00007cb8       ?get_accChildCount@CWnd@@UEAAJPEAJ@Z 0000000140008cb8 f   mfc140:mfc140.dll
 0001:00007cbe       ?get_accParent@CWnd@@UEAAJPEAPEAUIDispatch@@@Z 0000000140008cbe f   mfc140:mfc140.dll
 0001:00007cc4       ?EnsureStdObj@CWnd@@UEAAJXZ 0000000140008cc4 f   mfc140:mfc140.dll
 0001:00007cca       ?OnDrawIconicThumbnailOrLivePreview@CWnd@@UEAAXAEAVCDC@@VCRect@@VCSize@@HAEAH@Z 0000000140008cca f   mfc140:mfc140.dll
 0001:00007cd0       ?EndModalLoop@CWnd@@UEAAXH@Z 0000000140008cd0 f   mfc140:mfc140.dll
 0001:00007cd6       ?ContinueModal@CWnd@@UEAAHXZ 0000000140008cd6 f   mfc140:mfc140.dll
 0001:00007cdc       ?WinHelpInternal@CWnd@@UEAAX_KI@Z 0000000140008cdc f   mfc140:mfc140.dll
 0001:00007ce2       ?HtmlHelpA@CWnd@@UEAAX_KI@Z 0000000140008ce2 f   mfc140:mfc140.dll
 0001:00007ce8       ?WinHelpA@CWnd@@UEAAX_KI@Z 0000000140008ce8 f   mfc140:mfc140.dll
 0001:00007cee       ?GetScrollBarCtrl@CWnd@@UEBAPEAVCScrollBar@@H@Z 0000000140008cee f   mfc140:mfc140.dll
 0001:00007cf4       ?OnToolHitTest@CWnd@@UEBA_JVCPoint@@PEAUtagTOOLINFOA@@@Z 0000000140008cf4 f   mfc140:mfc140.dll
 0001:00007cfa       ?SetMenu@CWnd@@UEAAHPEAVCMenu@@@Z 0000000140008cfa f   mfc140:mfc140.dll
 0001:00007d00       ?GetMenu@CWnd@@UEBAPEAVCMenu@@XZ 0000000140008d00 f   mfc140:mfc140.dll
 0001:00007d06       ?CalcWindowRect@CWnd@@UEAAXPEAUtagRECT@@I@Z 0000000140008d06 f   mfc140:mfc140.dll
 0001:00007d0c       ?PreCreateWindow@CWnd@@UEAAHAEAUtagCREATESTRUCTA@@@Z 0000000140008d0c f   mfc140:mfc140.dll
 0001:00007d12       ?DestroyWindow@CWnd@@UEAAHXZ 0000000140008d12 f   mfc140:mfc140.dll
 0001:00007d18       ?CreateEx@CWnd@@UEAAHKPEBD0KHHHHPEAUHWND__@@PEAUHMENU__@@PEAX@Z 0000000140008d18 f   mfc140:mfc140.dll
 0001:00007d1e       ?CreateEx@CWnd@@UEAAHKPEBD0KAEBUtagRECT@@PEAV1@IPEAX@Z 0000000140008d1e f   mfc140:mfc140.dll
 0001:00007d24       ?Create@CWnd@@UEAAHPEBD0KAEBUtagRECT@@PEAV1@IPEAUCCreateContext@@@Z 0000000140008d24 f   mfc140:mfc140.dll
 0001:00007d2a       ?PreSubclassWindow@CWnd@@UEAAXXZ 0000000140008d2a f   mfc140:mfc140.dll
 0001:00007d30       ?GetInterfaceMap@CWnd@@MEBAPEBUAFX_INTERFACEMAP@@XZ 0000000140008d30 f   mfc140:mfc140.dll
 0001:00007d36       ?GetMessageMap@CWnd@@MEBAPEBUAFX_MSGMAP@@XZ 0000000140008d36 f   mfc140:mfc140.dll
 0001:00007d3c       ?OnFinalRelease@CWnd@@UEAAXXZ 0000000140008d3c f   mfc140:mfc140.dll
 0001:00007d42       ?GetRuntimeClass@CListBox@@UEBAPEAUCRuntimeClass@@XZ 0000000140008d42 f   mfc140:mfc140.dll
 0001:00007d48       ?AfxGetModuleState@@YAPEAVAFX_MODULE_STATE@@XZ 0000000140008d48 f   mfc140:mfc140.dll
 0001:00007d4e       ?GetThisMessageMap@CDialog@@KAPEBUAFX_MSGMAP@@XZ 0000000140008d4e f   mfc140:mfc140.dll
 0001:00007d54       ?GetRuntimeClass@CDialog@@UEBAPEAUCRuntimeClass@@XZ 0000000140008d54 f   mfc140:mfc140.dll
 0001:00007d5a       ?OnCmdMsg@CDialog@@UEAAHIHPEAXPEAUAFX_CMDHANDLERINFO@@@Z 0000000140008d5a f   mfc140:mfc140.dll
 0001:00007d60       ?PreTranslateMessage@CDialog@@UEAAHPEAUtagMSG@@@Z 0000000140008d60 f   mfc140:mfc140.dll
 0001:00007d66       ?OnChildNotify@CWnd@@MEAAHI_K_JPEA_J@Z 0000000140008d66 f   mfc140:mfc140.dll
 0001:00007d6c       ?CheckAutoCenter@CDialog@@UEAAHXZ 0000000140008d6c f   mfc140:mfc140.dll
 0001:00007d72       ?SetOccDialogInfo@CDialog@@MEAAHPEAU_AFX_OCC_DIALOG_INFO@@@Z 0000000140008d72 f   mfc140:mfc140.dll
 0001:00007d78       ?GetOccDialogInfo@CDialog@@MEAAPEAU_AFX_OCC_DIALOG_INFO@@XZ 0000000140008d78 f   mfc140:mfc140.dll
 0001:00007d7e       ?Create@CDialog@@UEAAHPEBDPEAVCWnd@@@Z 0000000140008d7e f   mfc140:mfc140.dll
 0001:00007d84       ?CreateIndirect@CDialog@@UEAAHPEAXPEAVCWnd@@@Z 0000000140008d84 f   mfc140:mfc140.dll
 0001:00007d8a       ?CreateIndirect@CDialog@@UEAAHPEBUDLGTEMPLATE@@PEAVCWnd@@PEAX@Z 0000000140008d8a f   mfc140:mfc140.dll
 0001:00007d90       ?OnSetFont@CDialog@@UEAAXPEAVCFont@@@Z 0000000140008d90 f   mfc140:mfc140.dll
 0001:00007d96       ?OnOK@CDialog@@MEAAXXZ     0000000140008d96 f   mfc140:mfc140.dll
 0001:00007d9c       ?PreInitDialog@CDialog@@MEAAXXZ 0000000140008d9c f   mfc140:mfc140.dll
 0001:00007dc0       __security_check_cookie    0000000140008dc0 f   msvcrt:_amdsecgs_.obj
 0001:00007de4       ??_Gtype_info@@UEAAPEAXI@Z 0000000140008de4 f i msvcrt:std_type_info_static.obj
 0001:00007de4       ??_Etype_info@@UEAAPEAXI@Z 0000000140008de4 f i msvcrt:std_type_info_static.obj
 0001:00007e10       __scrt_acquire_startup_lock 0000000140008e10 f   msvcrt:utility.obj
 0001:00007e4c       __scrt_initialize_crt      0000000140008e4c f   msvcrt:utility.obj
 0001:00007e98       __scrt_initialize_onexit_tables 0000000140008e98 f   msvcrt:utility.obj
 0001:00007f64       __scrt_is_nonwritable_in_current_image 0000000140008f64 f   msvcrt:utility.obj
 0001:00008000       __scrt_release_startup_lock 0000000140009000 f   msvcrt:utility.obj
 0001:00008024       __scrt_uninitialize_crt    0000000140009024 f   msvcrt:utility.obj
 0001:00008050       _onexit                    0000000140009050 f   msvcrt:utility.obj
 0001:000080a0       atexit                     00000001400090a0 f   msvcrt:utility.obj
 0001:000080b8       ??3@YAXPEAX_K@Z            00000001400090b8 f   msvcrt:delete_scalar_size.obj
 0001:000080c0       __raise_securityfailure    00000001400090c0 f   msvcrt:gs_report.obj
 0001:000080f4       __report_gsfailure         00000001400090f4 f   msvcrt:gs_report.obj
 0001:000085d8       WinMainCRTStartup          00000001400095d8 f   msvcrt:exe_winmain.obj
 0001:000085ec       _guard_check_icall         00000001400095ec f i msvcrt:checkcfg.obj
 0001:000085f4       __isa_available_init       00000001400095f4 f   msvcrt:_cpu_disp_.obj
 0001:000087bc       _get_startup_argv_mode     00000001400097bc f   msvcrt:argv_mode.obj
 0001:000087c4       __scrt_is_ucrt_dll_in_use  00000001400097c4 f   msvcrt:ucrt_detection.obj
 0001:000087d0       __scrt_fastfail            00000001400097d0 f   msvcrt:utility_desktop.obj
 0001:00008918       __scrt_get_show_window_mode 0000000140009918 f   msvcrt:utility_desktop.obj
 0001:00008954       __scrt_is_managed_app      0000000140009954 f   msvcrt:utility_desktop.obj
 0001:000089a8       __scrt_set_unhandled_exception_filter 00000001400099a8 f   msvcrt:utility_desktop.obj
 0001:000089b8       __scrt_unhandled_exception_filter 00000001400099b8 f   msvcrt:utility_desktop.obj
 0001:000089f0       __security_init_cookie     00000001400099f0 f   msvcrt:gs_support.obj
 0001:00008a9c       _get_startup_file_mode     0000000140009a9c f   msvcrt:file_mode.obj
 0001:00008aa4       ?__scrt_initialize_type_info@@YAXXZ 0000000140009aa4 f   msvcrt:tncleanup.obj
 0001:00008ab4       __acrt_uninitialize        0000000140009ab4 f   msvcrt:ucrt_stubs.obj
 0001:00008ab4       __scrt_stub_for_acrt_uninitialize 0000000140009ab4 f   msvcrt:ucrt_stubs.obj
 0001:00008ab4       __acrt_initialize          0000000140009ab4 f   msvcrt:ucrt_stubs.obj
 0001:00008ab4       __scrt_stub_for_acrt_initialize 0000000140009ab4 f   msvcrt:ucrt_stubs.obj
 0001:00008ab4       _should_initialize_environment 0000000140009ab4 f   msvcrt:env_mode.obj
 0001:00008ab4       __vcrt_uninitialize        0000000140009ab4 f   msvcrt:ucrt_stubs.obj
 0001:00008ab4       __vcrt_initialize          0000000140009ab4 f   msvcrt:ucrt_stubs.obj
 0001:00008ab8       __local_stdio_scanf_options 0000000140009ab8 f i msvcrt:default_local_stdio_options.obj
 0001:00008ac0       __scrt_initialize_default_local_stdio_options 0000000140009ac0 f   msvcrt:default_local_stdio_options.obj
 0001:00008adc       __scrt_is_user_matherr_present 0000000140009adc f   msvcrt:matherr_detection.obj
 0001:00008ae8       __scrt_get_dyn_tls_init_callback 0000000140009ae8 f   msvcrt:dyn_tls_init.obj
 0001:00008af0       __scrt_get_dyn_tls_dtor_callback 0000000140009af0 f   msvcrt:dyn_tls_dtor.obj
 0001:00008af8       _RTC_Initialize            0000000140009af8 f   msvcrt:_initsect_.obj
 0001:00008b44       _RTC_Terminate             0000000140009b44 f   msvcrt:_initsect_.obj
 0001:00008b90       __GSHandlerCheck           0000000140009b90 f   msvcrt:_gshandler_.obj
 0001:00008bb0       __GSHandlerCheckCommon     0000000140009bb0 f   msvcrt:_gshandler_.obj
 0001:00008c10       IsProcessorFeaturePresent  0000000140009c10 f   kernel32:KERNEL32.dll
 0001:00008c18       ??0CAtlBaseModule@ATL@@QEAA@XZ 0000000140009c18 f   atls:atlbase.obj
 0001:00008cc0       ??1CAtlBaseModule@ATL@@QEAA@XZ 0000000140009cc0 f   atls:atlbase.obj
 0001:00008cf4       ??_G_Fac_node@std@@QEAAPEAXI@Z 0000000140009cf4 f i msvcprt:locale0_implib.obj
 0001:00008d80       ?_Facet_Register@std@@YAXPEAV_Facet_base@1@@Z 0000000140009d80 f   msvcprt:locale0_implib.obj
 0001:00008db8       ?showmanyc@?$basic_streambuf@DU?$char_traits@D@std@@@std@@MEAA_JXZ 0000000140009db8 f   msvcprt:MSVCP140.dll
 0001:00008dbe       ?xsgetn@?$basic_streambuf@DU?$char_traits@D@std@@@std@@MEAA_JPEAD_J@Z 0000000140009dbe f   msvcprt:MSVCP140.dll
 0001:00008dc4       ?xsputn@?$basic_streambuf@DU?$char_traits@D@std@@@std@@MEAA_JPEBD_J@Z 0000000140009dc4 f   msvcprt:MSVCP140.dll
 0001:00008dca       __std_terminate            0000000140009dca f   vcruntime:VCRUNTIME140.dll
 0001:00008dd0       memset                     0000000140009dd0 f   vcruntime:VCRUNTIME140.dll
 0001:00008dd6       __C_specific_handler       0000000140009dd6 f   vcruntime:VCRUNTIME140.dll
 0001:00008ddc       __CxxFrameHandler3         0000000140009ddc f   vcruntime:VCRUNTIME140.dll
 0001:00008de2       __vcrt_InitializeCriticalSectionEx 0000000140009de2 f   vcruntime:VCRUNTIME140.dll
 0001:00008de8       exit                       0000000140009de8 f   ucrt:api-ms-win-crt-runtime-l1-1-0.dll
 0001:00008dee       free                       0000000140009dee f   ucrt:api-ms-win-crt-heap-l1-1-0.dll
 0001:00008df4       _configure_narrow_argv     0000000140009df4 f   ucrt:api-ms-win-crt-runtime-l1-1-0.dll
 0001:00008dfa       _initialize_narrow_environment 0000000140009dfa f   ucrt:api-ms-win-crt-runtime-l1-1-0.dll
 0001:00008e00       _initialize_onexit_table   0000000140009e00 f   ucrt:api-ms-win-crt-runtime-l1-1-0.dll
 0001:00008e06       _register_onexit_function  0000000140009e06 f   ucrt:api-ms-win-crt-runtime-l1-1-0.dll
 0001:00008e0c       _crt_atexit                0000000140009e0c f   ucrt:api-ms-win-crt-runtime-l1-1-0.dll
 0001:00008e12       _cexit                     0000000140009e12 f   ucrt:api-ms-win-crt-runtime-l1-1-0.dll
 0001:00008e18       _seh_filter_exe            0000000140009e18 f   ucrt:api-ms-win-crt-runtime-l1-1-0.dll
 0001:00008e1e       _set_app_type              0000000140009e1e f   ucrt:api-ms-win-crt-runtime-l1-1-0.dll
 0001:00008e24       __setusermatherr           0000000140009e24 f   ucrt:api-ms-win-crt-math-l1-1-0.dll
 0001:00008e2a       _get_narrow_winmain_command_line 0000000140009e2a f   ucrt:api-ms-win-crt-runtime-l1-1-0.dll
 0001:00008e30       _initterm                  0000000140009e30 f   ucrt:api-ms-win-crt-runtime-l1-1-0.dll
 0001:00008e36       _initterm_e                0000000140009e36 f   ucrt:api-ms-win-crt-runtime-l1-1-0.dll
 0001:00008e3c       _exit                      0000000140009e3c f   ucrt:api-ms-win-crt-runtime-l1-1-0.dll
 0001:00008e42       _set_fmode                 0000000140009e42 f   ucrt:api-ms-win-crt-stdio-l1-1-0.dll
 0001:00008e48       _c_exit                    0000000140009e48 f   ucrt:api-ms-win-crt-runtime-l1-1-0.dll
 0001:00008e4e       _register_thread_local_exe_atexit_callback 0000000140009e4e f   ucrt:api-ms-win-crt-runtime-l1-1-0.dll
 0001:00008e54       _configthreadlocale        0000000140009e54 f   ucrt:api-ms-win-crt-locale-l1-1-0.dll
 0001:00008e5a       _set_new_mode              0000000140009e5a f   ucrt:api-ms-win-crt-heap-l1-1-0.dll
 0001:00008e60       __p__commode               0000000140009e60 f   ucrt:api-ms-win-crt-stdio-l1-1-0.dll
 0001:00008e66       terminate                  0000000140009e66 f   ucrt:api-ms-win-crt-runtime-l1-1-0.dll
 0001:00008e6c       ?AfxInitialize@@YAHHK@Z    0000000140009e6c f   mfcs140:appmodul.obj
 0001:00008ea4       WinMain                    0000000140009ea4 f   mfcs140:appmodul.obj
 0001:00008eaa       ?AfxWinMain@@YAHPEAUHINSTANCE__@@0PEADH@Z 0000000140009eaa f   mfc140:mfc140.dll
 0001:00008eb0       __GSHandlerCheck_EH        0000000140009eb0 f   msvcrt:gshandlereh.obj
 0001:00008f40       __chkstk                   0000000140009f40 f   msvcrt:_chkstk_.obj
 0001:00008f40       _alloca_probe              0000000140009f40 f   msvcrt:_chkstk_.obj
 0001:00008f92       _CxxThrowException         0000000140009f92 f   vcruntime:VCRUNTIME140.dll
 0001:00008f98       memcpy                     0000000140009f98 f   vcruntime:VCRUNTIME140.dll
 0001:00008fb0       _guard_dispatch_icall_nop  0000000140009fb0 f   msvcrt:_guard_dispatch_.obj
 0002:00000000       __imp_InitCommonControlsEx 000000014000b000     comctl32:COMCTL32.dll
 0002:00000008       \177COMCTL32_NULL_THUNK_DATA 000000014000b008     comctl32:COMCTL32.dll
 0002:00000010       __imp_EnterCriticalSection 000000014000b010     kernel32:KERNEL32.dll
 0002:00000018       __imp_LeaveCriticalSection 000000014000b018     kernel32:KERNEL32.dll
 0002:00000020       __imp_GetCurrentThreadId   000000014000b020     kernel32:KERNEL32.dll
 0002:00000028       __imp_InitializeCriticalSection 000000014000b028     kernel32:KERNEL32.dll
 0002:00000030       __imp_DeleteCriticalSection 000000014000b030     kernel32:KERNEL32.dll
 0002:00000038       __imp_CreateEventA         000000014000b038     kernel32:KERNEL32.dll
 0002:00000040       __imp_WaitForSingleObject  000000014000b040     kernel32:KERNEL32.dll
 0002:00000048       __imp_GetPrivateProfileStringA 000000014000b048     kernel32:KERNEL32.dll
 0002:00000050       __imp_CreateSemaphoreA     000000014000b050     kernel32:KERNEL32.dll
 0002:00000058       __imp_ReleaseSemaphore     000000014000b058     kernel32:KERNEL32.dll
 0002:00000060       __imp_InitializeCriticalSectionAndSpinCount 000000014000b060     kernel32:KERNEL32.dll
 0002:00000068       __imp_GetLastError         000000014000b068     kernel32:KERNEL32.dll
 0002:00000070       __imp_CreateWaitableTimerA 000000014000b070     kernel32:KERNEL32.dll
 0002:00000078       __imp_OutputDebugStringW   000000014000b078     kernel32:KERNEL32.dll
 0002:00000080       __imp_WaitForMultipleObjects 000000014000b080     kernel32:KERNEL32.dll
 0002:00000088       __imp_CancelWaitableTimer  000000014000b088     kernel32:KERNEL32.dll
 0002:00000090       __imp_SetWaitableTimer     000000014000b090     kernel32:KERNEL32.dll
 0002:00000098       __imp_GetCurrentDirectoryA 000000014000b098     kernel32:KERNEL32.dll
 0002:000000a0       __imp_GetLocalTime         000000014000b0a0     kernel32:KERNEL32.dll
 0002:000000a8       __imp_GetStartupInfoA      000000014000b0a8     kernel32:KERNEL32.dll
 0002:000000b0       __imp_CreateProcessA       000000014000b0b0     kernel32:KERNEL32.dll
 0002:000000b8       __imp_ResetEvent           000000014000b0b8     kernel32:KERNEL32.dll
 0002:000000c0       __imp_SetThreadPriority    000000014000b0c0     kernel32:KERNEL32.dll
 0002:000000c8       __imp_TerminateThread      000000014000b0c8     kernel32:KERNEL32.dll
 0002:000000d0       __imp_GetPrivateProfileIntA 000000014000b0d0     kernel32:KERNEL32.dll
 0002:000000d8       __imp_Sleep                000000014000b0d8     kernel32:KERNEL32.dll
 0002:000000e0       __imp_QueryPerformanceFrequency 000000014000b0e0     kernel32:KERNEL32.dll
 0002:000000e8       __imp_QueryPerformanceCounter 000000014000b0e8     kernel32:KERNEL32.dll
 0002:000000f0       __imp_GetComputerNameA     000000014000b0f0     kernel32:KERNEL32.dll
 0002:000000f8       __imp_WriteFile            000000014000b0f8     kernel32:KERNEL32.dll
 0002:00000100       __imp_CreateFileA          000000014000b100     kernel32:KERNEL32.dll
 0002:00000108       __imp_CreateMailslotA      000000014000b108     kernel32:KERNEL32.dll
 0002:00000110       __imp_ReadFile             000000014000b110     kernel32:KERNEL32.dll
 0002:00000118       __imp_GetOverlappedResult  000000014000b118     kernel32:KERNEL32.dll
 0002:00000120       __imp_RtlCaptureContext    000000014000b120     kernel32:KERNEL32.dll
 0002:00000128       __imp_RtlLookupFunctionEntry 000000014000b128     kernel32:KERNEL32.dll
 0002:00000130       __imp_RtlVirtualUnwind     000000014000b130     kernel32:KERNEL32.dll
 0002:00000138       __imp_UnhandledExceptionFilter 000000014000b138     kernel32:KERNEL32.dll
 0002:00000140       __imp_SetUnhandledExceptionFilter 000000014000b140     kernel32:KERNEL32.dll
 0002:00000148       __imp_GetCurrentProcess    000000014000b148     kernel32:KERNEL32.dll
 0002:00000150       __imp_TerminateProcess     000000014000b150     kernel32:KERNEL32.dll
 0002:00000158       __imp_IsProcessorFeaturePresent 000000014000b158     kernel32:KERNEL32.dll
 0002:00000160       __imp_CreateEventW         000000014000b160     kernel32:KERNEL32.dll
 0002:00000168       __imp_GetModuleHandleW     000000014000b168     kernel32:KERNEL32.dll
 0002:00000170       __imp_GetProcAddress       000000014000b170     kernel32:KERNEL32.dll
 0002:00000178       __imp_IsDebuggerPresent    000000014000b178     kernel32:KERNEL32.dll
 0002:00000180       __imp_GetStartupInfoW      000000014000b180     kernel32:KERNEL32.dll
 0002:00000188       __imp_GetCurrentProcessId  000000014000b188     kernel32:KERNEL32.dll
 0002:00000190       __imp_GetSystemTimeAsFileTime 000000014000b190     kernel32:KERNEL32.dll
 0002:00000198       __imp_InitializeSListHead  000000014000b198     kernel32:KERNEL32.dll
 0002:000001a0       __imp_CloseHandle          000000014000b1a0     kernel32:KERNEL32.dll
 0002:000001a8       __imp_SetEvent             000000014000b1a8     kernel32:KERNEL32.dll
 0002:000001b0       \177KERNEL32_NULL_THUNK_DATA 000000014000b1b0     kernel32:KERNEL32.dll
 0002:000001b8       __imp_?_Osfx@?$basic_ostream@DU?$char_traits@D@std@@@std@@QEAAXXZ 000000014000b1b8     msvcprt:MSVCP140.dll
 0002:000001c0       __imp_?uncaught_exception@std@@YA_NXZ 000000014000b1c0     msvcprt:MSVCP140.dll
 0002:000001c8       __imp_?id@?$codecvt@DDU_Mbstatet@@@std@@2V0locale@2@A 000000014000b1c8     msvcprt:MSVCP140.dll
 0002:000001d0       __imp_?_Fiopen@std@@YAPEAU_iobuf@@PEBDHH@Z 000000014000b1d0     msvcprt:MSVCP140.dll
 0002:000001d8       __imp_?_BADOFF@std@@3_JB   000000014000b1d8     msvcprt:MSVCP140.dll
 0002:000001e0       __imp_?_Getgloballocale@locale@std@@CAPEAV_Locimp@12@XZ 000000014000b1e0     msvcprt:MSVCP140.dll
 0002:000001e8       __imp_??1_Lockit@std@@QEAA@XZ 000000014000b1e8     msvcprt:MSVCP140.dll
 0002:000001f0       __imp_??0_Lockit@std@@QEAA@H@Z 000000014000b1f0     msvcprt:MSVCP140.dll
 0002:000001f8       __imp_?_Xlength_error@std@@YAXPEBD@Z 000000014000b1f8     msvcprt:MSVCP140.dll
 0002:00000200       __imp_?_Xbad_alloc@std@@YAXXZ 000000014000b200     msvcprt:MSVCP140.dll
 0002:00000208       __imp_??Bid@locale@std@@QEAA_KXZ 000000014000b208     msvcprt:MSVCP140.dll
 0002:00000210       __imp_?sputn@?$basic_streambuf@DU?$char_traits@D@std@@@std@@QEAA_JPEBD_J@Z 000000014000b210     msvcprt:MSVCP140.dll
 0002:00000218       __imp_?put@?$basic_ostream@DU?$char_traits@D@std@@@std@@QEAAAEAV12@D@Z 000000014000b218     msvcprt:MSVCP140.dll
 0002:00000220       __imp_?always_noconv@codecvt_base@std@@QEBA_NXZ 000000014000b220     msvcprt:MSVCP140.dll
 0002:00000228       __imp_??6?$basic_ostream@DU?$char_traits@D@std@@@std@@QEAAAEAV01@P6AAEAV01@AEAV01@@Z@Z 000000014000b228     msvcprt:MSVCP140.dll
 0002:00000230       __imp_??1?$basic_ostream@DU?$char_traits@D@std@@@std@@UEAA@XZ 000000014000b230     msvcprt:MSVCP140.dll
 0002:00000238       __imp_?xsputn@?$basic_streambuf@DU?$char_traits@D@std@@@std@@MEAA_JPEBD_J@Z 000000014000b238     msvcprt:MSVCP140.dll
 0002:00000240       __imp_?xsgetn@?$basic_streambuf@DU?$char_traits@D@std@@@std@@MEAA_JPEAD_J@Z 000000014000b240     msvcprt:MSVCP140.dll
 0002:00000248       __imp_?showmanyc@?$basic_streambuf@DU?$char_traits@D@std@@@std@@MEAA_JXZ 000000014000b248     msvcprt:MSVCP140.dll
 0002:00000250       __imp_??1?$basic_streambuf@DU?$char_traits@D@std@@@std@@UEAA@XZ 000000014000b250     msvcprt:MSVCP140.dll
 0002:00000258       __imp_??1?$basic_ios@DU?$char_traits@D@std@@@std@@UEAA@XZ 000000014000b258     msvcprt:MSVCP140.dll
 0002:00000260       __imp_?out@?$codecvt@DDU_Mbstatet@@@std@@QEBAHAEAU_Mbstatet@@PEBD1AEAPEBDPEAD3AEAPEAD@Z 000000014000b260     msvcprt:MSVCP140.dll
 0002:00000268       __imp_?in@?$codecvt@DDU_Mbstatet@@@std@@QEBAHAEAU_Mbstatet@@PEBD1AEAPEBDPEAD3AEAPEAD@Z 000000014000b268     msvcprt:MSVCP140.dll
 0002:00000270       __imp_??0?$basic_ostream@DU?$char_traits@D@std@@@std@@QEAA@PEAV?$basic_streambuf@DU?$char_traits@D@std@@@1@_N@Z 000000014000b270     msvcprt:MSVCP140.dll
 0002:00000278       __imp_?flush@?$basic_ostream@DU?$char_traits@D@std@@@std@@QEAAAEAV12@XZ 000000014000b278     msvcprt:MSVCP140.dll
 0002:00000280       __imp_?_Getcat@?$codecvt@DDU_Mbstatet@@@std@@SA_KPEAPEBVfacet@locale@2@PEBV42@@Z 000000014000b280     msvcprt:MSVCP140.dll
 0002:00000288       __imp_?widen@?$basic_ios@DU?$char_traits@D@std@@@std@@QEBADD@Z 000000014000b288     msvcprt:MSVCP140.dll
 0002:00000290       __imp_?sputc@?$basic_streambuf@DU?$char_traits@D@std@@@std@@QEAAHD@Z 000000014000b290     msvcprt:MSVCP140.dll
 0002:00000298       __imp_??0?$basic_streambuf@DU?$char_traits@D@std@@@std@@IEAA@XZ 000000014000b298     msvcprt:MSVCP140.dll
 0002:000002a0       __imp_?getloc@?$basic_streambuf@DU?$char_traits@D@std@@@std@@QEBA?AVlocale@2@XZ 000000014000b2a0     msvcprt:MSVCP140.dll
 0002:000002a8       __imp_?_Init@?$basic_streambuf@DU?$char_traits@D@std@@@std@@IEAAXXZ 000000014000b2a8     msvcprt:MSVCP140.dll
 0002:000002b0       __imp_?unshift@?$codecvt@DDU_Mbstatet@@@std@@QEBAHAEAU_Mbstatet@@PEAD1AEAPEAD@Z 000000014000b2b0     msvcprt:MSVCP140.dll
 0002:000002b8       __imp_?clear@?$basic_ios@DU?$char_traits@D@std@@@std@@QEAAXH_N@Z 000000014000b2b8     msvcprt:MSVCP140.dll
 0002:000002c0       __imp_?setstate@?$basic_ios@DU?$char_traits@D@std@@@std@@QEAAXH_N@Z 000000014000b2c0     msvcprt:MSVCP140.dll
 0002:000002c8       __imp_??0?$basic_ios@DU?$char_traits@D@std@@@std@@IEAA@XZ 000000014000b2c8     msvcprt:MSVCP140.dll
 0002:000002d0       \177MSVCP140_NULL_THUNK_DATA 000000014000b2d0     msvcprt:MSVCP140.dll
 0002:000002d8       __imp_SQLFetch             000000014000b2d8     KizuODBC:ODBC32.dll
 0002:000002e0       __imp_SQLPrepare           000000014000b2e0     KizuODBC:ODBC32.dll
 0002:000002e8       __imp_SQLBindParameter     000000014000b2e8     KizuODBC:ODBC32.dll
 0002:000002f0       __imp_SQLParamData         000000014000b2f0     KizuODBC:ODBC32.dll
 0002:000002f8       __imp_SQLPutData           000000014000b2f8     KizuODBC:ODBC32.dll
 0002:00000300       __imp_SQLGetData           000000014000b300     KizuODBC:ODBC32.dll
 0002:00000308       __imp_SQLError             000000014000b308     KizuODBC:ODBC32.dll
 0002:00000310       __imp_SQLDisconnect        000000014000b310     KizuODBC:ODBC32.dll
 0002:00000318       __imp_SQLConnect           000000014000b318     KizuODBC:ODBC32.dll
 0002:00000320       __imp_SQLSetConnectAttr    000000014000b320     KizuODBC:ODBC32.dll
 0002:00000328       __imp_SQLGetDiagRec        000000014000b328     KizuODBC:ODBC32.dll
 0002:00000330       __imp_SQLFreeHandle        000000014000b330     KizuODBC:ODBC32.dll
 0002:00000338       __imp_SQLSetEnvAttr        000000014000b338     KizuODBC:ODBC32.dll
 0002:00000340       __imp_SQLAllocHandle       000000014000b340     KizuODBC:ODBC32.dll
 0002:00000348       __imp_SQLTransact          000000014000b348     KizuODBC:ODBC32.dll
 0002:00000350       __imp_SQLExecute           000000014000b350     KizuODBC:ODBC32.dll
 0002:00000358       __imp_SQLExecDirect        000000014000b358     KizuODBC:ODBC32.dll
 0002:00000360       \177ODBC32_NULL_THUNK_DATA 000000014000b360     KizuODBC:ODBC32.dll
 0002:00000368       __imp_PostThreadMessageA   000000014000b368     user32:USER32.dll
 0002:00000370       __imp_GetMessageA          000000014000b370     user32:USER32.dll
 0002:00000378       __imp_EnableWindow         000000014000b378     user32:USER32.dll
 0002:00000380       __imp_PeekMessageA         000000014000b380     user32:USER32.dll
 0002:00000388       __imp_PostMessageA         000000014000b388     user32:USER32.dll
 0002:00000390       __imp_KillTimer            000000014000b390     user32:USER32.dll
 0002:00000398       __imp_DrawIcon             000000014000b398     user32:USER32.dll
 0002:000003a0       __imp_GetClientRect        000000014000b3a0     user32:USER32.dll
 0002:000003a8       __imp_GetSystemMetrics     000000014000b3a8     user32:USER32.dll
 0002:000003b0       __imp_IsIconic             000000014000b3b0     user32:USER32.dll
 0002:000003b8       __imp_EnableMenuItem       000000014000b3b8     user32:USER32.dll
 0002:000003c0       __imp_GetSystemMenu        000000014000b3c0     user32:USER32.dll
 0002:000003c8       __imp_SendMessageA         000000014000b3c8     user32:USER32.dll
 0002:000003d0       __imp_LoadIconW            000000014000b3d0     user32:USER32.dll
 0002:000003d8       __imp_SetTimer             000000014000b3d8     user32:USER32.dll
 0002:000003e0       \177USER32_NULL_THUNK_DATA 000000014000b3e0     user32:USER32.dll
 0002:000003e8       __imp___CxxFrameHandler3   000000014000b3e8     vcruntime:VCRUNTIME140.dll
 0002:000003f0       __imp___C_specific_handler 000000014000b3f0     vcruntime:VCRUNTIME140.dll
 0002:000003f8       __imp_memcpy               000000014000b3f8     vcruntime:VCRUNTIME140.dll
 0002:00000400       __imp_memset               000000014000b400     vcruntime:VCRUNTIME140.dll
 0002:00000408       __imp___std_exception_destroy 000000014000b408     vcruntime:VCRUNTIME140.dll
 0002:00000410       __imp___std_exception_copy 000000014000b410     vcruntime:VCRUNTIME140.dll
 0002:00000418       __imp_memmove              000000014000b418     vcruntime:VCRUNTIME140.dll
 0002:00000420       __imp___std_terminate      000000014000b420     vcruntime:VCRUNTIME140.dll
 0002:00000428       __imp__CxxThrowException   000000014000b428     vcruntime:VCRUNTIME140.dll
 0002:00000430       __imp___vcrt_InitializeCriticalSectionEx 000000014000b430     vcruntime:VCRUNTIME140.dll
 0002:00000438       \177VCRUNTIME140_NULL_THUNK_DATA 000000014000b438     vcruntime:VCRUNTIME140.dll
 0002:00000440       __imp__lock_file           000000014000b440     ucrt:api-ms-win-crt-filesystem-l1-1-0.dll
 0002:00000448       __imp_rename               000000014000b448     ucrt:api-ms-win-crt-filesystem-l1-1-0.dll
 0002:00000450       __imp__unlock_file         000000014000b450     ucrt:api-ms-win-crt-filesystem-l1-1-0.dll
 0002:00000458       __imp__mkdir               000000014000b458     ucrt:api-ms-win-crt-filesystem-l1-1-0.dll
 0002:00000460       __imp_remove               000000014000b460     ucrt:api-ms-win-crt-filesystem-l1-1-0.dll
 0002:00000468       \177api-ms-win-crt-filesystem-l1-1-0_NULL_THUNK_DATA 000000014000b468     ucrt:api-ms-win-crt-filesystem-l1-1-0.dll
 0002:00000470       __imp_free                 000000014000b470     ucrt:api-ms-win-crt-heap-l1-1-0.dll
 0002:00000478       __imp__set_new_mode        000000014000b478     ucrt:api-ms-win-crt-heap-l1-1-0.dll
 0002:00000480       \177api-ms-win-crt-heap-l1-1-0_NULL_THUNK_DATA 000000014000b480     ucrt:api-ms-win-crt-heap-l1-1-0.dll
 0002:00000488       __imp__setmbcp             000000014000b488     ucrt:api-ms-win-crt-locale-l1-1-0.dll
 0002:00000490       __imp__configthreadlocale  000000014000b490     ucrt:api-ms-win-crt-locale-l1-1-0.dll
 0002:00000498       \177api-ms-win-crt-locale-l1-1-0_NULL_THUNK_DATA 000000014000b498     ucrt:api-ms-win-crt-locale-l1-1-0.dll
 0002:000004a0       __imp___setusermatherr     000000014000b4a0     ucrt:api-ms-win-crt-math-l1-1-0.dll
 0002:000004a8       \177api-ms-win-crt-math-l1-1-0_NULL_THUNK_DATA 000000014000b4a8     ucrt:api-ms-win-crt-math-l1-1-0.dll
 0002:000004b0       __imp_terminate            000000014000b4b0     ucrt:api-ms-win-crt-runtime-l1-1-0.dll
 0002:000004b8       __imp__invalid_parameter_noinfo_noreturn 000000014000b4b8     ucrt:api-ms-win-crt-runtime-l1-1-0.dll
 0002:000004c0       __imp__register_thread_local_exe_atexit_callback 000000014000b4c0     ucrt:api-ms-win-crt-runtime-l1-1-0.dll
 0002:000004c8       __imp_exit                 000000014000b4c8     ucrt:api-ms-win-crt-runtime-l1-1-0.dll
 0002:000004d0       __imp__invalid_parameter_noinfo 000000014000b4d0     ucrt:api-ms-win-crt-runtime-l1-1-0.dll
 0002:000004d8       __imp__exit                000000014000b4d8     ucrt:api-ms-win-crt-runtime-l1-1-0.dll
 0002:000004e0       __imp__initterm_e          000000014000b4e0     ucrt:api-ms-win-crt-runtime-l1-1-0.dll
 0002:000004e8       __imp__initterm            000000014000b4e8     ucrt:api-ms-win-crt-runtime-l1-1-0.dll
 0002:000004f0       __imp__get_narrow_winmain_command_line 000000014000b4f0     ucrt:api-ms-win-crt-runtime-l1-1-0.dll
 0002:000004f8       __imp__c_exit              000000014000b4f8     ucrt:api-ms-win-crt-runtime-l1-1-0.dll
 0002:00000500       __imp__set_app_type        000000014000b500     ucrt:api-ms-win-crt-runtime-l1-1-0.dll
 0002:00000508       __imp__seh_filter_exe      000000014000b508     ucrt:api-ms-win-crt-runtime-l1-1-0.dll
 0002:00000510       __imp__cexit               000000014000b510     ucrt:api-ms-win-crt-runtime-l1-1-0.dll
 0002:00000518       __imp__crt_atexit          000000014000b518     ucrt:api-ms-win-crt-runtime-l1-1-0.dll
 0002:00000520       __imp__register_onexit_function 000000014000b520     ucrt:api-ms-win-crt-runtime-l1-1-0.dll
 0002:00000528       __imp__initialize_onexit_table 000000014000b528     ucrt:api-ms-win-crt-runtime-l1-1-0.dll
 0002:00000530       __imp__initialize_narrow_environment 000000014000b530     ucrt:api-ms-win-crt-runtime-l1-1-0.dll
 0002:00000538       __imp__configure_narrow_argv 000000014000b538     ucrt:api-ms-win-crt-runtime-l1-1-0.dll
 0002:00000540       __imp__errno               000000014000b540     ucrt:api-ms-win-crt-runtime-l1-1-0.dll
 0002:00000548       __imp__beginthreadex       000000014000b548     ucrt:api-ms-win-crt-runtime-l1-1-0.dll
 0002:00000550       \177api-ms-win-crt-runtime-l1-1-0_NULL_THUNK_DATA 000000014000b550     ucrt:api-ms-win-crt-runtime-l1-1-0.dll
 0002:00000558       __imp_fclose               000000014000b558     ucrt:api-ms-win-crt-stdio-l1-1-0.dll
 0002:00000560       __imp__get_stream_buffer_pointers 000000014000b560     ucrt:api-ms-win-crt-stdio-l1-1-0.dll
 0002:00000568       __imp_fwrite               000000014000b568     ucrt:api-ms-win-crt-stdio-l1-1-0.dll
 0002:00000570       __imp_fgetpos              000000014000b570     ucrt:api-ms-win-crt-stdio-l1-1-0.dll
 0002:00000578       __imp__fseeki64            000000014000b578     ucrt:api-ms-win-crt-stdio-l1-1-0.dll
 0002:00000580       __imp_fsetpos              000000014000b580     ucrt:api-ms-win-crt-stdio-l1-1-0.dll
 0002:00000588       __imp_setvbuf              000000014000b588     ucrt:api-ms-win-crt-stdio-l1-1-0.dll
 0002:00000590       __imp_fflush               000000014000b590     ucrt:api-ms-win-crt-stdio-l1-1-0.dll
 0002:00000598       __imp___stdio_common_vsprintf 000000014000b598     ucrt:api-ms-win-crt-stdio-l1-1-0.dll
 0002:000005a0       __imp_ungetc               000000014000b5a0     ucrt:api-ms-win-crt-stdio-l1-1-0.dll
 0002:000005a8       __imp_fputc                000000014000b5a8     ucrt:api-ms-win-crt-stdio-l1-1-0.dll
 0002:000005b0       __imp_fgetc                000000014000b5b0     ucrt:api-ms-win-crt-stdio-l1-1-0.dll
 0002:000005b8       __imp__set_fmode           000000014000b5b8     ucrt:api-ms-win-crt-stdio-l1-1-0.dll
 0002:000005c0       __imp___p__commode         000000014000b5c0     ucrt:api-ms-win-crt-stdio-l1-1-0.dll
 0002:000005c8       \177api-ms-win-crt-stdio-l1-1-0_NULL_THUNK_DATA 000000014000b5c8     ucrt:api-ms-win-crt-stdio-l1-1-0.dll
 0002:000005d0       __imp__localtime64_s       000000014000b5d0     ucrt:api-ms-win-crt-time-l1-1-0.dll
 0002:000005d8       __imp__time64              000000014000b5d8     ucrt:api-ms-win-crt-time-l1-1-0.dll
 0002:000005e0       __imp_strftime             000000014000b5e0     ucrt:api-ms-win-crt-time-l1-1-0.dll
 0002:000005e8       \177api-ms-win-crt-time-l1-1-0_NULL_THUNK_DATA 000000014000b5e8     ucrt:api-ms-win-crt-time-l1-1-0.dll
 0002:000005f0       __imp_?EnsureStdObj@CWnd@@UEAAJXZ 000000014000b5f0     mfc140:mfc140.dll
 0002:000005f8       __imp_?get_accParent@CWnd@@UEAAJPEAPEAUIDispatch@@@Z 000000014000b5f8     mfc140:mfc140.dll
 0002:00000600       __imp_?get_accChildCount@CWnd@@UEAAJPEAJ@Z 000000014000b600     mfc140:mfc140.dll
 0002:00000608       __imp_?get_accChild@CWnd@@UEAAJUtagVARIANT@@PEAPEAUIDispatch@@@Z 000000014000b608     mfc140:mfc140.dll
 0002:00000610       __imp_?get_accName@CWnd@@UEAAJUtagVARIANT@@PEAPEA_W@Z 000000014000b610     mfc140:mfc140.dll
 0002:00000618       __imp_?get_accValue@CWnd@@UEAAJUtagVARIANT@@PEAPEA_W@Z 000000014000b618     mfc140:mfc140.dll
 0002:00000620       __imp_?get_accDescription@CWnd@@UEAAJUtagVARIANT@@PEAPEA_W@Z 000000014000b620     mfc140:mfc140.dll
 0002:00000628       __imp_?get_accRole@CWnd@@UEAAJUtagVARIANT@@PEAU2@@Z 000000014000b628     mfc140:mfc140.dll
 0002:00000630       __imp_?get_accState@CWnd@@UEAAJUtagVARIANT@@PEAU2@@Z 000000014000b630     mfc140:mfc140.dll
 0002:00000638       __imp_?get_accHelp@CWnd@@UEAAJUtagVARIANT@@PEAPEA_W@Z 000000014000b638     mfc140:mfc140.dll
 0002:00000640       __imp_?get_accHelpTopic@CWnd@@UEAAJPEAPEA_WUtagVARIANT@@PEAJ@Z 000000014000b640     mfc140:mfc140.dll
 0002:00000648       __imp_?get_accKeyboardShortcut@CWnd@@UEAAJUtagVARIANT@@PEAPEA_W@Z 000000014000b648     mfc140:mfc140.dll
 0002:00000650       __imp_?get_accFocus@CWnd@@UEAAJPEAUtagVARIANT@@@Z 000000014000b650     mfc140:mfc140.dll
 0002:00000658       __imp_?get_accSelection@CWnd@@UEAAJPEAUtagVARIANT@@@Z 000000014000b658     mfc140:mfc140.dll
 0002:00000660       __imp_?get_accDefaultAction@CWnd@@UEAAJUtagVARIANT@@PEAPEA_W@Z 000000014000b660     mfc140:mfc140.dll
 0002:00000668       __imp_?accSelect@CWnd@@UEAAJJUtagVARIANT@@@Z 000000014000b668     mfc140:mfc140.dll
 0002:00000670       __imp_?accLocation@CWnd@@UEAAJPEAJ000UtagVARIANT@@@Z 000000014000b670     mfc140:mfc140.dll
 0002:00000678       __imp_?accNavigate@CWnd@@UEAAJJUtagVARIANT@@PEAU2@@Z 000000014000b678     mfc140:mfc140.dll
 0002:00000680       __imp_?accHitTest@CWnd@@UEAAJJJPEAUtagVARIANT@@@Z 000000014000b680     mfc140:mfc140.dll
 0002:00000688       __imp_?accDoDefaultAction@CWnd@@UEAAJUtagVARIANT@@@Z 000000014000b688     mfc140:mfc140.dll
 0002:00000690       __imp_?put_accName@CWnd@@UEAAJUtagVARIANT@@PEA_W@Z 000000014000b690     mfc140:mfc140.dll
 0002:00000698       __imp_?put_accValue@CWnd@@UEAAJUtagVARIANT@@PEA_W@Z 000000014000b698     mfc140:mfc140.dll
 0002:000006a0       __imp_?SetProxy@CWnd@@UEAAJPEAUIAccessibleProxy@@@Z 000000014000b6a0     mfc140:mfc140.dll
 0002:000006a8       __imp_?CreateAccessibleProxy@CWnd@@UEAAJ_K_JPEA_J@Z 000000014000b6a8     mfc140:mfc140.dll
 0002:000006b0       __imp_?OnCommand@CWnd@@MEAAH_K_J@Z 000000014000b6b0     mfc140:mfc140.dll
 0002:000006b8       __imp_?OnNotify@CWnd@@MEAAH_K_JPEA_J@Z 000000014000b6b8     mfc140:mfc140.dll
 0002:000006c0       __imp_?GetSuperWndProcAddr@CWnd@@MEAAPEAP6A_JPEAUHWND__@@I_K_J@ZXZ 000000014000b6c0     mfc140:mfc140.dll
 0002:000006c8       __imp_?PreTranslateMessage@CWnd@@UEAAHPEAUtagMSG@@@Z 000000014000b6c8     mfc140:mfc140.dll
 0002:000006d0       __imp_?OnAmbientProperty@CWnd@@UEAAHPEAVCOleControlSite@@JPEAUtagVARIANT@@@Z 000000014000b6d0     mfc140:mfc140.dll
 0002:000006d8       __imp_?WindowProc@CWnd@@MEAA_JI_K_J@Z 000000014000b6d8     mfc140:mfc140.dll
 0002:000006e0       __imp_?OnWndMsg@CWnd@@MEAAHI_K_JPEA_J@Z 000000014000b6e0     mfc140:mfc140.dll
 0002:000006e8       __imp_?DefWindowProcA@CWnd@@MEAA_JI_K_J@Z 000000014000b6e8     mfc140:mfc140.dll
 0002:000006f0       __imp_?PostNcDestroy@CWnd@@MEAAXXZ 000000014000b6f0     mfc140:mfc140.dll
 0002:000006f8       __imp_?OnChildNotify@CListBox@@MEAAHI_K_JPEA_J@Z 000000014000b6f8     mfc140:mfc140.dll
 0002:00000700       __imp_?OnTouchInputs@CWnd@@MEAAHIPEAUtagTOUCHINPUT@@@Z 000000014000b700     mfc140:mfc140.dll
 0002:00000708       __imp_?OnTouchInput@CWnd@@MEAAHVCPoint@@HHPEAUtagTOUCHINPUT@@@Z 000000014000b708     mfc140:mfc140.dll
 0002:00000710       __imp_?GetGestureStatus@CWnd@@MEAAKVCPoint@@@Z 000000014000b710     mfc140:mfc140.dll
 0002:00000718       __imp_?OnGestureZoom@CWnd@@MEAAHVCPoint@@J@Z 000000014000b718     mfc140:mfc140.dll
 0002:00000720       __imp_?OnGesturePan@CWnd@@MEAAHVCPoint@@0@Z 000000014000b720     mfc140:mfc140.dll
 0002:00000728       __imp_?OnGestureRotate@CWnd@@MEAAHVCPoint@@N@Z 000000014000b728     mfc140:mfc140.dll
 0002:00000730       __imp_?OnGestureTwoFingerTap@CWnd@@MEAAHVCPoint@@@Z 000000014000b730     mfc140:mfc140.dll
 0002:00000738       __imp_?OnGesturePressAndTap@CWnd@@MEAAHVCPoint@@J@Z 000000014000b738     mfc140:mfc140.dll
 0002:00000740       __imp_?ResizeDynamicLayout@CWnd@@MEAAXXZ 000000014000b740     mfc140:mfc140.dll
 0002:00000748       __imp_?CheckAutoCenter@CWnd@@UEAAHXZ 000000014000b748     mfc140:mfc140.dll
 0002:00000750       __imp_?IsFrameWnd@CWnd@@UEBAHXZ 000000014000b750     mfc140:mfc140.dll
 0002:00000758       __imp_?CreateControlContainer@CWnd@@MEAAHPEAPEAVCOleControlContainer@@@Z 000000014000b758     mfc140:mfc140.dll
 0002:00000760       __imp_?CreateControlSite@CWnd@@MEAAHPEAVCOleControlContainer@@PEAPEAVCOleControlSite@@IAEBU_GUID@@@Z 000000014000b760     mfc140:mfc140.dll
 0002:00000768       __imp_?SetOccDialogInfo@CWnd@@MEAAHPEAU_AFX_OCC_DIALOG_INFO@@@Z 000000014000b768     mfc140:mfc140.dll
 0002:00000770       __imp_?GetOccDialogInfo@CWnd@@MEAAPEAU_AFX_OCC_DIALOG_INFO@@XZ 000000014000b770     mfc140:mfc140.dll
 0002:00000778       __imp_?Create@CListBox@@UEAAHKAEBUtagRECT@@PEAVCWnd@@I@Z 000000014000b778     mfc140:mfc140.dll
 0002:00000780       __imp_?DrawItem@CListBox@@UEAAXPEAUtagDRAWITEMSTRUCT@@@Z 000000014000b780     mfc140:mfc140.dll
 0002:00000788       __imp_?MeasureItem@CListBox@@UEAAXPEAUtagMEASUREITEMSTRUCT@@@Z 000000014000b788     mfc140:mfc140.dll
 0002:00000790       __imp_?CompareItem@CListBox@@UEAAHPEAUtagCOMPAREITEMSTRUCT@@@Z 000000014000b790     mfc140:mfc140.dll
 0002:00000798       __imp_?DeleteItem@CListBox@@UEAAXPEAUtagDELETEITEMSTRUCT@@@Z 000000014000b798     mfc140:mfc140.dll
 0002:000007a0       __imp_?VKeyToItem@CListBox@@UEAAHII@Z 000000014000b7a0     mfc140:mfc140.dll
 0002:000007a8       __imp_?CharToItem@CListBox@@UEAAHII@Z 000000014000b7a8     mfc140:mfc140.dll
 0002:000007b0       __imp_??0CDialog@@QEAA@IPEAVCWnd@@@Z 000000014000b7b0     mfc140:mfc140.dll
 0002:000007b8       __imp_??0?$CStringT@DV?$StrTraitMFC_DLL@DV?$ChTraitsCRT@D@ATL@@@@@ATL@@QEAA@XZ 000000014000b7b8     mfc140:mfc140.dll
 0002:000007c0       __imp_??1?$CStringT@DV?$StrTraitMFC_DLL@DV?$ChTraitsCRT@D@ATL@@@@@ATL@@QEAA@XZ 000000014000b7c0     mfc140:mfc140.dll
 0002:000007c8       __imp_??2@YAPEAX_K@Z       000000014000b7c8     mfc140:mfc140.dll
 0002:000007d0       __imp_?LoadSysPolicies@CWinApp@@UEAAHXZ 000000014000b7d0     mfc140:mfc140.dll
 0002:000007d8       __imp_?LoadAppLangResourceDLL@CWinApp@@UEAAPEAUHINSTANCE__@@XZ 000000014000b7d8     mfc140:mfc140.dll
 0002:000007e0       __imp_??Y?$CStringT@DV?$StrTraitMFC_DLL@DV?$ChTraitsCRT@D@ATL@@@@@ATL@@QEAAAEAV01@PEBD@Z 000000014000b7e0     mfc140:mfc140.dll
 0002:000007e8       __imp_?OnDrawIconicThumbnailOrLivePreview@CWnd@@UEAAXAEAVCDC@@VCRect@@VCSize@@HAEAH@Z 000000014000b7e8     mfc140:mfc140.dll
 0002:000007f0       __imp_?GetDataRecoveryHandler@CWinApp@@UEAAPEAVCDataRecoveryHandler@@XZ 000000014000b7f0     mfc140:mfc140.dll
 0002:000007f8       __imp_?ApplicationRecoveryCallback@CWinApp@@UEAAKPEAX@Z 000000014000b7f8     mfc140:mfc140.dll
 0002:00000800       __imp_?RegisterWithRestartManager@CWinApp@@UEAAJHAEBV?$CStringT@DV?$StrTraitMFC_DLL@DV?$ChTraitsCRT@D@ATL@@@@@ATL@@@Z 000000014000b800     mfc140:mfc140.dll
 0002:00000808       __imp_?HtmlHelpA@CWnd@@UEAAX_KI@Z 000000014000b808     mfc140:mfc140.dll
 0002:00000810       __imp_?WinHelpInternal@CWinApp@@UEAAX_KI@Z 000000014000b810     mfc140:mfc140.dll
 0002:00000818       __imp_?HtmlHelpA@CWinApp@@UEAAX_KI@Z 000000014000b818     mfc140:mfc140.dll
 0002:00000820       __imp_?WinHelpA@CWinApp@@UEAAX_KI@Z 000000014000b820     mfc140:mfc140.dll
 0002:00000828       __imp_?OnDDECommand@CWinApp@@UEAAHPEAD@Z 000000014000b828     mfc140:mfc140.dll
 0002:00000830       __imp_?DoWaitCursor@CWinApp@@UEAAXH@Z 000000014000b830     mfc140:mfc140.dll
 0002:00000838       __imp_?DoMessageBox@CWinApp@@UEAAHPEBDII@Z 000000014000b838     mfc140:mfc140.dll
 0002:00000840       __imp_?SaveAllModified@CWinApp@@UEAAHXZ 000000014000b840     mfc140:mfc140.dll
 0002:00000848       __imp_?InitApplication@CWinApp@@UEAAHXZ 000000014000b848     mfc140:mfc140.dll
 0002:00000850       __imp_?AddToRecentFileList@CWinApp@@UEAAXPEBD@Z 000000014000b850     mfc140:mfc140.dll
 0002:00000858       __imp_?OpenDocumentFile@CWinApp@@UEAAPEAVCDocument@@PEBD@Z 000000014000b858     mfc140:mfc140.dll
 0002:00000860       __imp_?OpenDocumentFile@CWinApp@@UEAAPEAVCDocument@@PEBDH@Z 000000014000b860     mfc140:mfc140.dll
 0002:00000868       __imp_?Unregister@CWinApp@@UEAAHXZ 000000014000b868     mfc140:mfc140.dll
 0002:00000870       __imp_?Register@CWinApp@@UEAAHXZ 000000014000b870     mfc140:mfc140.dll
 0002:00000878       __imp_?InitLibId@CWinApp@@UEAAXXZ 000000014000b878     mfc140:mfc140.dll
 0002:00000880       __imp_?WriteProfileBinary@CWinApp@@UEAAHPEBD0PEAEI@Z 000000014000b880     mfc140:mfc140.dll
 0002:00000888       __imp_?GetProfileBinary@CWinApp@@UEAAHPEBD0PEAPEAEPEAI@Z 000000014000b888     mfc140:mfc140.dll
 0002:00000890       __imp_?WriteProfileStringA@CWinApp@@UEAAHPEBD00@Z 000000014000b890     mfc140:mfc140.dll
 0002:00000898       __imp_?GetProfileStringA@CWinApp@@UEAA?AV?$CStringT@DV?$StrTraitMFC_DLL@DV?$ChTraitsCRT@D@ATL@@@@@ATL@@PEBD00@Z 000000014000b898     mfc140:mfc140.dll
[...]
 0004:000002e8       $pdata$??_Gexception@std@@UEAAPEAXI@Z 00000001400142e8     KizuLibMFC:LogFileManager.obj
 0004:000002f4       $pdata$??1locale@std@@QEAA@XZ 00000001400142f4     KizuLibMFC:LogFileManager.obj
 0004:00000300       $pdata$?GetNowLogPath@LogFileManager@KizuLib@@QEAA?AV?$CStringT@DV?$StrTraitMFC_DLL@DV?$ChTraitsCRT@D@ATL@@@@@ATL@@XZ 0000000140014300     KizuLibMFC:LogFileManager.obj
 0004:0000030c       $pdata$??0LogFileManager@KizuLib@@QEAA@PEBDPEAVCListBox@@HH@Z 000000014001430c     KizuLibMFC:LogFileManager.obj
 0004:00000318       $pdata$??_GLogFileManager@KizuLib@@UEAAPEAXI@Z 0000000140014318     KizuLibMFC:LogFileManager.obj
 0004:00000324       $pdata$??_D?$basic_ofstream@DU?$char_traits@D@std@@@std@@QEAAXXZ 0000000140014324     KizuLibMFC:LogFileManager.obj
 0004:00000330       $pdata$??1LogFileManager@KizuLib@@UEAA@XZ 0000000140014330     KizuLibMFC:LogFileManager.obj
 0004:0000033c       $pdata$?Write@LogFileManager@KizuLib@@QEAAXW4LNO@12@PEBDZZ 000000014001433c     KizuLibMFC:LogFileManager.obj
 0004:00000348       $pdata$?WriteFile@LogFileManager@KizuLib@@QEAAXPEBD@Z 0000000140014348     KizuLibMFC:LogFileManager.obj
 0004:00000354       $pdata$?WriteList@LogFileManager@KizuLib@@AEAAXPEBD@Z 0000000140014354     KizuLibMFC:LogFileManager.obj
 0004:00000360       $pdata$?AllGetQueue@LogFileManager@KizuLib@@QEAAHXZ 0000000140014360     KizuLibMFC:LogFileManager.obj
 0004:0000036c       $pdata$?ShowEdit@LogFileManager@KizuLib@@QEAAXXZ 000000014001436c     KizuLibMFC:LogFileManager.obj
 0004:00000378       $pdata$?MainThread@LogFileManager@KizuLib@@CAIPEAX@Z 0000000140014378     KizuLibMFC:LogFileManager.obj
 0004:00000384       $pdata$4$?MainThread@LogFileManager@KizuLib@@CAIPEAX@Z 0000000140014384     KizuLibMFC:LogFileManager.obj
 0004:00000390       $pdata$5$?MainThread@LogFileManager@KizuLib@@CAIPEAX@Z 0000000140014390     KizuLibMFC:LogFileManager.obj
 0004:0000039c       $pdata$??1?$basic_string@DU?$char_traits@D@std@@V?$allocator@D@2@@std@@QEAA@XZ 000000014001439c     KizuLibMFC:LogFileManager.obj
 0004:000003a8       $pdata$??1?$basic_ofstream@DU?$char_traits@D@std@@@std@@UEAA@XZ 00000001400143a8     KizuLibMFC:LogFileManager.obj
 0004:000003b4       $pdata$??0?$basic_ofstream@DU?$char_traits@D@std@@@std@@QEAA@XZ 00000001400143b4     KizuLibMFC:LogFileManager.obj
 0004:000003c0       $pdata$?imbue@?$basic_filebuf@DU?$char_traits@D@std@@@std@@MEAAXAEBVlocale@2@@Z 00000001400143c0     KizuLibMFC:LogFileManager.obj
 0004:000003cc       $pdata$?sync@?$basic_filebuf@DU?$char_traits@D@std@@@std@@MEAAHXZ 00000001400143cc     KizuLibMFC:LogFileManager.obj
 0004:000003d8       $pdata$?setbuf@?$basic_filebuf@DU?$char_traits@D@std@@@std@@MEAAPEAV?$basic_streambuf@DU?$char_traits@D@std@@@2@PEAD_J@Z 00000001400143d8     KizuLibMFC:LogFileManager.obj
 0004:000003e4       $pdata$0$?setbuf@?$basic_filebuf@DU?$char_traits@D@std@@@std@@MEAAPEAV?$basic_streambuf@DU?$char_traits@D@std@@@2@PEAD_J@Z 00000001400143e4     KizuLibMFC:LogFileManager.obj
 0004:000003f0       $pdata$1$?setbuf@?$basic_filebuf@DU?$char_traits@D@std@@@std@@MEAAPEAV?$basic_streambuf@DU?$char_traits@D@std@@@2@PEAD_J@Z 00000001400143f0     KizuLibMFC:LogFileManager.obj
 0004:000003fc       $pdata$?seekpos@?$basic_filebuf@DU?$char_traits@D@std@@@std@@MEAA?AV?$fpos@U_Mbstatet@@@2@V32@H@Z 00000001400143fc     KizuLibMFC:LogFileManager.obj
 0004:00000408       $pdata$?seekoff@?$basic_filebuf@DU?$char_traits@D@std@@@std@@MEAA?AV?$fpos@U_Mbstatet@@@2@_JHH@Z 0000000140014408     KizuLibMFC:LogFileManager.obj
 0004:00000414       $pdata$?uflow@?$basic_filebuf@DU?$char_traits@D@std@@@std@@MEAAHXZ 0000000140014414     KizuLibMFC:LogFileManager.obj
 0004:00000420       $pdata$?underflow@?$basic_filebuf@DU?$char_traits@D@std@@@std@@MEAAHXZ 0000000140014420     KizuLibMFC:LogFileManager.obj
 0004:0000042c       $pdata$0$?underflow@?$basic_filebuf@DU?$char_traits@D@std@@@std@@MEAAHXZ 000000014001442c     KizuLibMFC:LogFileManager.obj
 0004:00000438       $pdata$2$?underflow@?$basic_filebuf@DU?$char_traits@D@std@@@std@@MEAAHXZ 0000000140014438     KizuLibMFC:LogFileManager.obj
 0004:00000444       $pdata$?pbackfail@?$basic_filebuf@DU?$char_traits@D@std@@@std@@MEAAHH@Z 0000000140014444     KizuLibMFC:LogFileManager.obj
 0004:00000450       $pdata$?overflow@?$basic_filebuf@DU?$char_traits@D@std@@@std@@MEAAHH@Z 0000000140014450     KizuLibMFC:LogFileManager.obj
 0004:0000045c       $pdata$??_G?$basic_ofstream@DU?$char_traits@D@std@@@std@@UEAAPEAXI@Z 000000014001445c     KizuLibMFC:LogFileManager.obj
 0004:00000468       $pdata$??_G?$basic_filebuf@DU?$char_traits@D@std@@@std@@UEAAPEAXI@Z 0000000140014468     KizuLibMFC:LogFileManager.obj
 0004:00000474       $pdata$?_Endwrite@?$basic_filebuf@DU?$char_traits@D@std@@@std@@IEAA_NXZ 0000000140014474     KizuLibMFC:LogFileManager.obj
 0004:00000480       $pdata$?close@?$basic_filebuf@DU?$char_traits@D@std@@@std@@QEAAPEAV12@XZ 0000000140014480     KizuLibMFC:LogFileManager.obj
 0004:0000048c       $pdata$?open@?$basic_filebuf@DU?$char_traits@D@std@@@std@@QEAAPEAV12@PEBDHH@Z 000000014001448c     KizuLibMFC:LogFileManager.obj
 0004:00000498       $pdata$?_Copy@?$basic_string@DU?$char_traits@D@std@@V?$allocator@D@2@@std@@QEAAX_K0@Z 0000000140014498     KizuLibMFC:LogFileManager.obj
 0004:000004a4       $pdata$?allocate@?$_Wrap_alloc@V?$allocator@D@std@@@std@@QEAAPEAD_K@Z 00000001400144a4     KizuLibMFC:LogFileManager.obj
 0004:000004b0       $pdata$??0?$ThreadQueue@D@KizuLib@@QEAA@H@Z 00000001400144b0     KizuLibMFC:LogFileManager.obj
 0004:000004bc       $pdata$??1?$ThreadQueue@D@KizuLib@@UEAA@XZ 00000001400144bc     KizuLibMFC:LogFileManager.obj
 0004:000004c8       $pdata$0$??1?$ThreadQueue@D@KizuLib@@UEAA@XZ 00000001400144c8     KizuLibMFC:LogFileManager.obj
 0004:000004d4       $pdata$1$??1?$ThreadQueue@D@KizuLib@@UEAA@XZ 00000001400144d4     KizuLibMFC:LogFileManager.obj
 0004:000004e0       $pdata$??$?6U?$char_traits@D@std@@@std@@YAAEAV?$basic_ostream@DU?$char_traits@D@std@@@0@AEAV10@PEBD@Z 00000001400144e0     KizuLibMFC:LogFileManager.obj
 0004:000004ec       $pdata$??$endl@DU?$char_traits@D@std@@@std@@YAAEAV?$basic_ostream@DU?$char_traits@D@std@@@0@AEAV10@@Z 00000001400144ec     KizuLibMFC:LogFileManager.obj
 0004:000004f8       $pdata$??$use_facet@V?$codecvt@DDU_Mbstatet@@@std@@@std@@YAAEBV?$codecvt@DDU_Mbstatet@@@0@AEBVlocale@0@@Z 00000001400144f8     KizuLibMFC:LogFileManager.obj
 0004:00000504       $pdata$??0bad_cast@std@@QEAA@AEBV01@@Z 0000000140014504     KizuLibMFC:LogFileManager.obj
 0004:00000510       $pdata$??_G?$ThreadQueue@D@KizuLib@@UEAAPEAXI@Z 0000000140014510     KizuLibMFC:LogFileManager.obj
 0004:0000051c       $pdata$?push_back@?$deque@PEADV?$allocator@PEAD@std@@@std@@QEAAXAEBQEAD@Z 000000014001451c     KizuLibMFC:LogFileManager.obj
 0004:00000528       $pdata$??1sentry@?$basic_ostream@DU?$char_traits@D@std@@@std@@QEAA@XZ 0000000140014528     KizuLibMFC:LogFileManager.obj
 0004:00000534       $pdata$??1_Sentry_base@?$basic_ostream@DU?$char_traits@D@std@@@std@@QEAA@XZ 0000000140014534     KizuLibMFC:LogFileManager.obj
 0004:00000540       $pdata$sprintf             0000000140014540     KizuLibMFC:LogFileManager.obj
 0004:0000054c       $pdata$??_GWorkThread@KizuLib@@UEAAPEAXI@Z 000000014001454c     KizuLib:WorkThread.obj
 0004:00000558       $pdata$?MainThread@WorkThread@KizuLib@@MEAAIXZ 0000000140014558     KizuLib:WorkThread.obj
 0004:00000564       $pdata$?task_init@@YAHPEBDH@Z 0000000140014564     KizuLib:KizuLib.obj
 0004:00000570       $pdata$0$?task_init@@YAHPEBDH@Z 0000000140014570     KizuLib:KizuLib.obj
 0004:0000057c       $pdata$2$?task_init@@YAHPEBDH@Z 000000014001457c     KizuLib:KizuLib.obj
 0004:00000588       $pdata$4$?task_init@@YAHPEBDH@Z 0000000140014588     KizuLib:KizuLib.obj
 0004:00000594       $pdata$?syslog@@YAHJPEBDZZ 0000000140014594     KizuLib:KizuLib.obj
 0004:000005a0       $pdata$??_GKizuPerformanceCounter@KizuLib@@UEAAPEAXI@Z 00000001400145a0     KizuLib:KizuPerformanceCounter.obj
 0004:000005ac       $pdata$??0KizuPcInfManager@KizuLib@@QEAA@H@Z 00000001400145ac     KizuLib:KizuPcInfManager.obj
 0004:000005b8       $pdata$??_GKizuPcInfManager@KizuLib@@UEAAPEAXI@Z 00000001400145b8     KizuLib:KizuPcInfManager.obj
 0004:000005c4       $pdata$?SetPcName@KizuPcInfManager@KizuLib@@QEAA_NPEADPEBD1@Z 00000001400145c4     KizuLib:KizuPcInfManager.obj
 0004:000005d0       $pdata$??_GMailSlotManager@KizuLib@@UEAAPEAXI@Z 00000001400145d0     KizuLib:MailSlotManager.obj
 0004:000005dc       $pdata$?SendMail@MailSlotManager@KizuLib@@SAHPEBD0PEBXK@Z 00000001400145dc     KizuLib:MailSlotManager.obj
 0004:000005e8       $pdata$?Create@MailSlotManager@KizuLib@@QEAA_NPEBDK@Z 00000001400145e8     KizuLib:MailSlotManager.obj
 0004:000005f4       $pdata$?Recv@MailSlotManager@KizuLib@@UEAAHPEAXK@Z 00000001400145f4     KizuLib:MailSlotManager.obj
 0004:00000600       $pdata$?Send@MailSlotManager@KizuLib@@UEAAHPEBXK@Z 0000000140014600     KizuLib:MailSlotManager.obj
 0004:0000060c       $pdata$?Recv@MailSlotManager@KizuLib@@UEAA_NPEAXKPEAU_OVERLAPPED@@@Z 000000014001460c     KizuLib:MailSlotManager.obj
 0004:00000618       $pdata$?Send@MailSlotManager@KizuLib@@UEAA_NPEBXKPEAU_OVERLAPPED@@@Z 0000000140014618     KizuLib:MailSlotManager.obj
 0004:00000624       $pdata$?GetResult@MailSlotManager@KizuLib@@UEAA_NPEAU_OVERLAPPED@@@Z 0000000140014624     KizuLib:MailSlotManager.obj
 0004:00000630       $pdata$??0OdbcBase@KizuODBC@@QEAA@XZ 0000000140014630     KizuODBC:OdbcBase.obj
 0004:0000063c       $pdata$??_GOdbcBase@KizuODBC@@UEAAPEAXI@Z 000000014001463c     KizuODBC:OdbcBase.obj
 0004:00000648       $pdata$??1OdbcBase@KizuODBC@@UEAA@XZ 0000000140014648     KizuODBC:OdbcBase.obj
 0004:00000654       $pdata$?DisConnect@OdbcBase@KizuODBC@@QEAAXXZ 0000000140014654     KizuODBC:OdbcBase.obj
 0004:00000660       $pdata$?ExecuteDirect@OdbcBase@KizuODBC@@QEAA_NPEBD_N@Z 0000000140014660     KizuODBC:OdbcBase.obj
 0004:0000066c       $pdata$?SqlBinalyWrite@OdbcBase@KizuODBC@@QEAA_NPEBDHPEAKPEAPEAX_N@Z 000000014001466c     KizuODBC:OdbcBase.obj
 0004:00000678       $pdata$0$?SqlBinalyWrite@OdbcBase@KizuODBC@@QEAA_NPEBDHPEAKPEAPEAX_N@Z 0000000140014678     KizuODBC:OdbcBase.obj
 0004:00000684       $pdata$2$?SqlBinalyWrite@OdbcBase@KizuODBC@@QEAA_NPEBDHPEAKPEAPEAX_N@Z 0000000140014684     KizuODBC:OdbcBase.obj
 0004:00000690       $pdata$3$?SqlBinalyWrite@OdbcBase@KizuODBC@@QEAA_NPEBDHPEAKPEAPEAX_N@Z 0000000140014690     KizuODBC:OdbcBase.obj
 0004:0000069c       $pdata$5$?SqlBinalyWrite@OdbcBase@KizuODBC@@QEAA_NPEBDHPEAKPEAPEAX_N@Z 000000014001469c     KizuODBC:OdbcBase.obj
 0004:000006a8       $pdata$6$?SqlBinalyWrite@OdbcBase@KizuODBC@@QEAA_NPEBDHPEAKPEAPEAX_N@Z 00000001400146a8     KizuODBC:OdbcBase.obj
 0004:000006b4       $pdata$?GetSelectKey@OdbcBase@KizuODBC@@QEAA_NPEBDPEAH@Z 00000001400146b4     KizuODBC:OdbcBase.obj
 0004:000006c0       $pdata$?GetSelectKey_Static@OdbcBase@KizuODBC@@SA_NPEBDPEAH00@Z 00000001400146c0     KizuODBC:OdbcBase.obj
 0004:000006cc       $pdata$??0OdbcEnv@KizuODBC@@AEAA@XZ 00000001400146cc     KizuODBC:OdbcEnv.obj
 0004:000006d8       $pdata$??_GOdbcEnv@KizuODBC@@UEAAPEAXI@Z 00000001400146d8     KizuODBC:OdbcEnv.obj
 0004:000006e4       $pdata$?GetErrMsg@OdbcEnv@KizuODBC@@QEAAXXZ 00000001400146e4     KizuODBC:OdbcEnv.obj
 0004:000006f0       $pdata$??_GOdbcManager@KizuODBC@@UEAAPEAXI@Z 00000001400146f0     KizuODBC:OdbcManager.obj
 0004:000006fc       $pdata$??1OdbcManager@KizuODBC@@UEAA@XZ 00000001400146fc     KizuODBC:OdbcManager.obj
 0004:00000708       $pdata$?Alloc@OdbcManager@KizuODBC@@IEAAXXZ 0000000140014708     KizuODBC:OdbcManager.obj
 0004:00000714       $pdata$?Connect@OdbcManager@KizuODBC@@QEAAHPEBD0@Z 0000000140014714     KizuODBC:OdbcManager.obj
 0004:00000720       $pdata$?Connect@OdbcManager@KizuODBC@@QEAAHPEBD00@Z 0000000140014720     KizuODBC:OdbcManager.obj
 0004:0000072c       $pdata$?ExecuteDirect@OdbcManager@KizuODBC@@QEAAFPEBD@Z 000000014001472c     KizuODBC:OdbcManager.obj
 0004:00000738       $pdata$?GetErrMsg@OdbcManager@KizuODBC@@QEAAXXZ 0000000140014738     KizuODBC:OdbcManager.obj
 0004:00000744       $pdata$?GetErrMsg@OdbcManager@KizuODBC@@QEAAXF@Z 0000000140014744     KizuODBC:OdbcManager.obj
 0004:0000075c       $pdata$??_Gtype_info@@UEAAPEAXI@Z 000000014001475c     msvcrt:std_type_info_static.obj
 0004:00000768       $pdata$__scrt_acquire_startup_lock 0000000140014768     msvcrt:utility.obj
 0004:00000774       $pdata$__scrt_initialize_crt 0000000140014774     msvcrt:utility.obj
 0004:00000780       $pdata$__scrt_initialize_onexit_tables 0000000140014780     msvcrt:utility.obj
 0004:0000078c       $pdata$__scrt_is_nonwritable_in_current_image 000000014001478c     msvcrt:utility.obj
 0004:00000798       $pdata$__scrt_release_startup_lock 0000000140014798     msvcrt:utility.obj
 0004:000007a4       $pdata$__scrt_uninitialize_crt 00000001400147a4     msvcrt:utility.obj
 0004:000007b0       $pdata$_onexit             00000001400147b0     msvcrt:utility.obj
 0004:000007bc       $pdata$atexit              00000001400147bc     msvcrt:utility.obj
 0004:000007c8       $pdata$__raise_securityfailure 00000001400147c8     msvcrt:gs_report.obj
 0004:000007d4       $pdata$__report_gsfailure  00000001400147d4     msvcrt:gs_report.obj
 0004:000007e0       $pdata$capture_previous_context 00000001400147e0     msvcrt:gs_report.obj
 0004:000007ec       $pdata$?__scrt_initialize_thread_safe_statics@@YAHXZ 00000001400147ec     msvcrt:thread_safe_statics.obj
 0004:000007f8       $pdata$?__scrt_uninitialize_thread_safe_statics@@YAXXZ 00000001400147f8     msvcrt:thread_safe_statics.obj
 0004:00000804       $pdata$?pre_c_initialization@@YAHXZ 0000000140014804     msvcrt:exe_winmain.obj
 0004:00000810       $pdata$?post_pgo_initialization@@YAHXZ 0000000140014810     msvcrt:exe_winmain.obj
 0004:0000081c       $pdata$?pre_cpp_initialization@@YAXXZ 000000014001481c     msvcrt:exe_winmain.obj
 0004:00000828       $pdata$?__scrt_common_main_seh@@YAHXZ 0000000140014828     msvcrt:exe_winmain.obj
 0004:00000834       $pdata$WinMainCRTStartup   0000000140014834     msvcrt:exe_winmain.obj
 0004:00000840       $pdata$__isa_available_init 0000000140014840     msvcrt:_cpu_disp_.obj
 0004:0000084c       $pdata$__scrt_fastfail     000000014001484c     msvcrt:utility_desktop.obj
 0004:00000858       $pdata$__scrt_get_show_window_mode 0000000140014858     msvcrt:utility_desktop.obj
 0004:00000864       $pdata$__scrt_is_managed_app 0000000140014864     msvcrt:utility_desktop.obj
 0004:00000870       $pdata$__scrt_unhandled_exception_filter 0000000140014870     msvcrt:utility_desktop.obj
 0004:0000087c       $pdata$__security_init_cookie 000000014001487c     msvcrt:gs_support.obj
 0004:00000888       $pdata$__scrt_initialize_default_local_stdio_options 0000000140014888     msvcrt:default_local_stdio_options.obj
 0004:00000894       $pdata$_RTC_Initialize     0000000140014894     msvcrt:_initsect_.obj
 0004:000008a0       $pdata$_RTC_Terminate      00000001400148a0     msvcrt:_initsect_.obj
 0004:000008ac       $pdata$__GSHandlerCheck    00000001400148ac     msvcrt:_gshandler_.obj
 0004:000008b8       $pdata$__GSHandlerCheckCommon 00000001400148b8     msvcrt:_gshandler_.obj
 0004:000008c4       $pdata$??0CAtlBaseModule@ATL@@QEAA@XZ 00000001400148c4     atls:atlbase.obj
 0004:000008d0       $pdata$??1CAtlBaseModule@ATL@@QEAA@XZ 00000001400148d0     atls:atlbase.obj
 0004:000008dc       $pdata$??_G_Fac_node@std@@QEAAPEAXI@Z 00000001400148dc     msvcprt:locale0_implib.obj
 0004:000008e8       $pdata$?_Facet_Register@std@@YAXPEAV_Facet_base@1@@Z 00000001400148e8     msvcprt:locale0_implib.obj
 0004:000008f4       $pdata$?AfxInitialize@@YAHHK@Z 00000001400148f4     mfcs140:appmodul.obj
 0004:00000900       $pdata$__GSHandlerCheck_EH 0000000140014900     msvcrt:gshandlereh.obj
 0004:00000924       $pdata$?dtor$0@?0??InitProcess@CKS_SYSLOGDlg@@AEAAXXZ@4HA 0000000140014924     KS_SYSLOGDlg.obj
 0004:00000930       $pdata$?dtor$0@?0??Init@MainInctance@@QEAAHXZ@4HA 0000000140014930     MainInctance.obj
 0004:0000093c       $pdata$?dtor$2@?0??AddSysLogSqlQue@MainInctance@@QEAAXPEBUCOMMON_QUE@@@Z@4HA 000000014001493c     MainInctance.obj
 0004:00000948       $pdata$?dtor$2@?0??AddStateLogSqlQue@MainInctance@@QEAAXPEBUCOMMON_QUE@@@Z@4HA 0000000140014948     MainInctance.obj
 0004:00000954       $pdata$?dtor$3@?0???0DBSaveManager@@QEAA@HPEAV?$ThreadQueue@UDELIVERYSQL@DBSaveManager@@@KizuLib@@@Z@4HA 0000000140014954     DefectLib:DBSaveManager.obj
 0004:00000960       $pdata$?dtor$0@?0???0?$basic_ofstream@DU?$char_traits@D@std@@@std@@QEAA@XZ@4HA 0000000140014960     KizuLibMFC:LogFileManager.obj
 0004:0000096c       $pdata$?catch$107@?0??_Copy@?$basic_string@DU?$char_traits@D@std@@V?$allocator@D@2@@std@@QEAAX_K0@Z@4HA 000000014001496c     KizuLibMFC:LogFileManager.obj
 0004:00000978       $pdata$?catch$106@?0??_Copy@?$basic_string@DU?$char_traits@D@std@@V?$allocator@D@2@@std@@QEAAX_K0@Z@4HA 0000000140014978     KizuLibMFC:LogFileManager.obj
 0004:00000984       $pdata$?catch$8@?0???$?6U?$char_traits@D@std@@@std@@YAAEAV?$basic_ostream@DU?$char_traits@D@std@@@0@AEAV10@PEBD@Z@4HA 0000000140014984     KizuLibMFC:LogFileManager.obj
 0004:00000990       $pdata$__scrt_is_nonwritable_in_current_image$filt$0 0000000140014990     msvcrt:utility.obj
 0004:0000099c       $pdata$?filt$0@?0??__scrt_common_main_seh@@YAHXZ@4HA 000000014001499c     msvcrt:exe_winmain.obj
 0004:000009a8       $pdata$??__F?m_inst@OdbcEnv@KizuODBC@@0V12@A@@YAXXZ 00000001400149a8     KizuODBC:OdbcEnv.obj
 0004:000009b4       $pdata$??__F_Fac_tidy_reg@std@@YAXXZ 00000001400149b4     msvcprt:locale0_implib.obj
 0005:00000000       __guard_fids__             0000000140015000     msvcrt:std_type_info_static.obj
 0005:00000004       __guard_fids__             0000000140015004     msvcrt:thread_safe_statics.obj
 0005:00000008       __guard_fids_?__scrt_initialize_thread_safe_statics@@YAHXZ 0000000140015008     msvcrt:thread_safe_statics.obj
 0005:0000000c       __guard_fids__             000000014001500c     msvcrt:exe_winmain.obj
 0005:00000010       __guard_fids__             0000000140015010     msvcrt:exe_winmain.obj
 0005:00000014       __guard_fids__             0000000140015014     msvcrt:exe_winmain.obj
 0005:00000018       __guard_fids_?pre_c_initialization@@YAHXZ 0000000140015018     msvcrt:exe_winmain.obj
 0005:00000020       __guard_fids___scrt_set_unhandled_exception_filter 0000000140015020     msvcrt:utility_desktop.obj
 0005:00000024       __guard_fids__             0000000140015024     msvcrt:guard_support.obj
 0005:00000028       __guard_fids_??__E_Fac_tidy_reg@std@@YAXXZ 0000000140015028     msvcprt:locale0_implib.obj
 0005:0000002c       __guard_fids__             000000014001502c     msvcprt:locale0_implib.obj
 0005:00000030       __guard_fids__             0000000140015030     mfcs140:appmodul.obj
 0007:00000300       $R000000                   0000000140017300     KS_SYSLOG.res
 0007:00000968       $R000668                   0000000140017968     KS_SYSLOG.res
 0007:00000c50       $R000950                   0000000140017c50     KS_SYSLOG.res
 0007:00000d78       $R000A78                   0000000140017d78     KS_SYSLOG.res
 0007:00001c20       $R001920                   0000000140018c20     KS_SYSLOG.res
 0007:000024c8       $R0021C8                   00000001400194c8     KS_SYSLOG.res
 0007:00002a30       $R002730                   0000000140019a30     KS_SYSLOG.res
 0007:000046d8       $R0043D8                   000000014001b6d8     KS_SYSLOG.res
 0007:00005380       $R005080                   000000014001c380     KS_SYSLOG.res
 0007:000056e8       $R0053E8                   000000014001c6e8     KS_SYSLOG.res
 0007:00005770       $R005470                   000000014001c770     KS_SYSLOG.res
 0007:00005888       $R005588                   000000014001c888     KS_SYSLOG.res
 0007:00005b78       $R005878                   000000014001cb78     KS_SYSLOG.res
