 KS_SLAVEx64

 Timestamp is 5c91d7f3 (Wed Mar 20 15:04:35 2019)

 Preferred load address is 0000000140000000

 Start         Length     Name                   Class
 0001:00000000 000000b0H .text$di                CODE
 0001:000000b0 0000a650H .text$mn                CODE
 0001:0000a700 00000020H .text$mn$00             CODE
 0001:0000a720 00000470H .text$x                 CODE
 0001:0000ab90 0000008fH .text$yd                CODE
 0002:00000000 00000c08H .idata$5                DATA
 0002:00000c08 00000010H .00cfg                  DATA
 0002:00000c18 00000008H .CRT$XCA                DATA
 0002:00000c20 00000008H .CRT$XCAA               DATA
 0002:00000c28 00000018H .CRT$XCL                DATA
 0002:00000c40 00000010H .CRT$XCU                DATA
 0002:00000c50 00000008H .CRT$XCZ                DATA
 0002:00000c58 00000008H .CRT$XIA                DATA
 0002:00000c60 00000008H .CRT$XIAA               DATA
 0002:00000c68 00000008H .CRT$XIAC               DATA
 0002:00000c70 00000008H .CRT$XIC                DATA
 0002:00000c78 00000008H .CRT$XIZ                DATA
 0002:00000c80 00000008H .CRT$XLA                DATA
 0002:00000c88 00000008H .CRT$XLZ                DATA
 0002:00000c90 00000008H .CRT$XPA                DATA
 0002:00000c98 00000008H .CRT$XPZ                DATA
 0002:00000ca0 00000008H .CRT$XTA                DATA
 0002:00000ca8 00000008H .CRT$XTZ                DATA
 0002:00000cb0 00002468H .rdata                  DATA
 0002:00003118 00000028H .rdata$T                DATA
 0002:00003140 00001014H .rdata$r                DATA
 0002:00004154 0000040cH .rdata$zzzdbg           DATA
 0002:00004560 00000008H .rtc$IAA                DATA
 0002:00004568 00000008H .rtc$IZZ                DATA
 0002:00004570 00000008H .rtc$TAA                DATA
 0002:00004578 00000008H .rtc$TZZ                DATA
 0002:00004580 00001120H .xdata                  DATA
 0002:000056a0 00000088H .xdata$x                DATA
 0002:00005728 00000000H ATL$__a                 DATA
 0002:00005728 00000000H ATL$__z                 DATA
 0002:00005728 00000000H .edata                  DATA
 0002:00005728 00000154H .idata$2                DATA
 0002:0000587c 00000014H .idata$3                DATA
 0002:00005890 00000c08H .idata$4                DATA
 0002:00006498 0000138cH .idata$6                DATA
 0003:00000000 00000040H .data                   DATA
 0003:00000040 00000620H .data$r                 DATA
 0003:00000660 00000ee8H .bss                    DATA
 0004:00000000 00000a20H .pdata                  DATA
 0005:00000000 00000034H .gfids$y                DATA
 0006:00000000 00000004H .tls                    DATA
 0006:00000004 00000004H .tls$                   DATA
 0006:00000008 00000001H .tls$ZZZ                DATA
 0007:00000000 00000300H .rsrc$01                DATA
 0007:00000300 00005b00H .rsrc$02                DATA

  Address         Publics by Value              Rva+Base               Lib:Object

 0000:00000000       __dynamic_value_reloc_table 0000000000000000     <absolute>
 0000:00000000       __guard_longjmp_count      0000000000000000     <absolute>
 0000:00000000       __guard_iat_table          0000000000000000     <absolute>
 0000:00000000       __guard_iat_count          0000000000000000     <absolute>
 0000:00000000       __guard_longjmp_table      0000000000000000     <absolute>
 0000:00000000       __guard_fids_count         0000000000000000     <absolute>
 0000:00000000       ___safe_se_handler_table   0000000000000000     <absolute>
 0000:00000000       ___safe_se_handler_count   0000000000000000     <absolute>
 0000:00000000       __guard_fids_table         0000000000000000     <absolute>
 0000:00000100       __guard_flags              0000000000000100     <absolute>
 0000:00000000       __ImageBase                0000000140000000     <linker-defined>
 0001:000000b0       ??1AllUserLogOff@@QEAA@XZ  00000001400010b0 f   AllUserLogOff.obj
 0001:000000c0       ?Exec@AllUserLogOff@@QEAA_NXZ 00000001400010c0 f   AllUserLogOff.obj
 0001:00000220       ?Serialize@CObject@@UEAAXAEAVCArchive@@@Z 0000000140001220 f i KS_SLAVE.obj
 0001:00000220       ?__global_delete@@YAXPEAX_K@Z 0000000140001220 f i * CIL library *:* CIL module *
 0001:00000220       ?DoDataExchange@CWnd@@MEAAXPEAVCDataExchange@@@Z 0000000140001220 f i KS_SLAVEDlg.obj
 0001:00000220       ?AssertValid@CObject@@UEBAXXZ 0000000140001220 f i KS_SLAVE.obj
 0001:00000220       ?Dump@CObject@@UEBAXAEAVCDumpContext@@@Z 0000000140001220 f i KS_SLAVE.obj
 0001:00000220       ?OnClose@CKS_SLAVEDlg@@QEAAXXZ 0000000140001220 f i KS_SLAVEDlg.obj
 0001:00000220       _initialize_invalid_parameter_handler 0000000140001220 f i msvcrt:invalid_parameter_handler.obj
 0001:00000220       ?OnCancel@CKS_SLAVEDlg@@EEAAXXZ 0000000140001220 f i KS_SLAVEDlg.obj
 0001:00000220       ?__empty_global_delete@@YAXPEAX_K@Z 0000000140001220 f i AllUserLogOff.obj
 0001:00000220       _guard_check_icall_nop     0000000140001220 f i msvcrt:guard_support.obj
 0001:00000220       _initialize_denormal_control 0000000140001220 f i msvcrt:denormal_control.obj
 0001:00000230       ?GetMessageMap@CKS_SLAVEApp@@MEBAPEBUAFX_MSGMAP@@XZ 0000000140001230 f   KS_SLAVE.obj
 0001:00000240       ??_GCKS_SLAVEApp@@UEAAPEAXI@Z 0000000140001240 f i KS_SLAVE.obj
 0001:00000240       ??_ECKS_SLAVEApp@@UEAAPEAXI@Z 0000000140001240 f i * CIL library *:* CIL module *
 0001:00000290       ?InitInstance@CKS_SLAVEApp@@UEAAHXZ 0000000140001290 f   KS_SLAVE.obj
 0001:000003e0       ??1CKS_SLAVEDlg@@UEAA@XZ   00000001400013e0 f i KS_SLAVE.obj
 0001:00000450       ?GetApplicationRecoveryPingInterval@CWinApp@@UEAAKXZ 0000000140001450 f i KS_SLAVE.obj
 0001:00000460       _matherr                   0000000140001460 f i msvcrt:matherr.obj
 0001:00000460       _get_startup_new_mode      0000000140001460 f i msvcrt:new_mode.obj
 0001:00000460       ?GetApplicationRestartFlags@CWinApp@@UEAAKXZ 0000000140001460 f i KS_SLAVE.obj
 0001:00000460       ?GetApplicationRecoveryParameter@CWinApp@@UEAAPEAXXZ 0000000140001460 f i KS_SLAVE.obj
 0001:00000460       __scrt_initialize_winrt    0000000140001460 f i msvcrt:utility_desktop.obj
 0001:00000460       _get_startup_commit_mode   0000000140001460 f i msvcrt:commit_mode.obj
 0001:00000460       _get_startup_thread_locale_mode 0000000140001460 f i msvcrt:thread_locale.obj
 0001:00000470       ?RestoreAutosavedFilesAtRestart@CWinApp@@UEBAHXZ 0000000140001470 f i KS_SLAVE.obj
 0001:00000480       ?ReopenPreviousFilesAtRestart@CWinApp@@UEBAHXZ 0000000140001480 f i KS_SLAVE.obj
 0001:00000490       ?SupportsAutosaveAtInterval@CWinApp@@UEBAHXZ 0000000140001490 f i KS_SLAVE.obj
 0001:000004a0       ?SupportsAutosaveAtRestart@CWinApp@@UEBAHXZ 00000001400014a0 f i KS_SLAVE.obj
 0001:000004b0       ?SupportsApplicationRecovery@CWinApp@@UEBAHXZ 00000001400014b0 f i KS_SLAVE.obj
 0001:000004c0       ?SupportsRestartManager@CWinApp@@UEBAHXZ 00000001400014c0 f i KS_SLAVE.obj
 0001:000004d0       ??_ECKS_SLAVEDlg@@UEAAPEAXI@Z 00000001400014d0 f i * CIL library *:* CIL module *
 0001:000004d0       ??_GCKS_SLAVEDlg@@UEAAPEAXI@Z 00000001400014d0 f i KS_SLAVEDlg.obj
 0001:00000580       ?DoDataExchange@CKS_SLAVEDlg@@MEAAXPEAVCDataExchange@@@Z 0000000140001580 f   KS_SLAVEDlg.obj
 0001:000005a0       ?GetMessageMap@CKS_SLAVEDlg@@MEBAPEBUAFX_MSGMAP@@XZ 00000001400015a0 f   KS_SLAVEDlg.obj
 0001:000005b0       ?OnInitDialog@CKS_SLAVEDlg@@MEAAHXZ 00000001400015b0 f   KS_SLAVEDlg.obj
 0001:000006c0       ?OnPaint@CKS_SLAVEDlg@@IEAAXXZ 00000001400016c0 f   KS_SLAVEDlg.obj
 0001:000007d0       ?OnQueryDragIcon@CKS_SLAVEDlg@@IEAAPEAUHICON__@@XZ 00000001400017d0 f   KS_SLAVEDlg.obj
 0001:000007e0       ?OnBnClickedOk@CKS_SLAVEDlg@@QEAAXXZ 00000001400017e0 f   KS_SLAVEDlg.obj
 0001:00000880       ?OnLbnDblclkList1@CKS_SLAVEDlg@@QEAAXXZ 0000000140001880 f   KS_SLAVEDlg.obj
 0001:00000890       ?InitProcess@CKS_SLAVEDlg@@AEAAXXZ 0000000140001890 f   KS_SLAVEDlg.obj
 0001:00000ab0       ?ExitProcess@CKS_SLAVEDlg@@AEAAXXZ 0000000140001ab0 f   KS_SLAVEDlg.obj
 0001:00000ca0       ?MainThread@CKS_SLAVEDlg@@CAIPEAX@Z 0000000140001ca0 f   KS_SLAVEDlg.obj
 0001:00001100       ?OnBnClickedMydown2@CKS_SLAVEDlg@@AEAAXXZ 0000000140002100 f   KS_SLAVEDlg.obj
 0001:00001190       ?OnBnClickedMyreboot@CKS_SLAVEDlg@@AEAAXXZ 0000000140002190 f   KS_SLAVEDlg.obj
 0001:00001230       ?OnBnClickedMylogoff@CKS_SLAVEDlg@@QEAAXXZ 0000000140002230 f   KS_SLAVEDlg.obj
 0001:000012d0       ?OnBnClickedMytaskend@CKS_SLAVEDlg@@QEAAXXZ 00000001400022d0 f   KS_SLAVEDlg.obj
 0001:00001370       ?Create@CDialog@@UEAAHIPEAVCWnd@@@Z 0000000140002370 f i KS_SLAVEDlg.obj
 0001:00001380       ??_ECListBox@@UEAAPEAXI@Z  0000000140002380 f i * CIL library *:* CIL module *
 0001:00001380       ??_GCListBox@@UEAAPEAXI@Z  0000000140002380 f i KS_SLAVEDlg.obj
 0001:000013d0       ?BeginModalState@CWnd@@UEAAXXZ 00000001400023d0 f i KS_SLAVEDlg.obj
 0001:000013e0       ?EndModalState@CWnd@@UEAAXXZ 00000001400023e0 f i KS_SLAVEDlg.obj
 0001:000013f0       ??0MainInctance@@QEAA@XZ   00000001400023f0 f   MainInctance.obj
 0001:00001490       ??_EMainInctance@@UEAAPEAXI@Z 0000000140002490 f i * CIL library *:* CIL module *
 0001:00001490       ??_GMainInctance@@UEAAPEAXI@Z 0000000140002490 f i MainInctance.obj
 0001:00001500       ??1MainInctance@@UEAA@XZ   0000000140002500 f   MainInctance.obj
 0001:00001550       ?Init@MainInctance@@QEAAHXZ 0000000140002550 f   MainInctance.obj
 0001:000016f0       ?Exit@MainInctance@@QEAAXXZ 00000001400026f0 f   MainInctance.obj
 0001:000017d0       ?MainThread@MainInctance@@CAIPEAX@Z 00000001400027d0 f   MainInctance.obj
 0001:00001b40       ?Init_Process@MainInctance@@AEAAXXZ 0000000140002b40 f   MainInctance.obj
 0001:00001d10       ?Exit_Process@MainInctance@@AEAAXXZ 0000000140002d10 f   MainInctance.obj
 0001:00001eb0       ?Send_MASTER_OK@MainInctance@@AEAAXXZ 0000000140002eb0 f   MainInctance.obj
 0001:00001f80       ?Exec_Cmd@MainInctance@@AEAAXPEBD@Z 0000000140002f80 f   MainInctance.obj
 0001:00002180       ?_AtlInitializeCriticalSectionEx@ATL@@YAHPEAU_RTL_CRITICAL_SECTION@@KK@Z 0000000140003180 f i stdafx.obj
 0001:00002190       ??0CheckDB@@QEAA@_N@Z      0000000140003190 f   CheckDB.obj
 0001:00002220       ??_ECheckDB@@UEAAPEAXI@Z   0000000140003220 f i * CIL library *:* CIL module *
 0001:00002220       ??_GCheckDB@@UEAAPEAXI@Z   0000000140003220 f i CheckDB.obj
 0001:00002280       ?MainThread@CheckDB@@CAIPEAX@Z 0000000140003280 f   CheckDB.obj
 0001:00002340       ?Get_IniData@CheckDB@@AEAAXXZ 0000000140003340 f   CheckDB.obj
 0001:00002460       ?Check_DataBase@CheckDB@@AEAAXXZ 0000000140003460 f   CheckDB.obj
 0001:000027a0       ?OpenCheckEx@CheckDB@@AEAA_NXZ 00000001400037a0 f   CheckDB.obj
 0001:00002b90       ??1AutoLock@KizuLib@@UEAA@XZ 0000000140003b90 f i CheckStatus.obj
 0001:00002bc0       ??_EAutoLock@KizuLib@@UEAAPEAXI@Z 0000000140003bc0 f i * CIL library *:* CIL module *
 0001:00002bc0       ??_GAutoLock@KizuLib@@UEAAPEAXI@Z 0000000140003bc0 f i CheckStatus.obj
 0001:00002c20       ??0CheckStatus@@QEAA@_N@Z  0000000140003c20 f   CheckStatus.obj
 0001:00002ce0       ??_ECheckStatus@@UEAAPEAXI@Z 0000000140003ce0 f i * CIL library *:* CIL module *
 0001:00002ce0       ??_GCheckStatus@@UEAAPEAXI@Z 0000000140003ce0 f i CheckStatus.obj
 0001:00002d50       ?MainThread@CheckStatus@@CAIPEAX@Z 0000000140003d50 f   CheckStatus.obj
 0001:00002e90       ?Get_IniData@CheckStatus@@AEAAXXZ 0000000140003e90 f   CheckStatus.obj
 0001:00002f50       ?Init_StatusInf@CheckStatus@@AEAA_NXZ 0000000140003f50 f   CheckStatus.obj
 0001:000033a0       ?Get_Status_ID@CheckStatus@@AEAA_NH@Z 00000001400043a0 f   CheckStatus.obj
 0001:000038d0       ?Set_HeatBeatID@CheckStatus@@QEAAXH_N@Z 00000001400048d0 f   CheckStatus.obj
 0001:000039b0       ?Check_HeatBeat@CheckStatus@@AEAAXXZ 00000001400049b0 f   CheckStatus.obj
 0001:00003b00       ?Send_HeatBeat@CheckStatus@@AEAAXXZ 0000000140004b00 f   CheckStatus.obj
 0001:00003bb0       ??0exception@std@@QEAA@AEBV01@@Z 0000000140004bb0 f i KizuLibMFC:LogFileManager.obj
 0001:00003bf0       ?what@exception@std@@UEBAPEBDXZ 0000000140004bf0 f i KizuLibMFC:LogFileManager.obj
 0001:00003c10       ??_Gbad_cast@std@@UEAAPEAXI@Z 0000000140004c10 f i KizuLibMFC:LogFileManager.obj
 0001:00003c10       ??_Eexception@std@@UEAAPEAXI@Z 0000000140004c10 f i * CIL library *:* CIL module *
 0001:00003c10       ??_Gexception@std@@UEAAPEAXI@Z 0000000140004c10 f i KizuLibMFC:LogFileManager.obj
 0001:00003c10       ??_Ebad_cast@std@@UEAAPEAXI@Z 0000000140004c10 f i * CIL library *:* CIL module *
 0001:00003c60       ??1bad_cast@std@@UEAA@XZ   0000000140004c60 f i KizuLibMFC:LogFileManager.obj
 0001:00003c80       ??1locale@std@@QEAA@XZ     0000000140004c80 f i KizuLibMFC:LogFileManager.obj
 0001:00003cc0       ?GetNowLogPath@LogFileManager@KizuLib@@QEAA?AV?$CStringT@DV?$StrTraitMFC_DLL@DV?$ChTraitsCRT@D@ATL@@@@@ATL@@XZ 0000000140004cc0 f i KizuLibMFC:LogFileManager.obj
 0001:00003cf0       ??0LogFileManager@KizuLib@@QEAA@PEBDPEAVCListBox@@HH@Z 0000000140004cf0 f   KizuLibMFC:LogFileManager.obj
 0001:000040c0       ??_GLogFileManager@KizuLib@@UEAAPEAXI@Z 00000001400050c0 f i KizuLibMFC:LogFileManager.obj
 0001:000040c0       ??_ELogFileManager@KizuLib@@UEAAPEAXI@Z 00000001400050c0 f i * CIL library *:* CIL module *
 0001:00004100       ??_D?$basic_ofstream@DU?$char_traits@D@std@@@std@@QEAAXXZ 0000000140005100 f i KizuLibMFC:LogFileManager.obj
 0001:00004130       ??1LogFileManager@KizuLib@@UEAA@XZ 0000000140005130 f   KizuLibMFC:LogFileManager.obj
 0001:000042c0       ?Write@LogFileManager@KizuLib@@QEAAXW4LNO@12@PEBDZZ 00000001400052c0 f   KizuLibMFC:LogFileManager.obj
 0001:00004580       ?WriteFile@LogFileManager@KizuLib@@QEAAXPEBD@Z 0000000140005580 f   KizuLibMFC:LogFileManager.obj
 0001:00004700       ?WriteList@LogFileManager@KizuLib@@AEAAXPEBD@Z 0000000140005700 f   KizuLibMFC:LogFileManager.obj
 0001:000047f0       ?AllGetQueue@LogFileManager@KizuLib@@QEAAHXZ 00000001400057f0 f   KizuLibMFC:LogFileManager.obj
 0001:00004890       ?ShowEdit@LogFileManager@KizuLib@@QEAAXXZ 0000000140005890 f   KizuLibMFC:LogFileManager.obj
 0001:00004970       ?MainThread@LogFileManager@KizuLib@@CAIPEAX@Z 0000000140005970 f   KizuLibMFC:LogFileManager.obj
 0001:00004b10       ??1?$basic_string@DU?$char_traits@D@std@@V?$allocator@D@2@@std@@QEAA@XZ 0000000140005b10 f i KizuLibMFC:LogFileManager.obj
 0001:00004ba0       ??1?$basic_ofstream@DU?$char_traits@D@std@@@std@@UEAA@XZ 0000000140005ba0 f i KizuLibMFC:LogFileManager.obj
 0001:00004c70       ??0?$basic_ofstream@DU?$char_traits@D@std@@@std@@QEAA@XZ 0000000140005c70 f i KizuLibMFC:LogFileManager.obj
 0001:00004d50       ?imbue@?$basic_filebuf@DU?$char_traits@D@std@@@std@@MEAAXAEBVlocale@2@@Z 0000000140005d50 f i KizuLibMFC:LogFileManager.obj
 0001:00004da0       ?sync@?$basic_filebuf@DU?$char_traits@D@std@@@std@@MEAAHXZ 0000000140005da0 f i KizuLibMFC:LogFileManager.obj
 0001:00004df0       ?setbuf@?$basic_filebuf@DU?$char_traits@D@std@@@std@@MEAAPEAV?$basic_streambuf@DU?$char_traits@D@std@@@2@PEAD_J@Z 0000000140005df0 f i KizuLibMFC:LogFileManager.obj
 0001:00004ee0       ?seekpos@?$basic_filebuf@DU?$char_traits@D@std@@@std@@MEAA?AV?$fpos@U_Mbstatet@@@2@V32@H@Z 0000000140005ee0 f i KizuLibMFC:LogFileManager.obj
 0001:00004fd0       ?seekoff@?$basic_filebuf@DU?$char_traits@D@std@@@std@@MEAA?AV?$fpos@U_Mbstatet@@@2@_JHH@Z 0000000140005fd0 f i KizuLibMFC:LogFileManager.obj
 0001:000050d0       ?uflow@?$basic_filebuf@DU?$char_traits@D@std@@@std@@MEAAHXZ 00000001400060d0 f i KizuLibMFC:LogFileManager.obj
 0001:000054a0       ?underflow@?$basic_filebuf@DU?$char_traits@D@std@@@std@@MEAAHXZ 00000001400064a0 f i KizuLibMFC:LogFileManager.obj
 0001:00005510       ?pbackfail@?$basic_filebuf@DU?$char_traits@D@std@@@std@@MEAAHH@Z 0000000140006510 f i KizuLibMFC:LogFileManager.obj
 0001:000055f0       ?overflow@?$basic_filebuf@DU?$char_traits@D@std@@@std@@MEAAHH@Z 00000001400065f0 f i KizuLibMFC:LogFileManager.obj
 0001:00005960       ?_Unlock@?$basic_filebuf@DU?$char_traits@D@std@@@std@@UEAAXXZ 0000000140006960 f i KizuLibMFC:LogFileManager.obj
 0001:00005980       ?_Lock@?$basic_filebuf@DU?$char_traits@D@std@@@std@@UEAAXXZ 0000000140006980 f i KizuLibMFC:LogFileManager.obj
 0001:000059a0       ??_G?$basic_ofstream@DU?$char_traits@D@std@@@std@@UEAAPEAXI@Z 00000001400069a0 f i KizuLibMFC:LogFileManager.obj
 0001:000059a0       ??_E?$basic_ofstream@DU?$char_traits@D@std@@@std@@UEAAPEAXI@Z 00000001400069a0 f i * CIL library *:* CIL module *
 0001:000059f0       ??_G?$basic_filebuf@DU?$char_traits@D@std@@@std@@UEAAPEAXI@Z 00000001400069f0 f i KizuLibMFC:LogFileManager.obj
 0001:000059f0       ??_E?$basic_filebuf@DU?$char_traits@D@std@@@std@@UEAAPEAXI@Z 00000001400069f0 f i * CIL library *:* CIL module *
 0001:00005a90       ?_Reset_back@?$basic_filebuf@DU?$char_traits@D@std@@@std@@AEAAXXZ 0000000140006a90 f i KizuLibMFC:LogFileManager.obj
 0001:00005ac0       ?_Endwrite@?$basic_filebuf@DU?$char_traits@D@std@@@std@@IEAA_NXZ 0000000140006ac0 f i KizuLibMFC:LogFileManager.obj
 0001:00005d40       ?close@?$basic_filebuf@DU?$char_traits@D@std@@@std@@QEAAPEAV12@XZ 0000000140006d40 f i KizuLibMFC:LogFileManager.obj
 0001:00005dc0       ?open@?$basic_filebuf@DU?$char_traits@D@std@@@std@@QEAAPEAV12@PEBDHH@Z 0000000140006dc0 f i KizuLibMFC:LogFileManager.obj
 0001:00005f00       ?_Copy@?$basic_string@DU?$char_traits@D@std@@V?$allocator@D@2@@std@@QEAAX_K0@Z 0000000140006f00 f i KizuLibMFC:LogFileManager.obj
 0001:000060b0       ?allocate@?$_Wrap_alloc@V?$allocator@D@std@@@std@@QEAAPEAD_K@Z 00000001400070b0 f i KizuLibMFC:LogFileManager.obj
 0001:00006120       ??0?$ThreadQueue@D@KizuLib@@QEAA@H@Z 0000000140007120 f i KizuLibMFC:LogFileManager.obj
 0001:000061d0       ??1?$ThreadQueue@D@KizuLib@@UEAA@XZ 00000001400071d0 f i KizuLibMFC:LogFileManager.obj
 0001:00006280       ?GetFromHead@?$ThreadQueue@D@KizuLib@@QEAAPEADXZ 0000000140007280 f i KizuLibMFC:LogFileManager.obj
 0001:00006320       ??$?6U?$char_traits@D@std@@@std@@YAAEAV?$basic_ostream@DU?$char_traits@D@std@@@0@AEAV10@PEBD@Z 0000000140007320 f i KizuLibMFC:LogFileManager.obj
 0001:000064f0       ??$endl@DU?$char_traits@D@std@@@std@@YAAEAV?$basic_ostream@DU?$char_traits@D@std@@@0@AEAV10@@Z 00000001400074f0 f i KizuLibMFC:LogFileManager.obj
 0001:00006530       ??$use_facet@V?$codecvt@DDU_Mbstatet@@@std@@@std@@YAAEBV?$codecvt@DDU_Mbstatet@@@0@AEBVlocale@0@@Z 0000000140007530 f i KizuLibMFC:LogFileManager.obj
 0001:00006640       ??0bad_cast@std@@QEAA@AEBV01@@Z 0000000140007640 f i KizuLibMFC:LogFileManager.obj
 0001:00006680       ??_E?$ThreadQueue@D@KizuLib@@UEAAPEAXI@Z 0000000140007680 f i * CIL library *:* CIL module *
 0001:00006680       ??_G?$ThreadQueue@D@KizuLib@@UEAAPEAXI@Z 0000000140007680 f i KizuLibMFC:LogFileManager.obj
 0001:000066c0       ?push_back@?$deque@PEADV?$allocator@PEAD@std@@@std@@QEAAXAEBQEAD@Z 00000001400076c0 f i KizuLibMFC:LogFileManager.obj
 0001:00006790       ??1sentry@?$basic_ostream@DU?$char_traits@D@std@@@std@@QEAA@XZ 0000000140007790 f i KizuLibMFC:LogFileManager.obj
 0001:000067e0       ?_Tidy@?$deque@PEADV?$allocator@PEAD@std@@@std@@IEAAXXZ 00000001400077e0 f i KizuLibMFC:LogFileManager.obj
 0001:000068d0       ?_Growmap@?$deque@PEADV?$allocator@PEAD@std@@@std@@IEAAX_K@Z 00000001400078d0 f i KizuLibMFC:LogFileManager.obj
 0001:00006b30       ?begin@?$deque@PEADV?$allocator@PEAD@std@@@std@@QEAA?AV?$_Deque_iterator@V?$_Deque_val@U?$_Deque_simple_types@PEAD@std@@@std@@@2@XZ 0000000140007b30 f i KizuLibMFC:LogFileManager.obj
 0001:00006b50       ??1_Sentry_base@?$basic_ostream@DU?$char_traits@D@std@@@std@@QEAA@XZ 0000000140007b50 f i KizuLibMFC:LogFileManager.obj
 0001:00006b80       ??_E?$basic_ofstream@DU?$char_traits@D@std@@@std@@$4PPPPPPPM@A@EAAPEAXI@Z 0000000140007b80 f i KizuLibMFC:LogFileManager.obj
 0001:00006b90       sprintf                    0000000140007b90 f i KizuLibMFC:LogFileManager.obj
 0001:00006bf0       __local_stdio_printf_options 0000000140007bf0 f i KizuLibMFC:LogFileManager.obj
 0001:00006c00       ??_EWorkThread@KizuLib@@UEAAPEAXI@Z 0000000140007c00 f i * CIL library *:* CIL module *
 0001:00006c00       ??_GWorkThread@KizuLib@@UEAAPEAXI@Z 0000000140007c00 f i KizuLib:WorkThread.obj
 0001:00006c50       ??1WorkThread@KizuLib@@UEAA@XZ 0000000140007c50 f   KizuLib:WorkThread.obj
 0001:00006c70       ?MainThread@WorkThread@KizuLib@@MEAAIXZ 0000000140007c70 f   KizuLib:WorkThread.obj
 0001:00006c80       ?task_init@@YAHPEBDH@Z     0000000140007c80 f   KizuLib:KizuLib.obj
 0001:00006d80       ?getmypcname@@YAPEBDXZ     0000000140007d80 f   KizuLib:KizuLib.obj
 0001:00006da0       ?syslog@@YAHJPEBDZZ        0000000140007da0 f   KizuLib:KizuLib.obj
 0001:00006f30       ?statelog@@YAHJJJPEBDZZ    0000000140007f30 f   KizuLib:KizuLib.obj
 0001:000070c0       ?AllProcessSend@ProcessManager@KizuLib@@SAXPEAUCOMMON_QUE@@@Z 00000001400080c0 f   KizuLib:ProcessManager.obj
 0001:00007220       ?ExecProcess@ProcessManager@KizuLib@@SAXXZ 0000000140008220 f   KizuLib:ProcessManager.obj
 0001:00007330       ?WinExec@ProcessManager@KizuLib@@SAXPEAD@Z 0000000140008330 f   KizuLib:ProcessManager.obj
 0001:00007500       ?ExitWin@ProcessManager@KizuLib@@SAHH@Z 0000000140008500 f   KizuLib:ProcessManager.obj
 0001:00007590       ?ksAdToken@ProcessManager@KizuLib@@SAHPEBD@Z 0000000140008590 f   KizuLib:ProcessManager.obj
 0001:00007640       ??_GSmemManager@KizuLib@@UEAAPEAXI@Z 0000000140008640 f i KizuLib:SmemManager.obj
 0001:00007640       ??_ESmemManager@KizuLib@@UEAAPEAXI@Z 0000000140008640 f i * CIL library *:* CIL module *
 0001:00007670       ?CreateMem@SmemManager@KizuLib@@QEAAX_N@Z 0000000140008670 f   KizuLib:SmemManager.obj
 0001:00007870       ?SetStatus@KizuFunction@KizuLib@@SA_NHH_NPEBD@Z 0000000140008870 f   KizuLib:KizuFunction.obj
 0001:00007bf0       ??0KizuPcInfManager@KizuLib@@QEAA@H@Z 0000000140008bf0 f   KizuLib:KizuPcInfManager.obj
 0001:00007cd0       ??_GKizuPcInfManager@KizuLib@@UEAAPEAXI@Z 0000000140008cd0 f i KizuLib:KizuPcInfManager.obj
 0001:00007cd0       ??_EKizuPcInfManager@KizuLib@@UEAAPEAXI@Z 0000000140008cd0 f i * CIL library *:* CIL module *
 0001:00007d00       ?SetPcName@KizuPcInfManager@KizuLib@@QEAA_NPEADPEBD1@Z 0000000140008d00 f   KizuLib:KizuPcInfManager.obj
 0001:000082c0       ?GetError@MailSlotManager@KizuLib@@UEAAHXZ 00000001400092c0 f i KizuLib:MailSlotManager.obj
 0001:000082d0       ??_EMailSlotManager@KizuLib@@UEAAPEAXI@Z 00000001400092d0 f i * CIL library *:* CIL module *
 0001:000082d0       ??_GMailSlotManager@KizuLib@@UEAAPEAXI@Z 00000001400092d0 f i KizuLib:MailSlotManager.obj
 0001:00008330       ?SendMail@MailSlotManager@KizuLib@@SAHPEBD0PEBXK@Z 0000000140009330 f   KizuLib:MailSlotManager.obj
 0001:00008430       ?Create@MailSlotManager@KizuLib@@QEAA_NPEBDK@Z 0000000140009430 f   KizuLib:MailSlotManager.obj
 0001:000084b0       ?Recv@MailSlotManager@KizuLib@@UEAAHPEAXK@Z 00000001400094b0 f   KizuLib:MailSlotManager.obj
 0001:00008570       ?Send@MailSlotManager@KizuLib@@UEAAHPEBXK@Z 0000000140009570 f   KizuLib:MailSlotManager.obj
 0001:000085b0       ?Recv@MailSlotManager@KizuLib@@UEAA_NPEAXKPEAU_OVERLAPPED@@@Z 00000001400095b0 f   KizuLib:MailSlotManager.obj
 0001:00008600       ?Send@MailSlotManager@KizuLib@@UEAA_NPEBXKPEAU_OVERLAPPED@@@Z 0000000140009600 f   KizuLib:MailSlotManager.obj
 0001:00008650       ?GetResult@MailSlotManager@KizuLib@@UEAA_NPEAU_OVERLAPPED@@@Z 0000000140009650 f   KizuLib:MailSlotManager.obj
 0001:00008690       ??_GOdbcBase@KizuODBC@@UEAAPEAXI@Z 0000000140009690 f i KizuODBC:OdbcBase.obj
 0001:00008690       ??_EOdbcBase@KizuODBC@@UEAAPEAXI@Z 0000000140009690 f i * CIL library *:* CIL module *
 0001:000086d0       ??1OdbcBase@KizuODBC@@UEAA@XZ 00000001400096d0 f   KizuODBC:OdbcBase.obj
 0001:00008780       ?OpenCheck@OdbcBase@KizuODBC@@SA_NPEBD0@Z 0000000140009780 f   KizuODBC:OdbcBase.obj
 0001:00008880       ?DisConnect@OdbcBase@KizuODBC@@QEAAXXZ 0000000140009880 f   KizuODBC:OdbcBase.obj
 0001:000088f0       ??0OdbcEnv@KizuODBC@@AEAA@XZ 00000001400098f0 f   KizuODBC:OdbcEnv.obj
 0001:000089b0       ??_GOdbcEnv@KizuODBC@@UEAAPEAXI@Z 00000001400099b0 f i KizuODBC:OdbcEnv.obj
 0001:000089b0       ??_EOdbcEnv@KizuODBC@@UEAAPEAXI@Z 00000001400099b0 f i * CIL library *:* CIL module *
 0001:00008a10       ?GetErrMsg@OdbcEnv@KizuODBC@@QEAAXXZ 0000000140009a10 f   KizuODBC:OdbcEnv.obj
 0001:00008a90       ??_GOdbcManager@KizuODBC@@UEAAPEAXI@Z 0000000140009a90 f i KizuODBC:OdbcManager.obj
 0001:00008a90       ??_EOdbcManager@KizuODBC@@UEAAPEAXI@Z 0000000140009a90 f i * CIL library *:* CIL module *
 0001:00008ad0       ??1OdbcManager@KizuODBC@@UEAA@XZ 0000000140009ad0 f   KizuODBC:OdbcManager.obj
 0001:00008b90       ?Alloc@OdbcManager@KizuODBC@@IEAAXXZ 0000000140009b90 f   KizuODBC:OdbcManager.obj
 0001:00008cb0       ?Connect@OdbcManager@KizuODBC@@QEAAHPEBD0@Z 0000000140009cb0 f   KizuODBC:OdbcManager.obj
 0001:00008db0       ?Connect@OdbcManager@KizuODBC@@QEAAHPEBD00@Z 0000000140009db0 f   KizuODBC:OdbcManager.obj
 0001:00008f70       ?ExecuteDirect@OdbcManager@KizuODBC@@QEAAFPEBD@Z 0000000140009f70 f   KizuODBC:OdbcManager.obj
 0001:00009010       ?GetErrMsg@OdbcManager@KizuODBC@@QEAAXXZ 000000014000a010 f   KizuODBC:OdbcManager.obj
 0001:000090b0       ?GetErrMsg@OdbcManager@KizuODBC@@QEAAXF@Z 000000014000a0b0 f   KizuODBC:OdbcManager.obj
 0001:00009162       ??3@YAXPEAX@Z              000000014000a162 f   mfc140:mfc140.dll
 0001:00009168       ?OnHelp@CWinApp@@IEAAXXZ   000000014000a168 f   mfc140:mfc140.dll
 0001:0000916e       ?GetThisMessageMap@CWinApp@@KAPEBUAFX_MSGMAP@@XZ 000000014000a16e f   mfc140:mfc140.dll
 0001:00009174       ?DoModal@CDialog@@UEAA_JXZ 000000014000a174 f   mfc140:mfc140.dll
 0001:0000917a       ?GetRuntimeClass@CWinApp@@UEBAPEAUCRuntimeClass@@XZ 000000014000a17a f   mfc140:mfc140.dll
 0001:00009180       ?OnCmdMsg@CCmdTarget@@UEAAHIHPEAXPEAUAFX_CMDHANDLERINFO@@@Z 000000014000a180 f   mfc140:mfc140.dll
 0001:00009186       ?OnFinalRelease@CCmdTarget@@UEAAXXZ 000000014000a186 f   mfc140:mfc140.dll
 0001:0000918c       ?IsInvokeAllowed@CCmdTarget@@UEAAHJ@Z 000000014000a18c f   mfc140:mfc140.dll
 0001:00009192       ?GetDispatchIID@CCmdTarget@@UEAAHPEAU_GUID@@@Z 000000014000a192 f   mfc140:mfc140.dll
 0001:00009198       ?GetTypeInfoCount@CCmdTarget@@UEAAIXZ 000000014000a198 f   mfc140:mfc140.dll
 0001:0000919e       ?GetTypeLibCache@CCmdTarget@@UEAAPEAVCTypeLibCache@@XZ 000000014000a19e f   mfc140:mfc140.dll
 0001:000091a4       ?GetTypeLib@CCmdTarget@@UEAAJKPEAPEAUITypeLib@@@Z 000000014000a1a4 f   mfc140:mfc140.dll
 0001:000091aa       ?GetCommandMap@CCmdTarget@@MEBAPEBUAFX_OLECMDMAP@@XZ 000000014000a1aa f   mfc140:mfc140.dll
 0001:000091b0       ?GetDispatchMap@CCmdTarget@@MEBAPEBUAFX_DISPMAP@@XZ 000000014000a1b0 f   mfc140:mfc140.dll
 0001:000091b6       ?GetConnectionMap@CCmdTarget@@MEBAPEBUAFX_CONNECTIONMAP@@XZ 000000014000a1b6 f   mfc140:mfc140.dll
 0001:000091bc       ?GetInterfaceMap@CCmdTarget@@MEBAPEBUAFX_INTERFACEMAP@@XZ 000000014000a1bc f   mfc140:mfc140.dll
 0001:000091c2       ?GetEventSinkMap@CCmdTarget@@MEBAPEBUAFX_EVENTSINKMAP@@XZ 000000014000a1c2 f   mfc140:mfc140.dll
 0001:000091c8       ?OnCreateAggregates@CCmdTarget@@UEAAHXZ 000000014000a1c8 f   mfc140:mfc140.dll
 0001:000091ce       ?GetInterfaceHook@CCmdTarget@@UEAAPEAUIUnknown@@PEBX@Z 000000014000a1ce f   mfc140:mfc140.dll
 0001:000091d4       ?GetExtraConnectionPoints@CCmdTarget@@MEAAHPEAVCPtrArray@@@Z 000000014000a1d4 f   mfc140:mfc140.dll
 0001:000091da       ?GetConnectionHook@CCmdTarget@@MEAAPEAUIConnectionPoint@@AEBU_GUID@@@Z 000000014000a1da f   mfc140:mfc140.dll
 0001:000091e0       ?Run@CWinApp@@UEAAHXZ      000000014000a1e0 f   mfc140:mfc140.dll
 0001:000091e6       ?PreTranslateMessage@CWinThread@@UEAAHPEAUtagMSG@@@Z 000000014000a1e6 f   mfc140:mfc140.dll
 0001:000091ec       ?PumpMessage@CWinThread@@UEAAHXZ 000000014000a1ec f   mfc140:mfc140.dll
 0001:000091f2       ?OnIdle@CWinApp@@UEAAHJ@Z  000000014000a1f2 f   mfc140:mfc140.dll
 0001:000091f8       ?IsIdleMessage@CWinThread@@UEAAHPEAUtagMSG@@@Z 000000014000a1f8 f   mfc140:mfc140.dll
 0001:000091fe       ?ExitInstance@CWinApp@@UEAAHXZ 000000014000a1fe f   mfc140:mfc140.dll
 0001:00009204       ?ProcessWndProcException@CWinApp@@UEAA_JPEAVCException@@PEBUtagMSG@@@Z 000000014000a204 f   mfc140:mfc140.dll
 0001:0000920a       ?ProcessMessageFilter@CWinThread@@UEAAHHPEAUtagMSG@@@Z 000000014000a20a f   mfc140:mfc140.dll
 0001:00009210       ?GetMainWnd@CWinThread@@UEAAPEAVCWnd@@XZ 000000014000a210 f   mfc140:mfc140.dll
 0001:00009216       ?Delete@CWinThread@@UEAAXXZ 000000014000a216 f   mfc140:mfc140.dll
 0001:0000921c       ?GetProfileIntA@CWinApp@@UEAAIPEBD0H@Z 000000014000a21c f   mfc140:mfc140.dll
 0001:00009222       ?WriteProfileInt@CWinApp@@UEAAHPEBD0H@Z 000000014000a222 f   mfc140:mfc140.dll
 0001:00009228       ?GetProfileStringA@CWinApp@@UEAA?AV?$CStringT@DV?$StrTraitMFC_DLL@DV?$ChTraitsCRT@D@ATL@@@@@ATL@@PEBD00@Z 000000014000a228 f   mfc140:mfc140.dll
 0001:0000922e       ?WriteProfileStringA@CWinApp@@UEAAHPEBD00@Z 000000014000a22e f   mfc140:mfc140.dll
 0001:00009234       ?GetProfileBinary@CWinApp@@UEAAHPEBD0PEAPEAEPEAI@Z 000000014000a234 f   mfc140:mfc140.dll
 0001:0000923a       ?WriteProfileBinary@CWinApp@@UEAAHPEBD0PEAEI@Z 000000014000a23a f   mfc140:mfc140.dll
 0001:00009240       ?InitLibId@CWinApp@@UEAAXXZ 000000014000a240 f   mfc140:mfc140.dll
 0001:00009246       ?Register@CWinApp@@UEAAHXZ 000000014000a246 f   mfc140:mfc140.dll
 0001:0000924c       ?Unregister@CWinApp@@UEAAHXZ 000000014000a24c f   mfc140:mfc140.dll
 0001:00009252       ?OpenDocumentFile@CWinApp@@UEAAPEAVCDocument@@PEBDH@Z 000000014000a252 f   mfc140:mfc140.dll
 0001:00009258       ?OpenDocumentFile@CWinApp@@UEAAPEAVCDocument@@PEBD@Z 000000014000a258 f   mfc140:mfc140.dll
 0001:0000925e       ?AddToRecentFileList@CWinApp@@UEAAXPEBD@Z 000000014000a25e f   mfc140:mfc140.dll
 0001:00009264       ?InitApplication@CWinApp@@UEAAHXZ 000000014000a264 f   mfc140:mfc140.dll
 0001:0000926a       ?SaveAllModified@CWinApp@@UEAAHXZ 000000014000a26a f   mfc140:mfc140.dll
 0001:00009270       ?DoMessageBox@CWinApp@@UEAAHPEBDII@Z 000000014000a270 f   mfc140:mfc140.dll
 0001:00009276       ?DoWaitCursor@CWinApp@@UEAAXH@Z 000000014000a276 f   mfc140:mfc140.dll
 0001:0000927c       ?OnDDECommand@CWinApp@@UEAAHPEAD@Z 000000014000a27c f   mfc140:mfc140.dll
 0001:00009282       ?WinHelpA@CWinApp@@UEAAX_KI@Z 000000014000a282 f   mfc140:mfc140.dll
 0001:00009288       ?HtmlHelpA@CWinApp@@UEAAX_KI@Z 000000014000a288 f   mfc140:mfc140.dll
 0001:0000928e       ?WinHelpInternal@CWinApp@@UEAAX_KI@Z 000000014000a28e f   mfc140:mfc140.dll
 0001:00009294       ?RegisterWithRestartManager@CWinApp@@UEAAJPEB_WKP6AKPEAX@Z1KK@Z 000000014000a294 f   mfc140:mfc140.dll
 0001:0000929a       ?RegisterWithRestartManager@CWinApp@@UEAAJHAEBV?$CStringT@DV?$StrTraitMFC_DLL@DV?$ChTraitsCRT@D@ATL@@@@@ATL@@@Z 000000014000a29a f   mfc140:mfc140.dll
 0001:000092a0       ?ApplicationRecoveryCallback@CWinApp@@UEAAKPEAX@Z 000000014000a2a0 f   mfc140:mfc140.dll
 0001:000092a6       ?GetDataRecoveryHandler@CWinApp@@UEAAPEAVCDataRecoveryHandler@@XZ 000000014000a2a6 f   mfc140:mfc140.dll
 0001:000092ac       ?IsTaskbarInteractionEnabled@CWinApp@@UEAAHXZ 000000014000a2ac f   mfc140:mfc140.dll
 0001:000092b2       ?RestartInstance@CWinApp@@UEAAHXZ 000000014000a2b2 f   mfc140:mfc140.dll
 0001:000092b8       ?LoadAppLangResourceDLL@CWinApp@@UEAAPEAUHINSTANCE__@@XZ 000000014000a2b8 f   mfc140:mfc140.dll
 0001:000092be       ?LoadSysPolicies@CWinApp@@UEAAHXZ 000000014000a2be f   mfc140:mfc140.dll
 0001:000092c4       ??2@YAPEAX_K@Z             000000014000a2c4 f   mfc140:mfc140.dll
 0001:000092ca       ?CharToItem@CListBox@@UEAAHII@Z 000000014000a2ca f   mfc140:mfc140.dll
 0001:000092d0       ?VKeyToItem@CListBox@@UEAAHII@Z 000000014000a2d0 f   mfc140:mfc140.dll
 0001:000092d6       ?DeleteItem@CListBox@@UEAAXPEAUtagDELETEITEMSTRUCT@@@Z 000000014000a2d6 f   mfc140:mfc140.dll
 0001:000092dc       ?CompareItem@CListBox@@UEAAHPEAUtagCOMPAREITEMSTRUCT@@@Z 000000014000a2dc f   mfc140:mfc140.dll
 0001:000092e2       ?MeasureItem@CListBox@@UEAAXPEAUtagMEASUREITEMSTRUCT@@@Z 000000014000a2e2 f   mfc140:mfc140.dll
 0001:000092e8       ?DrawItem@CListBox@@UEAAXPEAUtagDRAWITEMSTRUCT@@@Z 000000014000a2e8 f   mfc140:mfc140.dll
 0001:000092ee       ?Create@CListBox@@UEAAHKAEBUtagRECT@@PEAVCWnd@@I@Z 000000014000a2ee f   mfc140:mfc140.dll
 0001:000092f4       ?GetOccDialogInfo@CWnd@@MEAAPEAU_AFX_OCC_DIALOG_INFO@@XZ 000000014000a2f4 f   mfc140:mfc140.dll
 0001:000092fa       ?SetOccDialogInfo@CWnd@@MEAAHPEAU_AFX_OCC_DIALOG_INFO@@@Z 000000014000a2fa f   mfc140:mfc140.dll
 0001:00009300       ?CreateControlSite@CWnd@@MEAAHPEAVCOleControlContainer@@PEAPEAVCOleControlSite@@IAEBU_GUID@@@Z 000000014000a300 f   mfc140:mfc140.dll
 0001:00009306       ?CreateControlContainer@CWnd@@MEAAHPEAPEAVCOleControlContainer@@@Z 000000014000a306 f   mfc140:mfc140.dll
 0001:0000930c       ?IsFrameWnd@CWnd@@UEBAHXZ  000000014000a30c f   mfc140:mfc140.dll
 0001:00009312       ?CheckAutoCenter@CWnd@@UEAAHXZ 000000014000a312 f   mfc140:mfc140.dll
 0001:00009318       ?ResizeDynamicLayout@CWnd@@MEAAXXZ 000000014000a318 f   mfc140:mfc140.dll
 0001:0000931e       ?OnGesturePressAndTap@CWnd@@MEAAHVCPoint@@J@Z 000000014000a31e f   mfc140:mfc140.dll
 0001:00009324       ?OnGestureTwoFingerTap@CWnd@@MEAAHVCPoint@@@Z 000000014000a324 f   mfc140:mfc140.dll
 0001:0000932a       ?OnGestureRotate@CWnd@@MEAAHVCPoint@@N@Z 000000014000a32a f   mfc140:mfc140.dll
 0001:00009330       ?OnGesturePan@CWnd@@MEAAHVCPoint@@0@Z 000000014000a330 f   mfc140:mfc140.dll
 0001:00009336       ?OnGestureZoom@CWnd@@MEAAHVCPoint@@J@Z 000000014000a336 f   mfc140:mfc140.dll
 0001:0000933c       ?GetGestureStatus@CWnd@@MEAAKVCPoint@@@Z 000000014000a33c f   mfc140:mfc140.dll
 0001:00009342       ?OnTouchInput@CWnd@@MEAAHVCPoint@@HHPEAUtagTOUCHINPUT@@@Z 000000014000a342 f   mfc140:mfc140.dll
 0001:00009348       ?OnTouchInputs@CWnd@@MEAAHIPEAUtagTOUCHINPUT@@@Z 000000014000a348 f   mfc140:mfc140.dll
 0001:0000934e       ?OnChildNotify@CListBox@@MEAAHI_K_JPEA_J@Z 000000014000a34e f   mfc140:mfc140.dll
 0001:00009354       ?PostNcDestroy@CWnd@@MEAAXXZ 000000014000a354 f   mfc140:mfc140.dll
 0001:0000935a       ?DefWindowProcA@CWnd@@MEAA_JI_K_J@Z 000000014000a35a f   mfc140:mfc140.dll
 0001:00009360       ?OnWndMsg@CWnd@@MEAAHI_K_JPEA_J@Z 000000014000a360 f   mfc140:mfc140.dll
 0001:00009366       ?WindowProc@CWnd@@MEAA_JI_K_J@Z 000000014000a366 f   mfc140:mfc140.dll
 0001:0000936c       ?OnAmbientProperty@CWnd@@UEAAHPEAVCOleControlSite@@JPEAUtagVARIANT@@@Z 000000014000a36c f   mfc140:mfc140.dll
 0001:00009372       ?PreTranslateMessage@CWnd@@UEAAHPEAUtagMSG@@@Z 000000014000a372 f   mfc140:mfc140.dll
 0001:00009378       ?GetSuperWndProcAddr@CWnd@@MEAAPEAP6A_JPEAUHWND__@@I_K_J@ZXZ 000000014000a378 f   mfc140:mfc140.dll
 0001:0000937e       ?OnNotify@CWnd@@MEAAH_K_JPEA_J@Z 000000014000a37e f   mfc140:mfc140.dll
 0001:00009384       ?OnCommand@CWnd@@MEAAH_K_J@Z 000000014000a384 f   mfc140:mfc140.dll
 0001:0000938a       ?CreateAccessibleProxy@CWnd@@UEAAJ_K_JPEA_J@Z 000000014000a38a f   mfc140:mfc140.dll
 0001:00009390       ?SetProxy@CWnd@@UEAAJPEAUIAccessibleProxy@@@Z 000000014000a390 f   mfc140:mfc140.dll
 0001:00009396       ?put_accValue@CWnd@@UEAAJUtagVARIANT@@PEA_W@Z 000000014000a396 f   mfc140:mfc140.dll
 0001:0000939c       ?put_accName@CWnd@@UEAAJUtagVARIANT@@PEA_W@Z 000000014000a39c f   mfc140:mfc140.dll
 0001:000093a2       ?accDoDefaultAction@CWnd@@UEAAJUtagVARIANT@@@Z 000000014000a3a2 f   mfc140:mfc140.dll
 0001:000093a8       ?accHitTest@CWnd@@UEAAJJJPEAUtagVARIANT@@@Z 000000014000a3a8 f   mfc140:mfc140.dll
 0001:000093ae       ?accNavigate@CWnd@@UEAAJJUtagVARIANT@@PEAU2@@Z 000000014000a3ae f   mfc140:mfc140.dll
 0001:000093b4       ?accLocation@CWnd@@UEAAJPEAJ000UtagVARIANT@@@Z 000000014000a3b4 f   mfc140:mfc140.dll
 0001:000093ba       ?accSelect@CWnd@@UEAAJJUtagVARIANT@@@Z 000000014000a3ba f   mfc140:mfc140.dll
 0001:000093c0       ?get_accDefaultAction@CWnd@@UEAAJUtagVARIANT@@PEAPEA_W@Z 000000014000a3c0 f   mfc140:mfc140.dll
 0001:000093c6       ?get_accSelection@CWnd@@UEAAJPEAUtagVARIANT@@@Z 000000014000a3c6 f   mfc140:mfc140.dll
 0001:000093cc       ?get_accFocus@CWnd@@UEAAJPEAUtagVARIANT@@@Z 000000014000a3cc f   mfc140:mfc140.dll
 0001:000093d2       ?get_accKeyboardShortcut@CWnd@@UEAAJUtagVARIANT@@PEAPEA_W@Z 000000014000a3d2 f   mfc140:mfc140.dll
 0001:000093d8       ?get_accHelpTopic@CWnd@@UEAAJPEAPEA_WUtagVARIANT@@PEAJ@Z 000000014000a3d8 f   mfc140:mfc140.dll
 0001:000093de       ?get_accHelp@CWnd@@UEAAJUtagVARIANT@@PEAPEA_W@Z 000000014000a3de f   mfc140:mfc140.dll
 0001:000093e4       ?get_accState@CWnd@@UEAAJUtagVARIANT@@PEAU2@@Z 000000014000a3e4 f   mfc140:mfc140.dll
 0001:000093ea       ?get_accRole@CWnd@@UEAAJUtagVARIANT@@PEAU2@@Z 000000014000a3ea f   mfc140:mfc140.dll
 0001:000093f0       ?get_accDescription@CWnd@@UEAAJUtagVARIANT@@PEAPEA_W@Z 000000014000a3f0 f   mfc140:mfc140.dll
 0001:000093f6       ?get_accValue@CWnd@@UEAAJUtagVARIANT@@PEAPEA_W@Z 000000014000a3f6 f   mfc140:mfc140.dll
 0001:000093fc       ?get_accName@CWnd@@UEAAJUtagVARIANT@@PEAPEA_W@Z 000000014000a3fc f   mfc140:mfc140.dll
 0001:00009402       ?get_accChild@CWnd@@UEAAJUtagVARIANT@@PEAPEAUIDispatch@@@Z 000000014000a402 f   mfc140:mfc140.dll
 0001:00009408       ?get_accChildCount@CWnd@@UEAAJPEAJ@Z 000000014000a408 f   mfc140:mfc140.dll
 0001:0000940e       ?get_accParent@CWnd@@UEAAJPEAPEAUIDispatch@@@Z 000000014000a40e f   mfc140:mfc140.dll
 0001:00009414       ?EnsureStdObj@CWnd@@UEAAJXZ 000000014000a414 f   mfc140:mfc140.dll
 0001:0000941a       ?OnDrawIconicThumbnailOrLivePreview@CWnd@@UEAAXAEAVCDC@@VCRect@@VCSize@@HAEAH@Z 000000014000a41a f   mfc140:mfc140.dll
 0001:00009420       ?EndModalLoop@CWnd@@UEAAXH@Z 000000014000a420 f   mfc140:mfc140.dll
 0001:00009426       ?ContinueModal@CWnd@@UEAAHXZ 000000014000a426 f   mfc140:mfc140.dll
 0001:0000942c       ?WinHelpInternal@CWnd@@UEAAX_KI@Z 000000014000a42c f   mfc140:mfc140.dll
 0001:00009432       ?HtmlHelpA@CWnd@@UEAAX_KI@Z 000000014000a432 f   mfc140:mfc140.dll
 0001:00009438       ?WinHelpA@CWnd@@UEAAX_KI@Z 000000014000a438 f   mfc140:mfc140.dll
 0001:0000943e       ?GetScrollBarCtrl@CWnd@@UEBAPEAVCScrollBar@@H@Z 000000014000a43e f   mfc140:mfc140.dll
 0001:00009444       ?OnToolHitTest@CWnd@@UEBA_JVCPoint@@PEAUtagTOOLINFOA@@@Z 000000014000a444 f   mfc140:mfc140.dll
 0001:0000944a       ?SetMenu@CWnd@@UEAAHPEAVCMenu@@@Z 000000014000a44a f   mfc140:mfc140.dll
 0001:00009450       ?GetMenu@CWnd@@UEBAPEAVCMenu@@XZ 000000014000a450 f   mfc140:mfc140.dll
 0001:00009456       ?CalcWindowRect@CWnd@@UEAAXPEAUtagRECT@@I@Z 000000014000a456 f   mfc140:mfc140.dll
 0001:0000945c       ?PreCreateWindow@CWnd@@UEAAHAEAUtagCREATESTRUCTA@@@Z 000000014000a45c f   mfc140:mfc140.dll
 0001:00009462       ?DestroyWindow@CWnd@@UEAAHXZ 000000014000a462 f   mfc140:mfc140.dll
 0001:00009468       ?CreateEx@CWnd@@UEAAHKPEBD0KHHHHPEAUHWND__@@PEAUHMENU__@@PEAX@Z 000000014000a468 f   mfc140:mfc140.dll
 0001:0000946e       ?CreateEx@CWnd@@UEAAHKPEBD0KAEBUtagRECT@@PEAV1@IPEAX@Z 000000014000a46e f   mfc140:mfc140.dll
 0001:00009474       ?Create@CWnd@@UEAAHPEBD0KAEBUtagRECT@@PEAV1@IPEAUCCreateContext@@@Z 000000014000a474 f   mfc140:mfc140.dll
 0001:0000947a       ?PreSubclassWindow@CWnd@@UEAAXXZ 000000014000a47a f   mfc140:mfc140.dll
 0001:00009480       ?GetInterfaceMap@CWnd@@MEBAPEBUAFX_INTERFACEMAP@@XZ 000000014000a480 f   mfc140:mfc140.dll
 0001:00009486       ?GetMessageMap@CWnd@@MEBAPEBUAFX_MSGMAP@@XZ 000000014000a486 f   mfc140:mfc140.dll
 0001:0000948c       ?OnFinalRelease@CWnd@@UEAAXXZ 000000014000a48c f   mfc140:mfc140.dll
 0001:00009492       ?GetRuntimeClass@CListBox@@UEBAPEAUCRuntimeClass@@XZ 000000014000a492 f   mfc140:mfc140.dll
 0001:00009498       ?AfxGetModuleState@@YAPEAVAFX_MODULE_STATE@@XZ 000000014000a498 f   mfc140:mfc140.dll
 0001:0000949e       ?GetThisMessageMap@CDialog@@KAPEBUAFX_MSGMAP@@XZ 000000014000a49e f   mfc140:mfc140.dll
 0001:000094a4       ?GetRuntimeClass@CDialog@@UEBAPEAUCRuntimeClass@@XZ 000000014000a4a4 f   mfc140:mfc140.dll
 0001:000094aa       ?OnCmdMsg@CDialog@@UEAAHIHPEAXPEAUAFX_CMDHANDLERINFO@@@Z 000000014000a4aa f   mfc140:mfc140.dll
 0001:000094b0       ?PreTranslateMessage@CDialog@@UEAAHPEAUtagMSG@@@Z 000000014000a4b0 f   mfc140:mfc140.dll
 0001:000094b6       ?OnChildNotify@CWnd@@MEAAHI_K_JPEA_J@Z 000000014000a4b6 f   mfc140:mfc140.dll
 0001:000094bc       ?CheckAutoCenter@CDialog@@UEAAHXZ 000000014000a4bc f   mfc140:mfc140.dll
 0001:000094c2       ?SetOccDialogInfo@CDialog@@MEAAHPEAU_AFX_OCC_DIALOG_INFO@@@Z 000000014000a4c2 f   mfc140:mfc140.dll
 0001:000094c8       ?GetOccDialogInfo@CDialog@@MEAAPEAU_AFX_OCC_DIALOG_INFO@@XZ 000000014000a4c8 f   mfc140:mfc140.dll
 0001:000094ce       ?Create@CDialog@@UEAAHPEBDPEAVCWnd@@@Z 000000014000a4ce f   mfc140:mfc140.dll
 0001:000094d4       ?CreateIndirect@CDialog@@UEAAHPEAXPEAVCWnd@@@Z 000000014000a4d4 f   mfc140:mfc140.dll
 0001:000094da       ?CreateIndirect@CDialog@@UEAAHPEBUDLGTEMPLATE@@PEAVCWnd@@PEAX@Z 000000014000a4da f   mfc140:mfc140.dll
 0001:000094e0       ?OnSetFont@CDialog@@UEAAXPEAVCFont@@@Z 000000014000a4e0 f   mfc140:mfc140.dll
 0001:000094e6       ?OnOK@CDialog@@MEAAXXZ     000000014000a4e6 f   mfc140:mfc140.dll
 0001:000094ec       ?PreInitDialog@CDialog@@MEAAXXZ 000000014000a4ec f   mfc140:mfc140.dll
 0001:00009510       __security_check_cookie    000000014000a510 f   msvcrt:_amdsecgs_.obj
 0001:00009534       ??_Gtype_info@@UEAAPEAXI@Z 000000014000a534 f i msvcrt:std_type_info_static.obj
 0001:00009534       ??_Etype_info@@UEAAPEAXI@Z 000000014000a534 f i msvcrt:std_type_info_static.obj
 0001:00009560       __scrt_acquire_startup_lock 000000014000a560 f   msvcrt:utility.obj
 0001:0000959c       __scrt_initialize_crt      000000014000a59c f   msvcrt:utility.obj
 0001:000095e8       __scrt_initialize_onexit_tables 000000014000a5e8 f   msvcrt:utility.obj
 0001:000096b4       __scrt_is_nonwritable_in_current_image 000000014000a6b4 f   msvcrt:utility.obj
 0001:00009750       __scrt_release_startup_lock 000000014000a750 f   msvcrt:utility.obj
 0001:00009774       __scrt_uninitialize_crt    000000014000a774 f   msvcrt:utility.obj
 0001:000097a0       _onexit                    000000014000a7a0 f   msvcrt:utility.obj
 0001:000097f0       atexit                     000000014000a7f0 f   msvcrt:utility.obj
 0001:00009808       ??3@YAXPEAX_K@Z            000000014000a808 f   msvcrt:delete_scalar_size.obj
 0001:00009bac       WinMainCRTStartup          000000014000abac f   msvcrt:exe_winmain.obj
 0001:00009bc0       __raise_securityfailure    000000014000abc0 f   msvcrt:gs_report.obj
 0001:00009bf4       __report_gsfailure         000000014000abf4 f   msvcrt:gs_report.obj
 0001:00009d3c       _guard_check_icall         000000014000ad3c f i msvcrt:checkcfg.obj
 0001:00009d44       __isa_available_init       000000014000ad44 f   msvcrt:_cpu_disp_.obj
 0001:00009f0c       _get_startup_argv_mode     000000014000af0c f   msvcrt:argv_mode.obj
 0001:00009f14       __scrt_is_ucrt_dll_in_use  000000014000af14 f   msvcrt:ucrt_detection.obj
 0001:00009f20       __scrt_fastfail            000000014000af20 f   msvcrt:utility_desktop.obj
 0001:0000a068       __scrt_get_show_window_mode 000000014000b068 f   msvcrt:utility_desktop.obj
 0001:0000a0a4       __scrt_is_managed_app      000000014000b0a4 f   msvcrt:utility_desktop.obj
 0001:0000a0f8       __scrt_set_unhandled_exception_filter 000000014000b0f8 f   msvcrt:utility_desktop.obj
 0001:0000a108       __scrt_unhandled_exception_filter 000000014000b108 f   msvcrt:utility_desktop.obj
 0001:0000a140       __security_init_cookie     000000014000b140 f   msvcrt:gs_support.obj
 0001:0000a1ec       _get_startup_file_mode     000000014000b1ec f   msvcrt:file_mode.obj
 0001:0000a1f4       ?__scrt_initialize_type_info@@YAXXZ 000000014000b1f4 f   msvcrt:tncleanup.obj
 0001:0000a204       __local_stdio_scanf_options 000000014000b204 f i msvcrt:default_local_stdio_options.obj
 0001:0000a20c       __scrt_initialize_default_local_stdio_options 000000014000b20c f   msvcrt:default_local_stdio_options.obj
 0001:0000a228       __scrt_is_user_matherr_present 000000014000b228 f   msvcrt:matherr_detection.obj
 0001:0000a234       __scrt_get_dyn_tls_init_callback 000000014000b234 f   msvcrt:dyn_tls_init.obj
 0001:0000a23c       __scrt_get_dyn_tls_dtor_callback 000000014000b23c f   msvcrt:dyn_tls_dtor.obj
 0001:0000a244       _RTC_Initialize            000000014000b244 f   msvcrt:_initsect_.obj
 0001:0000a290       _RTC_Terminate             000000014000b290 f   msvcrt:_initsect_.obj
 0001:0000a2dc       __GSHandlerCheck           000000014000b2dc f   msvcrt:_gshandler_.obj
 0001:0000a2fc       __GSHandlerCheckCommon     000000014000b2fc f   msvcrt:_gshandler_.obj
 0001:0000a360       IsProcessorFeaturePresent  000000014000b360 f   kernel32:KERNEL32.dll
 0001:0000a368       ??0CAtlBaseModule@ATL@@QEAA@XZ 000000014000b368 f   atls:atlbase.obj
 0001:0000a410       ??1CAtlBaseModule@ATL@@QEAA@XZ 000000014000b410 f   atls:atlbase.obj
 0001:0000a444       ??_G_Fac_node@std@@QEAAPEAXI@Z 000000014000b444 f i msvcprt:locale0_implib.obj
 0001:0000a4d0       ?_Facet_Register@std@@YAXPEAV_Facet_base@1@@Z 000000014000b4d0 f   msvcprt:locale0_implib.obj
 0001:0000a508       ?showmanyc@?$basic_streambuf@DU?$char_traits@D@std@@@std@@MEAA_JXZ 000000014000b508 f   msvcprt:MSVCP140.dll
 0001:0000a50e       ?xsgetn@?$basic_streambuf@DU?$char_traits@D@std@@@std@@MEAA_JPEAD_J@Z 000000014000b50e f   msvcprt:MSVCP140.dll
 0001:0000a514       ?xsputn@?$basic_streambuf@DU?$char_traits@D@std@@@std@@MEAA_JPEBD_J@Z 000000014000b514 f   msvcprt:MSVCP140.dll
 0001:0000a51a       __std_terminate            000000014000b51a f   vcruntime:VCRUNTIME140.dll
 0001:0000a520       memset                     000000014000b520 f   vcruntime:VCRUNTIME140.dll
 0001:0000a526       __C_specific_handler       000000014000b526 f   vcruntime:VCRUNTIME140.dll
 0001:0000a52c       __CxxFrameHandler3         000000014000b52c f   vcruntime:VCRUNTIME140.dll
 0001:0000a532       __vcrt_InitializeCriticalSectionEx 000000014000b532 f   vcruntime:VCRUNTIME140.dll
 0001:0000a538       exit                       000000014000b538 f   ucrt:api-ms-win-crt-runtime-l1-1-0.dll
 0001:0000a53e       free                       000000014000b53e f   ucrt:api-ms-win-crt-heap-l1-1-0.dll
 0001:0000a544       _configure_narrow_argv     000000014000b544 f   ucrt:api-ms-win-crt-runtime-l1-1-0.dll
 0001:0000a54a       _initialize_narrow_environment 000000014000b54a f   ucrt:api-ms-win-crt-runtime-l1-1-0.dll
 0001:0000a550       _initialize_onexit_table   000000014000b550 f   ucrt:api-ms-win-crt-runtime-l1-1-0.dll
 0001:0000a556       _register_onexit_function  000000014000b556 f   ucrt:api-ms-win-crt-runtime-l1-1-0.dll
 0001:0000a55c       _crt_atexit                000000014000b55c f   ucrt:api-ms-win-crt-runtime-l1-1-0.dll
 0001:0000a562       _cexit                     000000014000b562 f   ucrt:api-ms-win-crt-runtime-l1-1-0.dll
 0001:0000a568       _seh_filter_exe            000000014000b568 f   ucrt:api-ms-win-crt-runtime-l1-1-0.dll
 0001:0000a56e       _set_app_type              000000014000b56e f   ucrt:api-ms-win-crt-runtime-l1-1-0.dll
 0001:0000a574       __setusermatherr           000000014000b574 f   ucrt:api-ms-win-crt-math-l1-1-0.dll
 0001:0000a57a       _get_narrow_winmain_command_line 000000014000b57a f   ucrt:api-ms-win-crt-runtime-l1-1-0.dll
 0001:0000a580       _initterm                  000000014000b580 f   ucrt:api-ms-win-crt-runtime-l1-1-0.dll
 0001:0000a586       _initterm_e                000000014000b586 f   ucrt:api-ms-win-crt-runtime-l1-1-0.dll
 0001:0000a58c       _exit                      000000014000b58c f   ucrt:api-ms-win-crt-runtime-l1-1-0.dll
 0001:0000a592       _set_fmode                 000000014000b592 f   ucrt:api-ms-win-crt-stdio-l1-1-0.dll
 0001:0000a598       _c_exit                    000000014000b598 f   ucrt:api-ms-win-crt-runtime-l1-1-0.dll
 0001:0000a59e       _register_thread_local_exe_atexit_callback 000000014000b59e f   ucrt:api-ms-win-crt-runtime-l1-1-0.dll
 0001:0000a5a4       _configthreadlocale        000000014000b5a4 f   ucrt:api-ms-win-crt-locale-l1-1-0.dll
 0001:0000a5aa       _set_new_mode              000000014000b5aa f   ucrt:api-ms-win-crt-heap-l1-1-0.dll
 0001:0000a5b0       __p__commode               000000014000b5b0 f   ucrt:api-ms-win-crt-stdio-l1-1-0.dll
 0001:0000a5b6       terminate                  000000014000b5b6 f   ucrt:api-ms-win-crt-runtime-l1-1-0.dll
 0001:0000a5bc       ?AfxInitialize@@YAHHK@Z    000000014000b5bc f   mfcs140:appmodul.obj
 0001:0000a5f4       WinMain                    000000014000b5f4 f   mfcs140:appmodul.obj
 0001:0000a5fa       ?AfxWinMain@@YAHPEAUHINSTANCE__@@0PEADH@Z 000000014000b5fa f   mfc140:mfc140.dll
 0001:0000a600       __vcrt_initialize          000000014000b600 f   msvcrt:ucrt_stubs.obj
 0001:0000a600       __vcrt_uninitialize        000000014000b600 f   msvcrt:ucrt_stubs.obj
 0001:0000a600       __acrt_initialize          000000014000b600 f   msvcrt:ucrt_stubs.obj
 0001:0000a600       _should_initialize_environment 000000014000b600 f   msvcrt:env_mode.obj
 0001:0000a600       __scrt_stub_for_acrt_uninitialize 000000014000b600 f   msvcrt:ucrt_stubs.obj
 0001:0000a600       __acrt_uninitialize        000000014000b600 f   msvcrt:ucrt_stubs.obj
 0001:0000a600       __scrt_stub_for_acrt_initialize 000000014000b600 f   msvcrt:ucrt_stubs.obj
 0001:0000a604       __GSHandlerCheck_EH        000000014000b604 f   msvcrt:gshandlereh.obj
 0001:0000a6a0       _alloca_probe              000000014000b6a0 f   msvcrt:_chkstk_.obj
 0001:0000a6a0       __chkstk                   000000014000b6a0 f   msvcrt:_chkstk_.obj
 0001:0000a6f2       _CxxThrowException         000000014000b6f2 f   vcruntime:VCRUNTIME140.dll
 0001:0000a6f8       memcpy                     000000014000b6f8 f   vcruntime:VCRUNTIME140.dll
 0001:0000a710       _guard_dispatch_icall_nop  000000014000b710 f   msvcrt:_guard_dispatch_.obj
 0002:00000000       __imp_LookupPrivilegeValueA 000000014000c000     advapi32:ADVAPI32.dll
 0002:00000008       __imp_AdjustTokenPrivileges 000000014000c008     advapi32:ADVAPI32.dll
 0002:00000010       __imp_OpenProcessToken     000000014000c010     advapi32:ADVAPI32.dll
 0002:00000018       \177ADVAPI32_NULL_THUNK_DATA 000000014000c018     advapi32:ADVAPI32.dll
 0002:00000020       __imp_InitCommonControlsEx 000000014000c020     comctl32:COMCTL32.dll
 0002:00000028       \177COMCTL32_NULL_THUNK_DATA 000000014000c028     comctl32:COMCTL32.dll
 0002:00000030       __imp_GetPrivateProfileIntA 000000014000c030     kernel32:KERNEL32.dll
 0002:00000038       __imp_WaitForSingleObject  000000014000c038     kernel32:KERNEL32.dll
 0002:00000040       __imp_CloseHandle          000000014000c040     kernel32:KERNEL32.dll
 0002:00000048       __imp_SetLocalTime         000000014000c048     kernel32:KERNEL32.dll
 0002:00000050       __imp_GetCurrentThreadId   000000014000c050     kernel32:KERNEL32.dll
 0002:00000058       __imp_GetPrivateProfileStringA 000000014000c058     kernel32:KERNEL32.dll
 0002:00000060       __imp_InitializeCriticalSectionAndSpinCount 000000014000c060     kernel32:KERNEL32.dll
 0002:00000068       __imp_GetLastError         000000014000c068     kernel32:KERNEL32.dll
 0002:00000070       __imp_CreateWaitableTimerA 000000014000c070     kernel32:KERNEL32.dll
 0002:00000078       __imp_OutputDebugStringW   000000014000c078     kernel32:KERNEL32.dll
 0002:00000080       __imp_SetWaitableTimer     000000014000c080     kernel32:KERNEL32.dll
 0002:00000088       __imp_WaitForMultipleObjects 000000014000c088     kernel32:KERNEL32.dll
 0002:00000090       __imp_CancelWaitableTimer  000000014000c090     kernel32:KERNEL32.dll
 0002:00000098       __imp_EnterCriticalSection 000000014000c098     kernel32:KERNEL32.dll
 0002:000000a0       __imp_LeaveCriticalSection 000000014000c0a0     kernel32:KERNEL32.dll
 0002:000000a8       __imp_InitializeCriticalSection 000000014000c0a8     kernel32:KERNEL32.dll
 0002:000000b0       __imp_GetCurrentDirectoryA 000000014000c0b0     kernel32:KERNEL32.dll
 0002:000000b8       __imp_GetLocalTime         000000014000c0b8     kernel32:KERNEL32.dll
 0002:000000c0       __imp_GetStartupInfoA      000000014000c0c0     kernel32:KERNEL32.dll
 0002:000000c8       __imp_CreateProcessA       000000014000c0c8     kernel32:KERNEL32.dll
 0002:000000d0       __imp_CreateSemaphoreA     000000014000c0d0     kernel32:KERNEL32.dll
 0002:000000d8       __imp_ReleaseSemaphore     000000014000c0d8     kernel32:KERNEL32.dll
 0002:000000e0       __imp_ResetEvent           000000014000c0e0     kernel32:KERNEL32.dll
 0002:000000e8       __imp_SetThreadPriority    000000014000c0e8     kernel32:KERNEL32.dll
 0002:000000f0       __imp_TerminateThread      000000014000c0f0     kernel32:KERNEL32.dll
 0002:000000f8       __imp_MapViewOfFile        000000014000c0f8     kernel32:KERNEL32.dll
 0002:00000100       __imp_UnmapViewOfFile      000000014000c100     kernel32:KERNEL32.dll
 0002:00000108       __imp_GetCurrentProcess    000000014000c108     kernel32:KERNEL32.dll
 0002:00000110       __imp_CreateEventA         000000014000c110     kernel32:KERNEL32.dll
 0002:00000118       __imp_ReadFile             000000014000c118     kernel32:KERNEL32.dll
 0002:00000120       __imp_CreateFileMappingA   000000014000c120     kernel32:KERNEL32.dll
 0002:00000128       __imp_GetComputerNameA     000000014000c128     kernel32:KERNEL32.dll
 0002:00000130       __imp_WriteFile            000000014000c130     kernel32:KERNEL32.dll
 0002:00000138       __imp_CreateFileA          000000014000c138     kernel32:KERNEL32.dll
 0002:00000140       __imp_CreateMailslotA      000000014000c140     kernel32:KERNEL32.dll
 0002:00000148       __imp_GetOverlappedResult  000000014000c148     kernel32:KERNEL32.dll
 0002:00000150       __imp_CreateEventW         000000014000c150     kernel32:KERNEL32.dll
 0002:00000158       __imp_GetModuleHandleW     000000014000c158     kernel32:KERNEL32.dll
 0002:00000160       __imp_GetProcAddress       000000014000c160     kernel32:KERNEL32.dll
 0002:00000168       __imp_RtlCaptureContext    000000014000c168     kernel32:KERNEL32.dll
 0002:00000170       __imp_RtlLookupFunctionEntry 000000014000c170     kernel32:KERNEL32.dll
 0002:00000178       __imp_RtlVirtualUnwind     000000014000c178     kernel32:KERNEL32.dll
 0002:00000180       __imp_UnhandledExceptionFilter 000000014000c180     kernel32:KERNEL32.dll
 0002:00000188       __imp_SetUnhandledExceptionFilter 000000014000c188     kernel32:KERNEL32.dll
 0002:00000190       __imp_TerminateProcess     000000014000c190     kernel32:KERNEL32.dll
 0002:00000198       __imp_IsProcessorFeaturePresent 000000014000c198     kernel32:KERNEL32.dll
 0002:000001a0       __imp_IsDebuggerPresent    000000014000c1a0     kernel32:KERNEL32.dll
 0002:000001a8       __imp_GetStartupInfoW      000000014000c1a8     kernel32:KERNEL32.dll
 0002:000001b0       __imp_QueryPerformanceCounter 000000014000c1b0     kernel32:KERNEL32.dll
 0002:000001b8       __imp_GetSystemTimeAsFileTime 000000014000c1b8     kernel32:KERNEL32.dll
 0002:000001c0       __imp_InitializeSListHead  000000014000c1c0     kernel32:KERNEL32.dll
 0002:000001c8       __imp_DeleteCriticalSection 000000014000c1c8     kernel32:KERNEL32.dll
 0002:000001d0       __imp_Sleep                000000014000c1d0     kernel32:KERNEL32.dll
 0002:000001d8       __imp_SetEvent             000000014000c1d8     kernel32:KERNEL32.dll
 0002:000001e0       __imp_lstrcmpA             000000014000c1e0     kernel32:KERNEL32.dll
 0002:000001e8       __imp_ProcessIdToSessionId 000000014000c1e8     kernel32:KERNEL32.dll
 0002:000001f0       __imp_GetCurrentProcessId  000000014000c1f0     kernel32:KERNEL32.dll
 0002:000001f8       \177KERNEL32_NULL_THUNK_DATA 000000014000c1f8     kernel32:KERNEL32.dll
 0002:00000200       __imp_??0_Lockit@std@@QEAA@H@Z 000000014000c200     msvcprt:MSVCP140.dll
 0002:00000208       __imp_?_Xbad_alloc@std@@YAXXZ 000000014000c208     msvcprt:MSVCP140.dll
 0002:00000210       __imp_??Bid@locale@std@@QEAA_KXZ 000000014000c210     msvcprt:MSVCP140.dll
 0002:00000218       __imp_?_Getgloballocale@locale@std@@CAPEAV_Locimp@12@XZ 000000014000c218     msvcprt:MSVCP140.dll
 0002:00000220       __imp_?_BADOFF@std@@3_JB   000000014000c220     msvcprt:MSVCP140.dll
 0002:00000228       __imp_?always_noconv@codecvt_base@std@@QEBA_NXZ 000000014000c228     msvcprt:MSVCP140.dll
 0002:00000230       __imp_?_Fiopen@std@@YAPEAU_iobuf@@PEBDHH@Z 000000014000c230     msvcprt:MSVCP140.dll
 0002:00000238       __imp_?_Xlength_error@std@@YAXPEBD@Z 000000014000c238     msvcprt:MSVCP140.dll
 0002:00000240       __imp_?id@?$codecvt@DDU_Mbstatet@@@std@@2V0locale@2@A 000000014000c240     msvcprt:MSVCP140.dll
 0002:00000248       __imp_??6?$basic_ostream@DU?$char_traits@D@std@@@std@@QEAAAEAV01@P6AAEAV01@AEAV01@@Z@Z 000000014000c248     msvcprt:MSVCP140.dll
 0002:00000250       __imp_??1?$basic_ostream@DU?$char_traits@D@std@@@std@@UEAA@XZ 000000014000c250     msvcprt:MSVCP140.dll
 0002:00000258       __imp_?xsputn@?$basic_streambuf@DU?$char_traits@D@std@@@std@@MEAA_JPEBD_J@Z 000000014000c258     msvcprt:MSVCP140.dll
 0002:00000260       __imp_?xsgetn@?$basic_streambuf@DU?$char_traits@D@std@@@std@@MEAA_JPEAD_J@Z 000000014000c260     msvcprt:MSVCP140.dll
 0002:00000268       __imp_?showmanyc@?$basic_streambuf@DU?$char_traits@D@std@@@std@@MEAA_JXZ 000000014000c268     msvcprt:MSVCP140.dll
 0002:00000270       __imp_??1?$basic_streambuf@DU?$char_traits@D@std@@@std@@UEAA@XZ 000000014000c270     msvcprt:MSVCP140.dll
 0002:00000278       __imp_??1?$basic_ios@DU?$char_traits@D@std@@@std@@UEAA@XZ 000000014000c278     msvcprt:MSVCP140.dll
 0002:00000280       __imp_?out@?$codecvt@DDU_Mbstatet@@@std@@QEBAHAEAU_Mbstatet@@PEBD1AEAPEBDPEAD3AEAPEAD@Z 000000014000c280     msvcprt:MSVCP140.dll
 0002:00000288       __imp_?in@?$codecvt@DDU_Mbstatet@@@std@@QEBAHAEAU_Mbstatet@@PEBD1AEAPEBDPEAD3AEAPEAD@Z 000000014000c288     msvcprt:MSVCP140.dll
 0002:00000290       __imp_??0?$basic_ostream@DU?$char_traits@D@std@@@std@@QEAA@PEAV?$basic_streambuf@DU?$char_traits@D@std@@@1@_N@Z 000000014000c290     msvcprt:MSVCP140.dll
 0002:00000298       __imp_?uncaught_exception@std@@YA_NXZ 000000014000c298     msvcprt:MSVCP140.dll
 0002:000002a0       __imp_?_Osfx@?$basic_ostream@DU?$char_traits@D@std@@@std@@QEAAXXZ 000000014000c2a0     msvcprt:MSVCP140.dll
 0002:000002a8       __imp_?sputn@?$basic_streambuf@DU?$char_traits@D@std@@@std@@QEAA_JPEBD_J@Z 000000014000c2a8     msvcprt:MSVCP140.dll
 0002:000002b0       __imp_?put@?$basic_ostream@DU?$char_traits@D@std@@@std@@QEAAAEAV12@D@Z 000000014000c2b0     msvcprt:MSVCP140.dll
 0002:000002b8       __imp_?flush@?$basic_ostream@DU?$char_traits@D@std@@@std@@QEAAAEAV12@XZ 000000014000c2b8     msvcprt:MSVCP140.dll
 0002:000002c0       __imp_?_Getcat@?$codecvt@DDU_Mbstatet@@@std@@SA_KPEAPEBVfacet@locale@2@PEBV42@@Z 000000014000c2c0     msvcprt:MSVCP140.dll
 0002:000002c8       __imp_?widen@?$basic_ios@DU?$char_traits@D@std@@@std@@QEBADD@Z 000000014000c2c8     msvcprt:MSVCP140.dll
 0002:000002d0       __imp_?sputc@?$basic_streambuf@DU?$char_traits@D@std@@@std@@QEAAHD@Z 000000014000c2d0     msvcprt:MSVCP140.dll
 0002:000002d8       __imp_??0?$basic_streambuf@DU?$char_traits@D@std@@@std@@IEAA@XZ 000000014000c2d8     msvcprt:MSVCP140.dll
 0002:000002e0       __imp_?getloc@?$basic_streambuf@DU?$char_traits@D@std@@@std@@QEBA?AVlocale@2@XZ 000000014000c2e0     msvcprt:MSVCP140.dll
 0002:000002e8       __imp_?_Init@?$basic_streambuf@DU?$char_traits@D@std@@@std@@IEAAXXZ 000000014000c2e8     msvcprt:MSVCP140.dll
 0002:000002f0       __imp_?unshift@?$codecvt@DDU_Mbstatet@@@std@@QEBAHAEAU_Mbstatet@@PEAD1AEAPEAD@Z 000000014000c2f0     msvcprt:MSVCP140.dll
 0002:000002f8       __imp_?clear@?$basic_ios@DU?$char_traits@D@std@@@std@@QEAAXH_N@Z 000000014000c2f8     msvcprt:MSVCP140.dll
 0002:00000300       __imp_?setstate@?$basic_ios@DU?$char_traits@D@std@@@std@@QEAAXH_N@Z 000000014000c300     msvcprt:MSVCP140.dll
 0002:00000308       __imp_??0?$basic_ios@DU?$char_traits@D@std@@@std@@IEAA@XZ 000000014000c308     msvcprt:MSVCP140.dll
 0002:00000310       __imp_??1_Lockit@std@@QEAA@XZ 000000014000c310     msvcprt:MSVCP140.dll
 0002:00000318       \177MSVCP140_NULL_THUNK_DATA 000000014000c318     msvcprt:MSVCP140.dll
 0002:00000320       __imp_SQLFetch             000000014000c320     KizuODBC:ODBC32.dll
 0002:00000328       __imp_SQLGetData           000000014000c328     KizuODBC:ODBC32.dll
 0002:00000330       __imp_SQLExecDirect        000000014000c330     KizuODBC:ODBC32.dll
 0002:00000338       __imp_SQLError             000000014000c338     KizuODBC:ODBC32.dll
 0002:00000340       __imp_SQLDisconnect        000000014000c340     KizuODBC:ODBC32.dll
 0002:00000348       __imp_SQLConnect           000000014000c348     KizuODBC:ODBC32.dll
 0002:00000350       __imp_SQLSetConnectAttr    000000014000c350     KizuODBC:ODBC32.dll
 0002:00000358       __imp_SQLGetDiagRec        000000014000c358     KizuODBC:ODBC32.dll
 0002:00000360       __imp_SQLFreeHandle        000000014000c360     KizuODBC:ODBC32.dll
 0002:00000368       __imp_SQLSetEnvAttr        000000014000c368     KizuODBC:ODBC32.dll
 0002:00000370       __imp_SQLAllocHandle       000000014000c370     KizuODBC:ODBC32.dll
 0002:00000378       __imp_SQLTransact          000000014000c378     KizuODBC:ODBC32.dll
 0002:00000380       \177ODBC32_NULL_THUNK_DATA 000000014000c380     KizuODBC:ODBC32.dll
 0002:00000388       __imp_KillTimer            000000014000c388     user32:USER32.dll
 0002:00000390       __imp_GetMessageA          000000014000c390     user32:USER32.dll
 0002:00000398       __imp_SetTimer             000000014000c398     user32:USER32.dll
 0002:000003a0       __imp_EnableWindow         000000014000c3a0     user32:USER32.dll
 0002:000003a8       __imp_ExitWindowsEx        000000014000c3a8     user32:USER32.dll
 0002:000003b0       __imp_PostThreadMessageA   000000014000c3b0     user32:USER32.dll
 0002:000003b8       __imp_PostMessageA         000000014000c3b8     user32:USER32.dll
 0002:000003c0       __imp_DrawIcon             000000014000c3c0     user32:USER32.dll
 0002:000003c8       __imp_GetClientRect        000000014000c3c8     user32:USER32.dll
 0002:000003d0       __imp_GetSystemMetrics     000000014000c3d0     user32:USER32.dll
 0002:000003d8       __imp_IsIconic             000000014000c3d8     user32:USER32.dll
 0002:000003e0       __imp_EnableMenuItem       000000014000c3e0     user32:USER32.dll
 0002:000003e8       __imp_GetSystemMenu        000000014000c3e8     user32:USER32.dll
 0002:000003f0       __imp_SendMessageA         000000014000c3f0     user32:USER32.dll
 0002:000003f8       __imp_LoadIconW            000000014000c3f8     user32:USER32.dll
 0002:00000400       __imp_PeekMessageA         000000014000c400     user32:USER32.dll
 0002:00000408       \177USER32_NULL_THUNK_DATA 000000014000c408     user32:USER32.dll
 0002:00000410       __imp_memcpy               000000014000c410     vcruntime:VCRUNTIME140.dll
 0002:00000418       __imp___vcrt_InitializeCriticalSectionEx 000000014000c418     vcruntime:VCRUNTIME140.dll
 0002:00000420       __imp___CxxFrameHandler3   000000014000c420     vcruntime:VCRUNTIME140.dll
 0002:00000428       __imp_memset               000000014000c428     vcruntime:VCRUNTIME140.dll
 0002:00000430       __imp_memmove              000000014000c430     vcruntime:VCRUNTIME140.dll
 0002:00000438       __imp___std_exception_destroy 000000014000c438     vcruntime:VCRUNTIME140.dll
 0002:00000440       __imp___std_exception_copy 000000014000c440     vcruntime:VCRUNTIME140.dll
 0002:00000448       __imp___std_terminate      000000014000c448     vcruntime:VCRUNTIME140.dll
 0002:00000450       __imp__CxxThrowException   000000014000c450     vcruntime:VCRUNTIME140.dll
 0002:00000458       __imp___C_specific_handler 000000014000c458     vcruntime:VCRUNTIME140.dll
 0002:00000460       \177VCRUNTIME140_NULL_THUNK_DATA 000000014000c460     vcruntime:VCRUNTIME140.dll
 0002:00000468       __imp_WTSEnumerateSessionsA 000000014000c468     Wtsapi32:WTSAPI32.dll
 0002:00000470       __imp_WTSFreeMemory        000000014000c470     Wtsapi32:WTSAPI32.dll
 0002:00000478       __imp_WTSLogoffSession     000000014000c478     Wtsapi32:WTSAPI32.dll
 0002:00000480       \177WTSAPI32_NULL_THUNK_DATA 000000014000c480     Wtsapi32:WTSAPI32.dll
 0002:00000488       __imp_atoi                 000000014000c488     ucrt:api-ms-win-crt-convert-l1-1-0.dll
 0002:00000490       \177api-ms-win-crt-convert-l1-1-0_NULL_THUNK_DATA 000000014000c490     ucrt:api-ms-win-crt-convert-l1-1-0.dll
 0002:00000498       __imp_rename               000000014000c498     ucrt:api-ms-win-crt-filesystem-l1-1-0.dll
 0002:000004a0       __imp_remove               000000014000c4a0     ucrt:api-ms-win-crt-filesystem-l1-1-0.dll
 0002:000004a8       __imp__mkdir               000000014000c4a8     ucrt:api-ms-win-crt-filesystem-l1-1-0.dll
 0002:000004b0       __imp__lock_file           000000014000c4b0     ucrt:api-ms-win-crt-filesystem-l1-1-0.dll
 0002:000004b8       __imp__unlock_file         000000014000c4b8     ucrt:api-ms-win-crt-filesystem-l1-1-0.dll
 0002:000004c0       \177api-ms-win-crt-filesystem-l1-1-0_NULL_THUNK_DATA 000000014000c4c0     ucrt:api-ms-win-crt-filesystem-l1-1-0.dll
 0002:000004c8       __imp__set_new_mode        000000014000c4c8     ucrt:api-ms-win-crt-heap-l1-1-0.dll
 0002:000004d0       __imp_free                 000000014000c4d0     ucrt:api-ms-win-crt-heap-l1-1-0.dll
 0002:000004d8       \177api-ms-win-crt-heap-l1-1-0_NULL_THUNK_DATA 000000014000c4d8     ucrt:api-ms-win-crt-heap-l1-1-0.dll
 0002:000004e0       __imp__setmbcp             000000014000c4e0     ucrt:api-ms-win-crt-locale-l1-1-0.dll
 0002:000004e8       __imp__configthreadlocale  000000014000c4e8     ucrt:api-ms-win-crt-locale-l1-1-0.dll
 0002:000004f0       __imp_setlocale            000000014000c4f0     ucrt:api-ms-win-crt-locale-l1-1-0.dll
 0002:000004f8       \177api-ms-win-crt-locale-l1-1-0_NULL_THUNK_DATA 000000014000c4f8     ucrt:api-ms-win-crt-locale-l1-1-0.dll
 0002:00000500       __imp___setusermatherr     000000014000c500     ucrt:api-ms-win-crt-math-l1-1-0.dll
 0002:00000508       \177api-ms-win-crt-math-l1-1-0_NULL_THUNK_DATA 000000014000c508     ucrt:api-ms-win-crt-math-l1-1-0.dll
 0002:00000510       __imp__beginthreadex       000000014000c510     ucrt:api-ms-win-crt-runtime-l1-1-0.dll
 0002:00000518       __imp_terminate            000000014000c518     ucrt:api-ms-win-crt-runtime-l1-1-0.dll
 0002:00000520       __imp__invalid_parameter_noinfo 000000014000c520     ucrt:api-ms-win-crt-runtime-l1-1-0.dll
 0002:00000528       __imp__register_thread_local_exe_atexit_callback 000000014000c528     ucrt:api-ms-win-crt-runtime-l1-1-0.dll
 0002:00000530       __imp__c_exit              000000014000c530     ucrt:api-ms-win-crt-runtime-l1-1-0.dll
 0002:00000538       __imp__errno               000000014000c538     ucrt:api-ms-win-crt-runtime-l1-1-0.dll
 0002:00000540       __imp__exit                000000014000c540     ucrt:api-ms-win-crt-runtime-l1-1-0.dll
 0002:00000548       __imp__initterm_e          000000014000c548     ucrt:api-ms-win-crt-runtime-l1-1-0.dll
 0002:00000550       __imp__initterm            000000014000c550     ucrt:api-ms-win-crt-runtime-l1-1-0.dll
 0002:00000558       __imp__get_narrow_winmain_command_line 000000014000c558     ucrt:api-ms-win-crt-runtime-l1-1-0.dll
 0002:00000560       __imp__set_app_type        000000014000c560     ucrt:api-ms-win-crt-runtime-l1-1-0.dll
 0002:00000568       __imp__seh_filter_exe      000000014000c568     ucrt:api-ms-win-crt-runtime-l1-1-0.dll
 0002:00000570       __imp__cexit               000000014000c570     ucrt:api-ms-win-crt-runtime-l1-1-0.dll
 0002:00000578       __imp__crt_atexit          000000014000c578     ucrt:api-ms-win-crt-runtime-l1-1-0.dll
 0002:00000580       __imp__register_onexit_function 000000014000c580     ucrt:api-ms-win-crt-runtime-l1-1-0.dll
 0002:00000588       __imp__initialize_onexit_table 000000014000c588     ucrt:api-ms-win-crt-runtime-l1-1-0.dll
 0002:00000590       __imp__initialize_narrow_environment 000000014000c590     ucrt:api-ms-win-crt-runtime-l1-1-0.dll
 0002:00000598       __imp__configure_narrow_argv 000000014000c598     ucrt:api-ms-win-crt-runtime-l1-1-0.dll
 0002:000005a0       __imp_system               000000014000c5a0     ucrt:api-ms-win-crt-runtime-l1-1-0.dll
 0002:000005a8       __imp__invalid_parameter_noinfo_noreturn 000000014000c5a8     ucrt:api-ms-win-crt-runtime-l1-1-0.dll
 0002:000005b0       __imp_exit                 000000014000c5b0     ucrt:api-ms-win-crt-runtime-l1-1-0.dll
 0002:000005b8       \177api-ms-win-crt-runtime-l1-1-0_NULL_THUNK_DATA 000000014000c5b8     ucrt:api-ms-win-crt-runtime-l1-1-0.dll
 0002:000005c0       __imp_fclose               000000014000c5c0     ucrt:api-ms-win-crt-stdio-l1-1-0.dll
 0002:000005c8       __imp__get_stream_buffer_pointers 000000014000c5c8     ucrt:api-ms-win-crt-stdio-l1-1-0.dll
 0002:000005d0       __imp_fwrite               000000014000c5d0     ucrt:api-ms-win-crt-stdio-l1-1-0.dll
 0002:000005d8       __imp_fgetpos              000000014000c5d8     ucrt:api-ms-win-crt-stdio-l1-1-0.dll
 0002:000005e0       __imp__fseeki64            000000014000c5e0     ucrt:api-ms-win-crt-stdio-l1-1-0.dll
 0002:000005e8       __imp_fsetpos              000000014000c5e8     ucrt:api-ms-win-crt-stdio-l1-1-0.dll
 0002:000005f0       __imp_setvbuf              000000014000c5f0     ucrt:api-ms-win-crt-stdio-l1-1-0.dll
 0002:000005f8       __imp_fflush               000000014000c5f8     ucrt:api-ms-win-crt-stdio-l1-1-0.dll
 0002:00000600       __imp___stdio_common_vsprintf 000000014000c600     ucrt:api-ms-win-crt-stdio-l1-1-0.dll
 0002:00000608       __imp_ungetc               000000014000c608     ucrt:api-ms-win-crt-stdio-l1-1-0.dll
 0002:00000610       __imp_fputc                000000014000c610     ucrt:api-ms-win-crt-stdio-l1-1-0.dll
 0002:00000618       __imp_fgetc                000000014000c618     ucrt:api-ms-win-crt-stdio-l1-1-0.dll
 0002:00000620       __imp__set_fmode           000000014000c620     ucrt:api-ms-win-crt-stdio-l1-1-0.dll
 0002:00000628       __imp___p__commode         000000014000c628     ucrt:api-ms-win-crt-stdio-l1-1-0.dll
 0002:00000630       \177api-ms-win-crt-stdio-l1-1-0_NULL_THUNK_DATA 000000014000c630     ucrt:api-ms-win-crt-stdio-l1-1-0.dll
 0002:00000638       __imp_strtok               000000014000c638     ucrt:api-ms-win-crt-string-l1-1-0.dll
 0002:00000640       \177api-ms-win-crt-string-l1-1-0_NULL_THUNK_DATA 000000014000c640     ucrt:api-ms-win-crt-string-l1-1-0.dll
 0002:00000648       __imp_?get_accFocus@CWnd@@UEAAJPEAUtagVARIANT@@@Z 000000014000c648     mfc140:mfc140.dll
 0002:00000650       __imp_?get_accSelection@CWnd@@UEAAJPEAUtagVARIANT@@@Z 000000014000c650     mfc140:mfc140.dll
 0002:00000658       __imp_?get_accDefaultAction@CWnd@@UEAAJUtagVARIANT@@PEAPEA_W@Z 000000014000c658     mfc140:mfc140.dll
 0002:00000660       __imp_?accSelect@CWnd@@UEAAJJUtagVARIANT@@@Z 000000014000c660     mfc140:mfc140.dll
 0002:00000668       __imp_?accLocation@CWnd@@UEAAJPEAJ000UtagVARIANT@@@Z 000000014000c668     mfc140:mfc140.dll
 0002:00000670       __imp_?accNavigate@CWnd@@UEAAJJUtagVARIANT@@PEAU2@@Z 000000014000c670     mfc140:mfc140.dll
 0002:00000678       __imp_?accHitTest@CWnd@@UEAAJJJPEAUtagVARIANT@@@Z 000000014000c678     mfc140:mfc140.dll
 0002:00000680       __imp_?accDoDefaultAction@CWnd@@UEAAJUtagVARIANT@@@Z 000000014000c680     mfc140:mfc140.dll
 0002:00000688       __imp_?put_accName@CWnd@@UEAAJUtagVARIANT@@PEA_W@Z 000000014000c688     mfc140:mfc140.dll
 0002:00000690       __imp_?put_accValue@CWnd@@UEAAJUtagVARIANT@@PEA_W@Z 000000014000c690     mfc140:mfc140.dll
 0002:00000698       __imp_?SetProxy@CWnd@@UEAAJPEAUIAccessibleProxy@@@Z 000000014000c698     mfc140:mfc140.dll
 0002:000006a0       __imp_?CreateAccessibleProxy@CWnd@@UEAAJ_K_JPEA_J@Z 000000014000c6a0     mfc140:mfc140.dll
 0002:000006a8       __imp_?OnCommand@CWnd@@MEAAH_K_J@Z 000000014000c6a8     mfc140:mfc140.dll
 0002:000006b0       __imp_?OnNotify@CWnd@@MEAAH_K_JPEA_J@Z 000000014000c6b0     mfc140:mfc140.dll
 0002:000006b8       __imp_?GetSuperWndProcAddr@CWnd@@MEAAPEAP6A_JPEAUHWND__@@I_K_J@ZXZ 000000014000c6b8     mfc140:mfc140.dll
 0002:000006c0       __imp_?PreTranslateMessage@CWnd@@UEAAHPEAUtagMSG@@@Z 000000014000c6c0     mfc140:mfc140.dll
 0002:000006c8       __imp_?OnAmbientProperty@CWnd@@UEAAHPEAVCOleControlSite@@JPEAUtagVARIANT@@@Z 000000014000c6c8     mfc140:mfc140.dll
 0002:000006d0       __imp_?WindowProc@CWnd@@MEAA_JI_K_J@Z 000000014000c6d0     mfc140:mfc140.dll
 0002:000006d8       __imp_?OnWndMsg@CWnd@@MEAAHI_K_JPEA_J@Z 000000014000c6d8     mfc140:mfc140.dll
 0002:000006e0       __imp_?DefWindowProcA@CWnd@@MEAA_JI_K_J@Z 000000014000c6e0     mfc140:mfc140.dll
 0002:000006e8       __imp_?PostNcDestroy@CWnd@@MEAAXXZ 000000014000c6e8     mfc140:mfc140.dll
 0002:000006f0       __imp_?OnChildNotify@CListBox@@MEAAHI_K_JPEA_J@Z 000000014000c6f0     mfc140:mfc140.dll
 0002:000006f8       __imp_?OnTouchInputs@CWnd@@MEAAHIPEAUtagTOUCHINPUT@@@Z 000000014000c6f8     mfc140:mfc140.dll
 0002:00000700       __imp_?OnTouchInput@CWnd@@MEAAHVCPoint@@HHPEAUtagTOUCHINPUT@@@Z 000000014000c700     mfc140:mfc140.dll
 0002:00000708       __imp_?GetGestureStatus@CWnd@@MEAAKVCPoint@@@Z 000000014000c708     mfc140:mfc140.dll
 0002:00000710       __imp_?OnGestureZoom@CWnd@@MEAAHVCPoint@@J@Z 000000014000c710     mfc140:mfc140.dll
 0002:00000718       __imp_?OnGesturePan@CWnd@@MEAAHVCPoint@@0@Z 000000014000c718     mfc140:mfc140.dll
 0002:00000720       __imp_?OnGestureRotate@CWnd@@MEAAHVCPoint@@N@Z 000000014000c720     mfc140:mfc140.dll
 0002:00000728       __imp_?OnGestureTwoFingerTap@CWnd@@MEAAHVCPoint@@@Z 000000014000c728     mfc140:mfc140.dll
 0002:00000730       __imp_?OnGesturePressAndTap@CWnd@@MEAAHVCPoint@@J@Z 000000014000c730     mfc140:mfc140.dll
 0002:00000738       __imp_?ResizeDynamicLayout@CWnd@@MEAAXXZ 000000014000c738     mfc140:mfc140.dll
 0002:00000740       __imp_?CheckAutoCenter@CWnd@@UEAAHXZ 000000014000c740     mfc140:mfc140.dll
 0002:00000748       __imp_?IsFrameWnd@CWnd@@UEBAHXZ 000000014000c748     mfc140:mfc140.dll
 0002:00000750       __imp_?CreateControlContainer@CWnd@@MEAAHPEAPEAVCOleControlContainer@@@Z 000000014000c750     mfc140:mfc140.dll
 0002:00000758       __imp_?CreateControlSite@CWnd@@MEAAHPEAVCOleControlContainer@@PEAPEAVCOleControlSite@@IAEBU_GUID@@@Z 000000014000c758     mfc140:mfc140.dll
 0002:00000760       __imp_?SetOccDialogInfo@CWnd@@MEAAHPEAU_AFX_OCC_DIALOG_INFO@@@Z 000000014000c760     mfc140:mfc140.dll
 0002:00000768       __imp_?GetOccDialogInfo@CWnd@@MEAAPEAU_AFX_OCC_DIALOG_INFO@@XZ 000000014000c768     mfc140:mfc140.dll
 0002:00000770       __imp_?Create@CListBox@@UEAAHKAEBUtagRECT@@PEAVCWnd@@I@Z 000000014000c770     mfc140:mfc140.dll
 0002:00000778       __imp_?DrawItem@CListBox@@UEAAXPEAUtagDRAWITEMSTRUCT@@@Z 000000014000c778     mfc140:mfc140.dll
 0002:00000780       __imp_?MeasureItem@CListBox@@UEAAXPEAUtagMEASUREITEMSTRUCT@@@Z 000000014000c780     mfc140:mfc140.dll
 0002:00000788       __imp_?CompareItem@CListBox@@UEAAHPEAUtagCOMPAREITEMSTRUCT@@@Z 000000014000c788     mfc140:mfc140.dll
 0002:00000790       __imp_?DeleteItem@CListBox@@UEAAXPEAUtagDELETEITEMSTRUCT@@@Z 000000014000c790     mfc140:mfc140.dll
 0002:00000798       __imp_?VKeyToItem@CListBox@@UEAAHII@Z 000000014000c798     mfc140:mfc140.dll
 0002:000007a0       __imp_?CharToItem@CListBox@@UEAAHII@Z 000000014000c7a0     mfc140:mfc140.dll
 0002:000007a8       __imp_??0CDialog@@QEAA@IPEAVCWnd@@@Z 000000014000c7a8     mfc140:mfc140.dll
 0002:000007b0       __imp_??1?$CStringT@DV?$StrTraitMFC_DLL@DV?$ChTraitsCRT@D@ATL@@@@@ATL@@QEAA@XZ 000000014000c7b0     mfc140:mfc140.dll
 0002:000007b8       __imp_??2@YAPEAX_K@Z       000000014000c7b8     mfc140:mfc140.dll
 0002:000007c0       __imp_?LoadSysPolicies@CWinApp@@UEAAHXZ 000000014000c7c0     mfc140:mfc140.dll
 0002:000007c8       __imp_?LoadAppLangResourceDLL@CWinApp@@UEAAPEAUHINSTANCE__@@XZ 000000014000c7c8     mfc140:mfc140.dll
 0002:000007d0       __imp_?RestartInstance@CWinApp@@UEAAHXZ 000000014000c7d0     mfc140:mfc140.dll
 0002:000007d8       __imp_?IsTaskbarInteractionEnabled@CWinApp@@UEAAHXZ 000000014000c7d8     mfc140:mfc140.dll
 0002:000007e0       __imp_?GetDataRecoveryHandler@CWinApp@@UEAAPEAVCDataRecoveryHandler@@XZ 000000014000c7e0     mfc140:mfc140.dll
 0002:000007e8       __imp_?ApplicationRecoveryCallback@CWinApp@@UEAAKPEAX@Z 000000014000c7e8     mfc140:mfc140.dll
 0002:000007f0       __imp_?RegisterWithRestartManager@CWinApp@@UEAAJHAEBV?$CStringT@DV?$StrTraitMFC_DLL@DV?$ChTraitsCRT@D@ATL@@@@@ATL@@@Z 000000014000c7f0     mfc140:mfc140.dll
 0002:000007f8       __imp_?RegisterWithRestartManager@CWinApp@@UEAAJPEB_WKP6AKPEAX@Z1KK@Z 000000014000c7f8     mfc140:mfc140.dll
 0002:00000800       __imp_?OnPaint@CDialog@@IEAAXXZ 000000014000c800     mfc140:mfc140.dll
 0002:00000808       __imp_??0?$CStringT@DV?$StrTraitMFC_DLL@DV?$ChTraitsCRT@D@ATL@@@@@ATL@@QEAA@PEBD@Z 000000014000c808     mfc140:mfc140.dll
 0002:00000810       __imp_?WinHelpA@CWinApp@@UEAAX_KI@Z 000000014000c810     mfc140:mfc140.dll
 0002:00000818       __imp_?OnDDECommand@CWinApp@@UEAAHPEAD@Z 000000014000c818     mfc140:mfc140.dll
 0002:00000820       __imp_?DoWaitCursor@CWinApp@@UEAAXH@Z 000000014000c820     mfc140:mfc140.dll
 0002:00000828       __imp_?DoMessageBox@CWinApp@@UEAAHPEBDII@Z 000000014000c828     mfc140:mfc140.dll
 0002:00000830       __imp_?SaveAllModified@CWinApp@@UEAAHXZ 000000014000c830     mfc140:mfc140.dll
 0002:00000838       __imp_?InitApplication@CWinApp@@UEAAHXZ 000000014000c838     mfc140:mfc140.dll
 0002:00000840       __imp_?AddToRecentFileList@CWinApp@@UEAAXPEBD@Z 000000014000c840     mfc140:mfc140.dll
 0002:00000848       __imp_?OpenDocumentFile@CWinApp@@UEAAPEAVCDocument@@PEBD@Z 000000014000c848     mfc140:mfc140.dll
 0002:00000850       __imp_?get_accKeyboardShortcut@CWnd@@UEAAJUtagVARIANT@@PEAPEA_W@Z 000000014000c850     mfc140:mfc140.dll
 0002:00000858       __imp_?Unregister@CWinApp@@UEAAHXZ 000000014000c858     mfc140:mfc140.dll
 0002:00000860       __imp_?Register@CWinApp@@UEAAHXZ 000000014000c860     mfc140:mfc140.dll
 0002:00000868       __imp_?InitLibId@CWinApp@@UEAAXXZ 000000014000c868     mfc140:mfc140.dll
 0002:00000870       __imp_?WriteProfileBinary@CWinApp@@UEAAHPEBD0PEAEI@Z 000000014000c870     mfc140:mfc140.dll
 0002:00000878       __imp_?GetProfileBinary@CWinApp@@UEAAHPEBD0PEAPEAEPEAI@Z 000000014000c878     mfc140:mfc140.dll
 0002:00000880       __imp_?WriteProfileStringA@CWinApp@@UEAAHPEBD00@Z 000000014000c880     mfc140:mfc140.dll
 0002:00000888       __imp_?GetProfileStringA@CWinApp@@UEAA?AV?$CStringT@DV?$StrTraitMFC_DLL@DV?$ChTraitsCRT@D@ATL@@@@@ATL@@PEBD00@Z 000000014000c888     mfc140:mfc140.dll
 0002:00000890       __imp_?WriteProfileInt@CWinApp@@UEAAHPEBD0H@Z 000000014000c890     mfc140:mfc140.dll
 0002:00000898       __imp_?GetProfileIntA@CWinApp@@UEAAIPEBD0H@Z 000000014000c898     mfc140:mfc140.dll
 0002:000008a0       __imp_?Delete@CWinThread@@UEAAXXZ 000000014000c8a0     mfc140:mfc140.dll
 0002:000008a8       __imp_?GetMainWnd@CWinThread@@UEAAPEAVCWnd@@XZ 000000014000c8a8     mfc140:mfc140.dll
 0002:000008b0       __imp_?ProcessMessageFilter@CWinThread@@UEAAHHPEAUtagMSG@@@Z 000000014000c8b0     mfc140:mfc140.dll
 0002:000008b8       __imp_?ProcessWndProcException@CWinApp@@UEAA_JPEAVCException@@PEBUtagMSG@@@Z 000000014000c8b8     mfc140:mfc140.dll
 0002:000008c0       __imp_?ExitInstance@CWinApp@@UEAAHXZ 000000014000c8c0     mfc140:mfc140.dll
 0002:000008c8       __imp_?IsIdleMessage@CWinThread@@UEAAHPEAUtagMSG@@@Z 000000014000c8c8     mfc140:mfc140.dll
[...]
 0004:0000033c       $pdata$?Write@LogFileManager@KizuLib@@QEAAXW4LNO@12@PEBDZZ 000000014001633c     KizuLibMFC:LogFileManager.obj
 0004:00000348       $pdata$?WriteFile@LogFileManager@KizuLib@@QEAAXPEBD@Z 0000000140016348     KizuLibMFC:LogFileManager.obj
 0004:00000354       $pdata$?WriteList@LogFileManager@KizuLib@@AEAAXPEBD@Z 0000000140016354     KizuLibMFC:LogFileManager.obj
 0004:00000360       $pdata$?AllGetQueue@LogFileManager@KizuLib@@QEAAHXZ 0000000140016360     KizuLibMFC:LogFileManager.obj
 0004:0000036c       $pdata$?ShowEdit@LogFileManager@KizuLib@@QEAAXXZ 000000014001636c     KizuLibMFC:LogFileManager.obj
 0004:00000378       $pdata$?MainThread@LogFileManager@KizuLib@@CAIPEAX@Z 0000000140016378     KizuLibMFC:LogFileManager.obj
 0004:00000384       $pdata$4$?MainThread@LogFileManager@KizuLib@@CAIPEAX@Z 0000000140016384     KizuLibMFC:LogFileManager.obj
 0004:00000390       $pdata$5$?MainThread@LogFileManager@KizuLib@@CAIPEAX@Z 0000000140016390     KizuLibMFC:LogFileManager.obj
 0004:0000039c       $pdata$??1?$basic_string@DU?$char_traits@D@std@@V?$allocator@D@2@@std@@QEAA@XZ 000000014001639c     KizuLibMFC:LogFileManager.obj
 0004:000003a8       $pdata$??1?$basic_ofstream@DU?$char_traits@D@std@@@std@@UEAA@XZ 00000001400163a8     KizuLibMFC:LogFileManager.obj
 0004:000003b4       $pdata$??0?$basic_ofstream@DU?$char_traits@D@std@@@std@@QEAA@XZ 00000001400163b4     KizuLibMFC:LogFileManager.obj
 0004:000003c0       $pdata$?imbue@?$basic_filebuf@DU?$char_traits@D@std@@@std@@MEAAXAEBVlocale@2@@Z 00000001400163c0     KizuLibMFC:LogFileManager.obj
 0004:000003cc       $pdata$?sync@?$basic_filebuf@DU?$char_traits@D@std@@@std@@MEAAHXZ 00000001400163cc     KizuLibMFC:LogFileManager.obj
 0004:000003d8       $pdata$?setbuf@?$basic_filebuf@DU?$char_traits@D@std@@@std@@MEAAPEAV?$basic_streambuf@DU?$char_traits@D@std@@@2@PEAD_J@Z 00000001400163d8     KizuLibMFC:LogFileManager.obj
 0004:000003e4       $pdata$0$?setbuf@?$basic_filebuf@DU?$char_traits@D@std@@@std@@MEAAPEAV?$basic_streambuf@DU?$char_traits@D@std@@@2@PEAD_J@Z 00000001400163e4     KizuLibMFC:LogFileManager.obj
 0004:000003f0       $pdata$1$?setbuf@?$basic_filebuf@DU?$char_traits@D@std@@@std@@MEAAPEAV?$basic_streambuf@DU?$char_traits@D@std@@@2@PEAD_J@Z 00000001400163f0     KizuLibMFC:LogFileManager.obj
 0004:000003fc       $pdata$?seekpos@?$basic_filebuf@DU?$char_traits@D@std@@@std@@MEAA?AV?$fpos@U_Mbstatet@@@2@V32@H@Z 00000001400163fc     KizuLibMFC:LogFileManager.obj
 0004:00000408       $pdata$?seekoff@?$basic_filebuf@DU?$char_traits@D@std@@@std@@MEAA?AV?$fpos@U_Mbstatet@@@2@_JHH@Z 0000000140016408     KizuLibMFC:LogFileManager.obj
 0004:00000414       $pdata$?uflow@?$basic_filebuf@DU?$char_traits@D@std@@@std@@MEAAHXZ 0000000140016414     KizuLibMFC:LogFileManager.obj
 0004:00000420       $pdata$?underflow@?$basic_filebuf@DU?$char_traits@D@std@@@std@@MEAAHXZ 0000000140016420     KizuLibMFC:LogFileManager.obj
 0004:0000042c       $pdata$0$?underflow@?$basic_filebuf@DU?$char_traits@D@std@@@std@@MEAAHXZ 000000014001642c     KizuLibMFC:LogFileManager.obj
 0004:00000438       $pdata$2$?underflow@?$basic_filebuf@DU?$char_traits@D@std@@@std@@MEAAHXZ 0000000140016438     KizuLibMFC:LogFileManager.obj
 0004:00000444       $pdata$?pbackfail@?$basic_filebuf@DU?$char_traits@D@std@@@std@@MEAAHH@Z 0000000140016444     KizuLibMFC:LogFileManager.obj
 0004:00000450       $pdata$?overflow@?$basic_filebuf@DU?$char_traits@D@std@@@std@@MEAAHH@Z 0000000140016450     KizuLibMFC:LogFileManager.obj
 0004:0000045c       $pdata$??_G?$basic_ofstream@DU?$char_traits@D@std@@@std@@UEAAPEAXI@Z 000000014001645c     KizuLibMFC:LogFileManager.obj
 0004:00000468       $pdata$??_G?$basic_filebuf@DU?$char_traits@D@std@@@std@@UEAAPEAXI@Z 0000000140016468     KizuLibMFC:LogFileManager.obj
 0004:00000474       $pdata$?_Endwrite@?$basic_filebuf@DU?$char_traits@D@std@@@std@@IEAA_NXZ 0000000140016474     KizuLibMFC:LogFileManager.obj
 0004:00000480       $pdata$?close@?$basic_filebuf@DU?$char_traits@D@std@@@std@@QEAAPEAV12@XZ 0000000140016480     KizuLibMFC:LogFileManager.obj
 0004:0000048c       $pdata$?open@?$basic_filebuf@DU?$char_traits@D@std@@@std@@QEAAPEAV12@PEBDHH@Z 000000014001648c     KizuLibMFC:LogFileManager.obj
 0004:00000498       $pdata$?_Copy@?$basic_string@DU?$char_traits@D@std@@V?$allocator@D@2@@std@@QEAAX_K0@Z 0000000140016498     KizuLibMFC:LogFileManager.obj
 0004:000004a4       $pdata$?allocate@?$_Wrap_alloc@V?$allocator@D@std@@@std@@QEAAPEAD_K@Z 00000001400164a4     KizuLibMFC:LogFileManager.obj
 0004:000004b0       $pdata$??0?$ThreadQueue@D@KizuLib@@QEAA@H@Z 00000001400164b0     KizuLibMFC:LogFileManager.obj
 0004:000004bc       $pdata$??1?$ThreadQueue@D@KizuLib@@UEAA@XZ 00000001400164bc     KizuLibMFC:LogFileManager.obj
 0004:000004c8       $pdata$0$??1?$ThreadQueue@D@KizuLib@@UEAA@XZ 00000001400164c8     KizuLibMFC:LogFileManager.obj
 0004:000004d4       $pdata$1$??1?$ThreadQueue@D@KizuLib@@UEAA@XZ 00000001400164d4     KizuLibMFC:LogFileManager.obj
 0004:000004e0       $pdata$?GetFromHead@?$ThreadQueue@D@KizuLib@@QEAAPEADXZ 00000001400164e0     KizuLibMFC:LogFileManager.obj
 0004:000004ec       $pdata$??$?6U?$char_traits@D@std@@@std@@YAAEAV?$basic_ostream@DU?$char_traits@D@std@@@0@AEAV10@PEBD@Z 00000001400164ec     KizuLibMFC:LogFileManager.obj
 0004:000004f8       $pdata$??$endl@DU?$char_traits@D@std@@@std@@YAAEAV?$basic_ostream@DU?$char_traits@D@std@@@0@AEAV10@@Z 00000001400164f8     KizuLibMFC:LogFileManager.obj
 0004:00000504       $pdata$??$use_facet@V?$codecvt@DDU_Mbstatet@@@std@@@std@@YAAEBV?$codecvt@DDU_Mbstatet@@@0@AEBVlocale@0@@Z 0000000140016504     KizuLibMFC:LogFileManager.obj
 0004:00000510       $pdata$??0bad_cast@std@@QEAA@AEBV01@@Z 0000000140016510     KizuLibMFC:LogFileManager.obj
 0004:0000051c       $pdata$??_G?$ThreadQueue@D@KizuLib@@UEAAPEAXI@Z 000000014001651c     KizuLibMFC:LogFileManager.obj
 0004:00000528       $pdata$?push_back@?$deque@PEADV?$allocator@PEAD@std@@@std@@QEAAXAEBQEAD@Z 0000000140016528     KizuLibMFC:LogFileManager.obj
 0004:00000534       $pdata$??1sentry@?$basic_ostream@DU?$char_traits@D@std@@@std@@QEAA@XZ 0000000140016534     KizuLibMFC:LogFileManager.obj
 0004:00000540       $pdata$?_Tidy@?$deque@PEADV?$allocator@PEAD@std@@@std@@IEAAXXZ 0000000140016540     KizuLibMFC:LogFileManager.obj
 0004:0000054c       $pdata$?_Growmap@?$deque@PEADV?$allocator@PEAD@std@@@std@@IEAAX_K@Z 000000014001654c     KizuLibMFC:LogFileManager.obj
 0004:00000558       $pdata$1$?_Growmap@?$deque@PEADV?$allocator@PEAD@std@@@std@@IEAAX_K@Z 0000000140016558     KizuLibMFC:LogFileManager.obj
 0004:00000564       $pdata$5$?_Growmap@?$deque@PEADV?$allocator@PEAD@std@@@std@@IEAAX_K@Z 0000000140016564     KizuLibMFC:LogFileManager.obj
 0004:00000570       $pdata$6$?_Growmap@?$deque@PEADV?$allocator@PEAD@std@@@std@@IEAAX_K@Z 0000000140016570     KizuLibMFC:LogFileManager.obj
 0004:0000057c       $pdata$7$?_Growmap@?$deque@PEADV?$allocator@PEAD@std@@@std@@IEAAX_K@Z 000000014001657c     KizuLibMFC:LogFileManager.obj
 0004:00000588       $pdata$8$?_Growmap@?$deque@PEADV?$allocator@PEAD@std@@@std@@IEAAX_K@Z 0000000140016588     KizuLibMFC:LogFileManager.obj
 0004:00000594       $pdata$9$?_Growmap@?$deque@PEADV?$allocator@PEAD@std@@@std@@IEAAX_K@Z 0000000140016594     KizuLibMFC:LogFileManager.obj
 0004:000005a0       $pdata$??1_Sentry_base@?$basic_ostream@DU?$char_traits@D@std@@@std@@QEAA@XZ 00000001400165a0     KizuLibMFC:LogFileManager.obj
 0004:000005ac       $pdata$sprintf             00000001400165ac     KizuLibMFC:LogFileManager.obj
 0004:000005b8       $pdata$??_GWorkThread@KizuLib@@UEAAPEAXI@Z 00000001400165b8     KizuLib:WorkThread.obj
 0004:000005c4       $pdata$?MainThread@WorkThread@KizuLib@@MEAAIXZ 00000001400165c4     KizuLib:WorkThread.obj
 0004:000005d0       $pdata$?task_init@@YAHPEBDH@Z 00000001400165d0     KizuLib:KizuLib.obj
 0004:000005dc       $pdata$0$?task_init@@YAHPEBDH@Z 00000001400165dc     KizuLib:KizuLib.obj
 0004:000005e8       $pdata$2$?task_init@@YAHPEBDH@Z 00000001400165e8     KizuLib:KizuLib.obj
 0004:000005f4       $pdata$4$?task_init@@YAHPEBDH@Z 00000001400165f4     KizuLib:KizuLib.obj
 0004:00000600       $pdata$?syslog@@YAHJPEBDZZ 0000000140016600     KizuLib:KizuLib.obj
 0004:0000060c       $pdata$?statelog@@YAHJJJPEBDZZ 000000014001660c     KizuLib:KizuLib.obj
 0004:00000618       $pdata$?AllProcessSend@ProcessManager@KizuLib@@SAXPEAUCOMMON_QUE@@@Z 0000000140016618     KizuLib:ProcessManager.obj
 0004:00000624       $pdata$?ExecProcess@ProcessManager@KizuLib@@SAXXZ 0000000140016624     KizuLib:ProcessManager.obj
 0004:00000630       $pdata$?WinExec@ProcessManager@KizuLib@@SAXPEAD@Z 0000000140016630     KizuLib:ProcessManager.obj
 0004:0000063c       $pdata$?ExitWin@ProcessManager@KizuLib@@SAHH@Z 000000014001663c     KizuLib:ProcessManager.obj
 0004:00000648       $pdata$?ksAdToken@ProcessManager@KizuLib@@SAHPEBD@Z 0000000140016648     KizuLib:ProcessManager.obj
 0004:00000654       $pdata$??_GSmemManager@KizuLib@@UEAAPEAXI@Z 0000000140016654     KizuLib:SmemManager.obj
 0004:00000660       $pdata$?CreateMem@SmemManager@KizuLib@@QEAAX_N@Z 0000000140016660     KizuLib:SmemManager.obj
 0004:0000066c       $pdata$?SetStatus@KizuFunction@KizuLib@@SA_NHH_NPEBD@Z 000000014001666c     KizuLib:KizuFunction.obj
 0004:00000678       $pdata$??0KizuPcInfManager@KizuLib@@QEAA@H@Z 0000000140016678     KizuLib:KizuPcInfManager.obj
 0004:00000684       $pdata$??_GKizuPcInfManager@KizuLib@@UEAAPEAXI@Z 0000000140016684     KizuLib:KizuPcInfManager.obj
 0004:00000690       $pdata$?SetPcName@KizuPcInfManager@KizuLib@@QEAA_NPEADPEBD1@Z 0000000140016690     KizuLib:KizuPcInfManager.obj
 0004:0000069c       $pdata$??_GMailSlotManager@KizuLib@@UEAAPEAXI@Z 000000014001669c     KizuLib:MailSlotManager.obj
 0004:000006a8       $pdata$?SendMail@MailSlotManager@KizuLib@@SAHPEBD0PEBXK@Z 00000001400166a8     KizuLib:MailSlotManager.obj
 0004:000006b4       $pdata$?Create@MailSlotManager@KizuLib@@QEAA_NPEBDK@Z 00000001400166b4     KizuLib:MailSlotManager.obj
 0004:000006c0       $pdata$?Recv@MailSlotManager@KizuLib@@UEAAHPEAXK@Z 00000001400166c0     KizuLib:MailSlotManager.obj
 0004:000006cc       $pdata$?Send@MailSlotManager@KizuLib@@UEAAHPEBXK@Z 00000001400166cc     KizuLib:MailSlotManager.obj
 0004:000006d8       $pdata$?Recv@MailSlotManager@KizuLib@@UEAA_NPEAXKPEAU_OVERLAPPED@@@Z 00000001400166d8     KizuLib:MailSlotManager.obj
 0004:000006e4       $pdata$?Send@MailSlotManager@KizuLib@@UEAA_NPEBXKPEAU_OVERLAPPED@@@Z 00000001400166e4     KizuLib:MailSlotManager.obj
 0004:000006f0       $pdata$?GetResult@MailSlotManager@KizuLib@@UEAA_NPEAU_OVERLAPPED@@@Z 00000001400166f0     KizuLib:MailSlotManager.obj
 0004:000006fc       $pdata$??_GOdbcBase@KizuODBC@@UEAAPEAXI@Z 00000001400166fc     KizuODBC:OdbcBase.obj
 0004:00000708       $pdata$??1OdbcBase@KizuODBC@@UEAA@XZ 0000000140016708     KizuODBC:OdbcBase.obj
 0004:00000714       $pdata$?OpenCheck@OdbcBase@KizuODBC@@SA_NPEBD0@Z 0000000140016714     KizuODBC:OdbcBase.obj
 0004:00000720       $pdata$0$?OpenCheck@OdbcBase@KizuODBC@@SA_NPEBD0@Z 0000000140016720     KizuODBC:OdbcBase.obj
 0004:0000072c       $pdata$1$?OpenCheck@OdbcBase@KizuODBC@@SA_NPEBD0@Z 000000014001672c     KizuODBC:OdbcBase.obj
 0004:00000738       $pdata$?DisConnect@OdbcBase@KizuODBC@@QEAAXXZ 0000000140016738     KizuODBC:OdbcBase.obj
 0004:00000744       $pdata$??0OdbcEnv@KizuODBC@@AEAA@XZ 0000000140016744     KizuODBC:OdbcEnv.obj
 0004:00000750       $pdata$??_GOdbcEnv@KizuODBC@@UEAAPEAXI@Z 0000000140016750     KizuODBC:OdbcEnv.obj
 0004:0000075c       $pdata$?GetErrMsg@OdbcEnv@KizuODBC@@QEAAXXZ 000000014001675c     KizuODBC:OdbcEnv.obj
 0004:00000768       $pdata$??_GOdbcManager@KizuODBC@@UEAAPEAXI@Z 0000000140016768     KizuODBC:OdbcManager.obj
 0004:00000774       $pdata$??1OdbcManager@KizuODBC@@UEAA@XZ 0000000140016774     KizuODBC:OdbcManager.obj
 0004:00000780       $pdata$?Alloc@OdbcManager@KizuODBC@@IEAAXXZ 0000000140016780     KizuODBC:OdbcManager.obj
 0004:0000078c       $pdata$?Connect@OdbcManager@KizuODBC@@QEAAHPEBD0@Z 000000014001678c     KizuODBC:OdbcManager.obj
 0004:00000798       $pdata$?Connect@OdbcManager@KizuODBC@@QEAAHPEBD00@Z 0000000140016798     KizuODBC:OdbcManager.obj
 0004:000007a4       $pdata$?ExecuteDirect@OdbcManager@KizuODBC@@QEAAFPEBD@Z 00000001400167a4     KizuODBC:OdbcManager.obj
 0004:000007b0       $pdata$?GetErrMsg@OdbcManager@KizuODBC@@QEAAXXZ 00000001400167b0     KizuODBC:OdbcManager.obj
 0004:000007bc       $pdata$?GetErrMsg@OdbcManager@KizuODBC@@QEAAXF@Z 00000001400167bc     KizuODBC:OdbcManager.obj
 0004:000007d4       $pdata$??_Gtype_info@@UEAAPEAXI@Z 00000001400167d4     msvcrt:std_type_info_static.obj
 0004:000007e0       $pdata$__scrt_acquire_startup_lock 00000001400167e0     msvcrt:utility.obj
 0004:000007ec       $pdata$__scrt_initialize_crt 00000001400167ec     msvcrt:utility.obj
 0004:000007f8       $pdata$__scrt_initialize_onexit_tables 00000001400167f8     msvcrt:utility.obj
 0004:00000804       $pdata$__scrt_is_nonwritable_in_current_image 0000000140016804     msvcrt:utility.obj
 0004:00000810       $pdata$__scrt_release_startup_lock 0000000140016810     msvcrt:utility.obj
 0004:0000081c       $pdata$__scrt_uninitialize_crt 000000014001681c     msvcrt:utility.obj
 0004:00000828       $pdata$_onexit             0000000140016828     msvcrt:utility.obj
 0004:00000834       $pdata$atexit              0000000140016834     msvcrt:utility.obj
 0004:00000840       $pdata$?__scrt_initialize_thread_safe_statics@@YAHXZ 0000000140016840     msvcrt:thread_safe_statics.obj
 0004:0000084c       $pdata$?__scrt_uninitialize_thread_safe_statics@@YAXXZ 000000014001684c     msvcrt:thread_safe_statics.obj
 0004:00000858       $pdata$?pre_c_initialization@@YAHXZ 0000000140016858     msvcrt:exe_winmain.obj
 0004:00000864       $pdata$?post_pgo_initialization@@YAHXZ 0000000140016864     msvcrt:exe_winmain.obj
 0004:00000870       $pdata$?pre_cpp_initialization@@YAXXZ 0000000140016870     msvcrt:exe_winmain.obj
 0004:0000087c       $pdata$?__scrt_common_main_seh@@YAHXZ 000000014001687c     msvcrt:exe_winmain.obj
 0004:00000888       $pdata$WinMainCRTStartup   0000000140016888     msvcrt:exe_winmain.obj
 0004:00000894       $pdata$__raise_securityfailure 0000000140016894     msvcrt:gs_report.obj
 0004:000008a0       $pdata$__report_gsfailure  00000001400168a0     msvcrt:gs_report.obj
 0004:000008ac       $pdata$capture_previous_context 00000001400168ac     msvcrt:gs_report.obj
 0004:000008b8       $pdata$__isa_available_init 00000001400168b8     msvcrt:_cpu_disp_.obj
 0004:000008c4       $pdata$__scrt_fastfail     00000001400168c4     msvcrt:utility_desktop.obj
 0004:000008d0       $pdata$__scrt_get_show_window_mode 00000001400168d0     msvcrt:utility_desktop.obj
 0004:000008dc       $pdata$__scrt_is_managed_app 00000001400168dc     msvcrt:utility_desktop.obj
 0004:000008e8       $pdata$__scrt_unhandled_exception_filter 00000001400168e8     msvcrt:utility_desktop.obj
 0004:000008f4       $pdata$__security_init_cookie 00000001400168f4     msvcrt:gs_support.obj
 0004:00000900       $pdata$__scrt_initialize_default_local_stdio_options 0000000140016900     msvcrt:default_local_stdio_options.obj
 0004:0000090c       $pdata$_RTC_Initialize     000000014001690c     msvcrt:_initsect_.obj
 0004:00000918       $pdata$_RTC_Terminate      0000000140016918     msvcrt:_initsect_.obj
 0004:00000924       $pdata$__GSHandlerCheck    0000000140016924     msvcrt:_gshandler_.obj
 0004:00000930       $pdata$__GSHandlerCheckCommon 0000000140016930     msvcrt:_gshandler_.obj
 0004:0000093c       $pdata$??0CAtlBaseModule@ATL@@QEAA@XZ 000000014001693c     atls:atlbase.obj
 0004:00000948       $pdata$??1CAtlBaseModule@ATL@@QEAA@XZ 0000000140016948     atls:atlbase.obj
 0004:00000954       $pdata$??_G_Fac_node@std@@QEAAPEAXI@Z 0000000140016954     msvcprt:locale0_implib.obj
 0004:00000960       $pdata$?_Facet_Register@std@@YAXPEAV_Facet_base@1@@Z 0000000140016960     msvcprt:locale0_implib.obj
 0004:0000096c       $pdata$?AfxInitialize@@YAHHK@Z 000000014001696c     mfcs140:appmodul.obj
 0004:00000978       $pdata$__GSHandlerCheck_EH 0000000140016978     msvcrt:gshandlereh.obj
 0004:0000099c       $pdata$?dtor$0@?0??InitProcess@CKS_SLAVEDlg@@AEAAXXZ@4HA 000000014001699c     KS_SLAVEDlg.obj
 0004:000009a8       $pdata$?dtor$0@?0??Init@MainInctance@@QEAAHXZ@4HA 00000001400169a8     MainInctance.obj
 0004:000009b4       $pdata$?dtor$1@?0??Init@MainInctance@@QEAAHXZ@4HA 00000001400169b4     MainInctance.obj
 0004:000009c0       $pdata$?dtor$0@?0???0?$basic_ofstream@DU?$char_traits@D@std@@@std@@QEAA@XZ@4HA 00000001400169c0     KizuLibMFC:LogFileManager.obj
 0004:000009cc       $pdata$?catch$107@?0??_Copy@?$basic_string@DU?$char_traits@D@std@@V?$allocator@D@2@@std@@QEAAX_K0@Z@4HA 00000001400169cc     KizuLibMFC:LogFileManager.obj
 0004:000009d8       $pdata$?catch$106@?0??_Copy@?$basic_string@DU?$char_traits@D@std@@V?$allocator@D@2@@std@@QEAAX_K0@Z@4HA 00000001400169d8     KizuLibMFC:LogFileManager.obj
 0004:000009e4       $pdata$?catch$8@?0???$?6U?$char_traits@D@std@@@std@@YAAEAV?$basic_ostream@DU?$char_traits@D@std@@@0@AEAV10@PEBD@Z@4HA 00000001400169e4     KizuLibMFC:LogFileManager.obj
 0004:000009f0       $pdata$__scrt_is_nonwritable_in_current_image$filt$0 00000001400169f0     msvcrt:utility.obj
 0004:000009fc       $pdata$?filt$0@?0??__scrt_common_main_seh@@YAHXZ@4HA 00000001400169fc     msvcrt:exe_winmain.obj
 0004:00000a08       $pdata$??__F?m_inst@OdbcEnv@KizuODBC@@0V12@A@@YAXXZ 0000000140016a08     KizuODBC:OdbcEnv.obj
 0004:00000a14       $pdata$??__F_Fac_tidy_reg@std@@YAXXZ 0000000140016a14     msvcprt:locale0_implib.obj
 0005:00000000       __guard_fids__             0000000140017000     msvcrt:std_type_info_static.obj
 0005:00000004       __guard_fids__             0000000140017004     msvcrt:thread_safe_statics.obj
 0005:00000008       __guard_fids_?__scrt_initialize_thread_safe_statics@@YAHXZ 0000000140017008     msvcrt:thread_safe_statics.obj
 0005:0000000c       __guard_fids__             000000014001700c     msvcrt:exe_winmain.obj
 0005:00000010       __guard_fids__             0000000140017010     msvcrt:exe_winmain.obj
 0005:00000014       __guard_fids__             0000000140017014     msvcrt:exe_winmain.obj
 0005:00000018       __guard_fids_?pre_c_initialization@@YAHXZ 0000000140017018     msvcrt:exe_winmain.obj
 0005:00000020       __guard_fids___scrt_set_unhandled_exception_filter 0000000140017020     msvcrt:utility_desktop.obj
 0005:00000024       __guard_fids__             0000000140017024     msvcrt:guard_support.obj
 0005:00000028       __guard_fids_??__E_Fac_tidy_reg@std@@YAXXZ 0000000140017028     msvcprt:locale0_implib.obj
 0005:0000002c       __guard_fids__             000000014001702c     msvcprt:locale0_implib.obj
 0005:00000030       __guard_fids__             0000000140017030     mfcs140:appmodul.obj
 0007:00000300       $R000000                   0000000140019300     KS_SLAVE.res
 0007:00000968       $R000668                   0000000140019968     KS_SLAVE.res
 0007:00000c50       $R000950                   0000000140019c50     KS_SLAVE.res
 0007:00000d78       $R000A78                   0000000140019d78     KS_SLAVE.res
 0007:00001c20       $R001920                   000000014001ac20     KS_SLAVE.res
 0007:000024c8       $R0021C8                   000000014001b4c8     KS_SLAVE.res
 0007:00002a30       $R002730                   000000014001ba30     KS_SLAVE.res
 0007:000046d8       $R0043D8                   000000014001d6d8     KS_SLAVE.res
 0007:00005380       $R005080                   000000014001e380     KS_SLAVE.res
 0007:000056e8       $R0053E8                   000000014001e6e8     KS_SLAVE.res
 0007:00005770       $R005470                   000000014001e770     KS_SLAVE.res
 0007:000058e8       $R0055E8                   000000014001e8e8     KS_SLAVE.res
 0007:00005bd8       $R0058D8                   000000014001ebd8     KS_SLAVE.res
