 TI_DELETE

 Timestamp is 5c91d7f5 (Wed Mar 20 15:04:37 2019)

 Preferred load address is 0000000140000000

 Start         Length     Name                   Class
 0001:00000000 000000b0H .text$di                CODE
 0001:000000b0 000109e0H .text$mn                CODE
 0001:00010a90 00000020H .text$mn$00             CODE
 0001:00010ab0 00000ac0H .text$x                 CODE
 0001:00011570 0000008fH .text$yd                CODE
 0002:00000000 00000c30H .idata$5                DATA
 0002:00000c30 00000010H .00cfg                  DATA
 0002:00000c40 00000008H .CRT$XCA                DATA
 0002:00000c48 00000008H .CRT$XCAA               DATA
 0002:00000c50 00000018H .CRT$XCL                DATA
 0002:00000c68 00000010H .CRT$XCU                DATA
 0002:00000c78 00000008H .CRT$XCZ                DATA
 0002:00000c80 00000008H .CRT$XIA                DATA
 0002:00000c88 00000008H .CRT$XIAA               DATA
 0002:00000c90 00000008H .CRT$XIAC               DATA
 0002:00000c98 00000008H .CRT$XIC                DATA
 0002:00000ca0 00000008H .CRT$XIZ                DATA
 0002:00000ca8 00000008H .CRT$XLA                DATA
 0002:00000cb0 00000008H .CRT$XLZ                DATA
 0002:00000cb8 00000008H .CRT$XPA                DATA
 0002:00000cc0 00000008H .CRT$XPZ                DATA
 0002:00000cc8 00000008H .CRT$XTA                DATA
 0002:00000cd0 00000010H .CRT$XTZ                DATA
 0002:00000ce0 00003528H .rdata                  DATA
 0002:00004208 00000028H .rdata$T                DATA
 0002:00004230 00001444H .rdata$r                DATA
 0002:00005674 0000040cH .rdata$zzzdbg           DATA
 0002:00005a80 00000008H .rtc$IAA                DATA
 0002:00005a88 00000008H .rtc$IZZ                DATA
 0002:00005a90 00000008H .rtc$TAA                DATA
 0002:00005a98 00000008H .rtc$TZZ                DATA
 0002:00005aa0 00001ff0H .xdata                  DATA
 0002:00007a90 00000088H .xdata$x                DATA
 0002:00007b18 00000000H ATL$__a                 DATA
 0002:00007b18 00000000H ATL$__z                 DATA
 0002:00007b18 00000000H .edata                  DATA
 0002:00007b18 0000012cH .idata$2                DATA
 0002:00007c44 00000014H .idata$3                DATA
 0002:00007c58 00000c30H .idata$4                DATA
 0002:00008888 000012aaH .idata$6                DATA
 0003:00000000 00000050H .data                   DATA
 0003:00000050 00000760H .data$r                 DATA
 0003:000007b0 00000ee8H .bss                    DATA
 0004:00000000 00000df8H .pdata                  DATA
 0005:00000000 00000034H .gfids$y                DATA
 0006:00000000 00000004H .tls                    DATA
 0006:00000004 00000004H .tls$                   DATA
 0006:00000008 00000001H .tls$ZZZ                DATA
 0007:00000000 00000300H .rsrc$01                DATA
 0007:00000300 00005fb8H .rsrc$02                DATA

  Address         Publics by Value              Rva+Base               Lib:Object

 0000:00000000       __dynamic_value_reloc_table 0000000000000000     <absolute>
 0000:00000000       __guard_iat_count          0000000000000000     <absolute>
 0000:00000000       __guard_iat_table          0000000000000000     <absolute>
 0000:00000000       __guard_fids_count         0000000000000000     <absolute>
 0000:00000000       ___safe_se_handler_table   0000000000000000     <absolute>
 0000:00000000       ___safe_se_handler_count   0000000000000000     <absolute>
 0000:00000000       __guard_fids_table         0000000000000000     <absolute>
 0000:00000000       __guard_longjmp_table      0000000000000000     <absolute>
 0000:00000000       __guard_longjmp_count      0000000000000000     <absolute>
 0000:00000100       __guard_flags              0000000000000100     <absolute>
 0000:00000000       __ImageBase                0000000140000000     <linker-defined>
 0001:000000b0       ?__empty_global_delete@@YAXPEAX_K@Z 00000001400010b0 f i ControlDefragManager.obj
 0001:000000b0       ?ThreadWaitFor@ThreadManager@@MEAAXHPEAH@Z 00000001400010b0 f i ControlDefragManager.obj
 0001:000000b0       ?Dump@CObject@@UEBAXAEAVCDumpContext@@@Z 00000001400010b0 f i TI_DELETE.obj
 0001:000000b0       ?__global_delete@@YAXPEAX_K@Z 00000001400010b0 f i * CIL library *:* CIL module *
 0001:000000b0       _guard_check_icall_nop     00000001400010b0 f i msvcrt:guard_support.obj
 0001:000000b0       ?DoDataExchange@CWnd@@MEAAXPEAVCDataExchange@@@Z 00000001400010b0 f i TI_DELETEDlg.obj
 0001:000000b0       ?OnCancel@CTI_DELETEDlg@@EEAAXXZ 00000001400010b0 f i TI_DELETEDlg.obj
 0001:000000b0       _initialize_denormal_control 00000001400010b0 f i msvcrt:denormal_control.obj
 0001:000000b0       ?OnClose@CTI_DELETEDlg@@QEAAXXZ 00000001400010b0 f i TI_DELETEDlg.obj
 0001:000000b0       _initialize_invalid_parameter_handler 00000001400010b0 f i msvcrt:invalid_parameter_handler.obj
 0001:000000b0       ?Serialize@CObject@@UEAAXAEAVCArchive@@@Z 00000001400010b0 f i TI_DELETE.obj
 0001:000000b0       ?AssertValid@CObject@@UEBAXXZ 00000001400010b0 f i TI_DELETE.obj
 0001:000000b0       ??3@YAXPEAX0@Z             00000001400010b0 f i DefragManager.obj
 0001:000000c0       ??0ControlDefragManager@@QEAA@XZ 00000001400010c0 f   ControlDefragManager.obj
 0001:00000170       ??_EControlDefragManager@@UEAAPEAXI@Z 0000000140001170 f i * CIL library *:* CIL module *
 0001:00000170       ??_GControlDefragManager@@UEAAPEAXI@Z 0000000140001170 f i ControlDefragManager.obj
 0001:000001b0       ??1ControlDefragManager@@UEAA@XZ 00000001400011b0 f   ControlDefragManager.obj
 0001:00000270       ?WorkerStop@ControlDefragManager@@QEAAXXZ 0000000140001270 f   ControlDefragManager.obj
 0001:00000330       ?ThreadFirst@ControlDefragManager@@EEAAHXZ 0000000140001330 f   ControlDefragManager.obj
 0001:00000420       ?ThreadLast@ControlDefragManager@@EEAAHXZ 0000000140001420 f   ControlDefragManager.obj
 0001:000004c0       ?ThreadEvent@ControlDefragManager@@EEAAXH@Z 00000001400014c0 f   ControlDefragManager.obj
 0001:00000500       ?Exec@ControlDefragManager@@AEAAXXZ 0000000140001500 f   ControlDefragManager.obj
 0001:00000680       ??0ControlLowGr@@QEAA@XZ   0000000140001680 f   ControlLowGr.obj
 0001:00000bd0       ??_GControlLowGr@@UEAAPEAXI@Z 0000000140001bd0 f i ControlLowGr.obj
 0001:00000bd0       ??_EControlLowGr@@UEAAPEAXI@Z 0000000140001bd0 f i * CIL library *:* CIL module *
 0001:00000c10       ??1SETTING_TBL@@QEAA@XZ    0000000140001c10 f i ControlLowGr.obj
 0001:00000c70       ??0MAIN@SETTING_TBL@@QEAA@XZ 0000000140001c70 f i ControlLowGr.obj
 0001:00000cd0       ??1MAIN@SETTING_TBL@@QEAA@XZ 0000000140001cd0 f i ControlLowGr.obj
 0001:00000d20       ??1ControlLowGr@@UEAA@XZ   0000000140001d20 f   ControlLowGr.obj
 0001:00000e20       ?WorkerInit@ControlLowGr@@QEAAXXZ 0000000140001e20 f   ControlLowGr.obj
 0001:00000f20       ?ThreadFirst@ControlLowGr@@EEAAHXZ 0000000140001f20 f   ControlLowGr.obj
 0001:00000fa0       ?ThreadLast@ControlLowGr@@EEAAHXZ 0000000140001fa0 f   ControlLowGr.obj
 0001:00000fa0       _get_startup_new_mode      0000000140001fa0 f   msvcrt:new_mode.obj
 0001:00000fa0       _get_startup_thread_locale_mode 0000000140001fa0 f   msvcrt:thread_locale.obj
 0001:00000fa0       __scrt_initialize_winrt    0000000140001fa0 f   msvcrt:utility_desktop.obj
 0001:00000fa0       _matherr                   0000000140001fa0 f   msvcrt:matherr.obj
 0001:00000fa0       ?GetApplicationRecoveryParameter@CWinApp@@UEAAPEAXXZ 0000000140001fa0 f   TI_DELETE.obj
 0001:00000fa0       _get_startup_commit_mode   0000000140001fa0 f   msvcrt:commit_mode.obj
 0001:00000fa0       ?GetApplicationRestartFlags@CWinApp@@UEAAKXZ 0000000140001fa0 f   TI_DELETE.obj
 0001:00000fa0       ?ThreadLast@DeleLowGr@@EEAAHXZ 0000000140001fa0 f   DeleLowGr.obj
 0001:00000fb0       ?ThreadEvent@ControlLowGr@@EEAAXH@Z 0000000140001fb0 f   ControlLowGr.obj
 0001:00001050       ?CheckDeleListItem@ControlLowGr@@AEAA_NXZ 0000000140002050 f   ControlLowGr.obj
 0001:00001460       ?BackUpDeleListItem@ControlLowGr@@AEAA_NXZ 0000000140002460 f   ControlLowGr.obj
 0001:00001a20       ??1LockManager@KizuLib@@UEAA@XZ 0000000140002a20 f i ControlManager.obj
 0001:00001a50       ??_ELockManager@KizuLib@@UEAAPEAXI@Z 0000000140002a50 f i * CIL library *:* CIL module *
 0001:00001a50       ??_GLockManager@KizuLib@@UEAAPEAXI@Z 0000000140002a50 f i ControlManager.obj
 0001:00001aa0       ??0ControlManager@@QEAA@PEADPEAVLogFileManager@KizuLib@@@Z 0000000140002aa0 f   ControlManager.obj
 0001:00001f40       ??_EControlManager@@UEAAPEAXI@Z 0000000140002f40 f i * CIL library *:* CIL module *
 0001:00001f40       ??_GControlManager@@UEAAPEAXI@Z 0000000140002f40 f i ControlManager.obj
 0001:00001f80       ??1ControlManager@@UEAA@XZ 0000000140002f80 f   ControlManager.obj
 0001:00002010       ?WorkerInit@ControlManager@@QEAAXXZ 0000000140003010 f   ControlManager.obj
 0001:00002390       ?WorkerExit@ControlManager@@QEAAXXZ 0000000140003390 f   ControlManager.obj
 0001:000024b0       ?MainThread@ControlManager@@CAIPEAX@Z 00000001400034b0 f   ControlManager.obj
 0001:00002760       ?CheckDB_Size@ControlManager@@AEAAXXZ 0000000140003760 f   ControlManager.obj
 0001:00002830       ?GetDB_Size@ControlManager@@AEAAHXZ 0000000140003830 f   ControlManager.obj
 0001:00002c30       ?Check_TranSize@ControlManager@@AEAAXXZ 0000000140003c30 f   ControlManager.obj
 0001:00002d90       ?IsExec@DefragManager@@AEAA_NXZ 0000000140003d90 f i DefragManager.obj
 0001:00002db0       ??0DefragManager@@QEAA@HPEAD@Z 0000000140003db0 f   DefragManager.obj
 0001:000031b0       ??_EDefragManager@@UEAAPEAXI@Z 00000001400041b0 f i * CIL library *:* CIL module *
 0001:000031b0       ??_GDefragManager@@UEAAPEAXI@Z 00000001400041b0 f i DefragManager.obj
 0001:000031f0       ??0DEF_TBL@DefragManager@@QEAA@XZ 00000001400041f0 f i DefragManager.obj
 0001:00003210       ??1DEF_TBL@DefragManager@@QEAA@XZ 0000000140004210 f i DefragManager.obj
 0001:00003220       ??1DefragManager@@UEAA@XZ  0000000140004220 f   DefragManager.obj
 0001:00003300       ?ThreadFirst@DefragManager@@EEAAHXZ 0000000140004300 f   DefragManager.obj
 0001:00003370       ?ThreadLast@DefragManager@@EEAAHXZ 0000000140004370 f   DefragManager.obj
 0001:00003390       ?ThreadEvent@DefragManager@@EEAAXH@Z 0000000140004390 f   DefragManager.obj
 0001:000033d0       ?Exec@DefragManager@@AEAAXXZ 00000001400043d0 f   DefragManager.obj
 0001:00003630       ?GetIndexTables@DefragManager@@AEAA_NPEBDPEAV?$vector@V?$CStringT@DV?$StrTraitMFC_DLL@DV?$ChTraitsCRT@D@ATL@@@@@ATL@@V?$allocator@V?$CStringT@DV?$StrTraitMFC_DLL@DV?$ChTraitsCRT@D@ATL@@@@@ATL@@@std@@@std@@@Z 0000000140004630 f   DefragManager.obj
 0001:00003980       ?ExecDefrag@DefragManager@@AEAAHPEBD0@Z 0000000140004980 f   DefragManager.obj
 0001:00003dc0       ??1?$vector@V?$CStringT@DV?$StrTraitMFC_DLL@DV?$ChTraitsCRT@D@ATL@@@@@ATL@@V?$allocator@V?$CStringT@DV?$StrTraitMFC_DLL@DV?$ChTraitsCRT@D@ATL@@@@@ATL@@@std@@@std@@QEAA@XZ 0000000140004dc0 f i DefragManager.obj
 0001:00003dd0       ?push_back@?$vector@V?$CStringT@DV?$StrTraitMFC_DLL@DV?$ChTraitsCRT@D@ATL@@@@@ATL@@V?$allocator@V?$CStringT@DV?$StrTraitMFC_DLL@DV?$ChTraitsCRT@D@ATL@@@@@ATL@@@std@@@std@@QEAAX$$QEAV?$CStringT@DV?$StrTraitMFC_DLL@DV?$ChTraitsCRT@D@ATL@@@@@ATL@@@Z 0000000140004dd0 f i DefragManager.obj
 0001:00003f50       ?_Tidy@?$vector@V?$CStringT@DV?$StrTraitMFC_DLL@DV?$ChTraitsCRT@D@ATL@@@@@ATL@@V?$allocator@V?$CStringT@DV?$StrTraitMFC_DLL@DV?$ChTraitsCRT@D@ATL@@@@@ATL@@@std@@@std@@IEAAXXZ 0000000140004f50 f i DefragManager.obj
 0001:00004020       ?deallocate@?$_Wrap_alloc@V?$allocator@V?$CStringT@DV?$StrTraitMFC_DLL@DV?$ChTraitsCRT@D@ATL@@@@@ATL@@@std@@@std@@QEAAXPEAV?$CStringT@DV?$StrTraitMFC_DLL@DV?$ChTraitsCRT@D@ATL@@@@@ATL@@_K@Z 0000000140005020 f i DefragManager.obj
 0001:000040a0       ?_Reallocate@?$vector@V?$CStringT@DV?$StrTraitMFC_DLL@DV?$ChTraitsCRT@D@ATL@@@@@ATL@@V?$allocator@V?$CStringT@DV?$StrTraitMFC_DLL@DV?$ChTraitsCRT@D@ATL@@@@@ATL@@@std@@@std@@IEAAX_K@Z 00000001400050a0 f i DefragManager.obj
 0001:00004230       ??$_Uninitialized_move_al_unchecked1@PEAV?$CStringT@DV?$StrTraitMFC_DLL@DV?$ChTraitsCRT@D@ATL@@@@@ATL@@PEAV12@V?$allocator@V?$CStringT@DV?$StrTraitMFC_DLL@DV?$ChTraitsCRT@D@ATL@@@@@ATL@@@std@@@std@@YAPEAV?$CStringT@DV?$StrTraitMFC_DLL@DV?$ChTraitsCRT@D@ATL@@@@@ATL@@PEAV12@00AEAU?$_Wrap_alloc@V?$allocator@V?$CStringT@DV?$StrTraitMFC_DLL@DV?$ChTraitsCRT@D@ATL@@@@@ATL@@@std@@@0@U_General_ptr_iterator_tag@0@U_Any_tag@0@@Z 0000000140005230 f i DefragManager.obj
 0001:000042f0       ??0DeleLowGr@@QEAA@HPEAXPEBUSETTING_TBL@@@Z 00000001400052f0 f   DeleLowGr.obj
 0001:00004440       ??_EDeleLowGr@@UEAAPEAXI@Z 0000000140005440 f i * CIL library *:* CIL module *
 0001:00004440       ??_GDeleLowGr@@UEAAPEAXI@Z 0000000140005440 f i DeleLowGr.obj
 0001:000044e0       ?ThreadFirst@DeleLowGr@@EEAAHXZ 00000001400054e0 f   DeleLowGr.obj
 0001:00004510       ?ThreadEvent@DeleLowGr@@EEAAXH@Z 0000000140005510 f   DeleLowGr.obj
 0001:000045c0       ?StartExec@DeleLowGr@@AEAA_NXZ 00000001400055c0 f   DeleLowGr.obj
 0001:00004a90       ?DeleteInf@DeleLowGr@@AEAA_NPEAVOdbcBase@KizuODBC@@PEBD111H@Z 0000000140005a90 f   DeleLowGr.obj
 0001:00004be0       ?SetDeleteOkFlg@DeleLowGr@@AEAA_NPEAVOdbcBase@KizuODBC@@PEBD@Z 0000000140005be0 f   DeleLowGr.obj
 0001:00004d40       ??0DeleTable@@QEAA@HPEAHPEAX1V?$CStringT@DV?$StrTraitMFC_DLL@DV?$ChTraitsCRT@D@ATL@@@@@ATL@@2@Z 0000000140005d40 f   DeleTable.obj
 0001:000057c0       ??_EDeleTable@@UEAAPEAXI@Z 00000001400067c0 f i * CIL library *:* CIL module *
 0001:000057c0       ??_GDeleTable@@UEAAPEAXI@Z 00000001400067c0 f i DeleTable.obj
 0001:00005800       ??0DEL_TBL@KizuDeleteManager@@QEAA@XZ 0000000140006800 f i DeleTable.obj
 0001:00005800       ??0DEL_TBL_CNT@KizuDeleteManager@@QEAA@XZ 0000000140006800 f i DeleTable.obj
 0001:00005830       ??1DEL_TBL_CNT@KizuDeleteManager@@QEAA@XZ 0000000140006830 f i DeleTable.obj
 0001:00005830       ??1DEL_TBL@KizuDeleteManager@@QEAA@XZ 0000000140006830 f i DeleTable.obj
 0001:00005860       ??1DeleTable@@UEAA@XZ      0000000140006860 f   DeleTable.obj
 0001:000059c0       ?ExecCycle@DeleTable@@EEAAXXZ 00000001400069c0 f   DeleTable.obj
 0001:00005aa0       ?ExecSizeMin@DeleTable@@EEAAXXZ 0000000140006aa0 f   DeleTable.obj
 0001:00005cc0       ?ExecFast@DeleTable@@EEAAXXZ 0000000140006cc0 f   DeleTable.obj
 0001:00005d50       ?Delete_BackUp@DeleTable@@AEAAXPEBD@Z 0000000140006d50 f   DeleTable.obj
 0001:00005ec0       ??0KizuDeleteManager@@QEAA@HPEAHPEAX1V?$CStringT@DV?$StrTraitMFC_DLL@DV?$ChTraitsCRT@D@ATL@@@@@ATL@@2@Z 0000000140006ec0 f   KizuDeleteManager.obj
 0001:00005ff0       ??_GKizuDeleteManager@@UEAAPEAXI@Z 0000000140006ff0 f i KizuDeleteManager.obj
 0001:00005ff0       ??_EKizuDeleteManager@@UEAAPEAXI@Z 0000000140006ff0 f i * CIL library *:* CIL module *
 0001:00006080       ??1KizuDeleteManager@@UEAA@XZ 0000000140007080 f   KizuDeleteManager.obj
 0001:000060f0       ?MainThread@KizuDeleteManager@@KAIPEAX@Z 00000001400070f0 f   KizuDeleteManager.obj
 0001:00006370       ?Select_OldKey@KizuDeleteManager@@IEAA_NPEBD0HPEAD@Z 0000000140007370 f   KizuDeleteManager.obj
 0001:000066a0       ?Select_OldKey@KizuDeleteManager@@IEAA_NPEBD00HPEAD@Z 00000001400076a0 f   KizuDeleteManager.obj
 0001:000069f0       ?Exec_Shrink@KizuDeleteManager@@IEAA_NXZ 00000001400079f0 f   KizuDeleteManager.obj
 0001:00006dd0       ?Delete_Day@KizuDeleteManager@@IEAA_NPEBD0H@Z 0000000140007dd0 f   KizuDeleteManager.obj
 0001:00007090       ?Delete_Day2@KizuDeleteManager@@IEAA_NPEBD0H@Z 0000000140008090 f   KizuDeleteManager.obj
 0001:00007530       ?Delete_Cnt@KizuDeleteManager@@IEAA_NPEBD00HH@Z 0000000140008530 f   KizuDeleteManager.obj
 0001:000079c0       ?Delete_Inf@KizuDeleteManager@@IEAA_NPEBD00@Z 00000001400089c0 f   KizuDeleteManager.obj
 0001:00007c60       ?Delete_Inf@KizuDeleteManager@@IEAA_NPEBD00H0@Z 0000000140008c60 f   KizuDeleteManager.obj
 0001:000080b0       ?Delete_OldInf@KizuDeleteManager@@IEAA_NPEBD00H0@Z 00000001400090b0 f   KizuDeleteManager.obj
 0001:000084a0       ??0MainInctance@@QEAA@XZ   00000001400094a0 f   MainInctance.obj
 0001:00008560       ??_EMainInctance@@UEAAPEAXI@Z 0000000140009560 f i * CIL library *:* CIL module *
 0001:00008560       ??_GMainInctance@@UEAAPEAXI@Z 0000000140009560 f i MainInctance.obj
 0001:000085d0       ??1MainInctance@@UEAA@XZ   00000001400095d0 f   MainInctance.obj
 0001:00008620       ?Init@MainInctance@@QEAAHXZ 0000000140009620 f   MainInctance.obj
 0001:000089b0       ?Exit@MainInctance@@QEAAXXZ 00000001400099b0 f   MainInctance.obj
 0001:00008cf0       ?SetWaitMode@MainInctance@@QEAAX_N@Z 0000000140009cf0 f   MainInctance.obj
 0001:00008dd0       ?MainThread@MainInctance@@CAIPEAX@Z 0000000140009dd0 f   MainInctance.obj
 0001:00008ef0       ?_AtlInitializeCriticalSectionEx@ATL@@YAHPEAU_RTL_CRITICAL_SECTION@@KK@Z 0000000140009ef0 f i stdafx.obj
 0001:00008f00       ?GetMessageMap@CTI_DELETEApp@@MEBAPEBUAFX_MSGMAP@@XZ 0000000140009f00 f   TI_DELETE.obj
 0001:00008f10       ??_ECTI_DELETEApp@@UEAAPEAXI@Z 0000000140009f10 f i * CIL library *:* CIL module *
 0001:00008f10       ??_GCTI_DELETEApp@@UEAAPEAXI@Z 0000000140009f10 f i TI_DELETE.obj
 0001:00008f60       ?InitInstance@CTI_DELETEApp@@UEAAHXZ 0000000140009f60 f   TI_DELETE.obj
 0001:000090d0       ??1CTI_DELETEDlg@@UEAA@XZ  000000014000a0d0 f i TI_DELETE.obj
 0001:00009150       ?GetApplicationRecoveryPingInterval@CWinApp@@UEAAKXZ 000000014000a150 f i TI_DELETE.obj
 0001:00009160       ?RestoreAutosavedFilesAtRestart@CWinApp@@UEBAHXZ 000000014000a160 f i TI_DELETE.obj
 0001:00009170       ?ReopenPreviousFilesAtRestart@CWinApp@@UEBAHXZ 000000014000a170 f i TI_DELETE.obj
 0001:00009180       ?SupportsAutosaveAtInterval@CWinApp@@UEBAHXZ 000000014000a180 f i TI_DELETE.obj
 0001:00009190       ?SupportsAutosaveAtRestart@CWinApp@@UEBAHXZ 000000014000a190 f i TI_DELETE.obj
 0001:000091a0       ?SupportsApplicationRecovery@CWinApp@@UEBAHXZ 000000014000a1a0 f i TI_DELETE.obj
 0001:000091b0       ?SupportsRestartManager@CWinApp@@UEBAHXZ 000000014000a1b0 f i TI_DELETE.obj
 0001:000091c0       ??_GCTI_DELETEDlg@@UEAAPEAXI@Z 000000014000a1c0 f i TI_DELETEDlg.obj
 0001:000091c0       ??_ECTI_DELETEDlg@@UEAAPEAXI@Z 000000014000a1c0 f i * CIL library *:* CIL module *
 0001:00009270       ?DoDataExchange@CTI_DELETEDlg@@MEAAXPEAVCDataExchange@@@Z 000000014000a270 f   TI_DELETEDlg.obj
 0001:000092c0       ?GetMessageMap@CTI_DELETEDlg@@MEBAPEBUAFX_MSGMAP@@XZ 000000014000a2c0 f   TI_DELETEDlg.obj
 0001:000092d0       ?OnInitDialog@CTI_DELETEDlg@@MEAAHXZ 000000014000a2d0 f   TI_DELETEDlg.obj
 0001:000093d0       ?OnPaint@CTI_DELETEDlg@@IEAAXXZ 000000014000a3d0 f   TI_DELETEDlg.obj
 0001:000094e0       ?OnQueryDragIcon@CTI_DELETEDlg@@IEAAPEAUHICON__@@XZ 000000014000a4e0 f   TI_DELETEDlg.obj
 0001:000094f0       ?OnBnClickedOk@CTI_DELETEDlg@@QEAAXXZ 000000014000a4f0 f   TI_DELETEDlg.obj
 0001:00009580       ?OnLbnDblclkList1@CTI_DELETEDlg@@QEAAXXZ 000000014000a580 f   TI_DELETEDlg.obj
 0001:00009590       ?InitProcess@CTI_DELETEDlg@@AEAAXXZ 000000014000a590 f   TI_DELETEDlg.obj
 0001:00009750       ?ExitProcess@CTI_DELETEDlg@@AEAAXXZ 000000014000a750 f   TI_DELETEDlg.obj
 0001:000098b0       ?MainThread@CTI_DELETEDlg@@CAIPEAX@Z 000000014000a8b0 f   TI_DELETEDlg.obj
 0001:000099a0       ?OnTimer@CTI_DELETEDlg@@QEAAX_K@Z 000000014000a9a0 f   TI_DELETEDlg.obj
 0001:00009c50       ?Create@CDialog@@UEAAHIPEAVCWnd@@@Z 000000014000ac50 f i TI_DELETEDlg.obj
 0001:00009c60       ??_GCComboBox@@UEAAPEAXI@Z 000000014000ac60 f i TI_DELETEDlg.obj
 0001:00009c60       ??_ECComboBox@@UEAAPEAXI@Z 000000014000ac60 f i * CIL library *:* CIL module *
 0001:00009cb0       ??_ECListBox@@UEAAPEAXI@Z  000000014000acb0 f i * CIL library *:* CIL module *
 0001:00009cb0       ??_GCListBox@@UEAAPEAXI@Z  000000014000acb0 f i TI_DELETEDlg.obj
 0001:00009d00       ?BeginModalState@CWnd@@UEAAXXZ 000000014000ad00 f i TI_DELETEDlg.obj
 0001:00009d10       ?EndModalState@CWnd@@UEAAXXZ 000000014000ad10 f i TI_DELETEDlg.obj
 0001:00009d20       ??0ThreadManager@@QEAA@PEBDH@Z 000000014000ad20 f   KizuLibMFC:ThreadManager.obj
 0001:00009e00       ??_GThreadManager@@UEAAPEAXI@Z 000000014000ae00 f i KizuLibMFC:ThreadManager.obj
 0001:00009e00       ??_EThreadManager@@UEAAPEAXI@Z 000000014000ae00 f i * CIL library *:* CIL module *
 0001:00009e80       ??1ThreadManager@@UEAA@XZ  000000014000ae80 f   KizuLibMFC:ThreadManager.obj
 0001:00009ee0       ?MainThread@ThreadManager@@KAIPEAX@Z 000000014000aee0 f   KizuLibMFC:ThreadManager.obj
 0001:00009f20       ?ThreadMainLoop@ThreadManager@@MEAAHXZ 000000014000af20 f   KizuLibMFC:ThreadManager.obj
 0001:0000a020       ??0exception@std@@QEAA@AEBV01@@Z 000000014000b020 f i KizuLibMFC:LogFileManager.obj
 0001:0000a060       ?what@exception@std@@UEBAPEBDXZ 000000014000b060 f i KizuLibMFC:LogFileManager.obj
 0001:0000a080       ??_Gexception@std@@UEAAPEAXI@Z 000000014000b080 f i KizuLibMFC:LogFileManager.obj
 0001:0000a080       ??_Ebad_cast@std@@UEAAPEAXI@Z 000000014000b080 f i * CIL library *:* CIL module *
 0001:0000a080       ??_Eexception@std@@UEAAPEAXI@Z 000000014000b080 f i * CIL library *:* CIL module *
 0001:0000a080       ??_Gbad_cast@std@@UEAAPEAXI@Z 000000014000b080 f i KizuLibMFC:LogFileManager.obj
 0001:0000a0d0       ??1bad_cast@std@@UEAA@XZ   000000014000b0d0 f i KizuLibMFC:LogFileManager.obj
 0001:0000a0f0       ??1locale@std@@QEAA@XZ     000000014000b0f0 f i KizuLibMFC:LogFileManager.obj
 0001:0000a130       ??1AutoLock@KizuLib@@UEAA@XZ 000000014000b130 f i KizuLibMFC:LogFileManager.obj
 0001:0000a160       ??_GAutoLock@KizuLib@@UEAAPEAXI@Z 000000014000b160 f i KizuLibMFC:LogFileManager.obj
 0001:0000a160       ??_EAutoLock@KizuLib@@UEAAPEAXI@Z 000000014000b160 f i * CIL library *:* CIL module *
 0001:0000a1c0       ?GetNowLogPath@LogFileManager@KizuLib@@QEAA?AV?$CStringT@DV?$StrTraitMFC_DLL@DV?$ChTraitsCRT@D@ATL@@@@@ATL@@XZ 000000014000b1c0 f i KizuLibMFC:LogFileManager.obj
 0001:0000a1f0       ??0LogFileManager@KizuLib@@QEAA@PEBDPEAVCListBox@@HH@Z 000000014000b1f0 f   KizuLibMFC:LogFileManager.obj
 0001:0000a5c0       ??_GLogFileManager@KizuLib@@UEAAPEAXI@Z 000000014000b5c0 f i KizuLibMFC:LogFileManager.obj
 0001:0000a5c0       ??_ELogFileManager@KizuLib@@UEAAPEAXI@Z 000000014000b5c0 f i * CIL library *:* CIL module *
 0001:0000a600       ??_D?$basic_ofstream@DU?$char_traits@D@std@@@std@@QEAAXXZ 000000014000b600 f i KizuLibMFC:LogFileManager.obj
 0001:0000a630       ??1LogFileManager@KizuLib@@UEAA@XZ 000000014000b630 f   KizuLibMFC:LogFileManager.obj
 0001:0000a7c0       ?Write@LogFileManager@KizuLib@@QEAAXW4LNO@12@PEBDZZ 000000014000b7c0 f   KizuLibMFC:LogFileManager.obj
 0001:0000aa80       ?WriteFile@LogFileManager@KizuLib@@QEAAXPEBD@Z 000000014000ba80 f   KizuLibMFC:LogFileManager.obj
 0001:0000ac00       ?WriteList@LogFileManager@KizuLib@@AEAAXPEBD@Z 000000014000bc00 f   KizuLibMFC:LogFileManager.obj
 0001:0000acf0       ?AllGetQueue@LogFileManager@KizuLib@@QEAAHXZ 000000014000bcf0 f   KizuLibMFC:LogFileManager.obj
 0001:0000ad90       ?ShowEdit@LogFileManager@KizuLib@@QEAAXXZ 000000014000bd90 f   KizuLibMFC:LogFileManager.obj
 0001:0000ae70       ?MainThread@LogFileManager@KizuLib@@CAIPEAX@Z 000000014000be70 f   KizuLibMFC:LogFileManager.obj
 0001:0000b010       ??1?$basic_string@DU?$char_traits@D@std@@V?$allocator@D@2@@std@@QEAA@XZ 000000014000c010 f i KizuLibMFC:LogFileManager.obj
 0001:0000b0a0       ??1?$basic_ofstream@DU?$char_traits@D@std@@@std@@UEAA@XZ 000000014000c0a0 f i KizuLibMFC:LogFileManager.obj
 0001:0000b170       ??0?$basic_ofstream@DU?$char_traits@D@std@@@std@@QEAA@XZ 000000014000c170 f i KizuLibMFC:LogFileManager.obj
 0001:0000b250       ?imbue@?$basic_filebuf@DU?$char_traits@D@std@@@std@@MEAAXAEBVlocale@2@@Z 000000014000c250 f i KizuLibMFC:LogFileManager.obj
 0001:0000b2a0       ?sync@?$basic_filebuf@DU?$char_traits@D@std@@@std@@MEAAHXZ 000000014000c2a0 f i KizuLibMFC:LogFileManager.obj
 0001:0000b2f0       ?setbuf@?$basic_filebuf@DU?$char_traits@D@std@@@std@@MEAAPEAV?$basic_streambuf@DU?$char_traits@D@std@@@2@PEAD_J@Z 000000014000c2f0 f i KizuLibMFC:LogFileManager.obj
 0001:0000b3e0       ?seekpos@?$basic_filebuf@DU?$char_traits@D@std@@@std@@MEAA?AV?$fpos@U_Mbstatet@@@2@V32@H@Z 000000014000c3e0 f i KizuLibMFC:LogFileManager.obj
 0001:0000b4d0       ?seekoff@?$basic_filebuf@DU?$char_traits@D@std@@@std@@MEAA?AV?$fpos@U_Mbstatet@@@2@_JHH@Z 000000014000c4d0 f i KizuLibMFC:LogFileManager.obj
 0001:0000b5d0       ?uflow@?$basic_filebuf@DU?$char_traits@D@std@@@std@@MEAAHXZ 000000014000c5d0 f i KizuLibMFC:LogFileManager.obj
 0001:0000b9a0       ?underflow@?$basic_filebuf@DU?$char_traits@D@std@@@std@@MEAAHXZ 000000014000c9a0 f i KizuLibMFC:LogFileManager.obj
 0001:0000ba10       ?pbackfail@?$basic_filebuf@DU?$char_traits@D@std@@@std@@MEAAHH@Z 000000014000ca10 f i KizuLibMFC:LogFileManager.obj
 0001:0000baf0       ?overflow@?$basic_filebuf@DU?$char_traits@D@std@@@std@@MEAAHH@Z 000000014000caf0 f i KizuLibMFC:LogFileManager.obj
 0001:0000be60       ?_Unlock@?$basic_filebuf@DU?$char_traits@D@std@@@std@@UEAAXXZ 000000014000ce60 f i KizuLibMFC:LogFileManager.obj
 0001:0000be80       ?_Lock@?$basic_filebuf@DU?$char_traits@D@std@@@std@@UEAAXXZ 000000014000ce80 f i KizuLibMFC:LogFileManager.obj
 0001:0000bea0       ??_E?$basic_ofstream@DU?$char_traits@D@std@@@std@@UEAAPEAXI@Z 000000014000cea0 f i * CIL library *:* CIL module *
 0001:0000bea0       ??_G?$basic_ofstream@DU?$char_traits@D@std@@@std@@UEAAPEAXI@Z 000000014000cea0 f i KizuLibMFC:LogFileManager.obj
 0001:0000bef0       ??_E?$basic_filebuf@DU?$char_traits@D@std@@@std@@UEAAPEAXI@Z 000000014000cef0 f i * CIL library *:* CIL module *
 0001:0000bef0       ??_G?$basic_filebuf@DU?$char_traits@D@std@@@std@@UEAAPEAXI@Z 000000014000cef0 f i KizuLibMFC:LogFileManager.obj
 0001:0000bf90       ?_Reset_back@?$basic_filebuf@DU?$char_traits@D@std@@@std@@AEAAXXZ 000000014000cf90 f i KizuLibMFC:LogFileManager.obj
 0001:0000bfc0       ?_Endwrite@?$basic_filebuf@DU?$char_traits@D@std@@@std@@IEAA_NXZ 000000014000cfc0 f i KizuLibMFC:LogFileManager.obj
 0001:0000c240       ?close@?$basic_filebuf@DU?$char_traits@D@std@@@std@@QEAAPEAV12@XZ 000000014000d240 f i KizuLibMFC:LogFileManager.obj
 0001:0000c2c0       ?open@?$basic_filebuf@DU?$char_traits@D@std@@@std@@QEAAPEAV12@PEBDHH@Z 000000014000d2c0 f i KizuLibMFC:LogFileManager.obj
 0001:0000c400       ?_Copy@?$basic_string@DU?$char_traits@D@std@@V?$allocator@D@2@@std@@QEAAX_K0@Z 000000014000d400 f i KizuLibMFC:LogFileManager.obj
 0001:0000c5b0       ?allocate@?$_Wrap_alloc@V?$allocator@D@std@@@std@@QEAAPEAD_K@Z 000000014000d5b0 f i KizuLibMFC:LogFileManager.obj
 0001:0000c620       ??0?$ThreadQueue@D@KizuLib@@QEAA@H@Z 000000014000d620 f i KizuLibMFC:LogFileManager.obj
 0001:0000c6d0       ??1?$ThreadQueue@D@KizuLib@@UEAA@XZ 000000014000d6d0 f i KizuLibMFC:LogFileManager.obj
 0001:0000c780       ?GetFromHead@?$ThreadQueue@D@KizuLib@@QEAAPEADXZ 000000014000d780 f i KizuLibMFC:LogFileManager.obj
 0001:0000c820       ??$?6U?$char_traits@D@std@@@std@@YAAEAV?$basic_ostream@DU?$char_traits@D@std@@@0@AEAV10@PEBD@Z 000000014000d820 f i KizuLibMFC:LogFileManager.obj
 0001:0000c9f0       ??$endl@DU?$char_traits@D@std@@@std@@YAAEAV?$basic_ostream@DU?$char_traits@D@std@@@0@AEAV10@@Z 000000014000d9f0 f i KizuLibMFC:LogFileManager.obj
 0001:0000ca30       ??$use_facet@V?$codecvt@DDU_Mbstatet@@@std@@@std@@YAAEBV?$codecvt@DDU_Mbstatet@@@0@AEBVlocale@0@@Z 000000014000da30 f i KizuLibMFC:LogFileManager.obj
 0001:0000cb40       ??0bad_cast@std@@QEAA@AEBV01@@Z 000000014000db40 f i KizuLibMFC:LogFileManager.obj
 0001:0000cb80       ??_E?$ThreadQueue@D@KizuLib@@UEAAPEAXI@Z 000000014000db80 f i * CIL library *:* CIL module *
 0001:0000cb80       ??_G?$ThreadQueue@D@KizuLib@@UEAAPEAXI@Z 000000014000db80 f i KizuLibMFC:LogFileManager.obj
 0001:0000cbc0       ?push_back@?$deque@PEADV?$allocator@PEAD@std@@@std@@QEAAXAEBQEAD@Z 000000014000dbc0 f i KizuLibMFC:LogFileManager.obj
 0001:0000cc90       ??1sentry@?$basic_ostream@DU?$char_traits@D@std@@@std@@QEAA@XZ 000000014000dc90 f i KizuLibMFC:LogFileManager.obj
 0001:0000cce0       ?_Tidy@?$deque@PEADV?$allocator@PEAD@std@@@std@@IEAAXXZ 000000014000dce0 f i KizuLibMFC:LogFileManager.obj
 0001:0000cdd0       ?_Growmap@?$deque@PEADV?$allocator@PEAD@std@@@std@@IEAAX_K@Z 000000014000ddd0 f i KizuLibMFC:LogFileManager.obj
 0001:0000d030       ?begin@?$deque@PEADV?$allocator@PEAD@std@@@std@@QEAA?AV?$_Deque_iterator@V?$_Deque_val@U?$_Deque_simple_types@PEAD@std@@@std@@@2@XZ 000000014000e030 f i KizuLibMFC:LogFileManager.obj
 0001:0000d050       ??1_Sentry_base@?$basic_ostream@DU?$char_traits@D@std@@@std@@QEAA@XZ 000000014000e050 f i KizuLibMFC:LogFileManager.obj
 0001:0000d080       ??_E?$basic_ofstream@DU?$char_traits@D@std@@@std@@$4PPPPPPPM@A@EAAPEAXI@Z 000000014000e080 f i KizuLibMFC:LogFileManager.obj
 0001:0000d090       sprintf                    000000014000e090 f i KizuLibMFC:LogFileManager.obj
 0001:0000d0f0       __local_stdio_printf_options 000000014000e0f0 f i KizuLibMFC:LogFileManager.obj
 0001:0000d100       ??_GWorkThread@KizuLib@@UEAAPEAXI@Z 000000014000e100 f i KizuLib:WorkThread.obj
 0001:0000d100       ??_EWorkThread@KizuLib@@UEAAPEAXI@Z 000000014000e100 f i * CIL library *:* CIL module *
 0001:0000d150       ??1WorkThread@KizuLib@@UEAA@XZ 000000014000e150 f   KizuLib:WorkThread.obj
 0001:0000d170       ?MainThread@WorkThread@KizuLib@@MEAAIXZ 000000014000e170 f   KizuLib:WorkThread.obj
 0001:0000d180       ?SetThreadName@WorkThread@KizuLib@@SAXPEBDK@Z 000000014000e180 f   KizuLib:WorkThread.obj
 0001:0000d1c0       ?task_init@@YAHPEBDH@Z     000000014000e1c0 f   KizuLib:KizuLib.obj
 0001:0000d2c0       ?syslog@@YAHJPEBDZZ        000000014000e2c0 f   KizuLib:KizuLib.obj
 0001:0000d450       ?statelog@@YAHJJJPEBDZZ    000000014000e450 f   KizuLib:KizuLib.obj
 0001:0000d5e0       ?SetStatus@KizuFunction@KizuLib@@SA_NHH_NPEBD@Z 000000014000e5e0 f   KizuLib:KizuFunction.obj
 0001:0000d960       ??_GKizuPerformanceCounter@KizuLib@@UEAAPEAXI@Z 000000014000e960 f i KizuLib:KizuPerformanceCounter.obj
 0001:0000d960       ??_EKizuPerformanceCounter@KizuLib@@UEAAPEAXI@Z 000000014000e960 f i * CIL library *:* CIL module *
 0001:0000d990       ??1KizuPerformanceCounter@KizuLib@@UEAA@XZ 000000014000e990 f   KizuLib:KizuPerformanceCounter.obj
 0001:0000d9a0       ??0KizuPcInfManager@KizuLib@@QEAA@H@Z 000000014000e9a0 f   KizuLib:KizuPcInfManager.obj
 0001:0000da80       ??_EKizuPcInfManager@KizuLib@@UEAAPEAXI@Z 000000014000ea80 f i * CIL library *:* CIL module *
 0001:0000da80       ??_GKizuPcInfManager@KizuLib@@UEAAPEAXI@Z 000000014000ea80 f i KizuLib:KizuPcInfManager.obj
 0001:0000dab0       ?SetPcName@KizuPcInfManager@KizuLib@@QEAA_NPEADPEBD1@Z 000000014000eab0 f   KizuLib:KizuPcInfManager.obj
 0001:0000e070       ?GetError@MailSlotManager@KizuLib@@UEAAHXZ 000000014000f070 f i KizuLib:MailSlotManager.obj
 0001:0000e080       ??_EMailSlotManager@KizuLib@@UEAAPEAXI@Z 000000014000f080 f i * CIL library *:* CIL module *
 0001:0000e080       ??_GMailSlotManager@KizuLib@@UEAAPEAXI@Z 000000014000f080 f i KizuLib:MailSlotManager.obj
 0001:0000e0e0       ?SendMail@MailSlotManager@KizuLib@@SAHPEBD0PEBXK@Z 000000014000f0e0 f   KizuLib:MailSlotManager.obj
 0001:0000e1e0       ?Create@MailSlotManager@KizuLib@@QEAA_NPEBDK@Z 000000014000f1e0 f   KizuLib:MailSlotManager.obj
 0001:0000e260       ?Recv@MailSlotManager@KizuLib@@UEAAHPEAXK@Z 000000014000f260 f   KizuLib:MailSlotManager.obj
 0001:0000e320       ?Send@MailSlotManager@KizuLib@@UEAAHPEBXK@Z 000000014000f320 f   KizuLib:MailSlotManager.obj
 0001:0000e360       ?Recv@MailSlotManager@KizuLib@@UEAA_NPEAXKPEAU_OVERLAPPED@@@Z 000000014000f360 f   KizuLib:MailSlotManager.obj
 0001:0000e3b0       ?Send@MailSlotManager@KizuLib@@UEAA_NPEBXKPEAU_OVERLAPPED@@@Z 000000014000f3b0 f   KizuLib:MailSlotManager.obj
 0001:0000e400       ?GetResult@MailSlotManager@KizuLib@@UEAA_NPEAU_OVERLAPPED@@@Z 000000014000f400 f   KizuLib:MailSlotManager.obj
 0001:0000e440       ??_EOdbcBase@KizuODBC@@UEAAPEAXI@Z 000000014000f440 f i * CIL library *:* CIL module *
 0001:0000e440       ??_GOdbcBase@KizuODBC@@UEAAPEAXI@Z 000000014000f440 f i KizuODBC:OdbcBase.obj
 0001:0000e480       ??1OdbcBase@KizuODBC@@UEAA@XZ 000000014000f480 f   KizuODBC:OdbcBase.obj
 0001:0000e530       ?OpenCheck@OdbcBase@KizuODBC@@SA_NPEBD0@Z 000000014000f530 f   KizuODBC:OdbcBase.obj
 0001:0000e640       ?DisConnect@OdbcBase@KizuODBC@@QEAAXXZ 000000014000f640 f   KizuODBC:OdbcBase.obj
 0001:0000e6b0       ?GetSelectKey@OdbcBase@KizuODBC@@QEAA_NPEBDHPEAD@Z 000000014000f6b0 f   KizuODBC:OdbcBase.obj
 0001:0000e7c0       ?GetSelectKey@OdbcBase@KizuODBC@@QEAA_NPEBDPEAH@Z 000000014000f7c0 f   KizuODBC:OdbcBase.obj
 0001:0000e8d0       ?GetSelectKey_Static@OdbcBase@KizuODBC@@SA_NPEBDPEAH00@Z 000000014000f8d0 f   KizuODBC:OdbcBase.obj
 0001:0000ea40       ??0OdbcEnv@KizuODBC@@AEAA@XZ 000000014000fa40 f   KizuODBC:OdbcEnv.obj
 0001:0000eb00       ??_GOdbcEnv@KizuODBC@@UEAAPEAXI@Z 000000014000fb00 f i KizuODBC:OdbcEnv.obj
 0001:0000eb00       ??_EOdbcEnv@KizuODBC@@UEAAPEAXI@Z 000000014000fb00 f i * CIL library *:* CIL module *
 0001:0000eb60       ?GetErrMsg@OdbcEnv@KizuODBC@@QEAAXXZ 000000014000fb60 f   KizuODBC:OdbcEnv.obj
 0001:0000ebe0       ??_EOdbcManager@KizuODBC@@UEAAPEAXI@Z 000000014000fbe0 f i * CIL library *:* CIL module *
 0001:0000ebe0       ??_GOdbcManager@KizuODBC@@UEAAPEAXI@Z 000000014000fbe0 f i KizuODBC:OdbcManager.obj
 0001:0000ec20       ??1OdbcManager@KizuODBC@@UEAA@XZ 000000014000fc20 f   KizuODBC:OdbcManager.obj
 0001:0000ece0       ?Alloc@OdbcManager@KizuODBC@@IEAAXXZ 000000014000fce0 f   KizuODBC:OdbcManager.obj
 0001:0000ee00       ?Connect@OdbcManager@KizuODBC@@QEAAHPEBD0@Z 000000014000fe00 f   KizuODBC:OdbcManager.obj
 0001:0000ef00       ?Connect@OdbcManager@KizuODBC@@QEAAHPEBD00@Z 000000014000ff00 f   KizuODBC:OdbcManager.obj
 0001:0000f0c0       ?ExecuteDirect@OdbcManager@KizuODBC@@QEAAFPEBD@Z 00000001400100c0 f   KizuODBC:OdbcManager.obj
 0001:0000f160       ?ExecuteDirectAsync@OdbcManager@KizuODBC@@QEAAFPEBD_N@Z 0000000140010160 f   KizuODBC:OdbcManager.obj
 0001:0000f230       ?GetErrMsg@OdbcManager@KizuODBC@@QEAAXXZ 0000000140010230 f   KizuODBC:OdbcManager.obj
 0001:0000f2d0       ?GetErrMsg@OdbcManager@KizuODBC@@QEAAXF@Z 00000001400102d0 f   KizuODBC:OdbcManager.obj
 0001:0000f382       ??3@YAXPEAX@Z              0000000140010382 f   mfc140:mfc140.dll
 0001:0000f388       ??2@YAPEAX_K@Z             0000000140010388 f   mfc140:mfc140.dll
 0001:0000f38e       ?OnHelp@CWinApp@@IEAAXXZ   000000014001038e f   mfc140:mfc140.dll
 0001:0000f394       ?GetThisMessageMap@CWinApp@@KAPEBUAFX_MSGMAP@@XZ 0000000140010394 f   mfc140:mfc140.dll
 0001:0000f39a       ?DoModal@CDialog@@UEAA_JXZ 000000014001039a f   mfc140:mfc140.dll
 0001:0000f3a0       ?GetRuntimeClass@CWinApp@@UEBAPEAUCRuntimeClass@@XZ 00000001400103a0 f   mfc140:mfc140.dll
 0001:0000f3a6       ?OnCmdMsg@CCmdTarget@@UEAAHIHPEAXPEAUAFX_CMDHANDLERINFO@@@Z 00000001400103a6 f   mfc140:mfc140.dll
 0001:0000f3ac       ?OnFinalRelease@CCmdTarget@@UEAAXXZ 00000001400103ac f   mfc140:mfc140.dll
 0001:0000f3b2       ?IsInvokeAllowed@CCmdTarget@@UEAAHJ@Z 00000001400103b2 f   mfc140:mfc140.dll
 0001:0000f3b8       ?GetDispatchIID@CCmdTarget@@UEAAHPEAU_GUID@@@Z 00000001400103b8 f   mfc140:mfc140.dll
 0001:0000f3be       ?GetTypeInfoCount@CCmdTarget@@UEAAIXZ 00000001400103be f   mfc140:mfc140.dll
 0001:0000f3c4       ?GetTypeLibCache@CCmdTarget@@UEAAPEAVCTypeLibCache@@XZ 00000001400103c4 f   mfc140:mfc140.dll
 0001:0000f3ca       ?GetTypeLib@CCmdTarget@@UEAAJKPEAPEAUITypeLib@@@Z 00000001400103ca f   mfc140:mfc140.dll
 0001:0000f3d0       ?GetCommandMap@CCmdTarget@@MEBAPEBUAFX_OLECMDMAP@@XZ 00000001400103d0 f   mfc140:mfc140.dll
 0001:0000f3d6       ?GetDispatchMap@CCmdTarget@@MEBAPEBUAFX_DISPMAP@@XZ 00000001400103d6 f   mfc140:mfc140.dll
 0001:0000f3dc       ?GetConnectionMap@CCmdTarget@@MEBAPEBUAFX_CONNECTIONMAP@@XZ 00000001400103dc f   mfc140:mfc140.dll
 0001:0000f3e2       ?GetInterfaceMap@CCmdTarget@@MEBAPEBUAFX_INTERFACEMAP@@XZ 00000001400103e2 f   mfc140:mfc140.dll
 0001:0000f3e8       ?GetEventSinkMap@CCmdTarget@@MEBAPEBUAFX_EVENTSINKMAP@@XZ 00000001400103e8 f   mfc140:mfc140.dll
 0001:0000f3ee       ?OnCreateAggregates@CCmdTarget@@UEAAHXZ 00000001400103ee f   mfc140:mfc140.dll
 0001:0000f3f4       ?GetInterfaceHook@CCmdTarget@@UEAAPEAUIUnknown@@PEBX@Z 00000001400103f4 f   mfc140:mfc140.dll
 0001:0000f3fa       ?GetExtraConnectionPoints@CCmdTarget@@MEAAHPEAVCPtrArray@@@Z 00000001400103fa f   mfc140:mfc140.dll
 0001:0000f400       ?GetConnectionHook@CCmdTarget@@MEAAPEAUIConnectionPoint@@AEBU_GUID@@@Z 0000000140010400 f   mfc140:mfc140.dll
 0001:0000f406       ?Run@CWinApp@@UEAAHXZ      0000000140010406 f   mfc140:mfc140.dll
 0001:0000f40c       ?PreTranslateMessage@CWinThread@@UEAAHPEAUtagMSG@@@Z 000000014001040c f   mfc140:mfc140.dll
 0001:0000f412       ?PumpMessage@CWinThread@@UEAAHXZ 0000000140010412 f   mfc140:mfc140.dll
 0001:0000f418       ?OnIdle@CWinApp@@UEAAHJ@Z  0000000140010418 f   mfc140:mfc140.dll
 0001:0000f41e       ?IsIdleMessage@CWinThread@@UEAAHPEAUtagMSG@@@Z 000000014001041e f   mfc140:mfc140.dll
 0001:0000f424       ?ExitInstance@CWinApp@@UEAAHXZ 0000000140010424 f   mfc140:mfc140.dll
 0001:0000f42a       ?ProcessWndProcException@CWinApp@@UEAA_JPEAVCException@@PEBUtagMSG@@@Z 000000014001042a f   mfc140:mfc140.dll
 0001:0000f430       ?ProcessMessageFilter@CWinThread@@UEAAHHPEAUtagMSG@@@Z 0000000140010430 f   mfc140:mfc140.dll
 0001:0000f436       ?GetMainWnd@CWinThread@@UEAAPEAVCWnd@@XZ 0000000140010436 f   mfc140:mfc140.dll
 0001:0000f43c       ?Delete@CWinThread@@UEAAXXZ 000000014001043c f   mfc140:mfc140.dll
 0001:0000f442       ?GetProfileIntA@CWinApp@@UEAAIPEBD0H@Z 0000000140010442 f   mfc140:mfc140.dll
 0001:0000f448       ?WriteProfileInt@CWinApp@@UEAAHPEBD0H@Z 0000000140010448 f   mfc140:mfc140.dll
 0001:0000f44e       ?GetProfileStringA@CWinApp@@UEAA?AV?$CStringT@DV?$StrTraitMFC_DLL@DV?$ChTraitsCRT@D@ATL@@@@@ATL@@PEBD00@Z 000000014001044e f   mfc140:mfc140.dll
 0001:0000f454       ?WriteProfileStringA@CWinApp@@UEAAHPEBD00@Z 0000000140010454 f   mfc140:mfc140.dll
 0001:0000f45a       ?GetProfileBinary@CWinApp@@UEAAHPEBD0PEAPEAEPEAI@Z 000000014001045a f   mfc140:mfc140.dll
 0001:0000f460       ?WriteProfileBinary@CWinApp@@UEAAHPEBD0PEAEI@Z 0000000140010460 f   mfc140:mfc140.dll
 0001:0000f466       ?InitLibId@CWinApp@@UEAAXXZ 0000000140010466 f   mfc140:mfc140.dll
 0001:0000f46c       ?Register@CWinApp@@UEAAHXZ 000000014001046c f   mfc140:mfc140.dll
 0001:0000f472       ?Unregister@CWinApp@@UEAAHXZ 0000000140010472 f   mfc140:mfc140.dll
 0001:0000f478       ?OpenDocumentFile@CWinApp@@UEAAPEAVCDocument@@PEBDH@Z 0000000140010478 f   mfc140:mfc140.dll
 0001:0000f47e       ?OpenDocumentFile@CWinApp@@UEAAPEAVCDocument@@PEBD@Z 000000014001047e f   mfc140:mfc140.dll
 0001:0000f484       ?AddToRecentFileList@CWinApp@@UEAAXPEBD@Z 0000000140010484 f   mfc140:mfc140.dll
 0001:0000f48a       ?InitApplication@CWinApp@@UEAAHXZ 000000014001048a f   mfc140:mfc140.dll
 0001:0000f490       ?SaveAllModified@CWinApp@@UEAAHXZ 0000000140010490 f   mfc140:mfc140.dll
 0001:0000f496       ?DoMessageBox@CWinApp@@UEAAHPEBDII@Z 0000000140010496 f   mfc140:mfc140.dll
 0001:0000f49c       ?DoWaitCursor@CWinApp@@UEAAXH@Z 000000014001049c f   mfc140:mfc140.dll
 0001:0000f4a2       ?OnDDECommand@CWinApp@@UEAAHPEAD@Z 00000001400104a2 f   mfc140:mfc140.dll
 0001:0000f4a8       ?WinHelpA@CWinApp@@UEAAX_KI@Z 00000001400104a8 f   mfc140:mfc140.dll
 0001:0000f4ae       ?HtmlHelpA@CWinApp@@UEAAX_KI@Z 00000001400104ae f   mfc140:mfc140.dll
 0001:0000f4b4       ?WinHelpInternal@CWinApp@@UEAAX_KI@Z 00000001400104b4 f   mfc140:mfc140.dll
 0001:0000f4ba       ?RegisterWithRestartManager@CWinApp@@UEAAJPEB_WKP6AKPEAX@Z1KK@Z 00000001400104ba f   mfc140:mfc140.dll
 0001:0000f4c0       ?RegisterWithRestartManager@CWinApp@@UEAAJHAEBV?$CStringT@DV?$StrTraitMFC_DLL@DV?$ChTraitsCRT@D@ATL@@@@@ATL@@@Z 00000001400104c0 f   mfc140:mfc140.dll
 0001:0000f4c6       ?ApplicationRecoveryCallback@CWinApp@@UEAAKPEAX@Z 00000001400104c6 f   mfc140:mfc140.dll
 0001:0000f4cc       ?GetDataRecoveryHandler@CWinApp@@UEAAPEAVCDataRecoveryHandler@@XZ 00000001400104cc f   mfc140:mfc140.dll
 0001:0000f4d2       ?IsTaskbarInteractionEnabled@CWinApp@@UEAAHXZ 00000001400104d2 f   mfc140:mfc140.dll
 0001:0000f4d8       ?RestartInstance@CWinApp@@UEAAHXZ 00000001400104d8 f   mfc140:mfc140.dll
 0001:0000f4de       ?LoadAppLangResourceDLL@CWinApp@@UEAAPEAUHINSTANCE__@@XZ 00000001400104de f   mfc140:mfc140.dll
 0001:0000f4e4       ?LoadSysPolicies@CWinApp@@UEAAHXZ 00000001400104e4 f   mfc140:mfc140.dll
 0001:0000f4ea       ?CharToItem@CListBox@@UEAAHII@Z 00000001400104ea f   mfc140:mfc140.dll
 0001:0000f4f0       ?VKeyToItem@CListBox@@UEAAHII@Z 00000001400104f0 f   mfc140:mfc140.dll
 0001:0000f4f6       ?DeleteItem@CListBox@@UEAAXPEAUtagDELETEITEMSTRUCT@@@Z 00000001400104f6 f   mfc140:mfc140.dll
 0001:0000f4fc       ?CompareItem@CListBox@@UEAAHPEAUtagCOMPAREITEMSTRUCT@@@Z 00000001400104fc f   mfc140:mfc140.dll
 0001:0000f502       ?MeasureItem@CListBox@@UEAAXPEAUtagMEASUREITEMSTRUCT@@@Z 0000000140010502 f   mfc140:mfc140.dll
 0001:0000f508       ?DrawItem@CListBox@@UEAAXPEAUtagDRAWITEMSTRUCT@@@Z 0000000140010508 f   mfc140:mfc140.dll
 0001:0000f50e       ?Create@CListBox@@UEAAHKAEBUtagRECT@@PEAVCWnd@@I@Z 000000014001050e f   mfc140:mfc140.dll
 0001:0000f514       ?GetOccDialogInfo@CWnd@@MEAAPEAU_AFX_OCC_DIALOG_INFO@@XZ 0000000140010514 f   mfc140:mfc140.dll
 0001:0000f51a       ?SetOccDialogInfo@CWnd@@MEAAHPEAU_AFX_OCC_DIALOG_INFO@@@Z 000000014001051a f   mfc140:mfc140.dll
 0001:0000f520       ?CreateControlSite@CWnd@@MEAAHPEAVCOleControlContainer@@PEAPEAVCOleControlSite@@IAEBU_GUID@@@Z 0000000140010520 f   mfc140:mfc140.dll
 0001:0000f526       ?CreateControlContainer@CWnd@@MEAAHPEAPEAVCOleControlContainer@@@Z 0000000140010526 f   mfc140:mfc140.dll
 0001:0000f52c       ?IsFrameWnd@CWnd@@UEBAHXZ  000000014001052c f   mfc140:mfc140.dll
 0001:0000f532       ?CheckAutoCenter@CWnd@@UEAAHXZ 0000000140010532 f   mfc140:mfc140.dll
 0001:0000f538       ?ResizeDynamicLayout@CWnd@@MEAAXXZ 0000000140010538 f   mfc140:mfc140.dll
 0001:0000f53e       ?OnGesturePressAndTap@CWnd@@MEAAHVCPoint@@J@Z 000000014001053e f   mfc140:mfc140.dll
 0001:0000f544       ?OnGestureTwoFingerTap@CWnd@@MEAAHVCPoint@@@Z 0000000140010544 f   mfc140:mfc140.dll
 0001:0000f54a       ?OnGestureRotate@CWnd@@MEAAHVCPoint@@N@Z 000000014001054a f   mfc140:mfc140.dll
 0001:0000f550       ?OnGesturePan@CWnd@@MEAAHVCPoint@@0@Z 0000000140010550 f   mfc140:mfc140.dll
 0001:0000f556       ?OnGestureZoom@CWnd@@MEAAHVCPoint@@J@Z 0000000140010556 f   mfc140:mfc140.dll
 0001:0000f55c       ?GetGestureStatus@CWnd@@MEAAKVCPoint@@@Z 000000014001055c f   mfc140:mfc140.dll
 0001:0000f562       ?OnTouchInput@CWnd@@MEAAHVCPoint@@HHPEAUtagTOUCHINPUT@@@Z 0000000140010562 f   mfc140:mfc140.dll
 0001:0000f568       ?OnTouchInputs@CWnd@@MEAAHIPEAUtagTOUCHINPUT@@@Z 0000000140010568 f   mfc140:mfc140.dll
 0001:0000f56e       ?OnChildNotify@CListBox@@MEAAHI_K_JPEA_J@Z 000000014001056e f   mfc140:mfc140.dll
 0001:0000f574       ?PostNcDestroy@CWnd@@MEAAXXZ 0000000140010574 f   mfc140:mfc140.dll
 0001:0000f57a       ?DefWindowProcA@CWnd@@MEAA_JI_K_J@Z 000000014001057a f   mfc140:mfc140.dll
 0001:0000f580       ?OnWndMsg@CWnd@@MEAAHI_K_JPEA_J@Z 0000000140010580 f   mfc140:mfc140.dll
 0001:0000f586       ?WindowProc@CWnd@@MEAA_JI_K_J@Z 0000000140010586 f   mfc140:mfc140.dll
 0001:0000f58c       ?OnAmbientProperty@CWnd@@UEAAHPEAVCOleControlSite@@JPEAUtagVARIANT@@@Z 000000014001058c f   mfc140:mfc140.dll
 0001:0000f592       ?PreTranslateMessage@CWnd@@UEAAHPEAUtagMSG@@@Z 0000000140010592 f   mfc140:mfc140.dll
 0001:0000f598       ?GetSuperWndProcAddr@CWnd@@MEAAPEAP6A_JPEAUHWND__@@I_K_J@ZXZ 0000000140010598 f   mfc140:mfc140.dll
 0001:0000f59e       ?OnNotify@CWnd@@MEAAH_K_JPEA_J@Z 000000014001059e f   mfc140:mfc140.dll
 0001:0000f5a4       ?OnCommand@CWnd@@MEAAH_K_J@Z 00000001400105a4 f   mfc140:mfc140.dll
 0001:0000f5aa       ?CreateAccessibleProxy@CWnd@@UEAAJ_K_JPEA_J@Z 00000001400105aa f   mfc140:mfc140.dll
 0001:0000f5b0       ?SetProxy@CWnd@@UEAAJPEAUIAccessibleProxy@@@Z 00000001400105b0 f   mfc140:mfc140.dll
 0001:0000f5b6       ?put_accValue@CWnd@@UEAAJUtagVARIANT@@PEA_W@Z 00000001400105b6 f   mfc140:mfc140.dll
 0001:0000f5bc       ?put_accName@CWnd@@UEAAJUtagVARIANT@@PEA_W@Z 00000001400105bc f   mfc140:mfc140.dll
 0001:0000f5c2       ?accDoDefaultAction@CWnd@@UEAAJUtagVARIANT@@@Z 00000001400105c2 f   mfc140:mfc140.dll
 0001:0000f5c8       ?accHitTest@CWnd@@UEAAJJJPEAUtagVARIANT@@@Z 00000001400105c8 f   mfc140:mfc140.dll
 0001:0000f5ce       ?accNavigate@CWnd@@UEAAJJUtagVARIANT@@PEAU2@@Z 00000001400105ce f   mfc140:mfc140.dll
 0001:0000f5d4       ?accLocation@CWnd@@UEAAJPEAJ000UtagVARIANT@@@Z 00000001400105d4 f   mfc140:mfc140.dll
 0001:0000f5da       ?accSelect@CWnd@@UEAAJJUtagVARIANT@@@Z 00000001400105da f   mfc140:mfc140.dll
 0001:0000f5e0       ?get_accDefaultAction@CWnd@@UEAAJUtagVARIANT@@PEAPEA_W@Z 00000001400105e0 f   mfc140:mfc140.dll
 0001:0000f5e6       ?get_accSelection@CWnd@@UEAAJPEAUtagVARIANT@@@Z 00000001400105e6 f   mfc140:mfc140.dll
 0001:0000f5ec       ?get_accFocus@CWnd@@UEAAJPEAUtagVARIANT@@@Z 00000001400105ec f   mfc140:mfc140.dll
 0001:0000f5f2       ?get_accKeyboardShortcut@CWnd@@UEAAJUtagVARIANT@@PEAPEA_W@Z 00000001400105f2 f   mfc140:mfc140.dll
 0001:0000f5f8       ?get_accHelpTopic@CWnd@@UEAAJPEAPEA_WUtagVARIANT@@PEAJ@Z 00000001400105f8 f   mfc140:mfc140.dll
 0001:0000f5fe       ?get_accHelp@CWnd@@UEAAJUtagVARIANT@@PEAPEA_W@Z 00000001400105fe f   mfc140:mfc140.dll
 0001:0000f604       ?get_accState@CWnd@@UEAAJUtagVARIANT@@PEAU2@@Z 0000000140010604 f   mfc140:mfc140.dll
 0001:0000f60a       ?get_accRole@CWnd@@UEAAJUtagVARIANT@@PEAU2@@Z 000000014001060a f   mfc140:mfc140.dll
 0001:0000f610       ?get_accDescription@CWnd@@UEAAJUtagVARIANT@@PEAPEA_W@Z 0000000140010610 f   mfc140:mfc140.dll
 0001:0000f616       ?get_accValue@CWnd@@UEAAJUtagVARIANT@@PEAPEA_W@Z 0000000140010616 f   mfc140:mfc140.dll
 0001:0000f61c       ?get_accName@CWnd@@UEAAJUtagVARIANT@@PEAPEA_W@Z 000000014001061c f   mfc140:mfc140.dll
 0001:0000f622       ?get_accChild@CWnd@@UEAAJUtagVARIANT@@PEAPEAUIDispatch@@@Z 0000000140010622 f   mfc140:mfc140.dll
 0001:0000f628       ?get_accChildCount@CWnd@@UEAAJPEAJ@Z 0000000140010628 f   mfc140:mfc140.dll
 0001:0000f62e       ?get_accParent@CWnd@@UEAAJPEAPEAUIDispatch@@@Z 000000014001062e f   mfc140:mfc140.dll
 0001:0000f634       ?EnsureStdObj@CWnd@@UEAAJXZ 0000000140010634 f   mfc140:mfc140.dll
 0001:0000f63a       ?OnDrawIconicThumbnailOrLivePreview@CWnd@@UEAAXAEAVCDC@@VCRect@@VCSize@@HAEAH@Z 000000014001063a f   mfc140:mfc140.dll
 0001:0000f640       ?EndModalLoop@CWnd@@UEAAXH@Z 0000000140010640 f   mfc140:mfc140.dll
 0001:0000f646       ?ContinueModal@CWnd@@UEAAHXZ 0000000140010646 f   mfc140:mfc140.dll
 0001:0000f64c       ?WinHelpInternal@CWnd@@UEAAX_KI@Z 000000014001064c f   mfc140:mfc140.dll
 0001:0000f652       ?HtmlHelpA@CWnd@@UEAAX_KI@Z 0000000140010652 f   mfc140:mfc140.dll
 0001:0000f658       ?WinHelpA@CWnd@@UEAAX_KI@Z 0000000140010658 f   mfc140:mfc140.dll
 0001:0000f65e       ?GetScrollBarCtrl@CWnd@@UEBAPEAVCScrollBar@@H@Z 000000014001065e f   mfc140:mfc140.dll
 0001:0000f664       ?OnToolHitTest@CWnd@@UEBA_JVCPoint@@PEAUtagTOOLINFOA@@@Z 0000000140010664 f   mfc140:mfc140.dll
 0001:0000f66a       ?SetMenu@CWnd@@UEAAHPEAVCMenu@@@Z 000000014001066a f   mfc140:mfc140.dll
 0001:0000f670       ?GetMenu@CWnd@@UEBAPEAVCMenu@@XZ 0000000140010670 f   mfc140:mfc140.dll
 0001:0000f676       ?CalcWindowRect@CWnd@@UEAAXPEAUtagRECT@@I@Z 0000000140010676 f   mfc140:mfc140.dll
 0001:0000f67c       ?PreCreateWindow@CWnd@@UEAAHAEAUtagCREATESTRUCTA@@@Z 000000014001067c f   mfc140:mfc140.dll
 0001:0000f682       ?DestroyWindow@CWnd@@UEAAHXZ 0000000140010682 f   mfc140:mfc140.dll
 0001:0000f688       ?CreateEx@CWnd@@UEAAHKPEBD0KHHHHPEAUHWND__@@PEAUHMENU__@@PEAX@Z 0000000140010688 f   mfc140:mfc140.dll
 0001:0000f68e       ?CreateEx@CWnd@@UEAAHKPEBD0KAEBUtagRECT@@PEAV1@IPEAX@Z 000000014001068e f   mfc140:mfc140.dll
 0001:0000f694       ?Create@CWnd@@UEAAHPEBD0KAEBUtagRECT@@PEAV1@IPEAUCCreateContext@@@Z 0000000140010694 f   mfc140:mfc140.dll
 0001:0000f69a       ?PreSubclassWindow@CWnd@@UEAAXXZ 000000014001069a f   mfc140:mfc140.dll
 0001:0000f6a0       ?GetInterfaceMap@CWnd@@MEBAPEBUAFX_INTERFACEMAP@@XZ 00000001400106a0 f   mfc140:mfc140.dll
 0001:0000f6a6       ?GetMessageMap@CWnd@@MEBAPEBUAFX_MSGMAP@@XZ 00000001400106a6 f   mfc140:mfc140.dll
 0001:0000f6ac       ?OnFinalRelease@CWnd@@UEAAXXZ 00000001400106ac f   mfc140:mfc140.dll
 0001:0000f6b2       ?GetRuntimeClass@CListBox@@UEBAPEAUCRuntimeClass@@XZ 00000001400106b2 f   mfc140:mfc140.dll
 0001:0000f6b8       ?DeleteItem@CComboBox@@UEAAXPEAUtagDELETEITEMSTRUCT@@@Z 00000001400106b8 f   mfc140:mfc140.dll
 0001:0000f6be       ?CompareItem@CComboBox@@UEAAHPEAUtagCOMPAREITEMSTRUCT@@@Z 00000001400106be f   mfc140:mfc140.dll
 0001:0000f6c4       ?MeasureItem@CComboBox@@UEAAXPEAUtagMEASUREITEMSTRUCT@@@Z 00000001400106c4 f   mfc140:mfc140.dll
 0001:0000f6ca       ?DrawItem@CComboBox@@UEAAXPEAUtagDRAWITEMSTRUCT@@@Z 00000001400106ca f   mfc140:mfc140.dll
 0001:0000f6d0       ?Create@CComboBox@@UEAAHKAEBUtagRECT@@PEAVCWnd@@I@Z 00000001400106d0 f   mfc140:mfc140.dll
 0001:0000f6d6       ?OnChildNotify@CComboBox@@MEAAHI_K_JPEA_J@Z 00000001400106d6 f   mfc140:mfc140.dll
 0001:0000f6dc       ?GetRuntimeClass@CComboBox@@UEBAPEAUCRuntimeClass@@XZ 00000001400106dc f   mfc140:mfc140.dll
 0001:0000f6e2       ?AfxGetModuleState@@YAPEAVAFX_MODULE_STATE@@XZ 00000001400106e2 f   mfc140:mfc140.dll
 0001:0000f6e8       ?GetThisMessageMap@CDialog@@KAPEBUAFX_MSGMAP@@XZ 00000001400106e8 f   mfc140:mfc140.dll
 0001:0000f6ee       ?GetRuntimeClass@CDialog@@UEBAPEAUCRuntimeClass@@XZ 00000001400106ee f   mfc140:mfc140.dll
 0001:0000f6f4       ?OnCmdMsg@CDialog@@UEAAHIHPEAXPEAUAFX_CMDHANDLERINFO@@@Z 00000001400106f4 f   mfc140:mfc140.dll
 0001:0000f6fa       ?PreTranslateMessage@CDialog@@UEAAHPEAUtagMSG@@@Z 00000001400106fa f   mfc140:mfc140.dll
 0001:0000f700       ?OnChildNotify@CWnd@@MEAAHI_K_JPEA_J@Z 0000000140010700 f   mfc140:mfc140.dll
 0001:0000f706       ?CheckAutoCenter@CDialog@@UEAAHXZ 0000000140010706 f   mfc140:mfc140.dll
 0001:0000f70c       ?SetOccDialogInfo@CDialog@@MEAAHPEAU_AFX_OCC_DIALOG_INFO@@@Z 000000014001070c f   mfc140:mfc140.dll
 0001:0000f712       ?GetOccDialogInfo@CDialog@@MEAAPEAU_AFX_OCC_DIALOG_INFO@@XZ 0000000140010712 f   mfc140:mfc140.dll
 0001:0000f718       ?Create@CDialog@@UEAAHPEBDPEAVCWnd@@@Z 0000000140010718 f   mfc140:mfc140.dll
 0001:0000f71e       ?CreateIndirect@CDialog@@UEAAHPEAXPEAVCWnd@@@Z 000000014001071e f   mfc140:mfc140.dll
 0001:0000f724       ?CreateIndirect@CDialog@@UEAAHPEBUDLGTEMPLATE@@PEAVCWnd@@PEAX@Z 0000000140010724 f   mfc140:mfc140.dll
 0001:0000f72a       ?OnSetFont@CDialog@@UEAAXPEAVCFont@@@Z 000000014001072a f   mfc140:mfc140.dll
 0001:0000f730       ?OnOK@CDialog@@MEAAXXZ     0000000140010730 f   mfc140:mfc140.dll
 0001:0000f736       ?PreInitDialog@CDialog@@MEAAXXZ 0000000140010736 f   mfc140:mfc140.dll
 0001:0000f73c       ??_V@YAXPEAX@Z             000000014001073c f   mfc140:mfc140.dll
 0001:0000f760       __security_check_cookie    0000000140010760 f   msvcrt:_amdsecgs_.obj
 0001:0000f784       ??3@YAXPEAX_K@Z            0000000140010784 f   msvcrt:delete_scalar_size.obj
 0001:0000f78c       ??_Etype_info@@UEAAPEAXI@Z 000000014001078c f i msvcrt:std_type_info_static.obj
 0001:0000f78c       ??_Gtype_info@@UEAAPEAXI@Z 000000014001078c f i msvcrt:std_type_info_static.obj
 0001:0000f7b8       ??_L@YAXPEAX_K1P6AX0@Z2@Z  00000001400107b8 f   msvcrt:ehvecctr.obj
 0001:0000f828       ??_M@YAXPEAX_K1P6AX0@Z@Z   0000000140010828 f   msvcrt:ehvecdtr.obj
 0001:0000f894       ?__ArrayUnwind@@YAXPEAX_K1P6AX0@Z@Z 0000000140010894 f   msvcrt:ehvecdtr.obj
 0001:0000f8f8       ??_V@YAXPEAX_K@Z           00000001400108f8 f   msvcrt:delete_array_size.obj
 0001:0000fa48       __scrt_acquire_startup_lock 0000000140010a48 f   msvcrt:utility.obj
 0001:0000fa84       __scrt_initialize_crt      0000000140010a84 f   msvcrt:utility.obj
 0001:0000fad0       __scrt_initialize_onexit_tables 0000000140010ad0 f   msvcrt:utility.obj
 0001:0000fb9c       __scrt_is_nonwritable_in_current_image 0000000140010b9c f   msvcrt:utility.obj
 0001:0000fc38       __scrt_release_startup_lock 0000000140010c38 f   msvcrt:utility.obj
 0001:0000fc5c       __scrt_uninitialize_crt    0000000140010c5c f   msvcrt:utility.obj
 0001:0000fc88       _onexit                    0000000140010c88 f   msvcrt:utility.obj
 0001:0000fcd8       atexit                     0000000140010cd8 f   msvcrt:utility.obj
 0001:0000ff44       WinMainCRTStartup          0000000140010f44 f   msvcrt:exe_winmain.obj
 0001:0000ff58       __raise_securityfailure    0000000140010f58 f   msvcrt:gs_report.obj
 0001:0000ff8c       __report_gsfailure         0000000140010f8c f   msvcrt:gs_report.obj
 0001:000100d4       _guard_check_icall         00000001400110d4 f i msvcrt:checkcfg.obj
 0001:000100dc       __scrt_fastfail            00000001400110dc f   msvcrt:utility_desktop.obj
 0001:00010224       __scrt_get_show_window_mode 0000000140011224 f   msvcrt:utility_desktop.obj
 0001:00010260       __scrt_is_managed_app      0000000140011260 f   msvcrt:utility_desktop.obj
 0001:000102b4       __scrt_set_unhandled_exception_filter 00000001400112b4 f   msvcrt:utility_desktop.obj
 0001:000102c4       __scrt_unhandled_exception_filter 00000001400112c4 f   msvcrt:utility_desktop.obj
 0001:000102fc       __isa_available_init       00000001400112fc f   msvcrt:_cpu_disp_.obj
 0001:000104c4       _get_startup_argv_mode     00000001400114c4 f   msvcrt:argv_mode.obj
 0001:000104cc       __scrt_is_ucrt_dll_in_use  00000001400114cc f   msvcrt:ucrt_detection.obj
 0001:000104d8       __security_init_cookie     00000001400114d8 f   msvcrt:gs_support.obj
 0001:00010584       _get_startup_file_mode     0000000140011584 f   msvcrt:file_mode.obj
 0001:0001058c       ?__scrt_initialize_type_info@@YAXXZ 000000014001158c f   msvcrt:tncleanup.obj
 0001:0001059c       __local_stdio_scanf_options 000000014001159c f i msvcrt:default_local_stdio_options.obj
 0001:000105a4       __scrt_initialize_default_local_stdio_options 00000001400115a4 f   msvcrt:default_local_stdio_options.obj
 0001:000105c0       __scrt_is_user_matherr_present 00000001400115c0 f   msvcrt:matherr_detection.obj
 0001:000105cc       __scrt_get_dyn_tls_init_callback 00000001400115cc f   msvcrt:dyn_tls_init.obj
 0001:000105d4       __scrt_get_dyn_tls_dtor_callback 00000001400115d4 f   msvcrt:dyn_tls_dtor.obj
 0001:000105dc       _RTC_Initialize            00000001400115dc f   msvcrt:_initsect_.obj
 0001:00010628       _RTC_Terminate             0000000140011628 f   msvcrt:_initsect_.obj
 0001:00010674       __GSHandlerCheck           0000000140011674 f   msvcrt:_gshandler_.obj
 0001:00010694       __GSHandlerCheckCommon     0000000140011694 f   msvcrt:_gshandler_.obj
 0001:000106f0       IsProcessorFeaturePresent  00000001400116f0 f   kernel32:KERNEL32.dll
 0001:000106f8       ??0CAtlBaseModule@ATL@@QEAA@XZ 00000001400116f8 f   atls:atlbase.obj
 0001:000107a0       ??1CAtlBaseModule@ATL@@QEAA@XZ 00000001400117a0 f   atls:atlbase.obj
 0001:000107d4       ??_G_Fac_node@std@@QEAAPEAXI@Z 00000001400117d4 f i msvcprt:locale0_implib.obj
 0001:00010860       ?_Facet_Register@std@@YAXPEAV_Facet_base@1@@Z 0000000140011860 f   msvcprt:locale0_implib.obj
 0001:00010898       ?showmanyc@?$basic_streambuf@DU?$char_traits@D@std@@@std@@MEAA_JXZ 0000000140011898 f   msvcprt:MSVCP140.dll
 0001:0001089e       ?xsgetn@?$basic_streambuf@DU?$char_traits@D@std@@@std@@MEAA_JPEAD_J@Z 000000014001189e f   msvcprt:MSVCP140.dll
 0001:000108a4       ?xsputn@?$basic_streambuf@DU?$char_traits@D@std@@@std@@MEAA_JPEBD_J@Z 00000001400118a4 f   msvcprt:MSVCP140.dll
 0001:000108aa       __std_terminate            00000001400118aa f   vcruntime:VCRUNTIME140.dll
 0001:000108b0       _purecall                  00000001400118b0 f   vcruntime:VCRUNTIME140.dll
 0001:000108b6       memset                     00000001400118b6 f   vcruntime:VCRUNTIME140.dll
 0001:000108bc       __C_specific_handler       00000001400118bc f   vcruntime:VCRUNTIME140.dll
 0001:000108c2       __CxxFrameHandler3         00000001400118c2 f   vcruntime:VCRUNTIME140.dll
 0001:000108c8       __vcrt_InitializeCriticalSectionEx 00000001400118c8 f   vcruntime:VCRUNTIME140.dll
 0001:000108ce       free                       00000001400118ce f   ucrt:api-ms-win-crt-heap-l1-1-0.dll
 0001:000108d4       exit                       00000001400118d4 f   ucrt:api-ms-win-crt-runtime-l1-1-0.dll
 0001:000108da       terminate                  00000001400118da f   ucrt:api-ms-win-crt-runtime-l1-1-0.dll
 0001:000108e0       _configure_narrow_argv     00000001400118e0 f   ucrt:api-ms-win-crt-runtime-l1-1-0.dll
 0001:000108e6       _initialize_narrow_environment 00000001400118e6 f   ucrt:api-ms-win-crt-runtime-l1-1-0.dll
 0001:000108ec       _initialize_onexit_table   00000001400118ec f   ucrt:api-ms-win-crt-runtime-l1-1-0.dll
 0001:000108f2       _register_onexit_function  00000001400118f2 f   ucrt:api-ms-win-crt-runtime-l1-1-0.dll
 0001:000108f8       _crt_atexit                00000001400118f8 f   ucrt:api-ms-win-crt-runtime-l1-1-0.dll
 0001:000108fe       _cexit                     00000001400118fe f   ucrt:api-ms-win-crt-runtime-l1-1-0.dll
 0001:00010904       _seh_filter_exe            0000000140011904 f   ucrt:api-ms-win-crt-runtime-l1-1-0.dll
 0001:0001090a       _set_app_type              000000014001190a f   ucrt:api-ms-win-crt-runtime-l1-1-0.dll
 0001:00010910       __setusermatherr           0000000140011910 f   ucrt:api-ms-win-crt-math-l1-1-0.dll
 0001:00010916       _get_narrow_winmain_command_line 0000000140011916 f   ucrt:api-ms-win-crt-runtime-l1-1-0.dll
 0001:0001091c       _initterm                  000000014001191c f   ucrt:api-ms-win-crt-runtime-l1-1-0.dll
 0001:00010922       _initterm_e                0000000140011922 f   ucrt:api-ms-win-crt-runtime-l1-1-0.dll
 0001:00010928       _exit                      0000000140011928 f   ucrt:api-ms-win-crt-runtime-l1-1-0.dll
 0001:0001092e       _set_fmode                 000000014001192e f   ucrt:api-ms-win-crt-stdio-l1-1-0.dll
 0001:00010934       _c_exit                    0000000140011934 f   ucrt:api-ms-win-crt-runtime-l1-1-0.dll
 0001:0001093a       _register_thread_local_exe_atexit_callback 000000014001193a f   ucrt:api-ms-win-crt-runtime-l1-1-0.dll
 0001:00010940       _configthreadlocale        0000000140011940 f   ucrt:api-ms-win-crt-locale-l1-1-0.dll
 0001:00010946       _set_new_mode              0000000140011946 f   ucrt:api-ms-win-crt-heap-l1-1-0.dll
 0001:0001094c       __p__commode               000000014001194c f   ucrt:api-ms-win-crt-stdio-l1-1-0.dll
 0001:00010954       ?AfxInitialize@@YAHHK@Z    0000000140011954 f   mfcs140:appmodul.obj
 0001:0001098c       WinMain                    000000014001198c f   mfcs140:appmodul.obj
 0001:00010992       ?AfxWinMain@@YAHPEAUHINSTANCE__@@0PEADH@Z 0000000140011992 f   mfc140:mfc140.dll
 0001:00010998       __vcrt_initialize          0000000140011998 f   msvcrt:ucrt_stubs.obj
 0001:00010998       _should_initialize_environment 0000000140011998 f   msvcrt:env_mode.obj
 0001:00010998       __acrt_initialize          0000000140011998 f   msvcrt:ucrt_stubs.obj
 0001:00010998       __scrt_stub_for_acrt_uninitialize 0000000140011998 f   msvcrt:ucrt_stubs.obj
 0001:00010998       __scrt_stub_for_acrt_initialize 0000000140011998 f   msvcrt:ucrt_stubs.obj
 0001:00010998       __acrt_uninitialize        0000000140011998 f   msvcrt:ucrt_stubs.obj
 0001:00010998       __vcrt_uninitialize        0000000140011998 f   msvcrt:ucrt_stubs.obj
 0001:0001099c       __GSHandlerCheck_EH        000000014001199c f   msvcrt:gshandlereh.obj
 0001:00010a30       __chkstk                   0000000140011a30 f   msvcrt:_chkstk_.obj
 0001:00010a30       _alloca_probe              0000000140011a30 f   msvcrt:_chkstk_.obj
 0001:00010a82       _CxxThrowException         0000000140011a82 f   vcruntime:VCRUNTIME140.dll
 0001:00010a88       memcpy                     0000000140011a88 f   vcruntime:VCRUNTIME140.dll
 0001:00010aa0       _guard_dispatch_icall_nop  0000000140011aa0 f   msvcrt:_guard_dispatch_.obj
 0002:00000000       __imp_InitCommonControlsEx 0000000140013000     comctl32:COMCTL32.dll
 0002:00000008       \177COMCTL32_NULL_THUNK_DATA 0000000140013008     comctl32:COMCTL32.dll
 0002:00000010       __imp_CloseHandle          0000000140013010     kernel32:KERNEL32.dll
 0002:00000018       __imp_SetWaitableTimer     0000000140013018     kernel32:KERNEL32.dll
 0002:00000020       __imp_GetPrivateProfileStringA 0000000140013020     kernel32:KERNEL32.dll
 0002:00000028       __imp_SetEvent             0000000140013028     kernel32:KERNEL32.dll
 0002:00000030       __imp_CreateEventA         0000000140013030     kernel32:KERNEL32.dll
 0002:00000038       __imp_GetLocalTime         0000000140013038     kernel32:KERNEL32.dll
 0002:00000040       __imp_GetCurrentThreadId   0000000140013040     kernel32:KERNEL32.dll
 0002:00000048       __imp_InitializeCriticalSection 0000000140013048     kernel32:KERNEL32.dll
 0002:00000050       __imp_DeleteCriticalSection 0000000140013050     kernel32:KERNEL32.dll
 0002:00000058       __imp_WaitForMultipleObjects 0000000140013058     kernel32:KERNEL32.dll
 0002:00000060       __imp_Sleep                0000000140013060     kernel32:KERNEL32.dll
 0002:00000068       __imp_EnterCriticalSection 0000000140013068     kernel32:KERNEL32.dll
 0002:00000070       __imp_LeaveCriticalSection 0000000140013070     kernel32:KERNEL32.dll
 0002:00000078       __imp_ResetEvent           0000000140013078     kernel32:KERNEL32.dll
 0002:00000080       __imp_WaitForSingleObject  0000000140013080     kernel32:KERNEL32.dll
 0002:00000088       __imp_InitializeCriticalSectionAndSpinCount 0000000140013088     kernel32:KERNEL32.dll
 0002:00000090       __imp_GetLastError         0000000140013090     kernel32:KERNEL32.dll
 0002:00000098       __imp_RaiseException       0000000140013098     kernel32:KERNEL32.dll
 0002:000000a0       __imp_OutputDebugStringW   00000001400130a0     kernel32:KERNEL32.dll
 0002:000000a8       __imp_GetCurrentDirectoryA 00000001400130a8     kernel32:KERNEL32.dll
 0002:000000b0       __imp_GetStartupInfoA      00000001400130b0     kernel32:KERNEL32.dll
 0002:000000b8       __imp_CreateProcessA       00000001400130b8     kernel32:KERNEL32.dll
 0002:000000c0       __imp_CreateSemaphoreA     00000001400130c0     kernel32:KERNEL32.dll
 0002:000000c8       __imp_ReleaseSemaphore     00000001400130c8     kernel32:KERNEL32.dll
 0002:000000d0       __imp_SetThreadPriority    00000001400130d0     kernel32:KERNEL32.dll
 0002:000000d8       __imp_TerminateThread      00000001400130d8     kernel32:KERNEL32.dll
 0002:000000e0       __imp_GetPrivateProfileIntA 00000001400130e0     kernel32:KERNEL32.dll
 0002:000000e8       __imp_QueryPerformanceFrequency 00000001400130e8     kernel32:KERNEL32.dll
 0002:000000f0       __imp_QueryPerformanceCounter 00000001400130f0     kernel32:KERNEL32.dll
 0002:000000f8       __imp_GetComputerNameA     00000001400130f8     kernel32:KERNEL32.dll
 0002:00000100       __imp_WriteFile            0000000140013100     kernel32:KERNEL32.dll
 0002:00000108       __imp_CreateFileA          0000000140013108     kernel32:KERNEL32.dll
 0002:00000110       __imp_CreateMailslotA      0000000140013110     kernel32:KERNEL32.dll
 0002:00000118       __imp_ReadFile             0000000140013118     kernel32:KERNEL32.dll
 0002:00000120       __imp_GetOverlappedResult  0000000140013120     kernel32:KERNEL32.dll
 0002:00000128       __imp_CreateEventW         0000000140013128     kernel32:KERNEL32.dll
 0002:00000130       __imp_GetModuleHandleW     0000000140013130     kernel32:KERNEL32.dll
 0002:00000138       __imp_GetProcAddress       0000000140013138     kernel32:KERNEL32.dll
 0002:00000140       __imp_RtlCaptureContext    0000000140013140     kernel32:KERNEL32.dll
 0002:00000148       __imp_RtlLookupFunctionEntry 0000000140013148     kernel32:KERNEL32.dll
 0002:00000150       __imp_RtlVirtualUnwind     0000000140013150     kernel32:KERNEL32.dll
 0002:00000158       __imp_UnhandledExceptionFilter 0000000140013158     kernel32:KERNEL32.dll
 0002:00000160       __imp_SetUnhandledExceptionFilter 0000000140013160     kernel32:KERNEL32.dll
 0002:00000168       __imp_GetCurrentProcess    0000000140013168     kernel32:KERNEL32.dll
 0002:00000170       __imp_TerminateProcess     0000000140013170     kernel32:KERNEL32.dll
 0002:00000178       __imp_IsProcessorFeaturePresent 0000000140013178     kernel32:KERNEL32.dll
 0002:00000180       __imp_IsDebuggerPresent    0000000140013180     kernel32:KERNEL32.dll
 0002:00000188       __imp_GetStartupInfoW      0000000140013188     kernel32:KERNEL32.dll
 0002:00000190       __imp_GetCurrentProcessId  0000000140013190     kernel32:KERNEL32.dll
 0002:00000198       __imp_GetSystemTimeAsFileTime 0000000140013198     kernel32:KERNEL32.dll
 0002:000001a0       __imp_InitializeSListHead  00000001400131a0     kernel32:KERNEL32.dll
 0002:000001a8       __imp_CancelWaitableTimer  00000001400131a8     kernel32:KERNEL32.dll
 0002:000001b0       __imp_CreateWaitableTimerA 00000001400131b0     kernel32:KERNEL32.dll
 0002:000001b8       \177KERNEL32_NULL_THUNK_DATA 00000001400131b8     kernel32:KERNEL32.dll
 0002:000001c0       __imp_?_Osfx@?$basic_ostream@DU?$char_traits@D@std@@@std@@QEAAXXZ 00000001400131c0     msvcprt:MSVCP140.dll
 0002:000001c8       __imp_?uncaught_exception@std@@YA_NXZ 00000001400131c8     msvcprt:MSVCP140.dll
 0002:000001d0       __imp_?id@?$codecvt@DDU_Mbstatet@@@std@@2V0locale@2@A 00000001400131d0     msvcprt:MSVCP140.dll
 0002:000001d8       __imp_?_Fiopen@std@@YAPEAU_iobuf@@PEBDHH@Z 00000001400131d8     msvcprt:MSVCP140.dll
 0002:000001e0       __imp_?_BADOFF@std@@3_JB   00000001400131e0     msvcprt:MSVCP140.dll
 0002:000001e8       __imp_?_Getgloballocale@locale@std@@CAPEAV_Locimp@12@XZ 00000001400131e8     msvcprt:MSVCP140.dll
 0002:000001f0       __imp_??1_Lockit@std@@QEAA@XZ 00000001400131f0     msvcprt:MSVCP140.dll
 0002:000001f8       __imp_??0_Lockit@std@@QEAA@H@Z 00000001400131f8     msvcprt:MSVCP140.dll
 0002:00000200       __imp_?_Xlength_error@std@@YAXPEBD@Z 0000000140013200     msvcprt:MSVCP140.dll
 0002:00000208       __imp_?_Xbad_alloc@std@@YAXXZ 0000000140013208     msvcprt:MSVCP140.dll
 0002:00000210       __imp_??Bid@locale@std@@QEAA_KXZ 0000000140013210     msvcprt:MSVCP140.dll
 0002:00000218       __imp_?sputn@?$basic_streambuf@DU?$char_traits@D@std@@@std@@QEAA_JPEBD_J@Z 0000000140013218     msvcprt:MSVCP140.dll
 0002:00000220       __imp_?always_noconv@codecvt_base@std@@QEBA_NXZ 0000000140013220     msvcprt:MSVCP140.dll
 0002:00000228       __imp_??6?$basic_ostream@DU?$char_traits@D@std@@@std@@QEAAAEAV01@P6AAEAV01@AEAV01@@Z@Z 0000000140013228     msvcprt:MSVCP140.dll
 0002:00000230       __imp_??1?$basic_ostream@DU?$char_traits@D@std@@@std@@UEAA@XZ 0000000140013230     msvcprt:MSVCP140.dll
 0002:00000238       __imp_?xsputn@?$basic_streambuf@DU?$char_traits@D@std@@@std@@MEAA_JPEBD_J@Z 0000000140013238     msvcprt:MSVCP140.dll
 0002:00000240       __imp_?xsgetn@?$basic_streambuf@DU?$char_traits@D@std@@@std@@MEAA_JPEAD_J@Z 0000000140013240     msvcprt:MSVCP140.dll
 0002:00000248       __imp_?showmanyc@?$basic_streambuf@DU?$char_traits@D@std@@@std@@MEAA_JXZ 0000000140013248     msvcprt:MSVCP140.dll
 0002:00000250       __imp_??1?$basic_streambuf@DU?$char_traits@D@std@@@std@@UEAA@XZ 0000000140013250     msvcprt:MSVCP140.dll
 0002:00000258       __imp_??1?$basic_ios@DU?$char_traits@D@std@@@std@@UEAA@XZ 0000000140013258     msvcprt:MSVCP140.dll
 0002:00000260       __imp_?out@?$codecvt@DDU_Mbstatet@@@std@@QEBAHAEAU_Mbstatet@@PEBD1AEAPEBDPEAD3AEAPEAD@Z 0000000140013260     msvcprt:MSVCP140.dll
 0002:00000268       __imp_?in@?$codecvt@DDU_Mbstatet@@@std@@QEBAHAEAU_Mbstatet@@PEBD1AEAPEBDPEAD3AEAPEAD@Z 0000000140013268     msvcprt:MSVCP140.dll
 0002:00000270       __imp_??0?$basic_ostream@DU?$char_traits@D@std@@@std@@QEAA@PEAV?$basic_streambuf@DU?$char_traits@D@std@@@1@_N@Z 0000000140013270     msvcprt:MSVCP140.dll
 0002:00000278       __imp_?put@?$basic_ostream@DU?$char_traits@D@std@@@std@@QEAAAEAV12@D@Z 0000000140013278     msvcprt:MSVCP140.dll
 0002:00000280       __imp_?flush@?$basic_ostream@DU?$char_traits@D@std@@@std@@QEAAAEAV12@XZ 0000000140013280     msvcprt:MSVCP140.dll
 0002:00000288       __imp_?_Getcat@?$codecvt@DDU_Mbstatet@@@std@@SA_KPEAPEBVfacet@locale@2@PEBV42@@Z 0000000140013288     msvcprt:MSVCP140.dll
 0002:00000290       __imp_?widen@?$basic_ios@DU?$char_traits@D@std@@@std@@QEBADD@Z 0000000140013290     msvcprt:MSVCP140.dll
 0002:00000298       __imp_?sputc@?$basic_streambuf@DU?$char_traits@D@std@@@std@@QEAAHD@Z 0000000140013298     msvcprt:MSVCP140.dll
 0002:000002a0       __imp_??0?$basic_streambuf@DU?$char_traits@D@std@@@std@@IEAA@XZ 00000001400132a0     msvcprt:MSVCP140.dll
 0002:000002a8       __imp_?getloc@?$basic_streambuf@DU?$char_traits@D@std@@@std@@QEBA?AVlocale@2@XZ 00000001400132a8     msvcprt:MSVCP140.dll
 0002:000002b0       __imp_?_Init@?$basic_streambuf@DU?$char_traits@D@std@@@std@@IEAAXXZ 00000001400132b0     msvcprt:MSVCP140.dll
 0002:000002b8       __imp_?unshift@?$codecvt@DDU_Mbstatet@@@std@@QEBAHAEAU_Mbstatet@@PEAD1AEAPEAD@Z 00000001400132b8     msvcprt:MSVCP140.dll
 0002:000002c0       __imp_?clear@?$basic_ios@DU?$char_traits@D@std@@@std@@QEAAXH_N@Z 00000001400132c0     msvcprt:MSVCP140.dll
 0002:000002c8       __imp_?setstate@?$basic_ios@DU?$char_traits@D@std@@@std@@QEAAXH_N@Z 00000001400132c8     msvcprt:MSVCP140.dll
 0002:000002d0       __imp_??0?$basic_ios@DU?$char_traits@D@std@@@std@@IEAA@XZ 00000001400132d0     msvcprt:MSVCP140.dll
 0002:000002d8       \177MSVCP140_NULL_THUNK_DATA 00000001400132d8     msvcprt:MSVCP140.dll
 0002:000002e0       __imp_SQLSetStmtAttr       00000001400132e0     KizuODBC:ODBC32.dll
 0002:000002e8       __imp_SQLCancel            00000001400132e8     KizuODBC:ODBC32.dll
 0002:000002f0       __imp_SQLFetch             00000001400132f0     KizuODBC:ODBC32.dll
 0002:000002f8       __imp_SQLGetData           00000001400132f8     KizuODBC:ODBC32.dll
 0002:00000300       __imp_SQLError             0000000140013300     KizuODBC:ODBC32.dll
 0002:00000308       __imp_SQLDisconnect        0000000140013308     KizuODBC:ODBC32.dll
 0002:00000310       __imp_SQLConnect           0000000140013310     KizuODBC:ODBC32.dll
 0002:00000318       __imp_SQLSetConnectAttr    0000000140013318     KizuODBC:ODBC32.dll
 0002:00000320       __imp_SQLGetDiagRec        0000000140013320     KizuODBC:ODBC32.dll
 0002:00000328       __imp_SQLFreeHandle        0000000140013328     KizuODBC:ODBC32.dll
 0002:00000330       __imp_SQLSetEnvAttr        0000000140013330     KizuODBC:ODBC32.dll
 0002:00000338       __imp_SQLAllocHandle       0000000140013338     KizuODBC:ODBC32.dll
 0002:00000340       __imp_SQLTransact          0000000140013340     KizuODBC:ODBC32.dll
 0002:00000348       __imp_SQLExecDirect        0000000140013348     KizuODBC:ODBC32.dll
 0002:00000350       \177ODBC32_NULL_THUNK_DATA 0000000140013350     KizuODBC:ODBC32.dll
 0002:00000358       __imp_PostThreadMessageA   0000000140013358     user32:USER32.dll
 0002:00000360       __imp_PostMessageA         0000000140013360     user32:USER32.dll
 0002:00000368       __imp_KillTimer            0000000140013368     user32:USER32.dll
 0002:00000370       __imp_PeekMessageA         0000000140013370     user32:USER32.dll
 0002:00000378       __imp_SetTimer             0000000140013378     user32:USER32.dll
 0002:00000380       __imp_DrawIcon             0000000140013380     user32:USER32.dll
 0002:00000388       __imp_GetClientRect        0000000140013388     user32:USER32.dll
 0002:00000390       __imp_IsIconic             0000000140013390     user32:USER32.dll
 0002:00000398       __imp_EnableMenuItem       0000000140013398     user32:USER32.dll
 0002:000003a0       __imp_GetSystemMenu        00000001400133a0     user32:USER32.dll
 0002:000003a8       __imp_SendMessageA         00000001400133a8     user32:USER32.dll
 0002:000003b0       __imp_LoadIconW            00000001400133b0     user32:USER32.dll
 0002:000003b8       __imp_EnableWindow         00000001400133b8     user32:USER32.dll
 0002:000003c0       __imp_GetMessageA          00000001400133c0     user32:USER32.dll
 0002:000003c8       __imp_GetSystemMetrics     00000001400133c8     user32:USER32.dll
 0002:000003d0       \177USER32_NULL_THUNK_DATA 00000001400133d0     user32:USER32.dll
 0002:000003d8       __imp___CxxFrameHandler3   00000001400133d8     vcruntime:VCRUNTIME140.dll
 0002:000003e0       __imp___C_specific_handler 00000001400133e0     vcruntime:VCRUNTIME140.dll
 0002:000003e8       __imp_memset               00000001400133e8     vcruntime:VCRUNTIME140.dll
 0002:000003f0       __imp_memmove              00000001400133f0     vcruntime:VCRUNTIME140.dll
 0002:000003f8       __imp___std_exception_destroy 00000001400133f8     vcruntime:VCRUNTIME140.dll
 0002:00000400       __imp___std_exception_copy 0000000140013400     vcruntime:VCRUNTIME140.dll
 0002:00000408       __imp_memcpy               0000000140013408     vcruntime:VCRUNTIME140.dll
 0002:00000410       __imp__purecall            0000000140013410     vcruntime:VCRUNTIME140.dll
 0002:00000418       __imp___std_terminate      0000000140013418     vcruntime:VCRUNTIME140.dll
 0002:00000420       __imp__CxxThrowException   0000000140013420     vcruntime:VCRUNTIME140.dll
 0002:00000428       __imp___vcrt_InitializeCriticalSectionEx 0000000140013428     vcruntime:VCRUNTIME140.dll
 0002:00000430       \177VCRUNTIME140_NULL_THUNK_DATA 0000000140013430     vcruntime:VCRUNTIME140.dll
 0002:00000438       __imp_atoi                 0000000140013438     ucrt:api-ms-win-crt-convert-l1-1-0.dll
 0002:00000440       __imp_atof                 0000000140013440     ucrt:api-ms-win-crt-convert-l1-1-0.dll
 0002:00000448       \177api-ms-win-crt-convert-l1-1-0_NULL_THUNK_DATA 0000000140013448     ucrt:api-ms-win-crt-convert-l1-1-0.dll
 0002:00000450       __imp__mkdir               0000000140013450     ucrt:api-ms-win-crt-filesystem-l1-1-0.dll
 0002:00000458       __imp_remove               0000000140013458     ucrt:api-ms-win-crt-filesystem-l1-1-0.dll
 0002:00000460       __imp_rename               0000000140013460     ucrt:api-ms-win-crt-filesystem-l1-1-0.dll
 0002:00000468       __imp__unlock_file         0000000140013468     ucrt:api-ms-win-crt-filesystem-l1-1-0.dll
 0002:00000470       __imp__lock_file           0000000140013470     ucrt:api-ms-win-crt-filesystem-l1-1-0.dll
 0002:00000478       \177api-ms-win-crt-filesystem-l1-1-0_NULL_THUNK_DATA 0000000140013478     ucrt:api-ms-win-crt-filesystem-l1-1-0.dll
 0002:00000480       __imp_free                 0000000140013480     ucrt:api-ms-win-crt-heap-l1-1-0.dll
 0002:00000488       __imp__set_new_mode        0000000140013488     ucrt:api-ms-win-crt-heap-l1-1-0.dll
 0002:00000490       \177api-ms-win-crt-heap-l1-1-0_NULL_THUNK_DATA 0000000140013490     ucrt:api-ms-win-crt-heap-l1-1-0.dll
 0002:00000498       __imp_setlocale            0000000140013498     ucrt:api-ms-win-crt-locale-l1-1-0.dll
 0002:000004a0       __imp__setmbcp             00000001400134a0     ucrt:api-ms-win-crt-locale-l1-1-0.dll
 0002:000004a8       __imp__configthreadlocale  00000001400134a8     ucrt:api-ms-win-crt-locale-l1-1-0.dll
 0002:000004b0       \177api-ms-win-crt-locale-l1-1-0_NULL_THUNK_DATA 00000001400134b0     ucrt:api-ms-win-crt-locale-l1-1-0.dll
 0002:000004b8       __imp___setusermatherr     00000001400134b8     ucrt:api-ms-win-crt-math-l1-1-0.dll
 0002:000004c0       \177api-ms-win-crt-math-l1-1-0_NULL_THUNK_DATA 00000001400134c0     ucrt:api-ms-win-crt-math-l1-1-0.dll
 0002:000004c8       __imp__invalid_parameter_noinfo_noreturn 00000001400134c8     ucrt:api-ms-win-crt-runtime-l1-1-0.dll
 0002:000004d0       __imp__invalid_parameter_noinfo 00000001400134d0     ucrt:api-ms-win-crt-runtime-l1-1-0.dll
 0002:000004d8       __imp__register_thread_local_exe_atexit_callback 00000001400134d8     ucrt:api-ms-win-crt-runtime-l1-1-0.dll
 0002:000004e0       __imp__c_exit              00000001400134e0     ucrt:api-ms-win-crt-runtime-l1-1-0.dll
 0002:000004e8       __imp__errno               00000001400134e8     ucrt:api-ms-win-crt-runtime-l1-1-0.dll
 0002:000004f0       __imp__exit                00000001400134f0     ucrt:api-ms-win-crt-runtime-l1-1-0.dll
 0002:000004f8       __imp__initterm_e          00000001400134f8     ucrt:api-ms-win-crt-runtime-l1-1-0.dll
 0002:00000500       __imp__initterm            0000000140013500     ucrt:api-ms-win-crt-runtime-l1-1-0.dll
 0002:00000508       __imp__get_narrow_winmain_command_line 0000000140013508     ucrt:api-ms-win-crt-runtime-l1-1-0.dll
 0002:00000510       __imp__set_app_type        0000000140013510     ucrt:api-ms-win-crt-runtime-l1-1-0.dll
 0002:00000518       __imp__seh_filter_exe      0000000140013518     ucrt:api-ms-win-crt-runtime-l1-1-0.dll
 0002:00000520       __imp__cexit               0000000140013520     ucrt:api-ms-win-crt-runtime-l1-1-0.dll
 0002:00000528       __imp__crt_atexit          0000000140013528     ucrt:api-ms-win-crt-runtime-l1-1-0.dll
 0002:00000530       __imp__register_onexit_function 0000000140013530     ucrt:api-ms-win-crt-runtime-l1-1-0.dll
 0002:00000538       __imp__initialize_onexit_table 0000000140013538     ucrt:api-ms-win-crt-runtime-l1-1-0.dll
 0002:00000540       __imp__initialize_narrow_environment 0000000140013540     ucrt:api-ms-win-crt-runtime-l1-1-0.dll
 0002:00000548       __imp__configure_narrow_argv 0000000140013548     ucrt:api-ms-win-crt-runtime-l1-1-0.dll
 0002:00000550       __imp_terminate            0000000140013550     ucrt:api-ms-win-crt-runtime-l1-1-0.dll
 0002:00000558       __imp__beginthreadex       0000000140013558     ucrt:api-ms-win-crt-runtime-l1-1-0.dll
 0002:00000560       __imp_exit                 0000000140013560     ucrt:api-ms-win-crt-runtime-l1-1-0.dll
 0002:00000568       \177api-ms-win-crt-runtime-l1-1-0_NULL_THUNK_DATA 0000000140013568     ucrt:api-ms-win-crt-runtime-l1-1-0.dll
 0002:00000570       __imp_fclose               0000000140013570     ucrt:api-ms-win-crt-stdio-l1-1-0.dll
 0002:00000578       __imp__get_stream_buffer_pointers 0000000140013578     ucrt:api-ms-win-crt-stdio-l1-1-0.dll
 0002:00000580       __imp_fwrite               0000000140013580     ucrt:api-ms-win-crt-stdio-l1-1-0.dll
 0002:00000588       __imp_fgetpos              0000000140013588     ucrt:api-ms-win-crt-stdio-l1-1-0.dll
 0002:00000590       __imp__fseeki64            0000000140013590     ucrt:api-ms-win-crt-stdio-l1-1-0.dll
 0002:00000598       __imp_fsetpos              0000000140013598     ucrt:api-ms-win-crt-stdio-l1-1-0.dll
 0002:000005a0       __imp_setvbuf              00000001400135a0     ucrt:api-ms-win-crt-stdio-l1-1-0.dll
 0002:000005a8       __imp_fflush               00000001400135a8     ucrt:api-ms-win-crt-stdio-l1-1-0.dll
 0002:000005b0       __imp___stdio_common_vsprintf 00000001400135b0     ucrt:api-ms-win-crt-stdio-l1-1-0.dll
 0002:000005b8       __imp_ungetc               00000001400135b8     ucrt:api-ms-win-crt-stdio-l1-1-0.dll
 0002:000005c0       __imp_fputc                00000001400135c0     ucrt:api-ms-win-crt-stdio-l1-1-0.dll
 0002:000005c8       __imp_fgetc                00000001400135c8     ucrt:api-ms-win-crt-stdio-l1-1-0.dll
 0002:000005d0       __imp__set_fmode           00000001400135d0     ucrt:api-ms-win-crt-stdio-l1-1-0.dll
 0002:000005d8       __imp___p__commode         00000001400135d8     ucrt:api-ms-win-crt-stdio-l1-1-0.dll
[...]
 0004:00000774       $pdata$?_Endwrite@?$basic_filebuf@DU?$char_traits@D@std@@@std@@IEAA_NXZ 000000014001f774     KizuLibMFC:LogFileManager.obj
 0004:00000780       $pdata$?close@?$basic_filebuf@DU?$char_traits@D@std@@@std@@QEAAPEAV12@XZ 000000014001f780     KizuLibMFC:LogFileManager.obj
 0004:0000078c       $pdata$?open@?$basic_filebuf@DU?$char_traits@D@std@@@std@@QEAAPEAV12@PEBDHH@Z 000000014001f78c     KizuLibMFC:LogFileManager.obj
 0004:00000798       $pdata$?_Copy@?$basic_string@DU?$char_traits@D@std@@V?$allocator@D@2@@std@@QEAAX_K0@Z 000000014001f798     KizuLibMFC:LogFileManager.obj
 0004:000007a4       $pdata$?allocate@?$_Wrap_alloc@V?$allocator@D@std@@@std@@QEAAPEAD_K@Z 000000014001f7a4     KizuLibMFC:LogFileManager.obj
 0004:000007b0       $pdata$??0?$ThreadQueue@D@KizuLib@@QEAA@H@Z 000000014001f7b0     KizuLibMFC:LogFileManager.obj
 0004:000007bc       $pdata$??1?$ThreadQueue@D@KizuLib@@UEAA@XZ 000000014001f7bc     KizuLibMFC:LogFileManager.obj
 0004:000007c8       $pdata$0$??1?$ThreadQueue@D@KizuLib@@UEAA@XZ 000000014001f7c8     KizuLibMFC:LogFileManager.obj
 0004:000007d4       $pdata$1$??1?$ThreadQueue@D@KizuLib@@UEAA@XZ 000000014001f7d4     KizuLibMFC:LogFileManager.obj
 0004:000007e0       $pdata$?GetFromHead@?$ThreadQueue@D@KizuLib@@QEAAPEADXZ 000000014001f7e0     KizuLibMFC:LogFileManager.obj
 0004:000007ec       $pdata$??$?6U?$char_traits@D@std@@@std@@YAAEAV?$basic_ostream@DU?$char_traits@D@std@@@0@AEAV10@PEBD@Z 000000014001f7ec     KizuLibMFC:LogFileManager.obj
 0004:000007f8       $pdata$??$endl@DU?$char_traits@D@std@@@std@@YAAEAV?$basic_ostream@DU?$char_traits@D@std@@@0@AEAV10@@Z 000000014001f7f8     KizuLibMFC:LogFileManager.obj
 0004:00000804       $pdata$??$use_facet@V?$codecvt@DDU_Mbstatet@@@std@@@std@@YAAEBV?$codecvt@DDU_Mbstatet@@@0@AEBVlocale@0@@Z 000000014001f804     KizuLibMFC:LogFileManager.obj
 0004:00000810       $pdata$??0bad_cast@std@@QEAA@AEBV01@@Z 000000014001f810     KizuLibMFC:LogFileManager.obj
 0004:0000081c       $pdata$??_G?$ThreadQueue@D@KizuLib@@UEAAPEAXI@Z 000000014001f81c     KizuLibMFC:LogFileManager.obj
 0004:00000828       $pdata$?push_back@?$deque@PEADV?$allocator@PEAD@std@@@std@@QEAAXAEBQEAD@Z 000000014001f828     KizuLibMFC:LogFileManager.obj
 0004:00000834       $pdata$??1sentry@?$basic_ostream@DU?$char_traits@D@std@@@std@@QEAA@XZ 000000014001f834     KizuLibMFC:LogFileManager.obj
 0004:00000840       $pdata$?_Tidy@?$deque@PEADV?$allocator@PEAD@std@@@std@@IEAAXXZ 000000014001f840     KizuLibMFC:LogFileManager.obj
 0004:0000084c       $pdata$?_Growmap@?$deque@PEADV?$allocator@PEAD@std@@@std@@IEAAX_K@Z 000000014001f84c     KizuLibMFC:LogFileManager.obj
 0004:00000858       $pdata$1$?_Growmap@?$deque@PEADV?$allocator@PEAD@std@@@std@@IEAAX_K@Z 000000014001f858     KizuLibMFC:LogFileManager.obj
 0004:00000864       $pdata$5$?_Growmap@?$deque@PEADV?$allocator@PEAD@std@@@std@@IEAAX_K@Z 000000014001f864     KizuLibMFC:LogFileManager.obj
 0004:00000870       $pdata$6$?_Growmap@?$deque@PEADV?$allocator@PEAD@std@@@std@@IEAAX_K@Z 000000014001f870     KizuLibMFC:LogFileManager.obj
 0004:0000087c       $pdata$7$?_Growmap@?$deque@PEADV?$allocator@PEAD@std@@@std@@IEAAX_K@Z 000000014001f87c     KizuLibMFC:LogFileManager.obj
 0004:00000888       $pdata$8$?_Growmap@?$deque@PEADV?$allocator@PEAD@std@@@std@@IEAAX_K@Z 000000014001f888     KizuLibMFC:LogFileManager.obj
 0004:00000894       $pdata$9$?_Growmap@?$deque@PEADV?$allocator@PEAD@std@@@std@@IEAAX_K@Z 000000014001f894     KizuLibMFC:LogFileManager.obj
 0004:000008a0       $pdata$??1_Sentry_base@?$basic_ostream@DU?$char_traits@D@std@@@std@@QEAA@XZ 000000014001f8a0     KizuLibMFC:LogFileManager.obj
 0004:000008ac       $pdata$sprintf             000000014001f8ac     KizuLibMFC:LogFileManager.obj
 0004:000008b8       $pdata$??_GWorkThread@KizuLib@@UEAAPEAXI@Z 000000014001f8b8     KizuLib:WorkThread.obj
 0004:000008c4       $pdata$?MainThread@WorkThread@KizuLib@@MEAAIXZ 000000014001f8c4     KizuLib:WorkThread.obj
 0004:000008d0       $pdata$?SetThreadName@WorkThread@KizuLib@@SAXPEBDK@Z 000000014001f8d0     KizuLib:WorkThread.obj
 0004:000008dc       $pdata$?task_init@@YAHPEBDH@Z 000000014001f8dc     KizuLib:KizuLib.obj
 0004:000008e8       $pdata$0$?task_init@@YAHPEBDH@Z 000000014001f8e8     KizuLib:KizuLib.obj
 0004:000008f4       $pdata$2$?task_init@@YAHPEBDH@Z 000000014001f8f4     KizuLib:KizuLib.obj
 0004:00000900       $pdata$4$?task_init@@YAHPEBDH@Z 000000014001f900     KizuLib:KizuLib.obj
 0004:0000090c       $pdata$?syslog@@YAHJPEBDZZ 000000014001f90c     KizuLib:KizuLib.obj
 0004:00000918       $pdata$?statelog@@YAHJJJPEBDZZ 000000014001f918     KizuLib:KizuLib.obj
 0004:00000924       $pdata$?SetStatus@KizuFunction@KizuLib@@SA_NHH_NPEBD@Z 000000014001f924     KizuLib:KizuFunction.obj
 0004:00000930       $pdata$??_GKizuPerformanceCounter@KizuLib@@UEAAPEAXI@Z 000000014001f930     KizuLib:KizuPerformanceCounter.obj
 0004:0000093c       $pdata$??0KizuPcInfManager@KizuLib@@QEAA@H@Z 000000014001f93c     KizuLib:KizuPcInfManager.obj
 0004:00000948       $pdata$??_GKizuPcInfManager@KizuLib@@UEAAPEAXI@Z 000000014001f948     KizuLib:KizuPcInfManager.obj
 0004:00000954       $pdata$?SetPcName@KizuPcInfManager@KizuLib@@QEAA_NPEADPEBD1@Z 000000014001f954     KizuLib:KizuPcInfManager.obj
 0004:00000960       $pdata$??_GMailSlotManager@KizuLib@@UEAAPEAXI@Z 000000014001f960     KizuLib:MailSlotManager.obj
 0004:0000096c       $pdata$?SendMail@MailSlotManager@KizuLib@@SAHPEBD0PEBXK@Z 000000014001f96c     KizuLib:MailSlotManager.obj
 0004:00000978       $pdata$?Create@MailSlotManager@KizuLib@@QEAA_NPEBDK@Z 000000014001f978     KizuLib:MailSlotManager.obj
 0004:00000984       $pdata$?Recv@MailSlotManager@KizuLib@@UEAAHPEAXK@Z 000000014001f984     KizuLib:MailSlotManager.obj
 0004:00000990       $pdata$?Send@MailSlotManager@KizuLib@@UEAAHPEBXK@Z 000000014001f990     KizuLib:MailSlotManager.obj
 0004:0000099c       $pdata$?Recv@MailSlotManager@KizuLib@@UEAA_NPEAXKPEAU_OVERLAPPED@@@Z 000000014001f99c     KizuLib:MailSlotManager.obj
 0004:000009a8       $pdata$?Send@MailSlotManager@KizuLib@@UEAA_NPEBXKPEAU_OVERLAPPED@@@Z 000000014001f9a8     KizuLib:MailSlotManager.obj
 0004:000009b4       $pdata$?GetResult@MailSlotManager@KizuLib@@UEAA_NPEAU_OVERLAPPED@@@Z 000000014001f9b4     KizuLib:MailSlotManager.obj
 0004:000009c0       $pdata$??_GOdbcBase@KizuODBC@@UEAAPEAXI@Z 000000014001f9c0     KizuODBC:OdbcBase.obj
 0004:000009cc       $pdata$??1OdbcBase@KizuODBC@@UEAA@XZ 000000014001f9cc     KizuODBC:OdbcBase.obj
 0004:000009d8       $pdata$?OpenCheck@OdbcBase@KizuODBC@@SA_NPEBD0@Z 000000014001f9d8     KizuODBC:OdbcBase.obj
 0004:000009e4       $pdata$0$?OpenCheck@OdbcBase@KizuODBC@@SA_NPEBD0@Z 000000014001f9e4     KizuODBC:OdbcBase.obj
 0004:000009f0       $pdata$1$?OpenCheck@OdbcBase@KizuODBC@@SA_NPEBD0@Z 000000014001f9f0     KizuODBC:OdbcBase.obj
 0004:000009fc       $pdata$?DisConnect@OdbcBase@KizuODBC@@QEAAXXZ 000000014001f9fc     KizuODBC:OdbcBase.obj
 0004:00000a08       $pdata$?GetSelectKey@OdbcBase@KizuODBC@@QEAA_NPEBDHPEAD@Z 000000014001fa08     KizuODBC:OdbcBase.obj
 0004:00000a14       $pdata$?GetSelectKey@OdbcBase@KizuODBC@@QEAA_NPEBDPEAH@Z 000000014001fa14     KizuODBC:OdbcBase.obj
 0004:00000a20       $pdata$?GetSelectKey_Static@OdbcBase@KizuODBC@@SA_NPEBDPEAH00@Z 000000014001fa20     KizuODBC:OdbcBase.obj
 0004:00000a2c       $pdata$??0OdbcEnv@KizuODBC@@AEAA@XZ 000000014001fa2c     KizuODBC:OdbcEnv.obj
 0004:00000a38       $pdata$??_GOdbcEnv@KizuODBC@@UEAAPEAXI@Z 000000014001fa38     KizuODBC:OdbcEnv.obj
 0004:00000a44       $pdata$?GetErrMsg@OdbcEnv@KizuODBC@@QEAAXXZ 000000014001fa44     KizuODBC:OdbcEnv.obj
 0004:00000a50       $pdata$??_GOdbcManager@KizuODBC@@UEAAPEAXI@Z 000000014001fa50     KizuODBC:OdbcManager.obj
 0004:00000a5c       $pdata$??1OdbcManager@KizuODBC@@UEAA@XZ 000000014001fa5c     KizuODBC:OdbcManager.obj
 0004:00000a68       $pdata$?Alloc@OdbcManager@KizuODBC@@IEAAXXZ 000000014001fa68     KizuODBC:OdbcManager.obj
 0004:00000a74       $pdata$?Connect@OdbcManager@KizuODBC@@QEAAHPEBD0@Z 000000014001fa74     KizuODBC:OdbcManager.obj
 0004:00000a80       $pdata$?Connect@OdbcManager@KizuODBC@@QEAAHPEBD00@Z 000000014001fa80     KizuODBC:OdbcManager.obj
 0004:00000a8c       $pdata$?ExecuteDirect@OdbcManager@KizuODBC@@QEAAFPEBD@Z 000000014001fa8c     KizuODBC:OdbcManager.obj
 0004:00000a98       $pdata$?ExecuteDirectAsync@OdbcManager@KizuODBC@@QEAAFPEBD_N@Z 000000014001fa98     KizuODBC:OdbcManager.obj
 0004:00000aa4       $pdata$0$?ExecuteDirectAsync@OdbcManager@KizuODBC@@QEAAFPEBD_N@Z 000000014001faa4     KizuODBC:OdbcManager.obj
 0004:00000ab0       $pdata$1$?ExecuteDirectAsync@OdbcManager@KizuODBC@@QEAAFPEBD_N@Z 000000014001fab0     KizuODBC:OdbcManager.obj
 0004:00000abc       $pdata$?GetErrMsg@OdbcManager@KizuODBC@@QEAAXXZ 000000014001fabc     KizuODBC:OdbcManager.obj
 0004:00000ac8       $pdata$?GetErrMsg@OdbcManager@KizuODBC@@QEAAXF@Z 000000014001fac8     KizuODBC:OdbcManager.obj
 0004:00000ae0       $pdata$??_Gtype_info@@UEAAPEAXI@Z 000000014001fae0     msvcrt:std_type_info_static.obj
 0004:00000aec       $pdata$??_L@YAXPEAX_K1P6AX0@Z2@Z 000000014001faec     msvcrt:ehvecctr.obj
 0004:00000af8       $pdata$??_M@YAXPEAX_K1P6AX0@Z@Z 000000014001faf8     msvcrt:ehvecdtr.obj
 0004:00000b04       $pdata$?__ArrayUnwind@@YAXPEAX_K1P6AX0@Z@Z 000000014001fb04     msvcrt:ehvecdtr.obj
 0004:00000b10       $pdata$?__scrt_initialize_thread_safe_statics@@YAHXZ 000000014001fb10     msvcrt:thread_safe_statics.obj
 0004:00000b1c       $pdata$?__scrt_uninitialize_thread_safe_statics@@YAXXZ 000000014001fb1c     msvcrt:thread_safe_statics.obj
 0004:00000b28       $pdata$__scrt_acquire_startup_lock 000000014001fb28     msvcrt:utility.obj
 0004:00000b34       $pdata$__scrt_initialize_crt 000000014001fb34     msvcrt:utility.obj
 0004:00000b40       $pdata$__scrt_initialize_onexit_tables 000000014001fb40     msvcrt:utility.obj
 0004:00000b4c       $pdata$__scrt_is_nonwritable_in_current_image 000000014001fb4c     msvcrt:utility.obj
 0004:00000b58       $pdata$__scrt_release_startup_lock 000000014001fb58     msvcrt:utility.obj
 0004:00000b64       $pdata$__scrt_uninitialize_crt 000000014001fb64     msvcrt:utility.obj
 0004:00000b70       $pdata$_onexit             000000014001fb70     msvcrt:utility.obj
 0004:00000b7c       $pdata$atexit              000000014001fb7c     msvcrt:utility.obj
 0004:00000b88       $pdata$?pre_c_initialization@@YAHXZ 000000014001fb88     msvcrt:exe_winmain.obj
 0004:00000b94       $pdata$?post_pgo_initialization@@YAHXZ 000000014001fb94     msvcrt:exe_winmain.obj
 0004:00000ba0       $pdata$?pre_cpp_initialization@@YAXXZ 000000014001fba0     msvcrt:exe_winmain.obj
 0004:00000bac       $pdata$?__scrt_common_main_seh@@YAHXZ 000000014001fbac     msvcrt:exe_winmain.obj
 0004:00000bb8       $pdata$WinMainCRTStartup   000000014001fbb8     msvcrt:exe_winmain.obj
 0004:00000bc4       $pdata$__raise_securityfailure 000000014001fbc4     msvcrt:gs_report.obj
 0004:00000bd0       $pdata$__report_gsfailure  000000014001fbd0     msvcrt:gs_report.obj
 0004:00000bdc       $pdata$capture_previous_context 000000014001fbdc     msvcrt:gs_report.obj
 0004:00000be8       $pdata$__scrt_fastfail     000000014001fbe8     msvcrt:utility_desktop.obj
 0004:00000bf4       $pdata$__scrt_get_show_window_mode 000000014001fbf4     msvcrt:utility_desktop.obj
 0004:00000c00       $pdata$__scrt_is_managed_app 000000014001fc00     msvcrt:utility_desktop.obj
 0004:00000c0c       $pdata$__scrt_unhandled_exception_filter 000000014001fc0c     msvcrt:utility_desktop.obj
 0004:00000c18       $pdata$__isa_available_init 000000014001fc18     msvcrt:_cpu_disp_.obj
 0004:00000c24       $pdata$__security_init_cookie 000000014001fc24     msvcrt:gs_support.obj
 0004:00000c30       $pdata$__scrt_initialize_default_local_stdio_options 000000014001fc30     msvcrt:default_local_stdio_options.obj
 0004:00000c3c       $pdata$_RTC_Initialize     000000014001fc3c     msvcrt:_initsect_.obj
 0004:00000c48       $pdata$_RTC_Terminate      000000014001fc48     msvcrt:_initsect_.obj
 0004:00000c54       $pdata$__GSHandlerCheck    000000014001fc54     msvcrt:_gshandler_.obj
 0004:00000c60       $pdata$__GSHandlerCheckCommon 000000014001fc60     msvcrt:_gshandler_.obj
 0004:00000c6c       $pdata$??0CAtlBaseModule@ATL@@QEAA@XZ 000000014001fc6c     atls:atlbase.obj
 0004:00000c78       $pdata$??1CAtlBaseModule@ATL@@QEAA@XZ 000000014001fc78     atls:atlbase.obj
 0004:00000c84       $pdata$??_G_Fac_node@std@@QEAAPEAXI@Z 000000014001fc84     msvcprt:locale0_implib.obj
 0004:00000c90       $pdata$?_Facet_Register@std@@YAXPEAV_Facet_base@1@@Z 000000014001fc90     msvcprt:locale0_implib.obj
 0004:00000c9c       $pdata$?AfxInitialize@@YAHHK@Z 000000014001fc9c     mfcs140:appmodul.obj
 0004:00000ca8       $pdata$__GSHandlerCheck_EH 000000014001fca8     msvcrt:gshandlereh.obj
 0004:00000ccc       $pdata$?dtor$0@?0??WorkerInit@ControlLowGr@@QEAAXXZ@4HA 000000014001fccc     ControlLowGr.obj
 0004:00000cd8       $pdata$?dtor$0@?0??WorkerInit@ControlManager@@QEAAXXZ@4HA 000000014001fcd8     ControlManager.obj
 0004:00000ce4       $pdata$?dtor$3@?0??WorkerInit@ControlManager@@QEAAXXZ@4HA 000000014001fce4     ControlManager.obj
 0004:00000cf0       $pdata$?dtor$0@?0??GetThreadNameArray@@YA?AV?$CStringT@DV?$StrTraitMFC_DLL@DV?$ChTraitsCRT@D@ATL@@@@@ATL@@PEADH@Z@4HA 000000014001fcf0     DefragManager.obj
 0004:00000cf0       $pdata$?dtor$0@?0??GetThreadNameArray@@YA?AV?$CStringT@DV?$StrTraitMFC_DLL@DV?$ChTraitsCRT@D@ATL@@@@@ATL@@PEADH@Z@4HA 000000014001fcf0     DeleLowGr.obj
 0004:00000cfc       $pdata$?dtor$74@?0??push_back@?$vector@V?$CStringT@DV?$StrTraitMFC_DLL@DV?$ChTraitsCRT@D@ATL@@@@@ATL@@V?$allocator@V?$CStringT@DV?$StrTraitMFC_DLL@DV?$ChTraitsCRT@D@ATL@@@@@ATL@@@std@@@std@@QEAAX$$QEAV?$CStringT@DV?$StrTraitMFC_DLL@DV?$ChTraitsCRT@D@ATL@@@@@ATL@@@Z@4HA 000000014001fcfc     DefragManager.obj
 0004:00000d08       $pdata$?dtor$139@?0??push_back@?$vector@V?$CStringT@DV?$StrTraitMFC_DLL@DV?$ChTraitsCRT@D@ATL@@@@@ATL@@V?$allocator@V?$CStringT@DV?$StrTraitMFC_DLL@DV?$ChTraitsCRT@D@ATL@@@@@ATL@@@std@@@std@@QEAAX$$QEAV?$CStringT@DV?$StrTraitMFC_DLL@DV?$ChTraitsCRT@D@ATL@@@@@ATL@@@Z@4HA 000000014001fd08     DefragManager.obj
 0004:00000d14       $pdata$?catch$51@?0??_Reallocate@?$vector@V?$CStringT@DV?$StrTraitMFC_DLL@DV?$ChTraitsCRT@D@ATL@@@@@ATL@@V?$allocator@V?$CStringT@DV?$StrTraitMFC_DLL@DV?$ChTraitsCRT@D@ATL@@@@@ATL@@@std@@@std@@IEAAX_K@Z@4HA 000000014001fd14     DefragManager.obj
 0004:00000d20       $pdata$?dtor$3@?0???$_Uninitialized_move_al_unchecked1@PEAV?$CStringT@DV?$StrTraitMFC_DLL@DV?$ChTraitsCRT@D@ATL@@@@@ATL@@PEAV12@V?$allocator@V?$CStringT@DV?$StrTraitMFC_DLL@DV?$ChTraitsCRT@D@ATL@@@@@ATL@@@std@@@std@@YAPEAV?$CStringT@DV?$StrTraitMFC_DLL@DV?$ChTraitsCRT@D@ATL@@@@@ATL@@PEAV12@00AEAU?$_Wrap_alloc@V?$allocator@V?$CStringT@DV?$StrTraitMFC_DLL@DV?$ChTraitsCRT@D@ATL@@@@@ATL@@@std@@@0@U_General_ptr_iterator_tag@0@U_Any_tag@0@@Z@4HA 000000014001fd20     DefragManager.obj
 0004:00000d2c       $pdata$?catch$5@?0???$_Uninitialized_move_al_unchecked1@PEAV?$CStringT@DV?$StrTraitMFC_DLL@DV?$ChTraitsCRT@D@ATL@@@@@ATL@@PEAV12@V?$allocator@V?$CStringT@DV?$StrTraitMFC_DLL@DV?$ChTraitsCRT@D@ATL@@@@@ATL@@@std@@@std@@YAPEAV?$CStringT@DV?$StrTraitMFC_DLL@DV?$ChTraitsCRT@D@ATL@@@@@ATL@@PEAV12@00AEAU?$_Wrap_alloc@V?$allocator@V?$CStringT@DV?$StrTraitMFC_DLL@DV?$ChTraitsCRT@D@ATL@@@@@ATL@@@std@@@0@U_General_ptr_iterator_tag@0@U_Any_tag@0@@Z@4HA 000000014001fd2c     DefragManager.obj
 0004:00000d38       $pdata$?dtor$1@?0??Init@MainInctance@@QEAAHXZ@4HA 000000014001fd38     MainInctance.obj
 0004:00000d44       $pdata$?dtor$3@?0??Init@MainInctance@@QEAAHXZ@4HA 000000014001fd44     MainInctance.obj
 0004:00000d50       $pdata$?dtor$2@?0??Init@MainInctance@@QEAAHXZ@4HA 000000014001fd50     MainInctance.obj
 0004:00000d5c       $pdata$?dtor$0@?0??InitProcess@CTI_DELETEDlg@@AEAAXXZ@4HA 000000014001fd5c     TI_DELETEDlg.obj
 0004:00000d68       $pdata$?dtor$0@?0???0?$basic_ofstream@DU?$char_traits@D@std@@@std@@QEAA@XZ@4HA 000000014001fd68     KizuLibMFC:LogFileManager.obj
 0004:00000d74       $pdata$?catch$107@?0??_Copy@?$basic_string@DU?$char_traits@D@std@@V?$allocator@D@2@@std@@QEAAX_K0@Z@4HA 000000014001fd74     KizuLibMFC:LogFileManager.obj
 0004:00000d80       $pdata$?catch$106@?0??_Copy@?$basic_string@DU?$char_traits@D@std@@V?$allocator@D@2@@std@@QEAAX_K0@Z@4HA 000000014001fd80     KizuLibMFC:LogFileManager.obj
 0004:00000d8c       $pdata$?catch$8@?0???$?6U?$char_traits@D@std@@@std@@YAAEAV?$basic_ostream@DU?$char_traits@D@std@@@0@AEAV10@PEBD@Z@4HA 000000014001fd8c     KizuLibMFC:LogFileManager.obj
 0004:00000d98       $pdata$?filt$0@?0??SetThreadName@WorkThread@KizuLib@@SAXPEBDK@Z@4HA 000000014001fd98     KizuLib:WorkThread.obj
 0004:00000da4       $pdata$?fin$0@?0???_L@YAXPEAX_K1P6AX0@Z2@Z@4HA 000000014001fda4     msvcrt:ehvecctr.obj
 0004:00000db0       $pdata$?fin$0@?0???_M@YAXPEAX_K1P6AX0@Z@Z@4HA 000000014001fdb0     msvcrt:ehvecdtr.obj
 0004:00000dbc       $pdata$?filt$0@?0??__ArrayUnwind@@YAXPEAX_K1P6AX0@Z@Z@4HA 000000014001fdbc     msvcrt:ehvecdtr.obj
 0004:00000dc8       $pdata$__scrt_is_nonwritable_in_current_image$filt$0 000000014001fdc8     msvcrt:utility.obj
 0004:00000dd4       $pdata$?filt$0@?0??__scrt_common_main_seh@@YAHXZ@4HA 000000014001fdd4     msvcrt:exe_winmain.obj
 0004:00000de0       $pdata$??__F?m_inst@OdbcEnv@KizuODBC@@0V12@A@@YAXXZ 000000014001fde0     KizuODBC:OdbcEnv.obj
 0004:00000dec       $pdata$??__F_Fac_tidy_reg@std@@YAXXZ 000000014001fdec     msvcprt:locale0_implib.obj
 0005:00000000       __guard_fids__             0000000140020000     msvcrt:std_type_info_static.obj
 0005:00000004       __guard_fids__             0000000140020004     msvcrt:thread_safe_statics.obj
 0005:00000008       __guard_fids_?__scrt_initialize_thread_safe_statics@@YAHXZ 0000000140020008     msvcrt:thread_safe_statics.obj
 0005:0000000c       __guard_fids__             000000014002000c     msvcrt:exe_winmain.obj
 0005:00000010       __guard_fids__             0000000140020010     msvcrt:exe_winmain.obj
 0005:00000014       __guard_fids__             0000000140020014     msvcrt:exe_winmain.obj
 0005:00000018       __guard_fids_?pre_c_initialization@@YAHXZ 0000000140020018     msvcrt:exe_winmain.obj
 0005:00000020       __guard_fids___scrt_set_unhandled_exception_filter 0000000140020020     msvcrt:utility_desktop.obj
 0005:00000024       __guard_fids__             0000000140020024     msvcrt:guard_support.obj
 0005:00000028       __guard_fids_??__E_Fac_tidy_reg@std@@YAXXZ 0000000140020028     msvcprt:locale0_implib.obj
 0005:0000002c       __guard_fids__             000000014002002c     msvcprt:locale0_implib.obj
 0005:00000030       __guard_fids__             0000000140020030     mfcs140:appmodul.obj
 0007:00000300       $R000000                   0000000140022300     TI_DELETE.res
 0007:00000968       $R000668                   0000000140022968     TI_DELETE.res
 0007:00000c50       $R000950                   0000000140022c50     TI_DELETE.res
 0007:00000d78       $R000A78                   0000000140022d78     TI_DELETE.res
 0007:00001c20       $R001920                   0000000140023c20     TI_DELETE.res
 0007:000024c8       $R0021C8                   00000001400244c8     TI_DELETE.res
 0007:00002a30       $R002730                   0000000140024a30     TI_DELETE.res
 0007:000046d8       $R0043D8                   00000001400266d8     TI_DELETE.res
 0007:00005380       $R005080                   0000000140027380     TI_DELETE.res
 0007:000056e8       $R0053E8                   00000001400276e8     TI_DELETE.res
 0007:00005770       $R005470                   0000000140027770     TI_DELETE.res
 0007:00005da0       $R005AA0                   0000000140027da0     TI_DELETE.res
 0007:00006090       $R005D90                   0000000140028090     TI_DELETE.res
