 TO_CAMERA

 Timestamp is 5c91d7f2 (Wed Mar 20 15:04:34 2019)

 Preferred load address is 0000000140000000

 Start         Length     Name                   Class
 0001:00000000 000000b0H .text$di                CODE
 0001:000000b0 00010420H .text$mn                CODE
 0001:000104d0 00000020H .text$mn$00             CODE
 0001:000104f0 00000640H .text$x                 CODE
 0001:00010b30 0000008fH .text$yd                CODE
 0002:00000000 00000c58H .idata$5                DATA
 0002:00000c58 00000010H .00cfg                  DATA
 0002:00000c68 00000008H .CRT$XCA                DATA
 0002:00000c70 00000008H .CRT$XCAA               DATA
 0002:00000c78 00000018H .CRT$XCL                DATA
 0002:00000c90 00000010H .CRT$XCU                DATA
 0002:00000ca0 00000008H .CRT$XCZ                DATA
 0002:00000ca8 00000008H .CRT$XIA                DATA
 0002:00000cb0 00000008H .CRT$XIAA               DATA
 0002:00000cb8 00000008H .CRT$XIAC               DATA
 0002:00000cc0 00000008H .CRT$XIC                DATA
 0002:00000cc8 00000008H .CRT$XIZ                DATA
 0002:00000cd0 00000008H .CRT$XLA                DATA
 0002:00000cd8 00000008H .CRT$XLZ                DATA
 0002:00000ce0 00000008H .CRT$XPA                DATA
 0002:00000ce8 00000008H .CRT$XPZ                DATA
 0002:00000cf0 00000008H .CRT$XTA                DATA
 0002:00000cf8 00000008H .CRT$XTZ                DATA
 0002:00000d00 00003708H .rdata                  DATA
 0002:00004408 00000028H .rdata$T                DATA
 0002:00004430 0000109cH .rdata$r                DATA
 0002:000054cc 0000040cH .rdata$zzzdbg           DATA
 0002:000058d8 00000008H .rtc$IAA                DATA
 0002:000058e0 00000008H .rtc$IZZ                DATA
 0002:000058e8 00000008H .rtc$TAA                DATA
 0002:000058f0 00000010H .rtc$TZZ                DATA
 0002:00005900 00001da0H .xdata                  DATA
 0002:000076a0 000000e0H .xdata$x                DATA
 0002:00007780 00000000H ATL$__a                 DATA
 0002:00007780 00000000H ATL$__z                 DATA
 0002:00007780 00000000H .edata                  DATA
 0002:00007780 00000104H .idata$2                DATA
 0002:00007884 00000014H .idata$3                DATA
 0002:00007898 00000c58H .idata$4                DATA
 0002:000084f0 000012c4H .idata$6                DATA
 0003:00000000 00000050H .data                   DATA
 0003:00000050 00000670H .data$r                 DATA
 0003:000006c0 00000ef8H .bss                    DATA
 0004:00000000 0000153cH .pdata                  DATA
 0005:00000000 00000034H .gfids$y                DATA
 0006:00000000 00000004H .tls                    DATA
 0006:00000004 00000004H .tls$                   DATA
 0006:00000008 00000001H .tls$ZZZ                DATA
 0007:00000000 00000370H .rsrc$01                DATA
 0007:00000370 00008bd0H .rsrc$02                DATA

  Address         Publics by Value              Rva+Base               Lib:Object

 0000:00000000       __dynamic_value_reloc_table 0000000000000000     <absolute>
 0000:00000000       __guard_longjmp_count      0000000000000000     <absolute>
 0000:00000000       __guard_iat_table          0000000000000000     <absolute>
 0000:00000000       __guard_iat_count          0000000000000000     <absolute>
 0000:00000000       __guard_fids_count         0000000000000000     <absolute>
 0000:00000000       __guard_longjmp_table      0000000000000000     <absolute>
 0000:00000000       ___safe_se_handler_table   0000000000000000     <absolute>
 0000:00000000       ___safe_se_handler_count   0000000000000000     <absolute>
 0000:00000000       __guard_fids_table         0000000000000000     <absolute>
 0000:00000100       __guard_flags              0000000000000100     <absolute>
 0000:00000000       __ImageBase                0000000140000000     <linker-defined>
 0001:000000b0       ?_Allocate@std@@YAPEAX_K0_N@Z 00000001400010b0 f i CameraManager.obj
 0001:00000130       ??0CameraManager@@QEAA@XZ  0000000140001130 f   CameraManager.obj
 0001:000004d0       ??_GCameraManager@@UEAAPEAXI@Z 00000001400014d0 f i CameraManager.obj
 0001:000004d0       ??_ECameraManager@@UEAAPEAXI@Z 00000001400014d0 f i * CIL library *:* CIL module *
 0001:00000510       ??1CameraManager@@UEAA@XZ  0000000140001510 f   CameraManager.obj
 0001:000006a0       ?SetClass@CameraManager@@QEAAXHPEAD@Z 00000001400016a0 f   CameraManager.obj
 0001:00000910       ?MainThread@CameraManager@@CAIPEAX@Z 0000000140001910 f   CameraManager.obj
 0001:00000dd0       ?SetDataMailCommand@CameraManager@@AEAA_NPEAUCOMMON_QUE@@@Z 0000000140001dd0 f   CameraManager.obj
 0001:00001240       ?SetExposureTime@CameraManager@@AEAA_NHHH@Z 0000000140002240 f   CameraManager.obj
 0001:00001470       ?CheckNextSend@CameraManager@@AEAA_NXZ 0000000140002470 f   CameraManager.obj
 0001:000024c0       ?CheckDataRecv@CameraManager@@AEAA_NXZ 00000001400034c0 f   CameraManager.obj
 0001:000028b0       ?Open@CameraManager@@AEAA_N_N@Z 00000001400038b0 f   CameraManager.obj
 0001:00002950       ?Close@CameraManager@@AEAAXXZ 0000000140003950 f   CameraManager.obj
 0001:00002af0       ?Recv@CameraManager@@AEAA_NXZ 0000000140003af0 f   CameraManager.obj
 0001:00002c00       ?Send@CameraManager@@AEAA_NXZ 0000000140003c00 f   CameraManager.obj
 0001:00002d10       ?GetParam@CameraManager@@AEAA_NXZ 0000000140003d10 f   CameraManager.obj
 0001:00002db0       ?GetParamStatic@CameraManager@@AEAA_NXZ 0000000140003db0 f   CameraManager.obj
 0001:000038a0       ?DoDataExchange@CWnd@@MEAAXPEAVCDataExchange@@@Z 00000001400048a0 f i TO_CAMERADlg.obj
 0001:000038a0       _guard_check_icall_nop     00000001400048a0 f i msvcrt:guard_support.obj
 0001:000038a0       ?__global_delete@@YAXPEAX_K@Z 00000001400048a0 f i * CIL library *:* CIL module *
 0001:000038a0       ?OnClose@CTO_CAMERADlg@@QEAAXXZ 00000001400048a0 f i TO_CAMERADlg.obj
 0001:000038a0       ?Dump@CObject@@UEBAXAEAVCDumpContext@@@Z 00000001400048a0 f i TO_CAMERA.obj
 0001:000038a0       _initialize_denormal_control 00000001400048a0 f i msvcrt:denormal_control.obj
 0001:000038a0       ??3@YAXPEAX0@Z             00000001400048a0 f i CameraManager.obj
 0001:000038a0       ?Serialize@CObject@@UEAAXAEAVCArchive@@@Z 00000001400048a0 f i TO_CAMERA.obj
 0001:000038a0       ?AssertValid@CObject@@UEBAXXZ 00000001400048a0 f i TO_CAMERA.obj
 0001:000038a0       ?__empty_global_delete@@YAXPEAX_K@Z 00000001400048a0 f i CameraManager.obj
 0001:000038a0       _initialize_invalid_parameter_handler 00000001400048a0 f i msvcrt:invalid_parameter_handler.obj
 0001:000038a0       ?OnCancel@CTO_CAMERADlg@@EEAAXXZ 00000001400048a0 f i TO_CAMERADlg.obj
 0001:000038b0       ??1?$vector@V?$CStringT@DV?$StrTraitMFC_DLL@DV?$ChTraitsCRT@D@ATL@@@@@ATL@@V?$allocator@V?$CStringT@DV?$StrTraitMFC_DLL@DV?$ChTraitsCRT@D@ATL@@@@@ATL@@@std@@@std@@QEAA@XZ 00000001400048b0 f i CameraManager.obj
 0001:00003920       ?push_back@?$vector@V?$CStringT@DV?$StrTraitMFC_DLL@DV?$ChTraitsCRT@D@ATL@@@@@ATL@@V?$allocator@V?$CStringT@DV?$StrTraitMFC_DLL@DV?$ChTraitsCRT@D@ATL@@@@@ATL@@@std@@@std@@QEAAX$$QEAV?$CStringT@DV?$StrTraitMFC_DLL@DV?$ChTraitsCRT@D@ATL@@@@@ATL@@@Z 0000000140004920 f i CameraManager.obj
 0001:00003aa0       ?deallocate@?$_Wrap_alloc@V?$allocator@V?$CStringT@DV?$StrTraitMFC_DLL@DV?$ChTraitsCRT@D@ATL@@@@@ATL@@@std@@@std@@QEAAXPEAV?$CStringT@DV?$StrTraitMFC_DLL@DV?$ChTraitsCRT@D@ATL@@@@@ATL@@_K@Z 0000000140004aa0 f i CameraManager.obj
 0001:00003b20       ?_Reallocate@?$vector@V?$CStringT@DV?$StrTraitMFC_DLL@DV?$ChTraitsCRT@D@ATL@@@@@ATL@@V?$allocator@V?$CStringT@DV?$StrTraitMFC_DLL@DV?$ChTraitsCRT@D@ATL@@@@@ATL@@@std@@@std@@IEAAX_K@Z 0000000140004b20 f i CameraManager.obj
 0001:00003be0       ??0?$ThreadQueue@UCOMMON_QUE@@@KizuLib@@QEAA@H@Z 0000000140004be0 f i CameraManager.obj
 0001:00003c90       ??1?$ThreadQueue@UCOMMON_QUE@@@KizuLib@@UEAA@XZ 0000000140004c90 f i CameraManager.obj
 0001:00003cf0       ?GetFromHead@?$ThreadQueue@D@KizuLib@@QEAAPEADXZ 0000000140004cf0 f i KizuLibMFC:LogFileManager.obj
 0001:00003cf0       ?GetFromHead@?$ThreadQueue@UCOMMON_QUE@@@KizuLib@@QEAAPEAUCOMMON_QUE@@XZ 0000000140004cf0 f i CameraManager.obj
 0001:00003d90       ??_E?$ThreadQueue@UCOMMON_QUE@@@KizuLib@@UEAAPEAXI@Z 0000000140004d90 f i * CIL library *:* CIL module *
 0001:00003d90       ??_G?$ThreadQueue@UCOMMON_QUE@@@KizuLib@@UEAAPEAXI@Z 0000000140004d90 f i CameraManager.obj
 0001:00003e20       ?_Tidy@?$deque@PEADV?$allocator@PEAD@std@@@std@@IEAAXXZ 0000000140004e20 f i KizuLibMFC:LogFileManager.obj
 0001:00003e20       ?_Tidy@?$deque@PEAUCOMMON_QUE@@V?$allocator@PEAUCOMMON_QUE@@@std@@@std@@IEAAXXZ 0000000140004e20 f i CameraManager.obj
 0001:00003f10       ?begin@?$deque@PEAUCOMMON_QUE@@V?$allocator@PEAUCOMMON_QUE@@@std@@@std@@QEAA?AV?$_Deque_iterator@V?$_Deque_val@U?$_Deque_simple_types@PEAUCOMMON_QUE@@@std@@@std@@@2@XZ 0000000140004f10 f i CameraManager.obj
 0001:00003f10       ?begin@?$deque@PEADV?$allocator@PEAD@std@@@std@@QEAA?AV?$_Deque_iterator@V?$_Deque_val@U?$_Deque_simple_types@PEAD@std@@@std@@@2@XZ 0000000140004f10 f i KizuLibMFC:LogFileManager.obj
 0001:00003f30       ?Free@?$ThreadQueue@UCOMMON_QUE@@@KizuLib@@QEAAXXZ 0000000140004f30 f i CameraManager.obj
 0001:00003fb0       ??$_Uninitialized_move_al_unchecked1@PEAV?$CStringT@DV?$StrTraitMFC_DLL@DV?$ChTraitsCRT@D@ATL@@@@@ATL@@PEAV12@V?$allocator@V?$CStringT@DV?$StrTraitMFC_DLL@DV?$ChTraitsCRT@D@ATL@@@@@ATL@@@std@@@std@@YAPEAV?$CStringT@DV?$StrTraitMFC_DLL@DV?$ChTraitsCRT@D@ATL@@@@@ATL@@PEAV12@00AEAU?$_Wrap_alloc@V?$allocator@V?$CStringT@DV?$StrTraitMFC_DLL@DV?$ChTraitsCRT@D@ATL@@@@@ATL@@@std@@@0@U_General_ptr_iterator_tag@0@U_Any_tag@0@@Z 0000000140004fb0 f i CameraManager.obj
 0001:00004010       __local_stdio_printf_options 0000000140005010 f i CameraManager.obj
 0001:00004020       sprintf                    0000000140005020 f i CameraManager.obj
 0001:00004080       ??0MainInctance@@QEAA@XZ   0000000140005080 f   MainInctance.obj
 0001:00004120       ??_EMainInctance@@UEAAPEAXI@Z 0000000140005120 f i * CIL library *:* CIL module *
 0001:00004120       ??_GMainInctance@@UEAAPEAXI@Z 0000000140005120 f i MainInctance.obj
 0001:00004180       ??1MainInctance@@UEAA@XZ   0000000140005180 f   MainInctance.obj
 0001:000041c0       ?Init@MainInctance@@QEAAHXZ 00000001400051c0 f   MainInctance.obj
 0001:00004460       ?Exit@MainInctance@@QEAAXXZ 0000000140005460 f   MainInctance.obj
 0001:00004520       ?MainThread@MainInctance@@CAIPEAX@Z 0000000140005520 f   MainInctance.obj
 0001:00004620       ?_AtlInitializeCriticalSectionEx@ATL@@YAHPEAU_RTL_CRITICAL_SECTION@@KK@Z 0000000140005620 f i stdafx.obj
 0001:00004630       ?GetMessageMap@CTO_CAMERAApp@@MEBAPEBUAFX_MSGMAP@@XZ 0000000140005630 f   TO_CAMERA.obj
 0001:00004640       ??_GCTO_CAMERAApp@@UEAAPEAXI@Z 0000000140005640 f i TO_CAMERA.obj
 0001:00004640       ??_ECTO_CAMERAApp@@UEAAPEAXI@Z 0000000140005640 f i * CIL library *:* CIL module *
 0001:00004690       ?InitInstance@CTO_CAMERAApp@@UEAAHXZ 0000000140005690 f   TO_CAMERA.obj
 0001:00004780       ??1CTO_CAMERADlg@@UEAA@XZ  0000000140005780 f i TO_CAMERA.obj
 0001:00004800       ?GetApplicationRecoveryPingInterval@CWinApp@@UEAAKXZ 0000000140005800 f i TO_CAMERA.obj
 0001:00004810       __scrt_initialize_winrt    0000000140005810 f i msvcrt:utility_desktop.obj
 0001:00004810       ?GetApplicationRecoveryParameter@CWinApp@@UEAAPEAXXZ 0000000140005810 f i TO_CAMERA.obj
 0001:00004810       ?GetApplicationRestartFlags@CWinApp@@UEAAKXZ 0000000140005810 f i TO_CAMERA.obj
 0001:00004810       _get_startup_commit_mode   0000000140005810 f i msvcrt:commit_mode.obj
 0001:00004810       _matherr                   0000000140005810 f i msvcrt:matherr.obj
 0001:00004810       _get_startup_thread_locale_mode 0000000140005810 f i msvcrt:thread_locale.obj
 0001:00004810       _get_startup_new_mode      0000000140005810 f i msvcrt:new_mode.obj
 0001:00004820       ?RestoreAutosavedFilesAtRestart@CWinApp@@UEBAHXZ 0000000140005820 f i TO_CAMERA.obj
 0001:00004830       ?ReopenPreviousFilesAtRestart@CWinApp@@UEBAHXZ 0000000140005830 f i TO_CAMERA.obj
 0001:00004840       ?SupportsAutosaveAtInterval@CWinApp@@UEBAHXZ 0000000140005840 f i TO_CAMERA.obj
 0001:00004850       ?SupportsAutosaveAtRestart@CWinApp@@UEBAHXZ 0000000140005850 f i TO_CAMERA.obj
 0001:00004860       ?SupportsApplicationRecovery@CWinApp@@UEBAHXZ 0000000140005860 f i TO_CAMERA.obj
 0001:00004870       ?SupportsRestartManager@CWinApp@@UEBAHXZ 0000000140005870 f i TO_CAMERA.obj
 0001:00004880       ?GetMySession@CameraManager@@QEAA?AV?$CStringT@DV?$StrTraitMFC_DLL@DV?$ChTraitsCRT@D@ATL@@@@@ATL@@XZ 0000000140005880 f i TO_CAMERADlg.obj
 0001:000048b0       ??0CTO_CAMERADlg@@QEAA@PEAVCWnd@@@Z 00000001400058b0 f   TO_CAMERADlg.obj
 0001:00004990       ??_GCTO_CAMERADlg@@UEAAPEAXI@Z 0000000140005990 f i TO_CAMERADlg.obj
 0001:00004990       ??_ECTO_CAMERADlg@@UEAAPEAXI@Z 0000000140005990 f i * CIL library *:* CIL module *
 0001:000049e0       ?DoDataExchange@CTO_CAMERADlg@@MEAAXPEAVCDataExchange@@@Z 00000001400059e0 f   TO_CAMERADlg.obj
 0001:00004a40       ?GetMessageMap@CTO_CAMERADlg@@MEBAPEBUAFX_MSGMAP@@XZ 0000000140005a40 f   TO_CAMERADlg.obj
 0001:00004a50       ?OnInitDialog@CTO_CAMERADlg@@MEAAHXZ 0000000140005a50 f   TO_CAMERADlg.obj
 0001:00004d50       ?OnPaint@CTO_CAMERADlg@@IEAAXXZ 0000000140005d50 f   TO_CAMERADlg.obj
 0001:00004e60       ?OnQueryDragIcon@CTO_CAMERADlg@@IEAAPEAUHICON__@@XZ 0000000140005e60 f   TO_CAMERADlg.obj
 0001:00004e70       ?OnBnClickedOk@CTO_CAMERADlg@@QEAAXXZ 0000000140005e70 f   TO_CAMERADlg.obj
 0001:00004f00       ?OnLbnDblclkList1@CTO_CAMERADlg@@QEAAXXZ 0000000140005f00 f   TO_CAMERADlg.obj
 0001:00004f10       ?InitProcess@CTO_CAMERADlg@@AEAAXXZ 0000000140005f10 f   TO_CAMERADlg.obj
 0001:00005140       ?ExitProcess@CTO_CAMERADlg@@AEAAXXZ 0000000140006140 f   TO_CAMERADlg.obj
 0001:00005230       ?MainThread@CTO_CAMERADlg@@CAIPEAX@Z 0000000140006230 f   TO_CAMERADlg.obj
 0001:000055f0       ?CommandSender@CTO_CAMERADlg@@AEAAXPEAUCOMMON_QUE@@@Z 00000001400065f0 f   TO_CAMERADlg.obj
 0001:00005710       ?OnTimer@CTO_CAMERADlg@@QEAAX_K@Z 0000000140006710 f   TO_CAMERADlg.obj
 0001:00005d40       ?OnBnClickedDebugParam@CTO_CAMERADlg@@QEAAXXZ 0000000140006d40 f   TO_CAMERADlg.obj
 0001:00005dd0       ?OnBnClickedDebugInit@CTO_CAMERADlg@@QEAAXXZ 0000000140006dd0 f   TO_CAMERADlg.obj
 0001:00005ee0       ?OnBnClickedDebugCheckInit@CTO_CAMERADlg@@QEAAXXZ 0000000140006ee0 f   TO_CAMERADlg.obj
 0001:00005fb0       ?OnBnClickedDebugPlson@CTO_CAMERADlg@@QEAAXXZ 0000000140006fb0 f   TO_CAMERADlg.obj
 0001:00006040       ?OnBnClickedDebugPlsoff@CTO_CAMERADlg@@QEAAXXZ 0000000140007040 f   TO_CAMERADlg.obj
 0001:000060d0       ?OnBnClickedDebugScodeT@CTO_CAMERADlg@@QEAAXXZ 00000001400070d0 f   TO_CAMERADlg.obj
 0001:00006190       ?OnBnClickedDebugScodeB@CTO_CAMERADlg@@QEAAXXZ 0000000140007190 f   TO_CAMERADlg.obj
 0001:00006250       ?OnBnClickedDebugAgc@CTO_CAMERADlg@@QEAAXXZ 0000000140007250 f   TO_CAMERADlg.obj
 0001:000064b0       ?OnBnClickedRoup1@CTO_CAMERADlg@@QEAAXXZ 00000001400074b0 f   TO_CAMERADlg.obj
 0001:00006570       ?OnBnClickedRoup2@CTO_CAMERADlg@@QEAAXXZ 0000000140007570 f   TO_CAMERADlg.obj
 0001:00006630       ?OnBnClickedRoup3@CTO_CAMERADlg@@QEAAXXZ 0000000140007630 f   TO_CAMERADlg.obj
 0001:000066f0       ?OnBnClickedRoup4@CTO_CAMERADlg@@QEAAXXZ 00000001400076f0 f   TO_CAMERADlg.obj
 0001:000067b0       ?OnBnClickedRoup5@CTO_CAMERADlg@@QEAAXXZ 00000001400077b0 f   TO_CAMERADlg.obj
 0001:00006870       ?OnBnClickedRoup6@CTO_CAMERADlg@@QEAAXXZ 0000000140007870 f   TO_CAMERADlg.obj
 0001:00006930       ?OnBnClickedRoup7@CTO_CAMERADlg@@QEAAXXZ 0000000140007930 f   TO_CAMERADlg.obj
 0001:000069f0       ?OnBnClickedRoup8@CTO_CAMERADlg@@QEAAXXZ 00000001400079f0 f   TO_CAMERADlg.obj
 0001:00006ab0       ?OnBnClickedRoup9@CTO_CAMERADlg@@QEAAXXZ 0000000140007ab0 f   TO_CAMERADlg.obj
 0001:00006b70       ?OnBnClickedRoup10@CTO_CAMERADlg@@QEAAXXZ 0000000140007b70 f   TO_CAMERADlg.obj
 0001:00006c30       ?OnBnClickedRoup11@CTO_CAMERADlg@@QEAAXXZ 0000000140007c30 f   TO_CAMERADlg.obj
 0001:00006cf0       ?OnBnClickedRoup12@CTO_CAMERADlg@@QEAAXXZ 0000000140007cf0 f   TO_CAMERADlg.obj
 0001:00006db0       ?OnBnClickedRoup13@CTO_CAMERADlg@@QEAAXXZ 0000000140007db0 f   TO_CAMERADlg.obj
 0001:00006e70       ?OnBnClickedRoup14@CTO_CAMERADlg@@QEAAXXZ 0000000140007e70 f   TO_CAMERADlg.obj
 0001:00006f30       ?OnBnClickedRoup15@CTO_CAMERADlg@@QEAAXXZ 0000000140007f30 f   TO_CAMERADlg.obj
 0001:00006ff0       ?OnBnClickedRoup16@CTO_CAMERADlg@@QEAAXXZ 0000000140007ff0 f   TO_CAMERADlg.obj
 0001:000070b0       ?OnBnClickedRoup17@CTO_CAMERADlg@@QEAAXXZ 00000001400080b0 f   TO_CAMERADlg.obj
 0001:00007170       ?OnBnClickedRoup18@CTO_CAMERADlg@@QEAAXXZ 0000000140008170 f   TO_CAMERADlg.obj
 0001:00007230       ?OnBnClickedRoup19@CTO_CAMERADlg@@QEAAXXZ 0000000140008230 f   TO_CAMERADlg.obj
 0001:000072f0       ?OnBnClickedRoup20@CTO_CAMERADlg@@QEAAXXZ 00000001400082f0 f   TO_CAMERADlg.obj
 0001:000073b0       ?OnBnClickedRoup21@CTO_CAMERADlg@@QEAAXXZ 00000001400083b0 f   TO_CAMERADlg.obj
 0001:00007470       ?OnBnClickedRoup22@CTO_CAMERADlg@@QEAAXXZ 0000000140008470 f   TO_CAMERADlg.obj
 0001:00007530       ?OnBnClickedRoup23@CTO_CAMERADlg@@QEAAXXZ 0000000140008530 f   TO_CAMERADlg.obj
 0001:000075f0       ?OnBnClickedRoup24@CTO_CAMERADlg@@QEAAXXZ 00000001400085f0 f   TO_CAMERADlg.obj
 0001:000076b0       ?OnBnClickedRoup25@CTO_CAMERADlg@@QEAAXXZ 00000001400086b0 f   TO_CAMERADlg.obj
 0001:00007770       ?OnBnClickedRoup26@CTO_CAMERADlg@@QEAAXXZ 0000000140008770 f   TO_CAMERADlg.obj
 0001:00007830       ?OnBnClickedRoup27@CTO_CAMERADlg@@QEAAXXZ 0000000140008830 f   TO_CAMERADlg.obj
 0001:000078f0       ?OnBnClickedRoup28@CTO_CAMERADlg@@QEAAXXZ 00000001400088f0 f   TO_CAMERADlg.obj
 0001:000079b0       ?OnBnClickedRoup29@CTO_CAMERADlg@@QEAAXXZ 00000001400089b0 f   TO_CAMERADlg.obj
 0001:00007a70       ?OnBnClickedRoup30@CTO_CAMERADlg@@QEAAXXZ 0000000140008a70 f   TO_CAMERADlg.obj
 0001:00007b30       ?OnBnClickedRoup31@CTO_CAMERADlg@@QEAAXXZ 0000000140008b30 f   TO_CAMERADlg.obj
 0001:00007bf0       ?OnBnClickedRoup32@CTO_CAMERADlg@@QEAAXXZ 0000000140008bf0 f   TO_CAMERADlg.obj
 0001:00007cb0       ?OnBnClickedRodown1@CTO_CAMERADlg@@QEAAXXZ 0000000140008cb0 f   TO_CAMERADlg.obj
 0001:00007d70       ?OnBnClickedRodown2@CTO_CAMERADlg@@QEAAXXZ 0000000140008d70 f   TO_CAMERADlg.obj
 0001:00007e30       ?OnBnClickedRodown3@CTO_CAMERADlg@@QEAAXXZ 0000000140008e30 f   TO_CAMERADlg.obj
 0001:00007ef0       ?OnBnClickedRodown4@CTO_CAMERADlg@@QEAAXXZ 0000000140008ef0 f   TO_CAMERADlg.obj
 0001:00007fb0       ?OnBnClickedRodown5@CTO_CAMERADlg@@QEAAXXZ 0000000140008fb0 f   TO_CAMERADlg.obj
 0001:00008070       ?OnBnClickedRodown6@CTO_CAMERADlg@@QEAAXXZ 0000000140009070 f   TO_CAMERADlg.obj
 0001:00008130       ?OnBnClickedRodown7@CTO_CAMERADlg@@QEAAXXZ 0000000140009130 f   TO_CAMERADlg.obj
 0001:000081f0       ?OnBnClickedRodown8@CTO_CAMERADlg@@QEAAXXZ 00000001400091f0 f   TO_CAMERADlg.obj
 0001:000082b0       ?OnBnClickedRodown9@CTO_CAMERADlg@@QEAAXXZ 00000001400092b0 f   TO_CAMERADlg.obj
 0001:00008370       ?OnBnClickedRodown10@CTO_CAMERADlg@@QEAAXXZ 0000000140009370 f   TO_CAMERADlg.obj
 0001:00008430       ?OnBnClickedRodown11@CTO_CAMERADlg@@QEAAXXZ 0000000140009430 f   TO_CAMERADlg.obj
 0001:000084f0       ?OnBnClickedRodown12@CTO_CAMERADlg@@QEAAXXZ 00000001400094f0 f   TO_CAMERADlg.obj
 0001:000085b0       ?OnBnClickedRodown13@CTO_CAMERADlg@@QEAAXXZ 00000001400095b0 f   TO_CAMERADlg.obj
 0001:00008670       ?OnBnClickedRodown14@CTO_CAMERADlg@@QEAAXXZ 0000000140009670 f   TO_CAMERADlg.obj
 0001:00008730       ?OnBnClickedRodown15@CTO_CAMERADlg@@QEAAXXZ 0000000140009730 f   TO_CAMERADlg.obj
 0001:000087f0       ?OnBnClickedRodown16@CTO_CAMERADlg@@QEAAXXZ 00000001400097f0 f   TO_CAMERADlg.obj
 0001:000088b0       ?OnBnClickedRodown17@CTO_CAMERADlg@@QEAAXXZ 00000001400098b0 f   TO_CAMERADlg.obj
 0001:00008970       ?OnBnClickedRodown18@CTO_CAMERADlg@@QEAAXXZ 0000000140009970 f   TO_CAMERADlg.obj
 0001:00008a30       ?OnBnClickedRodown19@CTO_CAMERADlg@@QEAAXXZ 0000000140009a30 f   TO_CAMERADlg.obj
 0001:00008af0       ?OnBnClickedRodown20@CTO_CAMERADlg@@QEAAXXZ 0000000140009af0 f   TO_CAMERADlg.obj
 0001:00008bb0       ?OnBnClickedRodown21@CTO_CAMERADlg@@QEAAXXZ 0000000140009bb0 f   TO_CAMERADlg.obj
 0001:00008c70       ?OnBnClickedRodown22@CTO_CAMERADlg@@QEAAXXZ 0000000140009c70 f   TO_CAMERADlg.obj
 0001:00008d30       ?OnBnClickedRodown23@CTO_CAMERADlg@@QEAAXXZ 0000000140009d30 f   TO_CAMERADlg.obj
 0001:00008df0       ?OnBnClickedRodown24@CTO_CAMERADlg@@QEAAXXZ 0000000140009df0 f   TO_CAMERADlg.obj
 0001:00008eb0       ?OnBnClickedRodown25@CTO_CAMERADlg@@QEAAXXZ 0000000140009eb0 f   TO_CAMERADlg.obj
 0001:00008f70       ?OnBnClickedRodown26@CTO_CAMERADlg@@QEAAXXZ 0000000140009f70 f   TO_CAMERADlg.obj
 0001:00009030       ?OnBnClickedRodown27@CTO_CAMERADlg@@QEAAXXZ 000000014000a030 f   TO_CAMERADlg.obj
 0001:000090f0       ?OnBnClickedRodown28@CTO_CAMERADlg@@QEAAXXZ 000000014000a0f0 f   TO_CAMERADlg.obj
 0001:000091b0       ?OnBnClickedRodown29@CTO_CAMERADlg@@QEAAXXZ 000000014000a1b0 f   TO_CAMERADlg.obj
 0001:00009270       ?OnBnClickedRodown30@CTO_CAMERADlg@@QEAAXXZ 000000014000a270 f   TO_CAMERADlg.obj
 0001:00009330       ?OnBnClickedRodown31@CTO_CAMERADlg@@QEAAXXZ 000000014000a330 f   TO_CAMERADlg.obj
 0001:000093f0       ?OnBnClickedRodown32@CTO_CAMERADlg@@QEAAXXZ 000000014000a3f0 f   TO_CAMERADlg.obj
 0001:000094b0       ?OnBnClickedCmdSend@CTO_CAMERADlg@@QEAAXXZ 000000014000a4b0 f   TO_CAMERADlg.obj
 0001:00009560       ??HATL@@YA?AV?$CStringT@DV?$StrTraitMFC_DLL@DV?$ChTraitsCRT@D@ATL@@@@@0@PEBDAEBV10@@Z 000000014000a560 f i TO_CAMERADlg.obj
 0001:000095e0       ?AddToTail@?$ThreadQueue@UCOMMON_QUE@@@KizuLib@@QEAAHPEAUCOMMON_QUE@@@Z 000000014000a5e0 f i TO_CAMERADlg.obj
 0001:000096f0       ?_Growmap@?$deque@PEADV?$allocator@PEAD@std@@@std@@IEAAX_K@Z 000000014000a6f0 f i KizuLibMFC:LogFileManager.obj
 0001:000096f0       ?_Growmap@?$deque@PEAUCOMMON_QUE@@V?$allocator@PEAUCOMMON_QUE@@@std@@@std@@IEAAX_K@Z 000000014000a6f0 f i TO_CAMERADlg.obj
 0001:000098d0       ?Create@CDialog@@UEAAHIPEAVCWnd@@@Z 000000014000a8d0 f i TO_CAMERADlg.obj
 0001:000098e0       ??_GCComboBox@@UEAAPEAXI@Z 000000014000a8e0 f i TO_CAMERADlg.obj
 0001:000098e0       ??_ECComboBox@@UEAAPEAXI@Z 000000014000a8e0 f i * CIL library *:* CIL module *
 0001:00009930       ??_GCListBox@@UEAAPEAXI@Z  000000014000a930 f i TO_CAMERADlg.obj
 0001:00009930       ??_ECListBox@@UEAAPEAXI@Z  000000014000a930 f i * CIL library *:* CIL module *
 0001:00009980       ?BeginModalState@CWnd@@UEAAXXZ 000000014000a980 f i TO_CAMERADlg.obj
 0001:00009990       ?EndModalState@CWnd@@UEAAXXZ 000000014000a990 f i TO_CAMERADlg.obj
 0001:000099a0       ??0Rs232cBase@Kizu232C@@QEAA@PEBD0KKKK_N@Z 000000014000a9a0 f   Kizu232C:Rs232cBase.obj
 0001:0000a040       ??_GRs232cBase@Kizu232C@@UEAAPEAXI@Z 000000014000b040 f i Kizu232C:Rs232cBase.obj
 0001:0000a040       ??_ERs232cBase@Kizu232C@@UEAAPEAXI@Z 000000014000b040 f i * CIL library *:* CIL module *
 0001:0000a080       ??1Rs232cBase@Kizu232C@@UEAA@XZ 000000014000b080 f   Kizu232C:Rs232cBase.obj
 0001:0000a160       ?Send@Rs232cBase@Kizu232C@@QEAAHPEBXKPEAX@Z 000000014000b160 f   Kizu232C:Rs232cBase.obj
 0001:0000a1e0       ?MainThread@Rs232cBase@Kizu232C@@CAIPEAX@Z 000000014000b1e0 f   Kizu232C:Rs232cBase.obj
 0001:0000a6d0       ??0exception@std@@QEAA@AEBV01@@Z 000000014000b6d0 f i KizuLibMFC:LogFileManager.obj
 0001:0000a710       ?what@exception@std@@UEBAPEBDXZ 000000014000b710 f i KizuLibMFC:LogFileManager.obj
 0001:0000a730       ??_Gbad_cast@std@@UEAAPEAXI@Z 000000014000b730 f i KizuLibMFC:LogFileManager.obj
 0001:0000a730       ??_Ebad_cast@std@@UEAAPEAXI@Z 000000014000b730 f i * CIL library *:* CIL module *
 0001:0000a730       ??_Eexception@std@@UEAAPEAXI@Z 000000014000b730 f i * CIL library *:* CIL module *
 0001:0000a730       ??_Gexception@std@@UEAAPEAXI@Z 000000014000b730 f i KizuLibMFC:LogFileManager.obj
 0001:0000a780       ??1bad_cast@std@@UEAA@XZ   000000014000b780 f i KizuLibMFC:LogFileManager.obj
 0001:0000a7a0       ??1locale@std@@QEAA@XZ     000000014000b7a0 f i KizuLibMFC:LogFileManager.obj
 0001:0000a7e0       ??1AutoLock@KizuLib@@UEAA@XZ 000000014000b7e0 f i KizuLibMFC:LogFileManager.obj
 0001:0000a810       ??_EAutoLock@KizuLib@@UEAAPEAXI@Z 000000014000b810 f i * CIL library *:* CIL module *
 0001:0000a810       ??_GAutoLock@KizuLib@@UEAAPEAXI@Z 000000014000b810 f i KizuLibMFC:LogFileManager.obj
 0001:0000a870       ?GetNowLogPath@LogFileManager@KizuLib@@QEAA?AV?$CStringT@DV?$StrTraitMFC_DLL@DV?$ChTraitsCRT@D@ATL@@@@@ATL@@XZ 000000014000b870 f i KizuLibMFC:LogFileManager.obj
 0001:0000a8a0       ??0LogFileManager@KizuLib@@QEAA@PEBDPEAVCListBox@@HH@Z 000000014000b8a0 f   KizuLibMFC:LogFileManager.obj
 0001:0000ac70       ??_ELogFileManager@KizuLib@@UEAAPEAXI@Z 000000014000bc70 f i * CIL library *:* CIL module *
 0001:0000ac70       ??_GLogFileManager@KizuLib@@UEAAPEAXI@Z 000000014000bc70 f i KizuLibMFC:LogFileManager.obj
 0001:0000acb0       ??_D?$basic_ofstream@DU?$char_traits@D@std@@@std@@QEAAXXZ 000000014000bcb0 f i KizuLibMFC:LogFileManager.obj
 0001:0000ad20       ??1LogFileManager@KizuLib@@UEAA@XZ 000000014000bd20 f   KizuLibMFC:LogFileManager.obj
 0001:0000af00       ?Write@LogFileManager@KizuLib@@QEAAXW4LNO@12@PEBDZZ 000000014000bf00 f   KizuLibMFC:LogFileManager.obj
 0001:0000b1c0       ?WriteFile@LogFileManager@KizuLib@@QEAAXPEBD@Z 000000014000c1c0 f   KizuLibMFC:LogFileManager.obj
 0001:0000b340       ?WriteList@LogFileManager@KizuLib@@AEAAXPEBD@Z 000000014000c340 f   KizuLibMFC:LogFileManager.obj
 0001:0000b430       ?AllGetQueue@LogFileManager@KizuLib@@QEAAHXZ 000000014000c430 f   KizuLibMFC:LogFileManager.obj
 0001:0000b4d0       ?ShowEdit@LogFileManager@KizuLib@@QEAAXXZ 000000014000c4d0 f   KizuLibMFC:LogFileManager.obj
 0001:0000b5b0       ?MainThread@LogFileManager@KizuLib@@CAIPEAX@Z 000000014000c5b0 f   KizuLibMFC:LogFileManager.obj
 0001:0000b6b0       ??1?$basic_string@DU?$char_traits@D@std@@V?$allocator@D@2@@std@@QEAA@XZ 000000014000c6b0 f i KizuLibMFC:LogFileManager.obj
 0001:0000b740       ??0?$basic_ofstream@DU?$char_traits@D@std@@@std@@QEAA@XZ 000000014000c740 f i KizuLibMFC:LogFileManager.obj
 0001:0000b820       ?imbue@?$basic_filebuf@DU?$char_traits@D@std@@@std@@MEAAXAEBVlocale@2@@Z 000000014000c820 f i KizuLibMFC:LogFileManager.obj
 0001:0000b870       ?sync@?$basic_filebuf@DU?$char_traits@D@std@@@std@@MEAAHXZ 000000014000c870 f i KizuLibMFC:LogFileManager.obj
 0001:0000b8c0       ?setbuf@?$basic_filebuf@DU?$char_traits@D@std@@@std@@MEAAPEAV?$basic_streambuf@DU?$char_traits@D@std@@@2@PEAD_J@Z 000000014000c8c0 f i KizuLibMFC:LogFileManager.obj
 0001:0000b9b0       ?seekpos@?$basic_filebuf@DU?$char_traits@D@std@@@std@@MEAA?AV?$fpos@U_Mbstatet@@@2@V32@H@Z 000000014000c9b0 f i KizuLibMFC:LogFileManager.obj
 0001:0000baa0       ?seekoff@?$basic_filebuf@DU?$char_traits@D@std@@@std@@MEAA?AV?$fpos@U_Mbstatet@@@2@_JHH@Z 000000014000caa0 f i KizuLibMFC:LogFileManager.obj
 0001:0000bba0       ?uflow@?$basic_filebuf@DU?$char_traits@D@std@@@std@@MEAAHXZ 000000014000cba0 f i KizuLibMFC:LogFileManager.obj
 0001:0000bf70       ?underflow@?$basic_filebuf@DU?$char_traits@D@std@@@std@@MEAAHXZ 000000014000cf70 f i KizuLibMFC:LogFileManager.obj
 0001:0000bfe0       ?pbackfail@?$basic_filebuf@DU?$char_traits@D@std@@@std@@MEAAHH@Z 000000014000cfe0 f i KizuLibMFC:LogFileManager.obj
 0001:0000c0c0       ?overflow@?$basic_filebuf@DU?$char_traits@D@std@@@std@@MEAAHH@Z 000000014000d0c0 f i KizuLibMFC:LogFileManager.obj
 0001:0000c430       ?_Unlock@?$basic_filebuf@DU?$char_traits@D@std@@@std@@UEAAXXZ 000000014000d430 f i KizuLibMFC:LogFileManager.obj
 0001:0000c450       ?_Lock@?$basic_filebuf@DU?$char_traits@D@std@@@std@@UEAAXXZ 000000014000d450 f i KizuLibMFC:LogFileManager.obj
 0001:0000c470       ??1?$basic_filebuf@DU?$char_traits@D@std@@@std@@UEAA@XZ 000000014000d470 f i KizuLibMFC:LogFileManager.obj
 0001:0000c4f0       ??_G?$basic_ofstream@DU?$char_traits@D@std@@@std@@UEAAPEAXI@Z 000000014000d4f0 f i KizuLibMFC:LogFileManager.obj
 0001:0000c4f0       ??_E?$basic_ofstream@DU?$char_traits@D@std@@@std@@UEAAPEAXI@Z 000000014000d4f0 f i * CIL library *:* CIL module *
 0001:0000c590       ??_E?$basic_filebuf@DU?$char_traits@D@std@@@std@@UEAAPEAXI@Z 000000014000d590 f i * CIL library *:* CIL module *
 0001:0000c590       ??_G?$basic_filebuf@DU?$char_traits@D@std@@@std@@UEAAPEAXI@Z 000000014000d590 f i KizuLibMFC:LogFileManager.obj
 0001:0000c5d0       ?_Reset_back@?$basic_filebuf@DU?$char_traits@D@std@@@std@@AEAAXXZ 000000014000d5d0 f i KizuLibMFC:LogFileManager.obj
 0001:0000c600       ?_Endwrite@?$basic_filebuf@DU?$char_traits@D@std@@@std@@IEAA_NXZ 000000014000d600 f i KizuLibMFC:LogFileManager.obj
 0001:0000c880       ?close@?$basic_filebuf@DU?$char_traits@D@std@@@std@@QEAAPEAV12@XZ 000000014000d880 f i KizuLibMFC:LogFileManager.obj
 0001:0000c900       ?open@?$basic_filebuf@DU?$char_traits@D@std@@@std@@QEAAPEAV12@PEBDHH@Z 000000014000d900 f i KizuLibMFC:LogFileManager.obj
 0001:0000ca40       ?_Copy@?$basic_string@DU?$char_traits@D@std@@V?$allocator@D@2@@std@@QEAAX_K0@Z 000000014000da40 f i KizuLibMFC:LogFileManager.obj
 0001:0000cba0       ??0?$ThreadQueue@D@KizuLib@@QEAA@H@Z 000000014000dba0 f i KizuLibMFC:LogFileManager.obj
 0001:0000cc50       ??1?$ThreadQueue@D@KizuLib@@UEAA@XZ 000000014000dc50 f i KizuLibMFC:LogFileManager.obj
 0001:0000ccb0       ?Free@?$ThreadQueue@D@KizuLib@@QEAAXXZ 000000014000dcb0 f i KizuLibMFC:LogFileManager.obj
 0001:0000cd30       ??$?6U?$char_traits@D@std@@@std@@YAAEAV?$basic_ostream@DU?$char_traits@D@std@@@0@AEAV10@PEBD@Z 000000014000dd30 f i KizuLibMFC:LogFileManager.obj
 0001:0000cf00       ??$endl@DU?$char_traits@D@std@@@std@@YAAEAV?$basic_ostream@DU?$char_traits@D@std@@@0@AEAV10@@Z 000000014000df00 f i KizuLibMFC:LogFileManager.obj
 0001:0000cf40       ??$use_facet@V?$codecvt@DDU_Mbstatet@@@std@@@std@@YAAEBV?$codecvt@DDU_Mbstatet@@@0@AEBVlocale@0@@Z 000000014000df40 f i KizuLibMFC:LogFileManager.obj
 0001:0000d050       ??0bad_cast@std@@QEAA@AEBV01@@Z 000000014000e050 f i KizuLibMFC:LogFileManager.obj
 0001:0000d090       ??_G?$ThreadQueue@D@KizuLib@@UEAAPEAXI@Z 000000014000e090 f i KizuLibMFC:LogFileManager.obj
 0001:0000d090       ??_E?$ThreadQueue@D@KizuLib@@UEAAPEAXI@Z 000000014000e090 f i * CIL library *:* CIL module *
 0001:0000d120       ?push_back@?$deque@PEADV?$allocator@PEAD@std@@@std@@QEAAXAEBQEAD@Z 000000014000e120 f i KizuLibMFC:LogFileManager.obj
 0001:0000d1f0       ??1sentry@?$basic_ostream@DU?$char_traits@D@std@@@std@@QEAA@XZ 000000014000e1f0 f i KizuLibMFC:LogFileManager.obj
 0001:0000d240       ??1_Sentry_base@?$basic_ostream@DU?$char_traits@D@std@@@std@@QEAA@XZ 000000014000e240 f i KizuLibMFC:LogFileManager.obj
 0001:0000d270       ??_E?$basic_ofstream@DU?$char_traits@D@std@@@std@@$4PPPPPPPM@A@EAAPEAXI@Z 000000014000e270 f i KizuLibMFC:LogFileManager.obj
 0001:0000d280       ??_EWorkThread@KizuLib@@UEAAPEAXI@Z 000000014000e280 f i * CIL library *:* CIL module *
 0001:0000d280       ??_GWorkThread@KizuLib@@UEAAPEAXI@Z 000000014000e280 f i KizuLib:WorkThread.obj
 0001:0000d2d0       ??1WorkThread@KizuLib@@UEAA@XZ 000000014000e2d0 f   KizuLib:WorkThread.obj
 0001:0000d2f0       ?MainThread@WorkThread@KizuLib@@MEAAIXZ 000000014000e2f0 f   KizuLib:WorkThread.obj
 0001:0000d300       ?StopMSG@WorkThread@KizuLib@@QEAAXHH@Z 000000014000e300 f   KizuLib:WorkThread.obj
 0001:0000d380       ?task_init@@YAHPEBDH@Z     000000014000e380 f   KizuLib:KizuLib.obj
 0001:0000d480       ?syslog@@YAHJPEBDZZ        000000014000e480 f   KizuLib:KizuLib.obj
 0001:0000d610       ?statelog@@YAHJJJPEBDZZ    000000014000e610 f   KizuLib:KizuLib.obj
 0001:0000d7a0       ?SetStatus@KizuFunction@KizuLib@@SA_NHH_NPEBD@Z 000000014000e7a0 f   KizuLib:KizuFunction.obj
 0001:0000daf0       ??0KizuPcInfManager@KizuLib@@QEAA@H@Z 000000014000eaf0 f   KizuLib:KizuPcInfManager.obj
 0001:0000dbd0       ??_EKizuPcInfManager@KizuLib@@UEAAPEAXI@Z 000000014000ebd0 f i * CIL library *:* CIL module *
 0001:0000dbd0       ??_GKizuPcInfManager@KizuLib@@UEAAPEAXI@Z 000000014000ebd0 f i KizuLib:KizuPcInfManager.obj
 0001:0000dc00       ?SetPcName@KizuPcInfManager@KizuLib@@QEAA_NPEADPEBD1@Z 000000014000ec00 f   KizuLib:KizuPcInfManager.obj
 0001:0000e180       ?GetError@MailSlotManager@KizuLib@@UEAAHXZ 000000014000f180 f i KizuLib:MailSlotManager.obj
 0001:0000e190       ??_GMailSlotManager@KizuLib@@UEAAPEAXI@Z 000000014000f190 f i KizuLib:MailSlotManager.obj
 0001:0000e190       ??_EMailSlotManager@KizuLib@@UEAAPEAXI@Z 000000014000f190 f i * CIL library *:* CIL module *
 0001:0000e1f0       ?SendMail@MailSlotManager@KizuLib@@SAHPEBD0PEBXK@Z 000000014000f1f0 f   KizuLib:MailSlotManager.obj
 0001:0000e2f0       ?Create@MailSlotManager@KizuLib@@QEAA_NPEBDK@Z 000000014000f2f0 f   KizuLib:MailSlotManager.obj
 0001:0000e370       ?Recv@MailSlotManager@KizuLib@@UEAAHPEAXK@Z 000000014000f370 f   KizuLib:MailSlotManager.obj
 0001:0000e430       ?Send@MailSlotManager@KizuLib@@UEAAHPEBXK@Z 000000014000f430 f   KizuLib:MailSlotManager.obj
 0001:0000e470       ?Recv@MailSlotManager@KizuLib@@UEAA_NPEAXKPEAU_OVERLAPPED@@@Z 000000014000f470 f   KizuLib:MailSlotManager.obj
 0001:0000e4c0       ?Send@MailSlotManager@KizuLib@@UEAA_NPEBXKPEAU_OVERLAPPED@@@Z 000000014000f4c0 f   KizuLib:MailSlotManager.obj
 0001:0000e510       ?GetResult@MailSlotManager@KizuLib@@UEAA_NPEAU_OVERLAPPED@@@Z 000000014000f510 f   KizuLib:MailSlotManager.obj
 0001:0000e550       ??_EOdbcBase@KizuODBC@@UEAAPEAXI@Z 000000014000f550 f i * CIL library *:* CIL module *
 0001:0000e550       ??_GOdbcBase@KizuODBC@@UEAAPEAXI@Z 000000014000f550 f i KizuODBC:OdbcBase.obj
 0001:0000e5c0       ??1OdbcBase@KizuODBC@@UEAA@XZ 000000014000f5c0 f   KizuODBC:OdbcBase.obj
 0001:0000e610       ?DisConnect@OdbcBase@KizuODBC@@QEAAXXZ 000000014000f610 f   KizuODBC:OdbcBase.obj
 0001:0000e680       ??0OdbcEnv@KizuODBC@@AEAA@XZ 000000014000f680 f   KizuODBC:OdbcEnv.obj
 0001:0000e740       ??_GOdbcEnv@KizuODBC@@UEAAPEAXI@Z 000000014000f740 f i KizuODBC:OdbcEnv.obj
 0001:0000e740       ??_EOdbcEnv@KizuODBC@@UEAAPEAXI@Z 000000014000f740 f i * CIL library *:* CIL module *
 0001:0000e7a0       ?GetErrMsg@OdbcEnv@KizuODBC@@QEAAXXZ 000000014000f7a0 f   KizuODBC:OdbcEnv.obj
 0001:0000e820       ??_GOdbcManager@KizuODBC@@UEAAPEAXI@Z 000000014000f820 f i KizuODBC:OdbcManager.obj
 0001:0000e820       ??_EOdbcManager@KizuODBC@@UEAAPEAXI@Z 000000014000f820 f i * CIL library *:* CIL module *
 0001:0000e860       ??1OdbcManager@KizuODBC@@UEAA@XZ 000000014000f860 f   KizuODBC:OdbcManager.obj
 0001:0000e920       ?Alloc@OdbcManager@KizuODBC@@IEAAXXZ 000000014000f920 f   KizuODBC:OdbcManager.obj
 0001:0000ea40       ?Connect@OdbcManager@KizuODBC@@QEAAHPEBD0@Z 000000014000fa40 f   KizuODBC:OdbcManager.obj
 0001:0000eb40       ?Connect@OdbcManager@KizuODBC@@QEAAHPEBD00@Z 000000014000fb40 f   KizuODBC:OdbcManager.obj
 0001:0000ecb0       ?DisConnect@OdbcManager@KizuODBC@@QEAAXXZ 000000014000fcb0 f   KizuODBC:OdbcManager.obj
 0001:0000ed20       ?ExecuteDirect@OdbcManager@KizuODBC@@QEAAFPEBD@Z 000000014000fd20 f   KizuODBC:OdbcManager.obj
 0001:0000edc0       ?GetErrMsg@OdbcManager@KizuODBC@@QEAAXXZ 000000014000fdc0 f   KizuODBC:OdbcManager.obj
 0001:0000ee60       ?GetErrMsg@OdbcManager@KizuODBC@@QEAAXF@Z 000000014000fe60 f   KizuODBC:OdbcManager.obj
 0001:0000ef12       ??3@YAXPEAX@Z              000000014000ff12 f   mfc140:mfc140.dll
 0001:0000ef18       ??2@YAPEAX_K@Z             000000014000ff18 f   mfc140:mfc140.dll
 0001:0000ef1e       ?OnHelp@CWinApp@@IEAAXXZ   000000014000ff1e f   mfc140:mfc140.dll
 0001:0000ef24       ?GetThisMessageMap@CWinApp@@KAPEBUAFX_MSGMAP@@XZ 000000014000ff24 f   mfc140:mfc140.dll
 0001:0000ef2a       ?DoModal@CDialog@@UEAA_JXZ 000000014000ff2a f   mfc140:mfc140.dll
 0001:0000ef30       ?GetRuntimeClass@CWinApp@@UEBAPEAUCRuntimeClass@@XZ 000000014000ff30 f   mfc140:mfc140.dll
 0001:0000ef36       ?OnCmdMsg@CCmdTarget@@UEAAHIHPEAXPEAUAFX_CMDHANDLERINFO@@@Z 000000014000ff36 f   mfc140:mfc140.dll
 0001:0000ef3c       ?OnFinalRelease@CCmdTarget@@UEAAXXZ 000000014000ff3c f   mfc140:mfc140.dll
 0001:0000ef42       ?IsInvokeAllowed@CCmdTarget@@UEAAHJ@Z 000000014000ff42 f   mfc140:mfc140.dll
 0001:0000ef48       ?GetDispatchIID@CCmdTarget@@UEAAHPEAU_GUID@@@Z 000000014000ff48 f   mfc140:mfc140.dll
 0001:0000ef4e       ?GetTypeInfoCount@CCmdTarget@@UEAAIXZ 000000014000ff4e f   mfc140:mfc140.dll
 0001:0000ef54       ?GetTypeLibCache@CCmdTarget@@UEAAPEAVCTypeLibCache@@XZ 000000014000ff54 f   mfc140:mfc140.dll
 0001:0000ef5a       ?GetTypeLib@CCmdTarget@@UEAAJKPEAPEAUITypeLib@@@Z 000000014000ff5a f   mfc140:mfc140.dll
 0001:0000ef60       ?GetCommandMap@CCmdTarget@@MEBAPEBUAFX_OLECMDMAP@@XZ 000000014000ff60 f   mfc140:mfc140.dll
 0001:0000ef66       ?GetDispatchMap@CCmdTarget@@MEBAPEBUAFX_DISPMAP@@XZ 000000014000ff66 f   mfc140:mfc140.dll
 0001:0000ef6c       ?GetConnectionMap@CCmdTarget@@MEBAPEBUAFX_CONNECTIONMAP@@XZ 000000014000ff6c f   mfc140:mfc140.dll
 0001:0000ef72       ?GetInterfaceMap@CCmdTarget@@MEBAPEBUAFX_INTERFACEMAP@@XZ 000000014000ff72 f   mfc140:mfc140.dll
 0001:0000ef78       ?GetEventSinkMap@CCmdTarget@@MEBAPEBUAFX_EVENTSINKMAP@@XZ 000000014000ff78 f   mfc140:mfc140.dll
 0001:0000ef7e       ?OnCreateAggregates@CCmdTarget@@UEAAHXZ 000000014000ff7e f   mfc140:mfc140.dll
 0001:0000ef84       ?GetInterfaceHook@CCmdTarget@@UEAAPEAUIUnknown@@PEBX@Z 000000014000ff84 f   mfc140:mfc140.dll
 0001:0000ef8a       ?GetExtraConnectionPoints@CCmdTarget@@MEAAHPEAVCPtrArray@@@Z 000000014000ff8a f   mfc140:mfc140.dll
 0001:0000ef90       ?GetConnectionHook@CCmdTarget@@MEAAPEAUIConnectionPoint@@AEBU_GUID@@@Z 000000014000ff90 f   mfc140:mfc140.dll
 0001:0000ef96       ?Run@CWinApp@@UEAAHXZ      000000014000ff96 f   mfc140:mfc140.dll
 0001:0000ef9c       ?PreTranslateMessage@CWinThread@@UEAAHPEAUtagMSG@@@Z 000000014000ff9c f   mfc140:mfc140.dll
 0001:0000efa2       ?PumpMessage@CWinThread@@UEAAHXZ 000000014000ffa2 f   mfc140:mfc140.dll
 0001:0000efa8       ?OnIdle@CWinApp@@UEAAHJ@Z  000000014000ffa8 f   mfc140:mfc140.dll
 0001:0000efae       ?IsIdleMessage@CWinThread@@UEAAHPEAUtagMSG@@@Z 000000014000ffae f   mfc140:mfc140.dll
 0001:0000efb4       ?ExitInstance@CWinApp@@UEAAHXZ 000000014000ffb4 f   mfc140:mfc140.dll
 0001:0000efba       ?ProcessWndProcException@CWinApp@@UEAA_JPEAVCException@@PEBUtagMSG@@@Z 000000014000ffba f   mfc140:mfc140.dll
 0001:0000efc0       ?ProcessMessageFilter@CWinThread@@UEAAHHPEAUtagMSG@@@Z 000000014000ffc0 f   mfc140:mfc140.dll
 0001:0000efc6       ?GetMainWnd@CWinThread@@UEAAPEAVCWnd@@XZ 000000014000ffc6 f   mfc140:mfc140.dll
 0001:0000efcc       ?Delete@CWinThread@@UEAAXXZ 000000014000ffcc f   mfc140:mfc140.dll
 0001:0000efd2       ?GetProfileIntA@CWinApp@@UEAAIPEBD0H@Z 000000014000ffd2 f   mfc140:mfc140.dll
 0001:0000efd8       ?WriteProfileInt@CWinApp@@UEAAHPEBD0H@Z 000000014000ffd8 f   mfc140:mfc140.dll
 0001:0000efde       ?GetProfileStringA@CWinApp@@UEAA?AV?$CStringT@DV?$StrTraitMFC_DLL@DV?$ChTraitsCRT@D@ATL@@@@@ATL@@PEBD00@Z 000000014000ffde f   mfc140:mfc140.dll
 0001:0000efe4       ?WriteProfileStringA@CWinApp@@UEAAHPEBD00@Z 000000014000ffe4 f   mfc140:mfc140.dll
 0001:0000efea       ?GetProfileBinary@CWinApp@@UEAAHPEBD0PEAPEAEPEAI@Z 000000014000ffea f   mfc140:mfc140.dll
 0001:0000eff0       ?WriteProfileBinary@CWinApp@@UEAAHPEBD0PEAEI@Z 000000014000fff0 f   mfc140:mfc140.dll
 0001:0000eff6       ?InitLibId@CWinApp@@UEAAXXZ 000000014000fff6 f   mfc140:mfc140.dll
 0001:0000effc       ?Register@CWinApp@@UEAAHXZ 000000014000fffc f   mfc140:mfc140.dll
 0001:0000f002       ?Unregister@CWinApp@@UEAAHXZ 0000000140010002 f   mfc140:mfc140.dll
 0001:0000f008       ?OpenDocumentFile@CWinApp@@UEAAPEAVCDocument@@PEBDH@Z 0000000140010008 f   mfc140:mfc140.dll
 0001:0000f00e       ?OpenDocumentFile@CWinApp@@UEAAPEAVCDocument@@PEBD@Z 000000014001000e f   mfc140:mfc140.dll
 0001:0000f014       ?AddToRecentFileList@CWinApp@@UEAAXPEBD@Z 0000000140010014 f   mfc140:mfc140.dll
 0001:0000f01a       ?InitApplication@CWinApp@@UEAAHXZ 000000014001001a f   mfc140:mfc140.dll
 0001:0000f020       ?SaveAllModified@CWinApp@@UEAAHXZ 0000000140010020 f   mfc140:mfc140.dll
 0001:0000f026       ?DoMessageBox@CWinApp@@UEAAHPEBDII@Z 0000000140010026 f   mfc140:mfc140.dll
 0001:0000f02c       ?DoWaitCursor@CWinApp@@UEAAXH@Z 000000014001002c f   mfc140:mfc140.dll
 0001:0000f032       ?OnDDECommand@CWinApp@@UEAAHPEAD@Z 0000000140010032 f   mfc140:mfc140.dll
 0001:0000f038       ?WinHelpA@CWinApp@@UEAAX_KI@Z 0000000140010038 f   mfc140:mfc140.dll
 0001:0000f03e       ?HtmlHelpA@CWinApp@@UEAAX_KI@Z 000000014001003e f   mfc140:mfc140.dll
 0001:0000f044       ?WinHelpInternal@CWinApp@@UEAAX_KI@Z 0000000140010044 f   mfc140:mfc140.dll
 0001:0000f04a       ?RegisterWithRestartManager@CWinApp@@UEAAJPEB_WKP6AKPEAX@Z1KK@Z 000000014001004a f   mfc140:mfc140.dll
 0001:0000f050       ?RegisterWithRestartManager@CWinApp@@UEAAJHAEBV?$CStringT@DV?$StrTraitMFC_DLL@DV?$ChTraitsCRT@D@ATL@@@@@ATL@@@Z 0000000140010050 f   mfc140:mfc140.dll
 0001:0000f056       ?ApplicationRecoveryCallback@CWinApp@@UEAAKPEAX@Z 0000000140010056 f   mfc140:mfc140.dll
 0001:0000f05c       ?GetDataRecoveryHandler@CWinApp@@UEAAPEAVCDataRecoveryHandler@@XZ 000000014001005c f   mfc140:mfc140.dll
 0001:0000f062       ?IsTaskbarInteractionEnabled@CWinApp@@UEAAHXZ 0000000140010062 f   mfc140:mfc140.dll
 0001:0000f068       ?RestartInstance@CWinApp@@UEAAHXZ 0000000140010068 f   mfc140:mfc140.dll
 0001:0000f06e       ?LoadAppLangResourceDLL@CWinApp@@UEAAPEAUHINSTANCE__@@XZ 000000014001006e f   mfc140:mfc140.dll
 0001:0000f074       ?LoadSysPolicies@CWinApp@@UEAAHXZ 0000000140010074 f   mfc140:mfc140.dll
 0001:0000f07a       ?CharToItem@CListBox@@UEAAHII@Z 000000014001007a f   mfc140:mfc140.dll
 0001:0000f080       ?VKeyToItem@CListBox@@UEAAHII@Z 0000000140010080 f   mfc140:mfc140.dll
 0001:0000f086       ?DeleteItem@CListBox@@UEAAXPEAUtagDELETEITEMSTRUCT@@@Z 0000000140010086 f   mfc140:mfc140.dll
 0001:0000f08c       ?CompareItem@CListBox@@UEAAHPEAUtagCOMPAREITEMSTRUCT@@@Z 000000014001008c f   mfc140:mfc140.dll
 0001:0000f092       ?MeasureItem@CListBox@@UEAAXPEAUtagMEASUREITEMSTRUCT@@@Z 0000000140010092 f   mfc140:mfc140.dll
 0001:0000f098       ?DrawItem@CListBox@@UEAAXPEAUtagDRAWITEMSTRUCT@@@Z 0000000140010098 f   mfc140:mfc140.dll
 0001:0000f09e       ?Create@CListBox@@UEAAHKAEBUtagRECT@@PEAVCWnd@@I@Z 000000014001009e f   mfc140:mfc140.dll
 0001:0000f0a4       ?GetOccDialogInfo@CWnd@@MEAAPEAU_AFX_OCC_DIALOG_INFO@@XZ 00000001400100a4 f   mfc140:mfc140.dll
 0001:0000f0aa       ?SetOccDialogInfo@CWnd@@MEAAHPEAU_AFX_OCC_DIALOG_INFO@@@Z 00000001400100aa f   mfc140:mfc140.dll
 0001:0000f0b0       ?CreateControlSite@CWnd@@MEAAHPEAVCOleControlContainer@@PEAPEAVCOleControlSite@@IAEBU_GUID@@@Z 00000001400100b0 f   mfc140:mfc140.dll
 0001:0000f0b6       ?CreateControlContainer@CWnd@@MEAAHPEAPEAVCOleControlContainer@@@Z 00000001400100b6 f   mfc140:mfc140.dll
 0001:0000f0bc       ?IsFrameWnd@CWnd@@UEBAHXZ  00000001400100bc f   mfc140:mfc140.dll
 0001:0000f0c2       ?CheckAutoCenter@CWnd@@UEAAHXZ 00000001400100c2 f   mfc140:mfc140.dll
 0001:0000f0c8       ?ResizeDynamicLayout@CWnd@@MEAAXXZ 00000001400100c8 f   mfc140:mfc140.dll
 0001:0000f0ce       ?OnGesturePressAndTap@CWnd@@MEAAHVCPoint@@J@Z 00000001400100ce f   mfc140:mfc140.dll
 0001:0000f0d4       ?OnGestureTwoFingerTap@CWnd@@MEAAHVCPoint@@@Z 00000001400100d4 f   mfc140:mfc140.dll
 0001:0000f0da       ?OnGestureRotate@CWnd@@MEAAHVCPoint@@N@Z 00000001400100da f   mfc140:mfc140.dll
 0001:0000f0e0       ?OnGesturePan@CWnd@@MEAAHVCPoint@@0@Z 00000001400100e0 f   mfc140:mfc140.dll
 0001:0000f0e6       ?OnGestureZoom@CWnd@@MEAAHVCPoint@@J@Z 00000001400100e6 f   mfc140:mfc140.dll
 0001:0000f0ec       ?GetGestureStatus@CWnd@@MEAAKVCPoint@@@Z 00000001400100ec f   mfc140:mfc140.dll
 0001:0000f0f2       ?OnTouchInput@CWnd@@MEAAHVCPoint@@HHPEAUtagTOUCHINPUT@@@Z 00000001400100f2 f   mfc140:mfc140.dll
 0001:0000f0f8       ?OnTouchInputs@CWnd@@MEAAHIPEAUtagTOUCHINPUT@@@Z 00000001400100f8 f   mfc140:mfc140.dll
 0001:0000f0fe       ?OnChildNotify@CListBox@@MEAAHI_K_JPEA_J@Z 00000001400100fe f   mfc140:mfc140.dll
 0001:0000f104       ?PostNcDestroy@CWnd@@MEAAXXZ 0000000140010104 f   mfc140:mfc140.dll
 0001:0000f10a       ?DefWindowProcA@CWnd@@MEAA_JI_K_J@Z 000000014001010a f   mfc140:mfc140.dll
 0001:0000f110       ?OnWndMsg@CWnd@@MEAAHI_K_JPEA_J@Z 0000000140010110 f   mfc140:mfc140.dll
 0001:0000f116       ?WindowProc@CWnd@@MEAA_JI_K_J@Z 0000000140010116 f   mfc140:mfc140.dll
 0001:0000f11c       ?OnAmbientProperty@CWnd@@UEAAHPEAVCOleControlSite@@JPEAUtagVARIANT@@@Z 000000014001011c f   mfc140:mfc140.dll
 0001:0000f122       ?PreTranslateMessage@CWnd@@UEAAHPEAUtagMSG@@@Z 0000000140010122 f   mfc140:mfc140.dll
 0001:0000f128       ?GetSuperWndProcAddr@CWnd@@MEAAPEAP6A_JPEAUHWND__@@I_K_J@ZXZ 0000000140010128 f   mfc140:mfc140.dll
 0001:0000f12e       ?OnNotify@CWnd@@MEAAH_K_JPEA_J@Z 000000014001012e f   mfc140:mfc140.dll
 0001:0000f134       ?OnCommand@CWnd@@MEAAH_K_J@Z 0000000140010134 f   mfc140:mfc140.dll
 0001:0000f13a       ?CreateAccessibleProxy@CWnd@@UEAAJ_K_JPEA_J@Z 000000014001013a f   mfc140:mfc140.dll
 0001:0000f140       ?SetProxy@CWnd@@UEAAJPEAUIAccessibleProxy@@@Z 0000000140010140 f   mfc140:mfc140.dll
 0001:0000f146       ?put_accValue@CWnd@@UEAAJUtagVARIANT@@PEA_W@Z 0000000140010146 f   mfc140:mfc140.dll
 0001:0000f14c       ?put_accName@CWnd@@UEAAJUtagVARIANT@@PEA_W@Z 000000014001014c f   mfc140:mfc140.dll
 0001:0000f152       ?accDoDefaultAction@CWnd@@UEAAJUtagVARIANT@@@Z 0000000140010152 f   mfc140:mfc140.dll
 0001:0000f158       ?accHitTest@CWnd@@UEAAJJJPEAUtagVARIANT@@@Z 0000000140010158 f   mfc140:mfc140.dll
 0001:0000f15e       ?accNavigate@CWnd@@UEAAJJUtagVARIANT@@PEAU2@@Z 000000014001015e f   mfc140:mfc140.dll
 0001:0000f164       ?accLocation@CWnd@@UEAAJPEAJ000UtagVARIANT@@@Z 0000000140010164 f   mfc140:mfc140.dll
 0001:0000f16a       ?accSelect@CWnd@@UEAAJJUtagVARIANT@@@Z 000000014001016a f   mfc140:mfc140.dll
 0001:0000f170       ?get_accDefaultAction@CWnd@@UEAAJUtagVARIANT@@PEAPEA_W@Z 0000000140010170 f   mfc140:mfc140.dll
 0001:0000f176       ?get_accSelection@CWnd@@UEAAJPEAUtagVARIANT@@@Z 0000000140010176 f   mfc140:mfc140.dll
 0001:0000f17c       ?get_accFocus@CWnd@@UEAAJPEAUtagVARIANT@@@Z 000000014001017c f   mfc140:mfc140.dll
 0001:0000f182       ?get_accKeyboardShortcut@CWnd@@UEAAJUtagVARIANT@@PEAPEA_W@Z 0000000140010182 f   mfc140:mfc140.dll
 0001:0000f188       ?get_accHelpTopic@CWnd@@UEAAJPEAPEA_WUtagVARIANT@@PEAJ@Z 0000000140010188 f   mfc140:mfc140.dll
 0001:0000f18e       ?get_accHelp@CWnd@@UEAAJUtagVARIANT@@PEAPEA_W@Z 000000014001018e f   mfc140:mfc140.dll
 0001:0000f194       ?get_accState@CWnd@@UEAAJUtagVARIANT@@PEAU2@@Z 0000000140010194 f   mfc140:mfc140.dll
 0001:0000f19a       ?get_accRole@CWnd@@UEAAJUtagVARIANT@@PEAU2@@Z 000000014001019a f   mfc140:mfc140.dll
 0001:0000f1a0       ?get_accDescription@CWnd@@UEAAJUtagVARIANT@@PEAPEA_W@Z 00000001400101a0 f   mfc140:mfc140.dll
 0001:0000f1a6       ?get_accValue@CWnd@@UEAAJUtagVARIANT@@PEAPEA_W@Z 00000001400101a6 f   mfc140:mfc140.dll
 0001:0000f1ac       ?get_accName@CWnd@@UEAAJUtagVARIANT@@PEAPEA_W@Z 00000001400101ac f   mfc140:mfc140.dll
 0001:0000f1b2       ?get_accChild@CWnd@@UEAAJUtagVARIANT@@PEAPEAUIDispatch@@@Z 00000001400101b2 f   mfc140:mfc140.dll
 0001:0000f1b8       ?get_accChildCount@CWnd@@UEAAJPEAJ@Z 00000001400101b8 f   mfc140:mfc140.dll
 0001:0000f1be       ?get_accParent@CWnd@@UEAAJPEAPEAUIDispatch@@@Z 00000001400101be f   mfc140:mfc140.dll
 0001:0000f1c4       ?EnsureStdObj@CWnd@@UEAAJXZ 00000001400101c4 f   mfc140:mfc140.dll
 0001:0000f1ca       ?OnDrawIconicThumbnailOrLivePreview@CWnd@@UEAAXAEAVCDC@@VCRect@@VCSize@@HAEAH@Z 00000001400101ca f   mfc140:mfc140.dll
 0001:0000f1d0       ?EndModalLoop@CWnd@@UEAAXH@Z 00000001400101d0 f   mfc140:mfc140.dll
 0001:0000f1d6       ?ContinueModal@CWnd@@UEAAHXZ 00000001400101d6 f   mfc140:mfc140.dll
 0001:0000f1dc       ?WinHelpInternal@CWnd@@UEAAX_KI@Z 00000001400101dc f   mfc140:mfc140.dll
 0001:0000f1e2       ?HtmlHelpA@CWnd@@UEAAX_KI@Z 00000001400101e2 f   mfc140:mfc140.dll
 0001:0000f1e8       ?WinHelpA@CWnd@@UEAAX_KI@Z 00000001400101e8 f   mfc140:mfc140.dll
 0001:0000f1ee       ?GetScrollBarCtrl@CWnd@@UEBAPEAVCScrollBar@@H@Z 00000001400101ee f   mfc140:mfc140.dll
 0001:0000f1f4       ?OnToolHitTest@CWnd@@UEBA_JVCPoint@@PEAUtagTOOLINFOA@@@Z 00000001400101f4 f   mfc140:mfc140.dll
 0001:0000f1fa       ?SetMenu@CWnd@@UEAAHPEAVCMenu@@@Z 00000001400101fa f   mfc140:mfc140.dll
 0001:0000f200       ?GetMenu@CWnd@@UEBAPEAVCMenu@@XZ 0000000140010200 f   mfc140:mfc140.dll
 0001:0000f206       ?CalcWindowRect@CWnd@@UEAAXPEAUtagRECT@@I@Z 0000000140010206 f   mfc140:mfc140.dll
 0001:0000f20c       ?PreCreateWindow@CWnd@@UEAAHAEAUtagCREATESTRUCTA@@@Z 000000014001020c f   mfc140:mfc140.dll
 0001:0000f212       ?DestroyWindow@CWnd@@UEAAHXZ 0000000140010212 f   mfc140:mfc140.dll
 0001:0000f218       ?CreateEx@CWnd@@UEAAHKPEBD0KHHHHPEAUHWND__@@PEAUHMENU__@@PEAX@Z 0000000140010218 f   mfc140:mfc140.dll
 0001:0000f21e       ?CreateEx@CWnd@@UEAAHKPEBD0KAEBUtagRECT@@PEAV1@IPEAX@Z 000000014001021e f   mfc140:mfc140.dll
 0001:0000f224       ?Create@CWnd@@UEAAHPEBD0KAEBUtagRECT@@PEAV1@IPEAUCCreateContext@@@Z 0000000140010224 f   mfc140:mfc140.dll
 0001:0000f22a       ?PreSubclassWindow@CWnd@@UEAAXXZ 000000014001022a f   mfc140:mfc140.dll
 0001:0000f230       ?GetInterfaceMap@CWnd@@MEBAPEBUAFX_INTERFACEMAP@@XZ 0000000140010230 f   mfc140:mfc140.dll
 0001:0000f236       ?GetMessageMap@CWnd@@MEBAPEBUAFX_MSGMAP@@XZ 0000000140010236 f   mfc140:mfc140.dll
 0001:0000f23c       ?OnFinalRelease@CWnd@@UEAAXXZ 000000014001023c f   mfc140:mfc140.dll
 0001:0000f242       ?GetRuntimeClass@CListBox@@UEBAPEAUCRuntimeClass@@XZ 0000000140010242 f   mfc140:mfc140.dll
 0001:0000f248       ?DeleteItem@CComboBox@@UEAAXPEAUtagDELETEITEMSTRUCT@@@Z 0000000140010248 f   mfc140:mfc140.dll
 0001:0000f24e       ?CompareItem@CComboBox@@UEAAHPEAUtagCOMPAREITEMSTRUCT@@@Z 000000014001024e f   mfc140:mfc140.dll
 0001:0000f254       ?MeasureItem@CComboBox@@UEAAXPEAUtagMEASUREITEMSTRUCT@@@Z 0000000140010254 f   mfc140:mfc140.dll
 0001:0000f25a       ?DrawItem@CComboBox@@UEAAXPEAUtagDRAWITEMSTRUCT@@@Z 000000014001025a f   mfc140:mfc140.dll
 0001:0000f260       ?Create@CComboBox@@UEAAHKAEBUtagRECT@@PEAVCWnd@@I@Z 0000000140010260 f   mfc140:mfc140.dll
 0001:0000f266       ?OnChildNotify@CComboBox@@MEAAHI_K_JPEA_J@Z 0000000140010266 f   mfc140:mfc140.dll
 0001:0000f26c       ?GetRuntimeClass@CComboBox@@UEBAPEAUCRuntimeClass@@XZ 000000014001026c f   mfc140:mfc140.dll
 0001:0000f272       ?AfxGetModuleState@@YAPEAVAFX_MODULE_STATE@@XZ 0000000140010272 f   mfc140:mfc140.dll
 0001:0000f278       ?GetThisMessageMap@CDialog@@KAPEBUAFX_MSGMAP@@XZ 0000000140010278 f   mfc140:mfc140.dll
 0001:0000f27e       ?GetRuntimeClass@CDialog@@UEBAPEAUCRuntimeClass@@XZ 000000014001027e f   mfc140:mfc140.dll
 0001:0000f284       ?OnCmdMsg@CDialog@@UEAAHIHPEAXPEAUAFX_CMDHANDLERINFO@@@Z 0000000140010284 f   mfc140:mfc140.dll
 0001:0000f28a       ?PreTranslateMessage@CDialog@@UEAAHPEAUtagMSG@@@Z 000000014001028a f   mfc140:mfc140.dll
 0001:0000f290       ?OnChildNotify@CWnd@@MEAAHI_K_JPEA_J@Z 0000000140010290 f   mfc140:mfc140.dll
 0001:0000f296       ?CheckAutoCenter@CDialog@@UEAAHXZ 0000000140010296 f   mfc140:mfc140.dll
 0001:0000f29c       ?SetOccDialogInfo@CDialog@@MEAAHPEAU_AFX_OCC_DIALOG_INFO@@@Z 000000014001029c f   mfc140:mfc140.dll
 0001:0000f2a2       ?GetOccDialogInfo@CDialog@@MEAAPEAU_AFX_OCC_DIALOG_INFO@@XZ 00000001400102a2 f   mfc140:mfc140.dll
 0001:0000f2a8       ?Create@CDialog@@UEAAHPEBDPEAVCWnd@@@Z 00000001400102a8 f   mfc140:mfc140.dll
 0001:0000f2ae       ?CreateIndirect@CDialog@@UEAAHPEAXPEAVCWnd@@@Z 00000001400102ae f   mfc140:mfc140.dll
 0001:0000f2b4       ?CreateIndirect@CDialog@@UEAAHPEBUDLGTEMPLATE@@PEAVCWnd@@PEAX@Z 00000001400102b4 f   mfc140:mfc140.dll
 0001:0000f2ba       ?OnSetFont@CDialog@@UEAAXPEAVCFont@@@Z 00000001400102ba f   mfc140:mfc140.dll
 0001:0000f2c0       ?OnOK@CDialog@@MEAAXXZ     00000001400102c0 f   mfc140:mfc140.dll
 0001:0000f2c6       ?PreInitDialog@CDialog@@MEAAXXZ 00000001400102c6 f   mfc140:mfc140.dll
 0001:0000f2e0       __security_check_cookie    00000001400102e0 f   msvcrt:_amdsecgs_.obj
 0001:0000f304       ??3@YAXPEAX_K@Z            0000000140010304 f   msvcrt:delete_scalar_size.obj
 0001:0000f30c       ??_Etype_info@@UEAAPEAXI@Z 000000014001030c f i msvcrt:std_type_info_static.obj
 0001:0000f30c       ??_Gtype_info@@UEAAPEAXI@Z 000000014001030c f i msvcrt:std_type_info_static.obj
 0001:0000f480       __scrt_acquire_startup_lock 0000000140010480 f   msvcrt:utility.obj
 0001:0000f4bc       __scrt_initialize_crt      00000001400104bc f   msvcrt:utility.obj
 0001:0000f508       __scrt_initialize_onexit_tables 0000000140010508 f   msvcrt:utility.obj
 0001:0000f5d4       __scrt_is_nonwritable_in_current_image 00000001400105d4 f   msvcrt:utility.obj
 0001:0000f670       __scrt_release_startup_lock 0000000140010670 f   msvcrt:utility.obj
 0001:0000f694       __scrt_uninitialize_crt    0000000140010694 f   msvcrt:utility.obj
 0001:0000f6c0       _onexit                    00000001400106c0 f   msvcrt:utility.obj
 0001:0000f710       atexit                     0000000140010710 f   msvcrt:utility.obj
 0001:0000f97c       WinMainCRTStartup          000000014001097c f   msvcrt:exe_winmain.obj
 0001:0000f990       __raise_securityfailure    0000000140010990 f   msvcrt:gs_report.obj
 0001:0000f9c4       __report_gsfailure         00000001400109c4 f   msvcrt:gs_report.obj
 0001:0000fb0c       _guard_check_icall         0000000140010b0c f i msvcrt:checkcfg.obj
 0001:0000fb14       __scrt_fastfail            0000000140010b14 f   msvcrt:utility_desktop.obj
 0001:0000fc5c       __scrt_get_show_window_mode 0000000140010c5c f   msvcrt:utility_desktop.obj
 0001:0000fc98       __scrt_is_managed_app      0000000140010c98 f   msvcrt:utility_desktop.obj
 0001:0000fcec       __scrt_set_unhandled_exception_filter 0000000140010cec f   msvcrt:utility_desktop.obj
 0001:0000fcfc       __scrt_unhandled_exception_filter 0000000140010cfc f   msvcrt:utility_desktop.obj
 0001:0000fd34       __isa_available_init       0000000140010d34 f   msvcrt:_cpu_disp_.obj
 0001:0000fefc       _get_startup_argv_mode     0000000140010efc f   msvcrt:argv_mode.obj
 0001:0000ff04       __scrt_is_ucrt_dll_in_use  0000000140010f04 f   msvcrt:ucrt_detection.obj
 0001:0000ff10       __security_init_cookie     0000000140010f10 f   msvcrt:gs_support.obj
 0001:0000ffbc       _get_startup_file_mode     0000000140010fbc f   msvcrt:file_mode.obj
 0001:0000ffc4       ?__scrt_initialize_type_info@@YAXXZ 0000000140010fc4 f   msvcrt:tncleanup.obj
 0001:0000ffd4       __scrt_stub_for_acrt_uninitialize 0000000140010fd4 f   msvcrt:ucrt_stubs.obj
 0001:0000ffd4       __vcrt_uninitialize        0000000140010fd4 f   msvcrt:ucrt_stubs.obj
 0001:0000ffd4       __vcrt_initialize          0000000140010fd4 f   msvcrt:ucrt_stubs.obj
 0001:0000ffd4       __acrt_initialize          0000000140010fd4 f   msvcrt:ucrt_stubs.obj
 0001:0000ffd4       __scrt_stub_for_acrt_initialize 0000000140010fd4 f   msvcrt:ucrt_stubs.obj
 0001:0000ffd4       __acrt_uninitialize        0000000140010fd4 f   msvcrt:ucrt_stubs.obj
 0001:0000ffd4       _should_initialize_environment 0000000140010fd4 f   msvcrt:env_mode.obj
 0001:0000ffd8       __local_stdio_scanf_options 0000000140010fd8 f i msvcrt:default_local_stdio_options.obj
 0001:0000ffe0       __scrt_initialize_default_local_stdio_options 0000000140010fe0 f   msvcrt:default_local_stdio_options.obj
 0001:0000fffc       __scrt_is_user_matherr_present 0000000140010ffc f   msvcrt:matherr_detection.obj
 0001:00010008       __scrt_get_dyn_tls_init_callback 0000000140011008 f   msvcrt:dyn_tls_init.obj
 0001:00010010       __scrt_get_dyn_tls_dtor_callback 0000000140011010 f   msvcrt:dyn_tls_dtor.obj
 0001:00010018       _RTC_Initialize            0000000140011018 f   msvcrt:_initsect_.obj
 0001:00010064       _RTC_Terminate             0000000140011064 f   msvcrt:_initsect_.obj
 0001:000100b0       __GSHandlerCheck           00000001400110b0 f   msvcrt:_gshandler_.obj
 0001:000100d0       __GSHandlerCheckCommon     00000001400110d0 f   msvcrt:_gshandler_.obj
 0001:00010130       IsProcessorFeaturePresent  0000000140011130 f   kernel32:KERNEL32.dll
 0001:00010138       ??0CAtlBaseModule@ATL@@QEAA@XZ 0000000140011138 f   atls:atlbase.obj
 0001:000101e0       ??1CAtlBaseModule@ATL@@QEAA@XZ 00000001400111e0 f   atls:atlbase.obj
 0001:00010214       ??_G_Fac_node@std@@QEAAPEAXI@Z 0000000140011214 f i msvcprt:locale0_implib.obj
 0001:000102a0       ?_Facet_Register@std@@YAXPEAV_Facet_base@1@@Z 00000001400112a0 f   msvcprt:locale0_implib.obj
 0001:000102d8       ?showmanyc@?$basic_streambuf@DU?$char_traits@D@std@@@std@@MEAA_JXZ 00000001400112d8 f   msvcprt:MSVCP140.dll
 0001:000102de       ?xsgetn@?$basic_streambuf@DU?$char_traits@D@std@@@std@@MEAA_JPEAD_J@Z 00000001400112de f   msvcprt:MSVCP140.dll
 0001:000102e4       ?xsputn@?$basic_streambuf@DU?$char_traits@D@std@@@std@@MEAA_JPEBD_J@Z 00000001400112e4 f   msvcprt:MSVCP140.dll
 0001:000102ea       __std_terminate            00000001400112ea f   vcruntime:VCRUNTIME140.dll
 0001:000102f0       memset                     00000001400112f0 f   vcruntime:VCRUNTIME140.dll
 0001:000102f6       __C_specific_handler       00000001400112f6 f   vcruntime:VCRUNTIME140.dll
 0001:000102fc       __CxxFrameHandler3         00000001400112fc f   vcruntime:VCRUNTIME140.dll
 0001:00010302       __vcrt_InitializeCriticalSectionEx 0000000140011302 f   vcruntime:VCRUNTIME140.dll
 0001:00010308       free                       0000000140011308 f   ucrt:api-ms-win-crt-heap-l1-1-0.dll
 0001:0001030e       exit                       000000014001130e f   ucrt:api-ms-win-crt-runtime-l1-1-0.dll
 0001:00010314       _configure_narrow_argv     0000000140011314 f   ucrt:api-ms-win-crt-runtime-l1-1-0.dll
 0001:0001031a       _initialize_narrow_environment 000000014001131a f   ucrt:api-ms-win-crt-runtime-l1-1-0.dll
 0001:00010320       _initialize_onexit_table   0000000140011320 f   ucrt:api-ms-win-crt-runtime-l1-1-0.dll
 0001:00010326       _register_onexit_function  0000000140011326 f   ucrt:api-ms-win-crt-runtime-l1-1-0.dll
 0001:0001032c       _crt_atexit                000000014001132c f   ucrt:api-ms-win-crt-runtime-l1-1-0.dll
 0001:00010332       _cexit                     0000000140011332 f   ucrt:api-ms-win-crt-runtime-l1-1-0.dll
 0001:00010338       _seh_filter_exe            0000000140011338 f   ucrt:api-ms-win-crt-runtime-l1-1-0.dll
 0001:0001033e       _set_app_type              000000014001133e f   ucrt:api-ms-win-crt-runtime-l1-1-0.dll
 0001:00010344       __setusermatherr           0000000140011344 f   ucrt:api-ms-win-crt-math-l1-1-0.dll
 0001:0001034a       _get_narrow_winmain_command_line 000000014001134a f   ucrt:api-ms-win-crt-runtime-l1-1-0.dll
 0001:00010350       _initterm                  0000000140011350 f   ucrt:api-ms-win-crt-runtime-l1-1-0.dll
 0001:00010356       _initterm_e                0000000140011356 f   ucrt:api-ms-win-crt-runtime-l1-1-0.dll
 0001:0001035c       _exit                      000000014001135c f   ucrt:api-ms-win-crt-runtime-l1-1-0.dll
 0001:00010362       _set_fmode                 0000000140011362 f   ucrt:api-ms-win-crt-stdio-l1-1-0.dll
 0001:00010368       _c_exit                    0000000140011368 f   ucrt:api-ms-win-crt-runtime-l1-1-0.dll
 0001:0001036e       _register_thread_local_exe_atexit_callback 000000014001136e f   ucrt:api-ms-win-crt-runtime-l1-1-0.dll
 0001:00010374       _configthreadlocale        0000000140011374 f   ucrt:api-ms-win-crt-locale-l1-1-0.dll
 0001:0001037a       _set_new_mode              000000014001137a f   ucrt:api-ms-win-crt-heap-l1-1-0.dll
 0001:00010380       __p__commode               0000000140011380 f   ucrt:api-ms-win-crt-stdio-l1-1-0.dll
 0001:00010386       terminate                  0000000140011386 f   ucrt:api-ms-win-crt-runtime-l1-1-0.dll
 0001:0001038c       ?AfxInitialize@@YAHHK@Z    000000014001138c f   mfcs140:appmodul.obj
 0001:000103c4       WinMain                    00000001400113c4 f   mfcs140:appmodul.obj
 0001:000103ca       ?AfxWinMain@@YAHPEAUHINSTANCE__@@0PEADH@Z 00000001400113ca f   mfc140:mfc140.dll
 0001:000103d0       __GSHandlerCheck_EH        00000001400113d0 f   msvcrt:gshandlereh.obj
 0001:00010460       __chkstk                   0000000140011460 f   msvcrt:_chkstk_.obj
 0001:00010460       _alloca_probe              0000000140011460 f   msvcrt:_chkstk_.obj
 0001:000104b2       _CxxThrowException         00000001400114b2 f   vcruntime:VCRUNTIME140.dll
 0001:000104b8       memcmp                     00000001400114b8 f   vcruntime:VCRUNTIME140.dll
 0001:000104be       memcpy                     00000001400114be f   vcruntime:VCRUNTIME140.dll
 0001:000104e0       _guard_dispatch_icall_nop  00000001400114e0 f   msvcrt:_guard_dispatch_.obj
 0002:00000000       __imp_InitCommonControlsEx 0000000140012000     comctl32:COMCTL32.dll
 0002:00000008       \177COMCTL32_NULL_THUNK_DATA 0000000140012008     comctl32:COMCTL32.dll
 0002:00000010       __imp_GetCurrentThreadId   0000000140012010     kernel32:KERNEL32.dll
 0002:00000018       __imp_InitializeCriticalSection 0000000140012018     kernel32:KERNEL32.dll
 0002:00000020       __imp_DeleteCriticalSection 0000000140012020     kernel32:KERNEL32.dll
 0002:00000028       __imp_Sleep                0000000140012028     kernel32:KERNEL32.dll
 0002:00000030       __imp_CreateWaitableTimerA 0000000140012030     kernel32:KERNEL32.dll
 0002:00000038       __imp_GetPrivateProfileIntA 0000000140012038     kernel32:KERNEL32.dll
 0002:00000040       __imp_GetPrivateProfileStringA 0000000140012040     kernel32:KERNEL32.dll
 0002:00000048       __imp_CloseHandle          0000000140012048     kernel32:KERNEL32.dll
 0002:00000050       __imp_WaitForMultipleObjects 0000000140012050     kernel32:KERNEL32.dll
 0002:00000058       __imp_CancelWaitableTimer  0000000140012058     kernel32:KERNEL32.dll
 0002:00000060       __imp_SetWaitableTimer     0000000140012060     kernel32:KERNEL32.dll
 0002:00000068       __imp_CreateSemaphoreA     0000000140012068     kernel32:KERNEL32.dll
 0002:00000070       __imp_WaitForSingleObject  0000000140012070     kernel32:KERNEL32.dll
 0002:00000078       __imp_InitializeCriticalSectionAndSpinCount 0000000140012078     kernel32:KERNEL32.dll
 0002:00000080       __imp_GetLastError         0000000140012080     kernel32:KERNEL32.dll
 0002:00000088       __imp_OutputDebugStringW   0000000140012088     kernel32:KERNEL32.dll
 0002:00000090       __imp_SetEvent             0000000140012090     kernel32:KERNEL32.dll
 0002:00000098       __imp_ReleaseSemaphore     0000000140012098     kernel32:KERNEL32.dll
 0002:000000a0       __imp_CreateFileA          00000001400120a0     kernel32:KERNEL32.dll
 0002:000000a8       __imp_SetupComm            00000001400120a8     kernel32:KERNEL32.dll
 0002:000000b0       __imp_GetCommState         00000001400120b0     kernel32:KERNEL32.dll
 0002:000000b8       __imp_BuildCommDCBAndTimeoutsA 00000001400120b8     kernel32:KERNEL32.dll
 0002:000000c0       __imp_SetCommTimeouts      00000001400120c0     kernel32:KERNEL32.dll
 0002:000000c8       __imp_SetCommState         00000001400120c8     kernel32:KERNEL32.dll
 0002:000000d0       __imp_PurgeComm            00000001400120d0     kernel32:KERNEL32.dll
 0002:000000d8       __imp_GetExitCodeThread    00000001400120d8     kernel32:KERNEL32.dll
 0002:000000e0       __imp_TerminateThread      00000001400120e0     kernel32:KERNEL32.dll
 0002:000000e8       __imp_CancelIo             00000001400120e8     kernel32:KERNEL32.dll
 0002:000000f0       __imp_GetTickCount         00000001400120f0     kernel32:KERNEL32.dll
 0002:000000f8       __imp_ReadFile             00000001400120f8     kernel32:KERNEL32.dll
 0002:00000100       __imp_WriteFile            0000000140012100     kernel32:KERNEL32.dll
 0002:00000108       __imp_GetOverlappedResult  0000000140012108     kernel32:KERNEL32.dll
 0002:00000110       __imp_LeaveCriticalSection 0000000140012110     kernel32:KERNEL32.dll
 0002:00000118       __imp_GetCurrentDirectoryA 0000000140012118     kernel32:KERNEL32.dll
 0002:00000120       __imp_GetLocalTime         0000000140012120     kernel32:KERNEL32.dll
 0002:00000128       __imp_GetStartupInfoA      0000000140012128     kernel32:KERNEL32.dll
 0002:00000130       __imp_CreateProcessA       0000000140012130     kernel32:KERNEL32.dll
 0002:00000138       __imp_SetThreadPriority    0000000140012138     kernel32:KERNEL32.dll
 0002:00000140       __imp_GetComputerNameA     0000000140012140     kernel32:KERNEL32.dll
 0002:00000148       __imp_CreateMailslotA      0000000140012148     kernel32:KERNEL32.dll
 0002:00000150       __imp_CreateEventW         0000000140012150     kernel32:KERNEL32.dll
 0002:00000158       __imp_GetModuleHandleW     0000000140012158     kernel32:KERNEL32.dll
 0002:00000160       __imp_GetProcAddress       0000000140012160     kernel32:KERNEL32.dll
 0002:00000168       __imp_RtlCaptureContext    0000000140012168     kernel32:KERNEL32.dll
 0002:00000170       __imp_RtlLookupFunctionEntry 0000000140012170     kernel32:KERNEL32.dll
 0002:00000178       __imp_RtlVirtualUnwind     0000000140012178     kernel32:KERNEL32.dll
 0002:00000180       __imp_UnhandledExceptionFilter 0000000140012180     kernel32:KERNEL32.dll
 0002:00000188       __imp_SetUnhandledExceptionFilter 0000000140012188     kernel32:KERNEL32.dll
 0002:00000190       __imp_GetCurrentProcess    0000000140012190     kernel32:KERNEL32.dll
 0002:00000198       __imp_TerminateProcess     0000000140012198     kernel32:KERNEL32.dll
 0002:000001a0       __imp_IsProcessorFeaturePresent 00000001400121a0     kernel32:KERNEL32.dll
 0002:000001a8       __imp_IsDebuggerPresent    00000001400121a8     kernel32:KERNEL32.dll
 0002:000001b0       __imp_GetStartupInfoW      00000001400121b0     kernel32:KERNEL32.dll
 0002:000001b8       __imp_QueryPerformanceCounter 00000001400121b8     kernel32:KERNEL32.dll
 0002:000001c0       __imp_GetCurrentProcessId  00000001400121c0     kernel32:KERNEL32.dll
 0002:000001c8       __imp_GetSystemTimeAsFileTime 00000001400121c8     kernel32:KERNEL32.dll
 0002:000001d0       __imp_InitializeSListHead  00000001400121d0     kernel32:KERNEL32.dll
 0002:000001d8       __imp_EnterCriticalSection 00000001400121d8     kernel32:KERNEL32.dll
 0002:000001e0       __imp_ResetEvent           00000001400121e0     kernel32:KERNEL32.dll
 0002:000001e8       __imp_CreateEventA         00000001400121e8     kernel32:KERNEL32.dll
 0002:000001f0       \177KERNEL32_NULL_THUNK_DATA 00000001400121f0     kernel32:KERNEL32.dll
 0002:000001f8       __imp_??1_Lockit@std@@QEAA@XZ 00000001400121f8     msvcprt:MSVCP140.dll
 0002:00000200       __imp_??0_Lockit@std@@QEAA@H@Z 0000000140012200     msvcprt:MSVCP140.dll
 0002:00000208       __imp_?_Xlength_error@std@@YAXPEBD@Z 0000000140012208     msvcprt:MSVCP140.dll
 0002:00000210       __imp_?_Xbad_alloc@std@@YAXXZ 0000000140012210     msvcprt:MSVCP140.dll
 0002:00000218       __imp_??Bid@locale@std@@QEAA_KXZ 0000000140012218     msvcprt:MSVCP140.dll
 0002:00000220       __imp_?_Getgloballocale@locale@std@@CAPEAV_Locimp@12@XZ 0000000140012220     msvcprt:MSVCP140.dll
 0002:00000228       __imp_?_BADOFF@std@@3_JB   0000000140012228     msvcprt:MSVCP140.dll
 0002:00000230       __imp_?always_noconv@codecvt_base@std@@QEBA_NXZ 0000000140012230     msvcprt:MSVCP140.dll
 0002:00000238       __imp_?_Fiopen@std@@YAPEAU_iobuf@@PEBDHH@Z 0000000140012238     msvcprt:MSVCP140.dll
 0002:00000240       __imp_??6?$basic_ostream@DU?$char_traits@D@std@@@std@@QEAAAEAV01@P6AAEAV01@AEAV01@@Z@Z 0000000140012240     msvcprt:MSVCP140.dll
 0002:00000248       __imp_??1?$basic_ostream@DU?$char_traits@D@std@@@std@@UEAA@XZ 0000000140012248     msvcprt:MSVCP140.dll
 0002:00000250       __imp_?xsputn@?$basic_streambuf@DU?$char_traits@D@std@@@std@@MEAA_JPEBD_J@Z 0000000140012250     msvcprt:MSVCP140.dll
 0002:00000258       __imp_?xsgetn@?$basic_streambuf@DU?$char_traits@D@std@@@std@@MEAA_JPEAD_J@Z 0000000140012258     msvcprt:MSVCP140.dll
 0002:00000260       __imp_?showmanyc@?$basic_streambuf@DU?$char_traits@D@std@@@std@@MEAA_JXZ 0000000140012260     msvcprt:MSVCP140.dll
 0002:00000268       __imp_??1?$basic_streambuf@DU?$char_traits@D@std@@@std@@UEAA@XZ 0000000140012268     msvcprt:MSVCP140.dll
 0002:00000270       __imp_??1?$basic_ios@DU?$char_traits@D@std@@@std@@UEAA@XZ 0000000140012270     msvcprt:MSVCP140.dll
 0002:00000278       __imp_?out@?$codecvt@DDU_Mbstatet@@@std@@QEBAHAEAU_Mbstatet@@PEBD1AEAPEBDPEAD3AEAPEAD@Z 0000000140012278     msvcprt:MSVCP140.dll
 0002:00000280       __imp_?in@?$codecvt@DDU_Mbstatet@@@std@@QEBAHAEAU_Mbstatet@@PEBD1AEAPEBDPEAD3AEAPEAD@Z 0000000140012280     msvcprt:MSVCP140.dll
 0002:00000288       __imp_??0?$basic_ostream@DU?$char_traits@D@std@@@std@@QEAA@PEAV?$basic_streambuf@DU?$char_traits@D@std@@@1@_N@Z 0000000140012288     msvcprt:MSVCP140.dll
 0002:00000290       __imp_?id@?$codecvt@DDU_Mbstatet@@@std@@2V0locale@2@A 0000000140012290     msvcprt:MSVCP140.dll
 0002:00000298       __imp_?uncaught_exception@std@@YA_NXZ 0000000140012298     msvcprt:MSVCP140.dll
 0002:000002a0       __imp_?_Osfx@?$basic_ostream@DU?$char_traits@D@std@@@std@@QEAAXXZ 00000001400122a0     msvcprt:MSVCP140.dll
 0002:000002a8       __imp_?sputn@?$basic_streambuf@DU?$char_traits@D@std@@@std@@QEAA_JPEBD_J@Z 00000001400122a8     msvcprt:MSVCP140.dll
 0002:000002b0       __imp_?put@?$basic_ostream@DU?$char_traits@D@std@@@std@@QEAAAEAV12@D@Z 00000001400122b0     msvcprt:MSVCP140.dll
 0002:000002b8       __imp_?flush@?$basic_ostream@DU?$char_traits@D@std@@@std@@QEAAAEAV12@XZ 00000001400122b8     msvcprt:MSVCP140.dll
 0002:000002c0       __imp_?_Getcat@?$codecvt@DDU_Mbstatet@@@std@@SA_KPEAPEBVfacet@locale@2@PEBV42@@Z 00000001400122c0     msvcprt:MSVCP140.dll
 0002:000002c8       __imp_?widen@?$basic_ios@DU?$char_traits@D@std@@@std@@QEBADD@Z 00000001400122c8     msvcprt:MSVCP140.dll
 0002:000002d0       __imp_?sputc@?$basic_streambuf@DU?$char_traits@D@std@@@std@@QEAAHD@Z 00000001400122d0     msvcprt:MSVCP140.dll
 0002:000002d8       __imp_??0?$basic_streambuf@DU?$char_traits@D@std@@@std@@IEAA@XZ 00000001400122d8     msvcprt:MSVCP140.dll
 0002:000002e0       __imp_?getloc@?$basic_streambuf@DU?$char_traits@D@std@@@std@@QEBA?AVlocale@2@XZ 00000001400122e0     msvcprt:MSVCP140.dll
 0002:000002e8       __imp_?_Init@?$basic_streambuf@DU?$char_traits@D@std@@@std@@IEAAXXZ 00000001400122e8     msvcprt:MSVCP140.dll
 0002:000002f0       __imp_?unshift@?$codecvt@DDU_Mbstatet@@@std@@QEBAHAEAU_Mbstatet@@PEAD1AEAPEAD@Z 00000001400122f0     msvcprt:MSVCP140.dll
 0002:000002f8       __imp_?clear@?$basic_ios@DU?$char_traits@D@std@@@std@@QEAAXH_N@Z 00000001400122f8     msvcprt:MSVCP140.dll
 0002:00000300       __imp_?setstate@?$basic_ios@DU?$char_traits@D@std@@@std@@QEAAXH_N@Z 0000000140012300     msvcprt:MSVCP140.dll
 0002:00000308       __imp_??0?$basic_ios@DU?$char_traits@D@std@@@std@@IEAA@XZ 0000000140012308     msvcprt:MSVCP140.dll
 0002:00000310       \177MSVCP140_NULL_THUNK_DATA 0000000140012310     msvcprt:MSVCP140.dll
 0002:00000318       __imp_SQLFetch             0000000140012318     KizuODBC:ODBC32.dll
 0002:00000320       __imp_SQLGetData           0000000140012320     KizuODBC:ODBC32.dll
 0002:00000328       __imp_SQLError             0000000140012328     KizuODBC:ODBC32.dll
 0002:00000330       __imp_SQLExecDirect        0000000140012330     KizuODBC:ODBC32.dll
 0002:00000338       __imp_SQLDisconnect        0000000140012338     KizuODBC:ODBC32.dll
 0002:00000340       __imp_SQLConnect           0000000140012340     KizuODBC:ODBC32.dll
 0002:00000348       __imp_SQLSetConnectAttr    0000000140012348     KizuODBC:ODBC32.dll
 0002:00000350       __imp_SQLGetDiagRec        0000000140012350     KizuODBC:ODBC32.dll
 0002:00000358       __imp_SQLFreeHandle        0000000140012358     KizuODBC:ODBC32.dll
 0002:00000360       __imp_SQLSetEnvAttr        0000000140012360     KizuODBC:ODBC32.dll
 0002:00000368       __imp_SQLAllocHandle       0000000140012368     KizuODBC:ODBC32.dll
 0002:00000370       __imp_SQLTransact          0000000140012370     KizuODBC:ODBC32.dll
 0002:00000378       \177ODBC32_NULL_THUNK_DATA 0000000140012378     KizuODBC:ODBC32.dll
 0002:00000380       __imp_PostThreadMessageA   0000000140012380     user32:USER32.dll
 0002:00000388       __imp_PostMessageA         0000000140012388     user32:USER32.dll
 0002:00000390       __imp_SetTimer             0000000140012390     user32:USER32.dll
 0002:00000398       __imp_KillTimer            0000000140012398     user32:USER32.dll
 0002:000003a0       __imp_DrawIcon             00000001400123a0     user32:USER32.dll
 0002:000003a8       __imp_GetClientRect        00000001400123a8     user32:USER32.dll
 0002:000003b0       __imp_GetSystemMetrics     00000001400123b0     user32:USER32.dll
 0002:000003b8       __imp_IsIconic             00000001400123b8     user32:USER32.dll
 0002:000003c0       __imp_EnableMenuItem       00000001400123c0     user32:USER32.dll
 0002:000003c8       __imp_GetSystemMenu        00000001400123c8     user32:USER32.dll
 0002:000003d0       __imp_SetWindowPos         00000001400123d0     user32:USER32.dll
 0002:000003d8       __imp_SendMessageA         00000001400123d8     user32:USER32.dll
 0002:000003e0       __imp_LoadIconW            00000001400123e0     user32:USER32.dll
 0002:000003e8       __imp_EnableWindow         00000001400123e8     user32:USER32.dll
 0002:000003f0       __imp_GetMessageA          00000001400123f0     user32:USER32.dll
 0002:000003f8       __imp_PeekMessageA         00000001400123f8     user32:USER32.dll
 0002:00000400       \177USER32_NULL_THUNK_DATA 0000000140012400     user32:USER32.dll
 0002:00000408       __imp__CxxThrowException   0000000140012408     vcruntime:VCRUNTIME140.dll
 0002:00000410       __imp___CxxFrameHandler3   0000000140012410     vcruntime:VCRUNTIME140.dll
 0002:00000418       __imp___C_specific_handler 0000000140012418     vcruntime:VCRUNTIME140.dll
 0002:00000420       __imp_memset               0000000140012420     vcruntime:VCRUNTIME140.dll
 0002:00000428       __imp_memcpy               0000000140012428     vcruntime:VCRUNTIME140.dll
 0002:00000430       __imp___std_exception_destroy 0000000140012430     vcruntime:VCRUNTIME140.dll
 0002:00000438       __imp___std_exception_copy 0000000140012438     vcruntime:VCRUNTIME140.dll
 0002:00000440       __imp_memmove              0000000140012440     vcruntime:VCRUNTIME140.dll
 0002:00000448       __imp___std_terminate      0000000140012448     vcruntime:VCRUNTIME140.dll
 0002:00000450       __imp_memcmp               0000000140012450     vcruntime:VCRUNTIME140.dll
 0002:00000458       __imp___vcrt_InitializeCriticalSectionEx 0000000140012458     vcruntime:VCRUNTIME140.dll
 0002:00000460       \177VCRUNTIME140_NULL_THUNK_DATA 0000000140012460     vcruntime:VCRUNTIME140.dll
 0002:00000468       __imp__lock_file           0000000140012468     ucrt:api-ms-win-crt-filesystem-l1-1-0.dll
 0002:00000470       __imp__mkdir               0000000140012470     ucrt:api-ms-win-crt-filesystem-l1-1-0.dll
 0002:00000478       __imp__unlock_file         0000000140012478     ucrt:api-ms-win-crt-filesystem-l1-1-0.dll
 0002:00000480       __imp_remove               0000000140012480     ucrt:api-ms-win-crt-filesystem-l1-1-0.dll
 0002:00000488       __imp_rename               0000000140012488     ucrt:api-ms-win-crt-filesystem-l1-1-0.dll
 0002:00000490       \177api-ms-win-crt-filesystem-l1-1-0_NULL_THUNK_DATA 0000000140012490     ucrt:api-ms-win-crt-filesystem-l1-1-0.dll
 0002:00000498       __imp__set_new_mode        0000000140012498     ucrt:api-ms-win-crt-heap-l1-1-0.dll
 0002:000004a0       __imp_free                 00000001400124a0     ucrt:api-ms-win-crt-heap-l1-1-0.dll
 0002:000004a8       \177api-ms-win-crt-heap-l1-1-0_NULL_THUNK_DATA 00000001400124a8     ucrt:api-ms-win-crt-heap-l1-1-0.dll
 0002:000004b0       __imp__configthreadlocale  00000001400124b0     ucrt:api-ms-win-crt-locale-l1-1-0.dll
 0002:000004b8       __imp_setlocale            00000001400124b8     ucrt:api-ms-win-crt-locale-l1-1-0.dll
 0002:000004c0       __imp__setmbcp             00000001400124c0     ucrt:api-ms-win-crt-locale-l1-1-0.dll
 0002:000004c8       \177api-ms-win-crt-locale-l1-1-0_NULL_THUNK_DATA 00000001400124c8     ucrt:api-ms-win-crt-locale-l1-1-0.dll
 0002:000004d0       __imp___setusermatherr     00000001400124d0     ucrt:api-ms-win-crt-math-l1-1-0.dll
 0002:000004d8       \177api-ms-win-crt-math-l1-1-0_NULL_THUNK_DATA 00000001400124d8     ucrt:api-ms-win-crt-math-l1-1-0.dll
 0002:000004e0       __imp__invalid_parameter_noinfo_noreturn 00000001400124e0     ucrt:api-ms-win-crt-runtime-l1-1-0.dll
 0002:000004e8       __imp_terminate            00000001400124e8     ucrt:api-ms-win-crt-runtime-l1-1-0.dll
 0002:000004f0       __imp_exit                 00000001400124f0     ucrt:api-ms-win-crt-runtime-l1-1-0.dll
 0002:000004f8       __imp__register_thread_local_exe_atexit_callback 00000001400124f8     ucrt:api-ms-win-crt-runtime-l1-1-0.dll
 0002:00000500       __imp__c_exit              0000000140012500     ucrt:api-ms-win-crt-runtime-l1-1-0.dll
 0002:00000508       __imp__invalid_parameter_noinfo 0000000140012508     ucrt:api-ms-win-crt-runtime-l1-1-0.dll
 0002:00000510       __imp__exit                0000000140012510     ucrt:api-ms-win-crt-runtime-l1-1-0.dll
 0002:00000518       __imp__initterm_e          0000000140012518     ucrt:api-ms-win-crt-runtime-l1-1-0.dll
 0002:00000520       __imp__initterm            0000000140012520     ucrt:api-ms-win-crt-runtime-l1-1-0.dll
 0002:00000528       __imp__get_narrow_winmain_command_line 0000000140012528     ucrt:api-ms-win-crt-runtime-l1-1-0.dll
 0002:00000530       __imp__set_app_type        0000000140012530     ucrt:api-ms-win-crt-runtime-l1-1-0.dll
 0002:00000538       __imp__seh_filter_exe      0000000140012538     ucrt:api-ms-win-crt-runtime-l1-1-0.dll
 0002:00000540       __imp__cexit               0000000140012540     ucrt:api-ms-win-crt-runtime-l1-1-0.dll
 0002:00000548       __imp__crt_atexit          0000000140012548     ucrt:api-ms-win-crt-runtime-l1-1-0.dll
 0002:00000550       __imp__register_onexit_function 0000000140012550     ucrt:api-ms-win-crt-runtime-l1-1-0.dll
 0002:00000558       __imp__initialize_onexit_table 0000000140012558     ucrt:api-ms-win-crt-runtime-l1-1-0.dll
 0002:00000560       __imp__initialize_narrow_environment 0000000140012560     ucrt:api-ms-win-crt-runtime-l1-1-0.dll
 0002:00000568       __imp__configure_narrow_argv 0000000140012568     ucrt:api-ms-win-crt-runtime-l1-1-0.dll
 0002:00000570       __imp__errno               0000000140012570     ucrt:api-ms-win-crt-runtime-l1-1-0.dll
 0002:00000578       __imp__beginthreadex       0000000140012578     ucrt:api-ms-win-crt-runtime-l1-1-0.dll
 0002:00000580       \177api-ms-win-crt-runtime-l1-1-0_NULL_THUNK_DATA 0000000140012580     ucrt:api-ms-win-crt-runtime-l1-1-0.dll
 0002:00000588       __imp_fclose               0000000140012588     ucrt:api-ms-win-crt-stdio-l1-1-0.dll
 0002:00000590       __imp__get_stream_buffer_pointers 0000000140012590     ucrt:api-ms-win-crt-stdio-l1-1-0.dll
 0002:00000598       __imp_fwrite               0000000140012598     ucrt:api-ms-win-crt-stdio-l1-1-0.dll
 0002:000005a0       __imp_fgetpos              00000001400125a0     ucrt:api-ms-win-crt-stdio-l1-1-0.dll
 0002:000005a8       __imp__fseeki64            00000001400125a8     ucrt:api-ms-win-crt-stdio-l1-1-0.dll
 0002:000005b0       __imp_fsetpos              00000001400125b0     ucrt:api-ms-win-crt-stdio-l1-1-0.dll
[...]
 0004:00000edc       $pdata$?Write@LogFileManager@KizuLib@@QEAAXW4LNO@12@PEBDZZ 000000014001eedc     KizuLibMFC:LogFileManager.obj
 0004:00000ee8       $pdata$?WriteFile@LogFileManager@KizuLib@@QEAAXPEBD@Z 000000014001eee8     KizuLibMFC:LogFileManager.obj
 0004:00000ef4       $pdata$?WriteList@LogFileManager@KizuLib@@AEAAXPEBD@Z 000000014001eef4     KizuLibMFC:LogFileManager.obj
 0004:00000f00       $pdata$?AllGetQueue@LogFileManager@KizuLib@@QEAAHXZ 000000014001ef00     KizuLibMFC:LogFileManager.obj
 0004:00000f0c       $pdata$?ShowEdit@LogFileManager@KizuLib@@QEAAXXZ 000000014001ef0c     KizuLibMFC:LogFileManager.obj
 0004:00000f18       $pdata$?MainThread@LogFileManager@KizuLib@@CAIPEAX@Z 000000014001ef18     KizuLibMFC:LogFileManager.obj
 0004:00000f24       $pdata$2$?MainThread@LogFileManager@KizuLib@@CAIPEAX@Z 000000014001ef24     KizuLibMFC:LogFileManager.obj
 0004:00000f30       $pdata$3$?MainThread@LogFileManager@KizuLib@@CAIPEAX@Z 000000014001ef30     KizuLibMFC:LogFileManager.obj
 0004:00000f3c       $pdata$??1?$basic_string@DU?$char_traits@D@std@@V?$allocator@D@2@@std@@QEAA@XZ 000000014001ef3c     KizuLibMFC:LogFileManager.obj
 0004:00000f48       $pdata$??0?$basic_ofstream@DU?$char_traits@D@std@@@std@@QEAA@XZ 000000014001ef48     KizuLibMFC:LogFileManager.obj
 0004:00000f54       $pdata$?imbue@?$basic_filebuf@DU?$char_traits@D@std@@@std@@MEAAXAEBVlocale@2@@Z 000000014001ef54     KizuLibMFC:LogFileManager.obj
 0004:00000f60       $pdata$?sync@?$basic_filebuf@DU?$char_traits@D@std@@@std@@MEAAHXZ 000000014001ef60     KizuLibMFC:LogFileManager.obj
 0004:00000f6c       $pdata$?setbuf@?$basic_filebuf@DU?$char_traits@D@std@@@std@@MEAAPEAV?$basic_streambuf@DU?$char_traits@D@std@@@2@PEAD_J@Z 000000014001ef6c     KizuLibMFC:LogFileManager.obj
 0004:00000f78       $pdata$0$?setbuf@?$basic_filebuf@DU?$char_traits@D@std@@@std@@MEAAPEAV?$basic_streambuf@DU?$char_traits@D@std@@@2@PEAD_J@Z 000000014001ef78     KizuLibMFC:LogFileManager.obj
 0004:00000f84       $pdata$1$?setbuf@?$basic_filebuf@DU?$char_traits@D@std@@@std@@MEAAPEAV?$basic_streambuf@DU?$char_traits@D@std@@@2@PEAD_J@Z 000000014001ef84     KizuLibMFC:LogFileManager.obj
 0004:00000f90       $pdata$?seekpos@?$basic_filebuf@DU?$char_traits@D@std@@@std@@MEAA?AV?$fpos@U_Mbstatet@@@2@V32@H@Z 000000014001ef90     KizuLibMFC:LogFileManager.obj
 0004:00000f9c       $pdata$?seekoff@?$basic_filebuf@DU?$char_traits@D@std@@@std@@MEAA?AV?$fpos@U_Mbstatet@@@2@_JHH@Z 000000014001ef9c     KizuLibMFC:LogFileManager.obj
 0004:00000fa8       $pdata$?uflow@?$basic_filebuf@DU?$char_traits@D@std@@@std@@MEAAHXZ 000000014001efa8     KizuLibMFC:LogFileManager.obj
 0004:00000fb4       $pdata$?underflow@?$basic_filebuf@DU?$char_traits@D@std@@@std@@MEAAHXZ 000000014001efb4     KizuLibMFC:LogFileManager.obj
 0004:00000fc0       $pdata$0$?underflow@?$basic_filebuf@DU?$char_traits@D@std@@@std@@MEAAHXZ 000000014001efc0     KizuLibMFC:LogFileManager.obj
 0004:00000fcc       $pdata$2$?underflow@?$basic_filebuf@DU?$char_traits@D@std@@@std@@MEAAHXZ 000000014001efcc     KizuLibMFC:LogFileManager.obj
 0004:00000fd8       $pdata$?pbackfail@?$basic_filebuf@DU?$char_traits@D@std@@@std@@MEAAHH@Z 000000014001efd8     KizuLibMFC:LogFileManager.obj
 0004:00000fe4       $pdata$?overflow@?$basic_filebuf@DU?$char_traits@D@std@@@std@@MEAAHH@Z 000000014001efe4     KizuLibMFC:LogFileManager.obj
 0004:00000ff0       $pdata$??1?$basic_filebuf@DU?$char_traits@D@std@@@std@@UEAA@XZ 000000014001eff0     KizuLibMFC:LogFileManager.obj
 0004:00000ffc       $pdata$??_G?$basic_ofstream@DU?$char_traits@D@std@@@std@@UEAAPEAXI@Z 000000014001effc     KizuLibMFC:LogFileManager.obj
 0004:00001008       $pdata$??_G?$basic_filebuf@DU?$char_traits@D@std@@@std@@UEAAPEAXI@Z 000000014001f008     KizuLibMFC:LogFileManager.obj
 0004:00001014       $pdata$?_Endwrite@?$basic_filebuf@DU?$char_traits@D@std@@@std@@IEAA_NXZ 000000014001f014     KizuLibMFC:LogFileManager.obj
 0004:00001020       $pdata$?close@?$basic_filebuf@DU?$char_traits@D@std@@@std@@QEAAPEAV12@XZ 000000014001f020     KizuLibMFC:LogFileManager.obj
 0004:0000102c       $pdata$?open@?$basic_filebuf@DU?$char_traits@D@std@@@std@@QEAAPEAV12@PEBDHH@Z 000000014001f02c     KizuLibMFC:LogFileManager.obj
 0004:00001038       $pdata$?_Copy@?$basic_string@DU?$char_traits@D@std@@V?$allocator@D@2@@std@@QEAAX_K0@Z 000000014001f038     KizuLibMFC:LogFileManager.obj
 0004:00001044       $pdata$??0?$ThreadQueue@D@KizuLib@@QEAA@H@Z 000000014001f044     KizuLibMFC:LogFileManager.obj
 0004:00001050       $pdata$??1?$ThreadQueue@D@KizuLib@@UEAA@XZ 000000014001f050     KizuLibMFC:LogFileManager.obj
 0004:0000105c       $pdata$?Free@?$ThreadQueue@D@KizuLib@@QEAAXXZ 000000014001f05c     KizuLibMFC:LogFileManager.obj
 0004:00001068       $pdata$0$?Free@?$ThreadQueue@D@KizuLib@@QEAAXXZ 000000014001f068     KizuLibMFC:LogFileManager.obj
 0004:00001074       $pdata$1$?Free@?$ThreadQueue@D@KizuLib@@QEAAXXZ 000000014001f074     KizuLibMFC:LogFileManager.obj
 0004:00001080       $pdata$??$?6U?$char_traits@D@std@@@std@@YAAEAV?$basic_ostream@DU?$char_traits@D@std@@@0@AEAV10@PEBD@Z 000000014001f080     KizuLibMFC:LogFileManager.obj
 0004:0000108c       $pdata$??$endl@DU?$char_traits@D@std@@@std@@YAAEAV?$basic_ostream@DU?$char_traits@D@std@@@0@AEAV10@@Z 000000014001f08c     KizuLibMFC:LogFileManager.obj
 0004:00001098       $pdata$??$use_facet@V?$codecvt@DDU_Mbstatet@@@std@@@std@@YAAEBV?$codecvt@DDU_Mbstatet@@@0@AEBVlocale@0@@Z 000000014001f098     KizuLibMFC:LogFileManager.obj
 0004:000010a4       $pdata$??0bad_cast@std@@QEAA@AEBV01@@Z 000000014001f0a4     KizuLibMFC:LogFileManager.obj
 0004:000010b0       $pdata$??_G?$ThreadQueue@D@KizuLib@@UEAAPEAXI@Z 000000014001f0b0     KizuLibMFC:LogFileManager.obj
 0004:000010bc       $pdata$?push_back@?$deque@PEADV?$allocator@PEAD@std@@@std@@QEAAXAEBQEAD@Z 000000014001f0bc     KizuLibMFC:LogFileManager.obj
 0004:000010c8       $pdata$??1sentry@?$basic_ostream@DU?$char_traits@D@std@@@std@@QEAA@XZ 000000014001f0c8     KizuLibMFC:LogFileManager.obj
 0004:000010d4       $pdata$??1_Sentry_base@?$basic_ostream@DU?$char_traits@D@std@@@std@@QEAA@XZ 000000014001f0d4     KizuLibMFC:LogFileManager.obj
 0004:000010e0       $pdata$??_GWorkThread@KizuLib@@UEAAPEAXI@Z 000000014001f0e0     KizuLib:WorkThread.obj
 0004:000010ec       $pdata$?MainThread@WorkThread@KizuLib@@MEAAIXZ 000000014001f0ec     KizuLib:WorkThread.obj
 0004:000010f8       $pdata$?StopMSG@WorkThread@KizuLib@@QEAAXHH@Z 000000014001f0f8     KizuLib:WorkThread.obj
 0004:00001104       $pdata$?task_init@@YAHPEBDH@Z 000000014001f104     KizuLib:KizuLib.obj
 0004:00001110       $pdata$0$?task_init@@YAHPEBDH@Z 000000014001f110     KizuLib:KizuLib.obj
 0004:0000111c       $pdata$2$?task_init@@YAHPEBDH@Z 000000014001f11c     KizuLib:KizuLib.obj
 0004:00001128       $pdata$4$?task_init@@YAHPEBDH@Z 000000014001f128     KizuLib:KizuLib.obj
 0004:00001134       $pdata$?syslog@@YAHJPEBDZZ 000000014001f134     KizuLib:KizuLib.obj
 0004:00001140       $pdata$?statelog@@YAHJJJPEBDZZ 000000014001f140     KizuLib:KizuLib.obj
 0004:0000114c       $pdata$?SetStatus@KizuFunction@KizuLib@@SA_NHH_NPEBD@Z 000000014001f14c     KizuLib:KizuFunction.obj
 0004:00001158       $pdata$??0KizuPcInfManager@KizuLib@@QEAA@H@Z 000000014001f158     KizuLib:KizuPcInfManager.obj
 0004:00001164       $pdata$??_GKizuPcInfManager@KizuLib@@UEAAPEAXI@Z 000000014001f164     KizuLib:KizuPcInfManager.obj
 0004:00001170       $pdata$?SetPcName@KizuPcInfManager@KizuLib@@QEAA_NPEADPEBD1@Z 000000014001f170     KizuLib:KizuPcInfManager.obj
 0004:0000117c       $pdata$??_GMailSlotManager@KizuLib@@UEAAPEAXI@Z 000000014001f17c     KizuLib:MailSlotManager.obj
 0004:00001188       $pdata$?SendMail@MailSlotManager@KizuLib@@SAHPEBD0PEBXK@Z 000000014001f188     KizuLib:MailSlotManager.obj
 0004:00001194       $pdata$?Create@MailSlotManager@KizuLib@@QEAA_NPEBDK@Z 000000014001f194     KizuLib:MailSlotManager.obj
 0004:000011a0       $pdata$?Recv@MailSlotManager@KizuLib@@UEAAHPEAXK@Z 000000014001f1a0     KizuLib:MailSlotManager.obj
 0004:000011ac       $pdata$?Send@MailSlotManager@KizuLib@@UEAAHPEBXK@Z 000000014001f1ac     KizuLib:MailSlotManager.obj
 0004:000011b8       $pdata$?Recv@MailSlotManager@KizuLib@@UEAA_NPEAXKPEAU_OVERLAPPED@@@Z 000000014001f1b8     KizuLib:MailSlotManager.obj
 0004:000011c4       $pdata$?Send@MailSlotManager@KizuLib@@UEAA_NPEBXKPEAU_OVERLAPPED@@@Z 000000014001f1c4     KizuLib:MailSlotManager.obj
 0004:000011d0       $pdata$?GetResult@MailSlotManager@KizuLib@@UEAA_NPEAU_OVERLAPPED@@@Z 000000014001f1d0     KizuLib:MailSlotManager.obj
 0004:000011dc       $pdata$??_GOdbcBase@KizuODBC@@UEAAPEAXI@Z 000000014001f1dc     KizuODBC:OdbcBase.obj
 0004:000011e8       $pdata$??1OdbcBase@KizuODBC@@UEAA@XZ 000000014001f1e8     KizuODBC:OdbcBase.obj
 0004:000011f4       $pdata$?DisConnect@OdbcBase@KizuODBC@@QEAAXXZ 000000014001f1f4     KizuODBC:OdbcBase.obj
 0004:00001200       $pdata$??0OdbcEnv@KizuODBC@@AEAA@XZ 000000014001f200     KizuODBC:OdbcEnv.obj
 0004:0000120c       $pdata$??_GOdbcEnv@KizuODBC@@UEAAPEAXI@Z 000000014001f20c     KizuODBC:OdbcEnv.obj
 0004:00001218       $pdata$?GetErrMsg@OdbcEnv@KizuODBC@@QEAAXXZ 000000014001f218     KizuODBC:OdbcEnv.obj
 0004:00001224       $pdata$??_GOdbcManager@KizuODBC@@UEAAPEAXI@Z 000000014001f224     KizuODBC:OdbcManager.obj
 0004:00001230       $pdata$??1OdbcManager@KizuODBC@@UEAA@XZ 000000014001f230     KizuODBC:OdbcManager.obj
 0004:0000123c       $pdata$?Alloc@OdbcManager@KizuODBC@@IEAAXXZ 000000014001f23c     KizuODBC:OdbcManager.obj
 0004:00001248       $pdata$?Connect@OdbcManager@KizuODBC@@QEAAHPEBD0@Z 000000014001f248     KizuODBC:OdbcManager.obj
 0004:00001254       $pdata$?Connect@OdbcManager@KizuODBC@@QEAAHPEBD00@Z 000000014001f254     KizuODBC:OdbcManager.obj
 0004:00001260       $pdata$?DisConnect@OdbcManager@KizuODBC@@QEAAXXZ 000000014001f260     KizuODBC:OdbcManager.obj
 0004:0000126c       $pdata$?ExecuteDirect@OdbcManager@KizuODBC@@QEAAFPEBD@Z 000000014001f26c     KizuODBC:OdbcManager.obj
 0004:00001278       $pdata$?GetErrMsg@OdbcManager@KizuODBC@@QEAAXXZ 000000014001f278     KizuODBC:OdbcManager.obj
 0004:00001284       $pdata$?GetErrMsg@OdbcManager@KizuODBC@@QEAAXF@Z 000000014001f284     KizuODBC:OdbcManager.obj
 0004:0000129c       $pdata$??_Gtype_info@@UEAAPEAXI@Z 000000014001f29c     msvcrt:std_type_info_static.obj
 0004:000012a8       $pdata$?__scrt_initialize_thread_safe_statics@@YAHXZ 000000014001f2a8     msvcrt:thread_safe_statics.obj
 0004:000012b4       $pdata$?__scrt_uninitialize_thread_safe_statics@@YAXXZ 000000014001f2b4     msvcrt:thread_safe_statics.obj
 0004:000012c0       $pdata$__scrt_acquire_startup_lock 000000014001f2c0     msvcrt:utility.obj
 0004:000012cc       $pdata$__scrt_initialize_crt 000000014001f2cc     msvcrt:utility.obj
 0004:000012d8       $pdata$__scrt_initialize_onexit_tables 000000014001f2d8     msvcrt:utility.obj
 0004:000012e4       $pdata$__scrt_is_nonwritable_in_current_image 000000014001f2e4     msvcrt:utility.obj
 0004:000012f0       $pdata$__scrt_release_startup_lock 000000014001f2f0     msvcrt:utility.obj
 0004:000012fc       $pdata$__scrt_uninitialize_crt 000000014001f2fc     msvcrt:utility.obj
 0004:00001308       $pdata$_onexit             000000014001f308     msvcrt:utility.obj
 0004:00001314       $pdata$atexit              000000014001f314     msvcrt:utility.obj
 0004:00001320       $pdata$?pre_c_initialization@@YAHXZ 000000014001f320     msvcrt:exe_winmain.obj
 0004:0000132c       $pdata$?post_pgo_initialization@@YAHXZ 000000014001f32c     msvcrt:exe_winmain.obj
 0004:00001338       $pdata$?pre_cpp_initialization@@YAXXZ 000000014001f338     msvcrt:exe_winmain.obj
 0004:00001344       $pdata$?__scrt_common_main_seh@@YAHXZ 000000014001f344     msvcrt:exe_winmain.obj
 0004:00001350       $pdata$WinMainCRTStartup   000000014001f350     msvcrt:exe_winmain.obj
 0004:0000135c       $pdata$__raise_securityfailure 000000014001f35c     msvcrt:gs_report.obj
 0004:00001368       $pdata$__report_gsfailure  000000014001f368     msvcrt:gs_report.obj
 0004:00001374       $pdata$capture_previous_context 000000014001f374     msvcrt:gs_report.obj
 0004:00001380       $pdata$__scrt_fastfail     000000014001f380     msvcrt:utility_desktop.obj
 0004:0000138c       $pdata$__scrt_get_show_window_mode 000000014001f38c     msvcrt:utility_desktop.obj
 0004:00001398       $pdata$__scrt_is_managed_app 000000014001f398     msvcrt:utility_desktop.obj
 0004:000013a4       $pdata$__scrt_unhandled_exception_filter 000000014001f3a4     msvcrt:utility_desktop.obj
 0004:000013b0       $pdata$__isa_available_init 000000014001f3b0     msvcrt:_cpu_disp_.obj
 0004:000013bc       $pdata$__security_init_cookie 000000014001f3bc     msvcrt:gs_support.obj
 0004:000013c8       $pdata$__scrt_initialize_default_local_stdio_options 000000014001f3c8     msvcrt:default_local_stdio_options.obj
 0004:000013d4       $pdata$_RTC_Initialize     000000014001f3d4     msvcrt:_initsect_.obj
 0004:000013e0       $pdata$_RTC_Terminate      000000014001f3e0     msvcrt:_initsect_.obj
 0004:000013ec       $pdata$__GSHandlerCheck    000000014001f3ec     msvcrt:_gshandler_.obj
 0004:000013f8       $pdata$__GSHandlerCheckCommon 000000014001f3f8     msvcrt:_gshandler_.obj
 0004:00001404       $pdata$??0CAtlBaseModule@ATL@@QEAA@XZ 000000014001f404     atls:atlbase.obj
 0004:00001410       $pdata$??1CAtlBaseModule@ATL@@QEAA@XZ 000000014001f410     atls:atlbase.obj
 0004:0000141c       $pdata$??_G_Fac_node@std@@QEAAPEAXI@Z 000000014001f41c     msvcprt:locale0_implib.obj
 0004:00001428       $pdata$?_Facet_Register@std@@YAXPEAV_Facet_base@1@@Z 000000014001f428     msvcprt:locale0_implib.obj
 0004:00001434       $pdata$?AfxInitialize@@YAHHK@Z 000000014001f434     mfcs140:appmodul.obj
 0004:00001440       $pdata$__GSHandlerCheck_EH 000000014001f440     msvcrt:gshandlereh.obj
 0004:00001464       $pdata$?dtor$0@?0??Open@CameraManager@@AEAA_N_N@Z@4HA 000000014001f464     CameraManager.obj
 0004:00001470       $pdata$?catch$1@?0??Open@CameraManager@@AEAA_N_N@Z@4HA 000000014001f470     CameraManager.obj
 0004:0000147c       $pdata$?dtor$74@?0??push_back@?$vector@V?$CStringT@DV?$StrTraitMFC_DLL@DV?$ChTraitsCRT@D@ATL@@@@@ATL@@V?$allocator@V?$CStringT@DV?$StrTraitMFC_DLL@DV?$ChTraitsCRT@D@ATL@@@@@ATL@@@std@@@std@@QEAAX$$QEAV?$CStringT@DV?$StrTraitMFC_DLL@DV?$ChTraitsCRT@D@ATL@@@@@ATL@@@Z@4HA 000000014001f47c     CameraManager.obj
 0004:00001488       $pdata$?dtor$139@?0??push_back@?$vector@V?$CStringT@DV?$StrTraitMFC_DLL@DV?$ChTraitsCRT@D@ATL@@@@@ATL@@V?$allocator@V?$CStringT@DV?$StrTraitMFC_DLL@DV?$ChTraitsCRT@D@ATL@@@@@ATL@@@std@@@std@@QEAAX$$QEAV?$CStringT@DV?$StrTraitMFC_DLL@DV?$ChTraitsCRT@D@ATL@@@@@ATL@@@Z@4HA 000000014001f488     CameraManager.obj
 0004:00001494       $pdata$?catch$51@?0??_Reallocate@?$vector@V?$CStringT@DV?$StrTraitMFC_DLL@DV?$ChTraitsCRT@D@ATL@@@@@ATL@@V?$allocator@V?$CStringT@DV?$StrTraitMFC_DLL@DV?$ChTraitsCRT@D@ATL@@@@@ATL@@@std@@@std@@IEAAX_K@Z@4HA 000000014001f494     CameraManager.obj
 0004:000014a0       $pdata$?dtor$3@?0???$_Uninitialized_move_al_unchecked1@PEAV?$CStringT@DV?$StrTraitMFC_DLL@DV?$ChTraitsCRT@D@ATL@@@@@ATL@@PEAV12@V?$allocator@V?$CStringT@DV?$StrTraitMFC_DLL@DV?$ChTraitsCRT@D@ATL@@@@@ATL@@@std@@@std@@YAPEAV?$CStringT@DV?$StrTraitMFC_DLL@DV?$ChTraitsCRT@D@ATL@@@@@ATL@@PEAV12@00AEAU?$_Wrap_alloc@V?$allocator@V?$CStringT@DV?$StrTraitMFC_DLL@DV?$ChTraitsCRT@D@ATL@@@@@ATL@@@std@@@0@U_General_ptr_iterator_tag@0@U_Any_tag@0@@Z@4HA 000000014001f4a0     CameraManager.obj
 0004:000014ac       $pdata$?catch$5@?0???$_Uninitialized_move_al_unchecked1@PEAV?$CStringT@DV?$StrTraitMFC_DLL@DV?$ChTraitsCRT@D@ATL@@@@@ATL@@PEAV12@V?$allocator@V?$CStringT@DV?$StrTraitMFC_DLL@DV?$ChTraitsCRT@D@ATL@@@@@ATL@@@std@@@std@@YAPEAV?$CStringT@DV?$StrTraitMFC_DLL@DV?$ChTraitsCRT@D@ATL@@@@@ATL@@PEAV12@00AEAU?$_Wrap_alloc@V?$allocator@V?$CStringT@DV?$StrTraitMFC_DLL@DV?$ChTraitsCRT@D@ATL@@@@@ATL@@@std@@@0@U_General_ptr_iterator_tag@0@U_Any_tag@0@@Z@4HA 000000014001f4ac     CameraManager.obj
 0004:000014b8       $pdata$?dtor$2@?0??Init@MainInctance@@QEAAHXZ@4HA 000000014001f4b8     MainInctance.obj
 0004:000014c4       $pdata$?dtor$0@?0??InitProcess@CTO_CAMERADlg@@AEAAXXZ@4HA 000000014001f4c4     TO_CAMERADlg.obj
 0004:000014d0       $pdata$?dtor$0@?0???HATL@@YA?AV?$CStringT@DV?$StrTraitMFC_DLL@DV?$ChTraitsCRT@D@ATL@@@@@0@PEBDAEBV10@@Z@4HA 000000014001f4d0     TO_CAMERADlg.obj
 0004:000014dc       $pdata$?dtor$0@?0???0?$basic_ofstream@DU?$char_traits@D@std@@@std@@QEAA@XZ@4HA 000000014001f4dc     KizuLibMFC:LogFileManager.obj
 0004:000014e8       $pdata$?catch$107@?0??_Copy@?$basic_string@DU?$char_traits@D@std@@V?$allocator@D@2@@std@@QEAAX_K0@Z@4HA 000000014001f4e8     KizuLibMFC:LogFileManager.obj
 0004:000014f4       $pdata$?catch$106@?0??_Copy@?$basic_string@DU?$char_traits@D@std@@V?$allocator@D@2@@std@@QEAAX_K0@Z@4HA 000000014001f4f4     KizuLibMFC:LogFileManager.obj
 0004:00001500       $pdata$?catch$8@?0???$?6U?$char_traits@D@std@@@std@@YAAEAV?$basic_ostream@DU?$char_traits@D@std@@@0@AEAV10@PEBD@Z@4HA 000000014001f500     KizuLibMFC:LogFileManager.obj
 0004:0000150c       $pdata$__scrt_is_nonwritable_in_current_image$filt$0 000000014001f50c     msvcrt:utility.obj
 0004:00001518       $pdata$?filt$0@?0??__scrt_common_main_seh@@YAHXZ@4HA 000000014001f518     msvcrt:exe_winmain.obj
 0004:00001524       $pdata$??__F?m_inst@OdbcEnv@KizuODBC@@0V12@A@@YAXXZ 000000014001f524     KizuODBC:OdbcEnv.obj
 0004:00001530       $pdata$??__F_Fac_tidy_reg@std@@YAXXZ 000000014001f530     msvcprt:locale0_implib.obj
 0005:00000000       __guard_fids__             0000000140020000     msvcrt:std_type_info_static.obj
 0005:00000004       __guard_fids__             0000000140020004     msvcrt:thread_safe_statics.obj
 0005:00000008       __guard_fids_?__scrt_initialize_thread_safe_statics@@YAHXZ 0000000140020008     msvcrt:thread_safe_statics.obj
 0005:0000000c       __guard_fids__             000000014002000c     msvcrt:exe_winmain.obj
 0005:00000010       __guard_fids__             0000000140020010     msvcrt:exe_winmain.obj
 0005:00000014       __guard_fids__             0000000140020014     msvcrt:exe_winmain.obj
 0005:00000018       __guard_fids_?pre_c_initialization@@YAHXZ 0000000140020018     msvcrt:exe_winmain.obj
 0005:00000020       __guard_fids___scrt_set_unhandled_exception_filter 0000000140020020     msvcrt:utility_desktop.obj
 0005:00000024       __guard_fids__             0000000140020024     msvcrt:guard_support.obj
 0005:00000028       __guard_fids_??__E_Fac_tidy_reg@std@@YAXXZ 0000000140020028     msvcprt:locale0_implib.obj
 0005:0000002c       __guard_fids__             000000014002002c     msvcprt:locale0_implib.obj
 0005:00000030       __guard_fids__             0000000140020030     mfcs140:appmodul.obj
 0007:00000370       $R000000                   0000000140022370     TO_CAMERA.res
 0007:000009d8       $R000668                   00000001400229d8     TO_CAMERA.res
 0007:00000cc0       $R000950                   0000000140022cc0     TO_CAMERA.res
 0007:00000de8       $R000A78                   0000000140022de8     TO_CAMERA.res
 0007:00001c90       $R001920                   0000000140023c90     TO_CAMERA.res
 0007:00002538       $R0021C8                   0000000140024538     TO_CAMERA.res
 0007:00002aa0       $R002730                   0000000140024aa0     TO_CAMERA.res
 0007:00004748       $R0043D8                   0000000140026748     TO_CAMERA.res
 0007:000053f0       $R005080                   00000001400273f0     TO_CAMERA.res
 0007:00005758       $R0053E8                   0000000140027758     TO_CAMERA.res
 0007:000057e0       $R005470                   00000001400277e0     TO_CAMERA.res
 0007:00008a20       $R0086B0                   000000014002aa20     TO_CAMERA.res
 0007:00008d10       $R0089A0                   000000014002ad10     TO_CAMERA.res
 0007:00008d18       $R0089A8                   000000014002ad18     TO_CAMERA.res
